ACS1_ZERO=513.02
ACS2_ZERO=513.43
READY,FWD

========================================
 Mini4WD MOTOR BREAK-IN DEVICE
 MOTOR_BREAKIN_V3
 Firmware : 3.00
========================================
INFO,TYPE=MOTOR,MODEL=MOTOR_BREAKIN_V3,FW=3.00,ID=000001
DATA,MOTOR_BREAKIN_V3,000001,0,513,514,0.000,0.000,0.000,0.000,0.000,0,FWD,READY,0.000,0.000,0.000,0.000,0.000,0.000,0.000,0,0.000,539,2.634,21.6
DATA,MOTOR_BREAKIN_V3,000001,0,513,514,0.000,0.000,0.000,0.000,0.000,0,FWD,READY,0.000,0.000,0.000,0.000,0.000,0.000,0.000,0,0.000,539,2.634,21.6
DATA,MOTOR_BREAKIN_V3,000001,0,513,514,0.000,0.000,0.000,0.000,0.000,0,FWD,READY,0.000,0.000,0.000,0.000,0.000,0.000,0.000,0,0.000,539,2.634,21.6
DATA,MOTOR_BREAKIN_V3,000001,0,513,514,0.000,0.000,0.000,0.000,0.000,0,FWD,READY,0.000,0.000,0.000,0.000,0.000,0.000,0.000,0,0.000,539,2.634,21.6
DATA,MOTOR_BREAKIN_V3,000001,0,513,514,0.000,0.000,0.000,0.000,0.000,0,FWD,READY,0.000,0.000,0.000,0.000,0.000,0.000,0.000,0,0.000,539,2.634,21.6
DATA,MOTOR_BREAKIN_V3,000001,0,512,514,0.000,0.000,0.000,0.000,0.000,0,FWD,READY,0.000,0.000,0.000,0.000,0.000,0.000,0.000,0,0.000,539,2.634,21.6
DATA,MOTOR_BREAKIN_V3,000001,0,513,515,0.000,0.000,0.000,0.000,0.000,0,FWD,READY,0.000,0.000,0.000,0.000,0.000,0.000,0.000,0,0.000,539,2.634,21.6
DATA,MOTOR_BREAKIN_V3,000001,0,513,513,0.000,0.000,0.000,0.000,0.000,0,FWD,READY,0.000,0.000,0.000,0.000,0.000,0.000,0.000,0,0.000,539,2.634,21.6
DATA,MOTOR_BREAKIN_V3,000001,0,514,513,0.000,0.000,0.000,0.000,0.000,0,FWD,READY,0.000,0.000,0.000,0.000,0.000,0.000,0.000,0,0.000,539,2.634,21.6
DATA,MOTOR_BREAKIN_V3,000001,0,513,514,0.000,0.000,0.000,0.000,0.000,0,FWD,READY,0.000,0.000,0.000,0.000,0.000,0.000,0.000,0,0.000,539,2.634,21.6
DATA,MOTOR_BREAKIN_V3,000001,0,513,514,0.000,0.000,0.000,0.000,0.000,0,FWD,READY,0.000,0.000,0.000,0.000,0.000,0.000,0.000,0,0.000,539,2.634,21.6
DATA,MOTOR_BREAKIN_V3,000001,0,513,513,0.000,0.000,0.000,0.000,0.000,0,FWD,READY,0.000,0.000,0.000,0.000,0.000,0.000,0.000,0,0.000,539,2.634,21.6
DATA,MOTOR_BREAKIN_V3,000001,0,513,514,0.000,0.000,0.000,0.000,0.000,0,FWD,READY,0.000,0.000,0.000,0.000,0.000,0.000,0.000,0,0.000,539,2.634,21.6
DATA,MOTOR_BREAKIN_V3,000001,0,514,514,0.000,0.000,0.000,0.000,0.000,0,FWD,READY,0.000,0.000,0.000,0.000,0.000,0.000,0.000,0,0.000,539,2.634,21.6
DATA,MOTOR_BREAKIN_V3,000001,0,513,514,0.000,0.000,0.000,0.000,0.000,0,FWD,READY,0.000,0.000,0.000,0.000,0.000,0.000,0.000,0,0.000,539,2.634,21.6
DATA,MOTOR_BREAKIN_V3,000001,0,513,514,0.000,0.000,0.000,0.000,0.000,0,FWD,READY,0.000,0.000,0.000,0.000,0.000,0.000,0.000,0,0.000,539,2.634,21.6
DATA,MOTOR_BREAKIN_V3,000001,0,513,513,0.000,0.000,0.000,0.000,0.000,0,FWD,READY,0.000,0.000,0.000,0.000,0.000,0.000,0.000,0,0.000,539,2.634,21.6
DATA,MOTOR_BREAKIN_V3,000001,0,514,513,0.000,0.000,0.000,0.000,0.000,0,FWD,READY,0.000,0.000,0.000,0.000,0.000,0.000,0.000,0,0.000,539,2.634,21.6
DATA,MOTOR_BREAKIN_V3,000001,0,513,513,0.000,0.000,0.000,0.000,0.000,0,FWD,READY,0.000,0.000,0.000,0.000,0.000,0.000,0.000,0,0.000,539,2.634,21.6
DATA,MOTOR_BREAKIN_V3,000001,0,513,514,0.000,0.000,0.000,0.000,0.000,0,FWD,READY,0.000,0.000,0.000,0.000,0.000,0.000,0.000,0,0.000,539,2.634,21.6
DATA,MOTOR_BREAKIN_V3,000001,0,513,513,0.000,0.000,0.000,0.000,0.000,0,FWD,READY,0.000,0.000,0.000,0.000,0.000,0.000,0.000,0,0.000,539,2.634,21.6
DATA,MOTOR_BREAKIN_V3,000001,0,513,513,0.000,0.000,0.000,0.000,0.000,0,FWD,READY,0.000,0.000,0.000,0.000,0.000,0.000,0.000,0,0.000,539,2.634,21.6
DATA,MOTOR_BREAKIN_V3,000001,0,513,514,0.000,0.000,0.000,0.000,0.000,0,FWD,READY,0.000,0.000,0.000,0.000,0.000,0.000,0.000,0,0.000,539,2.634,21.6
DATA,MOTOR_BREAKIN_V3,000001,0,513,514,0.000,0.000,0.000,0.000,0.000,0,FWD,READY,0.000,0.000,0.000,0.000,0.000,0.000,0.000,0,0.000,539,2.634,21.6
DATA,MOTOR_BREAKIN_V3,000001,0,514,514,0.000,0.000,0.000,0.000,0.000,0,FWD,READY,0.000,0.000,0.000,0.000,0.000,0.000,0.000,0,0.000,539,2.634,21.6
DATA,MOTOR_BREAKIN_V3,000001,0,513,514,0.000,0.000,0.000,0.000,0.000,0,FWD,READY,0.000,0OR_BREAKIN_V3,000001,258,513,513,0.000,0.000,0.000,0.000,0.000,60,FWD,RUN,0.000,0.000,0.000,0.000,0.000,0.000,0.000,0,0.000,539,2.634,21.6
DATA,MOTOR_BREAKIN_V3,000001,357,513,513,0.000,0.000,0.000,0.000,0.000,60,FWD,RUN,0.000,0.000,0.000,0.000,0.000,0.000,0.000,0,0.000,539,2.634,21.6
DATA,MOTOR_BREAKIN_V3,000001,458,512,514,0.000,0.000,0.000,0.000,0.000,60,FWD,RUN,0.000,0.000,0.000,0.000,0.000,0.000,0.000,0,0.000,539,2.634,21.6
DATA,MOTOR_BREAKIN_V3,000001,558,513,514,0.000,0.000,0.000,0.000,0.000,60,FWD,RUN,0.000,0.000,0.000,0.000,0.000,0.000,0.000,0,0.000,539,2.634,21.6
DATA,MOTOR_BREAKIN_V3,000001,658,514,514,0.000,0.000,0.000,0.000,0.000,60,FWD,RUN,0.000,0.000,0.000,0.000,0.000,0.000,0.000,0,0.000,539,2.634,21.6
DATA,MOTOR_BREAKIN_V3,000001,758,513,514,0.000,0.000,0.000,0.000,0.000,60,FWD,RUN,0.000,0.000,0.000,0.000,0.000,0.000,0.000,0,0.000,539,2.634,21.6
DATA,MOTOR_BREAKIN_V3,000001,858,513,513,0.000,0.000,0.000,0.000,0.000,60,FWD,RUN,0.000,0.000,0.000,0.000,0.000,0.000,0.000,0,0.000,539,2.634,21.6
DATA,MOTOR_BREAKIN_V3,000001,958,513,513,0.000,0.000,0.000,0.000,0.000,60,FWD,RUN,0.000,0.000,0.000,0.000,0.000,0.000,0.000,0,0.000,539,2.634,21.6
DATA,MOTOR_BREAKIN_V3,000001,1058,513,513,0.000,0.000,0.000,0.000,0.000,60,FWD,RUN,0.000,0.000,0.000,0.000,0.000,0.000,0.000,0,0.000,539,2.634,21.6
DATA,MOTOR_BREAKIN_V3,000001,1158,514,513,0.000,0.000,0.000,0.000,0.000,60,FWD,RUN,0.000,0.000,0.000,0.000,0.000,0.000,0.000,0,0.000,539,2.634,21.6
DATA,MOTOR_BREAKIN_V3,000001,1258,513,514,0.000,0.000,0.000,0.000,0.000,60,FWD,RUN,0.000,0.000,0.000,0.000,0.000,0.000,0.000,0,0.000,539,2.634,21.6
DATA,MOTOR_BREAKIN_V3,000001,1358,513,514,0.000,0.000,0.000,0.000,0.000,60,FWD,RUN,0.000,0.000,0.000,0.000,0.000,0.000,0.000,0,0.000,539,2.634,21.6
DATA,MOTOR_BREAKIN_V3,000001,1458,514,513,0.000,0.000,0.000,0.000,0.000,60,FWD,RUN,0.000,0.000,0.000,0.000,0.000,0.000,0.000,0,0.000,539,2.634,21.6
DATA,MOTOR_BREAKIN_V3,000001,1558,513,513,0.000,0.000,0.000,0.000,0.000,60,FWD,RUN,0.000,0.000,0.000,0.000,0.000,0.000,0.000,0,0.000,539,2.634,21.6
DATA,MOTOR_BREAKIN_V3,000001,1658,512,513,0.000,0.000,0.000,0.000,0.000,60,FWD,RUN,0.000,0.000,0.000,0.000,0.000,0.000,0.000,0,0.000,539,2.634,21.6
DATA,MOTOR_BREAKIN_V3,000001,1758,512,513,0.000,0.000,0.000,0.000,0.000,60,FWD,RUN,0.000,0.000,0.000,0.000,0.000,0.000,0.000,0,0.000,539,2.634,21.6
DATA,MOTOR_BREAKIN_V3,000001,1858,513,513,0.000,0.000,0.000,0.000,0.000,60,FWD,RUN,0.000,0.000,0.000,0.000,0.000,0.000,0.000,0,0.000,539,2.634,21.6
DATA,MOTOR_BREAKIN_V3,000001,1958,513,513,0.000,0.000,0.000,0.000,0.000,60,FWD,RUN,0.000,0.000,0.000,0.000,0.000,0.000,0.000,0,0.000,539,2.634,21.6
DATA,MOTOR_BREAKIN_V3,000001,2058,512,513,0.000,0.000,0.000,0.000,0.000,60,FWD,RUN,0.000,0.000,0.000,0.000,0.000,0.000,0.000,0,0.000,539,2.634,21.6
DATA,MOTOR_BREAKIN_V3,000001,2158,513,513,0.000,0.000,0.000,0.000,0.000,60,FWD,RUN,0.000,0.000,0.000,0.000,0.000,0.000,0.000,0,0.000,539,2.634,21.6
DATA,MOTOR_BREAKIN_V3,000001,2258,513,514,0.000,0.000,0.000,0.000,0.000,60,FWD,RUN,0.000,0.000,0.000,0.000,0.000,0.000,0.000,0,0.000,539,2.634,21.6
DATA,MOTOR_BREAKIN_V3,000001,2358,513,514,0.000,0.000,0.000,0.000,0.000,60,FWD,RUN,0.000,0.000,0.000,0.000,0.000,0.000,0.000,0,0.000,539,2.634,21.6
DATA,MOTOR_BREAKIN_V3,000001,2458,513,514,0.000,0.000,0.000,0.000,0.000,60,FWD,RUN,0.000,0.000,0.000,0.000,0.000,0.000,0.000,0,0.000,539,2.634,21.6
DATA,MOTOR_BREAKIN_V3,000001,2558,513,513,0.000,0.000,0.000,0.000,0.000,60,FWD,RUN,0.000,0.000,0.000,0.000,0.000,0.000,0.000,0,0.000,539,2.634,21.6
DATA,MOTOR_BREAKIN_V3,000001,2658,512,514,0.000,0.000,0.000,0.000,0.000,60,FWD,RUN,0.000,0.000,0.000,0.000,0.000,0.000,0.000,0,0.000,539,2.634,21.6
DATA,MOTOR_BREAKIN_V3,000001,2758,514,513,0.000,0.000,0.000,0.000,0.000,60,FWD,RUN,0.000,0.000,0.000,0.000,0.000,0.000,0.000,0,0.000,539,2.634,21.6
DATA,MOTOR_BREAKIN_V3,000001,2858,513,513,0.000,0.000,0.000,0.000,0.000,60,FWD,RUN,0.000,0.000,0.000,0.000,0.000,0.000,0.000,0,0.000,539,2.634,21.6
DATA,MOTOR_BREAKIN_V3,000001,2958,513,515,0.000,0.000,0.000,0.000,0.000,60,FWD,RUN,0.000,0.000,0.000,0.000,0.000,0.000,0.000,0,0.000,539,2.634,21.6
DATA,MOTOR_BREAKIN_V3,000001,3058,513,514,0.000,0.000,0.000,0.000,0.000,60,FWD,RUN,0.000,0.000,0.000,0.000,0.000,0.000,0.000,0,0.000,539,2.634,21.6
DATA,MOTOR_BREAKIN_V3,000001,3158,513,513,0.000,0.000,0.000,0.000,0.000,60,FWD,RUN,0.000,0.000,0.000,0.000,0.000,0.000,0.000,0,0.000,539,2.634,21.6
DATA,MOTOR_BREAKIN_V3,000001,3258,513,513,0.000,0.000,0.000,0.000,0.000,60,FWD,RUN,0.000,0.000,0.000,0.000,0.000,0.000,0.000,0,0.000,539,2.634,21.6
DATA,MOTOR_BREAKIN_V3,000001,3358,513,513,0.000,0.000,0.000,0.000,0.000,60,FWD,RUN,0.000,0.000,0.000,0.000,0.000,0.000,0.000,0,0.000,539,2.634,21.6
DATA,MOTOR_BREAKIN_V3,000001,3458,513,514,0.000,0.000,0.000,0.000,0.000,60,FWD,RUN,0.000,0.000,0.000,0.000,0.000,0.000,0.000,0,0.000,539,2.634,21.6
DATA,MOTOR_BREAKIN_V3,000001,3557,514,513,0.000,0.000,0.000,0.000,0.000,60,FWD,RUN,0.000,0.000,0.000,0.000,0.000,0.000,0.000,0,0.000,539,2.634,21.6
DATA,MOTOR_BREAKIN_V3,000001,3658,514,514,0.000,0.000,0.000,0.000,0.000,60,FWD,RUN,0.000,0.000,0.000,0.000,0.000,0.000,0.000,0,0.000,539,2.634,21.6
DATA,MOTOR_BREAKIN_V3,000001,3758,513,513,0.000,0.000,0.000,0.000,0.000,60,FWD,RUN,0.000,0.000,0.000,0.000,0.000,0.000,0.000,0,0.000,539,2.634,21.6
DATA,MOTOR_BREAKIN_V3,000001,3858,513,514,0.000,0.000,0.000,0.000,0.000,60,FWD,RUN,0.000,0.000,0.000,0.000,0.000,0.000,0.000,0,0.000,539,2.634,21.6
DATA,MOTOR_BREAKIN_V3,000001,3958,513,513,0.000,0.000,0.000,0.000,0.000,60,FWD,RUN,0.000,0.000,0.000,0.000,0.000,0.000,0.000,0,0.000,539,2.634,21.6
DATA,MOTOR_BREAKIN_V3,000001,4058,512,514,0.000,0.000,0.000,0.000,0.000,60,FWD,RUN,0.000,0.000,0.000,0.000,0.000,0.000,0.000,0,0.000,539,2.634,21.6
DATA,MOTOR_BREAKIN_V3,000001,4158,513,514,0.000,0.000,0.000,0.000,0.000,60,FWD,RUN,0.000,0.000,0.000,0.000,0.000,0.000,0.000,0,0.000,539,2.634,21.6
DATA,MOTOR_BREAKIN_V3,000001,4258,513,514,0.000,0.000,0.000,0.000,0.000,60,FWD,RUN,0.000,0.000,0.000,0.000,0.000,0.000,0.000,0,0.000,539,2.634,21.6
DATA,MOTOR_BREAKIN_V3,000001,4358,512,514,0.000,0.000,0.000,0.000,0.000,60,FWD,RUN,0.000,0.000,0.000,0.000,0.000,0.000,0.000,0,0.000,539,2.634,21.6
DATA,MOTOR_BREAKIN_V3,000001,4458,513,513,0.000,0.000,0.000,0.000,0.000,60,FWD,RUN,0.000,0.000,0.000,0.000,0.000,0.000,0.000,0,0.000,539,2.634,21.6
DATA,MOTOR_BREAKIN_V3,000001,4558,514,514,0.000,0.000,0.000,0.000,0.000,60,FWD,RUN,0.000,0.000,0.000,0.000,0.000,0.000,0.000,0,0.000,539,2.634,21.6
DATA,MOTOR_BREAKIN_V3,000001,4658,513,513,0.000,0.000,0.000,0.000,0.000,60,FWD,RUN,0.000,0.000,0.000,0.000,0.000,0.000,0.000,0,0.000,539,2.634,21.6
DATA,MOTOR_BREAKIN_V3,000001,4758,513,513,0.000,0.000,0.000,0.000,0.000,60,FWD,RUN,0.000,0.000,0.000,0.000,0.000,0.000,0.000,0,0.000,539,2.634,21.6
DATA,MOTOR_BREAKIN_V3,000001,4858,513,513,0.000,0.000,0.000,0.000,0.000,60,FWD,RUN,0.000,0.000,0.000,0.000,0.000,0.000,0.000,0,0.000,539,2.634,21.6
DATA,MOTOR_BREAKIN_V3,000001,4958,513,514,0.000,0.000,0.000,0.000,0.000,60,FWD,RUN,0.000,0.000,0.000,0.000,0.000,0.000,0.000,0,0.000,539,2.634,21.6
DATA,MOTOR_BREAKIN_V3,000001,5058,513,514,0.000,0.000,0.000,0.000,0.000,60,FWD,RUN,0.000,0.000,0.000,0.000,0.000,0.000,0.000,0,0.000,539,2.634,21.6
DATA,MOTOR_BREAKIN_V3,000001,5158,513,514,0.000,0.000,0.000,0.000,0.000,60,FWD,RUN,0.000,0.000,0.000,0.000,0.000,0.000,0.000,0,0.000,539,2.634,21.5
DATA,MOTOR_BREAKIN_V3,000001,5258,513,514,0.000,0.000,0.000,0.000,0.000,60,FWD,RUN,0.000,0.000,0.000,0.000,0.000,0.000,0.000,0,0.000,539,2.634,21.6
DATA,MOTOR_BREAKIN_V3,000001,5358,513,514,0.000,0.000,0.000,0.000,0.000,60,FWD,RUN,0.000,0.000,0.000,0.000,0.000,0.000,0.000,0,0.000,539,2.634,21.5
DATA,MOTOR_BREAKIN_V3,000001,5458,513,514,0.000,0.000,0.000,0.000,0.000,60,FWD,RUN,0.000,0.000,0.000,0.000,0.000,0.000,0.000,0,0.000,539,2.634,21.6
DATA,MOTOR_BREAKIN_V3,000001,5558,513,514,0.000,0.000,0.000,0.000,0.000,60,FWD,RUN,0.000,0.000,0.000,0.000,0.000,0.000,0.000,0,0.000,539,2.634,21.6
DATA,MOTOR_BREAKIN_V3,000001,5658,513,514,0.000,0.000,0.000,0.000,0.000,60,FWD,RUN,0.000,0.000,0.000,0.000,0.000,0.000,0.000,0,0.000,539,2.634,21.6
DATA,MOTOR_BREAKIN_V3,000001,5758,513,515,0.000,0.000,0.000,0.000,0.000,60,FWD,RUN,0.000,0.000,0.000,0.000,0.000,0.000,0.000,0,0.000,539,2.634,21.6
DATA,MOTOR_BREAKIN_V3,000001,5858,513,514,0.000,0.000,0.000,0.000,0.000,60,FWD,RUN,0.000,0.000,0.000,0.000,0.000,0.000,0.000,0,0.000,539,2.634,21.6
DATA,MOTOR_BREAKIN_V3,000001,5958,513,514,0.000,0.000,0.000,0.000,0.000,60,FWD,RUN,0.000,0.000,0.000,0.000,0.000,0.000,0.000,0,0.000,539,2.634,21.6
DATA,MOTOR_BREAKIN_V3,000001,6058,514,514,0.000,0.000,0.000,0.000,0.000,60,FWD,RUN,0.000,0.000,0.000,0.000,0.000,0.000,0.000,0,0.000,539,2.634,21.6
DATA,MOTOR_BREAKIN_V3,000001,6158,512,514,0.000,0.000,0.000,0.000,0.000,60,FWD,RUN,0.000,0.000,0.000,0.000,0.000,0.000,0.000,0,0.000,539,2.634,21.6
DATA,MOTOR_BREAKIN_V3,000001,6258,513,513,0.000,0.000,0.000,0.000,0.000,60,FWD,RUN,0.000,0.000,0.000,0.000,0.000,0.000,0.000,0,0.000,539,2.634,21.6
DATA,MOTOR_BREAKIN_V3,000001,6358,513,514,0.000,0.000,0.000,0.000,0.000,60,FWD,RUN,0.000,0.000,0.000,0.000,0.000,0.000,0.000,0,0.000,539,2.634,21.6
DATA,MOTOR_BREAKIN_V3,000001,6458,513,514,0.000,0.000,0.000,0.000,0.000,60,FWD,RUN,0.000,0.000,0.000,0.000,0.000,0.000,0.000,0,0.000,539,2.634,21.6
DATA,MOTOR_BREAKIN_V3,000001,6558,513,513,0.000,0.000,0.000,0.000,0.000,60,FWD,RUN,0.000,0.000,0.000,0.000,0.000,0.000,0.000,0,0.000,539,2.634,21.6
DATA,MOTOR_BREAKIN_V3,000001,6658,513,514,0.000,0.000,0.000,0.000,0.000,60,FWD,RUN,0.000,0.000,0.000,0.000,0.000,0.000,0.000,0,0.000,539,2.634,21.6
DATA,MOTOR_BREAKIN_V3,000001,6757,513,513,0.000,0.000,0.000,0.000,0.000,60,FWD,RUN,0.000,0.000,0.000,0.000,0.000,0.000,0.000,0,0.000,539,2.634,21.6
DATA,MOTOR_BREAKIN_V3,000001,6858,513,514,0.000,0.000,0.000,0.000,0.000,60,FWD,RUN,0.000,0.000,0.000,0.000,0.000,0.000,0.000,0,0.000,539,2.634,21.6
DATA,MOTOR_BREAKIN_V3,000001,6958,513,514,0.000,0.000,0.000,0.000,0.000,60,FWD,RUN,0.000,0.000,0.000,0.000,0.000,0.000,0.000,0,0.000,539,2.634,21.6
DATA,MOTOR_BREAKIN_V3,000001,7058,513,513,0.000,0.000,0.000,0.000,0.000,60,FWD,RUN,0.000,0.000,0.000,0.000,0.000,0.000,0.000,0,0.000,539,2.634,21.6
DATA,MOTOR_BREAKIN_V3,000001,7158,513,513,0.000,0.000,0.000,0.000,0.000,60,FWD,RUN,0.000,0.000,0.000,0.000,0.000,0.000,0.000,0,0.000,539,2.634,21.6
DATA,MOTOR_BREAKIN_V3,000001,7258,512,514,0.000,0.000,0.000,0.000,0.000,60,FWD,RUN,0.000,0.000,0.000,0.000,0.000,0.000,0.000,0,0.000,539,2.634,21.5
DATA,MOTOR_BREAKIN_V3,000001,7358,513,513,0.000,0.000,0.000,0.000,0.000,60,FWD,RUN,0.000,0.000,0.000,0.000,0.000,0.000,0.000,0,0.000,539,2.634,21.6
DATA,MOTOR_BREAKIN_V3,000001,7458,513,513,0.000,0.000,0.000,0.000,0.000,60,FWD,RUN,0.000,0.000,0.000,0.000,0.000,0.000,0.000,0,0.000,539,2.634,21.5
DATA,MOTOR_BREAKIN_V3,000001,7558,513,513,0.000,0.000,0.000,0.000,0.000,60,FWD,RUN,0.000,0.000,0.000,0.000,0.000,0.000,0.000,0,0.000,539,2.634,21.6
DATA,MOTOR_BREAKIN_V3,000001,7658,513,514,0.000,0.000,0.000,0.000,0.000,60,FWD,RUN,0.000,0.000,0.000,0.000,0.000,0.000,0.000,0,0.000,539,2.634,21.6
DATA,MOTOR_BREAKIN_V3,000001,7758,513,514,0.000,0.000,0.000,0.000,0.000,60,FWD,RUN,0.000,0.000,0.000,0.000,0.000,0.000,0.000,0,0.000,539,2.634,21.6
DATA,MOTOR_BREAKIN_V3,000001,7858,513,513,0.000,0.000,0.000,0.000,0.000,60,FWD,RUN,0.000,0.000,0.000,0.000,0.000,0.000,0.000,0,0.000,539,2.634,21.6
DATA,MOTOR_BREAKIN_V3,000001,7958,513,513,0.000,0.000,0.000,0.000,0.000,60,FWD,RUN,0.000,0.000,0.000,0.000,0.000,0.000,0.000,0,0.000,539,2.634,21.5
DATA,MOTOR_BREAKIN_V3,000001,8058,514,514,0.000,0.000,0.000,0.000,0.000,60,FWD,RUN,0.000,0.000,0.000,0.000,0.000,0.000,0.000,0,0.000,539,2.634,21.6
DATA,MOTOR_BREAKIN_V3,000001,8158,513,513,0.000,0.000,0.000,0.000,0.000,60,FWD,RUN,0.000,0.000,0.000,0.000,0.000,0.000,0.000,0,0.000,539,2.634,21.6
DATA,MOTOR_BREAKIN_V3,000001,8258,512,514,0.000,0.000,0.000,0.000,0.000,60,FWD,RUN,0.000,0.000,0.000,0.000,0.000,0.000,0.000,0,0.000,539,2.634,21.6
DATA,MOTOR_BREAKIN_V3,000001,8358,514,514,0.000,0.000,0.000,0.000,0.000,60,FWD,RUN,0.000,0.000,0.000,0.000,0.000,0.000,0.000,0,0.000,539,2.634,21.6
DATA,MOTOR_BREAKIN_V3,000001,8458,512,513,0.000,0.000,0.000,0.000,0.000,60,FWD,RUN,0.000,0.000,0.000,0.000,0.000,0.000,0.000,0,0.000,539,2.634,21.6
DATA,MOTOR_BREAKIN_V3,000001,8558,513,514,0.000,0.000,0.000,0.000,0.000,60,FWD,RUN,0.000,0.000,0.000,0.000,0.000,0.000,0.000,0,0.000,539,2.634,21.5
DATA,MOTOR_BREAKIN_V3,000001,8658,513,514,0.000,0.000,0.000,0.000,0.000,60,FWD,RUN,0.000,0.000,0.000,0.000,0.000,0.000,0.000,0,0.000,539,2.634,21.6
DATA,MOTOR_BREAKIN_V3,000001,8758,513,514,0.000,0.000,0.000,0.000,0.000,60,FWD,RUN,0.000,0.000,0.000,0.000,0.000,0.000,0.000,0,0.000,539,2.634,21.6
DATA,MOTOR_BREAKIN_V3,000001,8858,513,514,0.000,0.000,0.000,0.000,0.000,60,FWD,RUN,0.000,0.000,0.000,0.000,0.000,0.000,0.000,0,0.000,539,2.634,21.5
DATA,MOTOR_BREAKIN_V3,000001,8958,513,513,0.000,0.000,0.000,0.000,0.000,60,FWD,RUN,0.000,0.000,0.000,0.000,0.000,0.000,0.000,0,0.000,539,2.634,21.5
DATA,MOTOR_BREAKIN_V3,000001,9058,513,514,0.000,0.000,0.000,0.000,0.000,60,FWD,RUN,0.000,0.000,0.000,0.000,0.000,0.000,0.000,0,0.000,539,2.634,21.5
DATA,MOTOR_BREAKIN_V3,000001,9158,513,513,0.000,0.000,0.000,0.000,0.000,60,FWD,RUN,0.000,0.000,0.000,0.000,0.000,0.000,0.000,0,0.000,539,2.634,21.6
DATA,MOTOR_BREAKIN_V3,000001,9258,514,514,0.000,0.000,0.000,0.000,0.000,60,FWD,RUN,0.000,0.000,0.000,0.000,0.000,0.000,0.000,0,0.000,539,2.634,21.5
DATA,MOTOR_BREAKIN_V3,000001,9358,513,513,0.000,0.000,0.000,0.000,0.000,60,FWD,RUN,0.000,0.000,0.000,0.000,0.000,0.000,0.000,0,0.000,539,2.634,21.5
