ACS1_ZERO=512.74
ACS2_ZERO=513.70
READY,FWD

========================================
 Mini4WD MOTOR BREAK-IN DEVICE
 MOTOR_BREAKIN_V3
 Firmware : 3.00
========================================
INFO,TYPE=MOTOR,MODEL=MOTOR_BREAKIN_V3,FW=3.00,ID=000001
DATA,MOTOR_BREAKIN_V3,000001,0,513,514,0.000,0.000,0.000,0.000,0.000,0,FWD,READY,0.000,0.000,0.000,0.000,0.000,0.000,0.000,0,0.000,533,2.605,20.9
DATA,MOTOR_BREAKIN_V3,000001,0,513,514,0.000,0.000,0.000,0.000,0.000,0,FWD,READY,0.000,0.000,0.000,0.000,0.000,0.000,0.000,0,0.000,533,2.605,20.9
DATA,MOTOR_BREAKIN_V3,000001,0,512,514,0.000,0.000,0.000,0.000,0.000,0,FWD,READY,0.000,0.000,0.000,0.000,0.000,0.000,0.000,0,0.000,533,2.605,20.9
DATA,MOTOR_BREAKIN_V3,000001,0,512,514,0.000,0.000,0.000,0.000,0.000,0,FWD,READY,0.000,0.000,0.000,0.000,0.000,0.000,0.000,0,0.000,533,2.605,20.9
DATA,MOTOR_BREAKIN_V3,000001,0,512,513,0.000,0.000,0.000,0.000,0.000,0,FWD,READY,0.000,0.000,0.000,0.000,0.000,0.000,0.000,0,0.000,533,2.605,20.9
DATA,MOTOR_BREAKIN_V3,000001,0,513,513,0.000,0.000,0.000,0.000,0.000,0,FWD,READY,0.000,0.000,0.000,0.000,0.000,0.000,0.000,0,0.000,533,2.605,20.9
DATA,MOTOR_BREAKIN_V3,000001,0,513,513,0.000,0.000,0.000,0.000,0.000,0,FWD,READY,0.000,0.000,0.000,0.000,0.000,0.000,0.000,0,0.000,533,2.605,20.9
DATA,MOTOR_BREAKIN_V3,000001,0,512,513,0.000,0.000,0.000,0.000,0.000,0,FWD,READY,0.000,0.000,0.000,0.000,0.000,0.000,0.000,0,0.000,533,2.605,20.9
DATA,MOTOR_BREAKIN_V3,000001,0,513,513,0.000,0.000,0.000,0.000,0.000,0,FWD,READY,0.000,0.000,0.000,0.000,0.000,0.000,0.000,0,0.000,533,2.605,20.9
DATA,MOTOR_BREAKIN_V3,000001,0,512,515,0.000,0.000,0.000,0.000,0.000,0,FWD,READY,0.000,0.000,0.000,0.000,0.000,0.000,0.000,0,0.000,533,2.605,20.9
DATA,MOTOR_BREAKIN_V3,000001,0,513,514,0.000,0.000,0.000,0.000,0.000,0,FWD,READY,0.000,0.000,0.000,0.000,0.000,0.000,0.000,0,0.000,533,2.605,21.0
DATA,MOTOR_BREAKIN_V3,000001,0,513,513,0.000,0.000,0.000,0.000,0.000,0,FWD,READY,0.000,0.000,0.000,0.000,0.000,0.000,0.000,0,0.000,533,2.605,21.0
DATA,MOTOR_BREAKIN_V3,000001,0,512,514,0.000,0.000,0.000,0.000,0.000,0,FWD,READY,0.000,0.000,0.000,0.000,0.000,0.000,0.000,0,0.000,533,2.605,21.0
DATA,MOTOR_BREAKIN_V3,000001,0,513,514,0.000,0.000,0.000,0.000,0.000,0,FWD,READY,0.000,0.000,0.000,0.000,0.000,0.000,0.000,0,0.000,533,2.605,20.9
DATA,MOTOR_BREAKIN_V3,000001,0,513,513,0.000,0.000,0.000,0.000,0.000,0,FWD,READY,0.000,0.000,0.000,0.000,0.000,0.000,0.000,0,0.000,533,2.605,21.0
DATA,MOTOR_BREAKIN_V3,000001,0,513,514,0.000,0.000,0.000,0.000,0.000,0,FWD,READY,0.000,0.000,0.000,0.000,0.000,0.000,0.000,0,0.000,533,2.605,21.0
DATA,MOTOR_BREAKIN_V3,000001,0,513,513,0.000,0.000,0.000,0.000,0.000,0,FWD,READY,0.000,0.000,0.000,0.000,0.000,0.000,0.000,0,0.000,533,2.605,21.0
DATA,MOTOR_BREAKIN_V3,000001,0,512,514,0.000,0.000,0.000,0.000,0.000,0,FWD,READY,0.000,0.000,0.000,0.000,0.000,0.000,0.000,0,0.000,533,2.605,21.0
DATA,MOTOR_BREAKIN_V3,000001,0,513,514,0.000,0.000,0.000,0.000,0.000,0,FWD,READY,0.000,0.000,0.000,0.000,0.000,0.000,0.000,0,0.000,533,2.605,21.0
DATA,MOTOR_BREAKIN_V3,000001,0,513,513,0.000,0.000,0.000,0.000,0.000,0,FWD,READY,0.000,0.000,0.000,0.000,0.000,0.000,0.000,0,0.000,533,2.605,21.0
DATA,MOTOR_BREAKIN_V3,000001,0,512,513,0.000,0.000,0.000,0.000,0.000,0,FWD,READY,0.000,0.000,0.000,0.000,0.000,0.000,0.000,0,0.000,533,2.605,21.0
DATA,MOTOR_BREAKIN_V3,000001,0,512,514,0.000,0.000,0.000,0.000,0.000,0,FWD,READY,0.000,0.000,0.000,0.000,0.000,0.000,0.000,0,0.000,533,2.605,21.0
DATA,MOTOR_BREAKIN_V3,000001,0,513,514,0.000,0.000,0.000,0.000,0.000,0,FWD,READY,0.000,0.000,0.000,0.000,0.000,0.000,0.000,0,0.000,533,2.605,21.0
DATA,MOTOR_BREAKIN_V3,000001,0,512,513,0.000,0.000,0.000,0.000,0.000,0,FWD,READY,0.000,0.000,0.000,0.000,0.000,0.000,0.000,0,0.000,533,2.605,21.0
DATA,MOTOR_BREAKIN_V3,000001,0,513,514,0.000,0.000,0.000,0.000,0.000,0,FWD,READY,0.000,0.000,0.000,0.000,0.000,0.000,0.000,0,0.000,533,2.605,21.0
DATA,MOTOR_BREAKIN_V3,000001,0,512,513,0.000,0.000,0.000,0.000,0.000,0,FWD,READY,0.000,0.000,0.000,0.000,0.000,0.000,0.000,0,0.000,533,2.61,60,FWD,RUN,0.218,0.109,0.218,0.501,0.000,0.000,0.000,0,0.000,533,2.605,21.0
DATA,MOTOR_BREAKIN_V3,000001,158,503,507,0.260,0.176,1.532,0.446,1.087,60,FWD,RUN,0.218,0.237,0.218,1.087,0.000,0.000,0.000,0,0.000,533,2.605,21.0
DATA,MOTOR_BREAKIN_V3,000001,258,503,508,0.260,0.150,1.894,0.362,1.532,60,FWD,RUN,0.205,0.314,0.040,0.947,0.000,0.000,0.000,0,0.000,533,2.605,21.0
OK
DATA,MOTOR_BREAKIN_V3,000001,358,491,502,0.577,0.309,3.065,0.557,2.507,89,FWD,RUN,0.443,1.110,0.330,1.309,0.000,0.000,0.000,0,0.496,533,2.605,21.0
OK
DATA,MOTOR_BREAKIN_V3,000001,458,482,497,0.815,0.441,3.928,0.557,3.371,99,FWD,RUN,0.628,2.116,0.462,1.699,0.000,0.000,0.000,0,0.628,533,2.605,21.0
OK
DATA,MOTOR_BREAKIN_V3,000001,558,488,500,0.656,0.361,4.485,0.474,4.012,92,FWD,RUN,0.509,2.041,0.225,1.337,0.000,0.000,0.000,0,0.628,533,2.605,21.0
OK
DATA,MOTOR_BREAKIN_V3,000001,658,502,507,0.286,0.176,4.764,0.251,4.513,72,FWD,RUN,0.231,1.044,0.383,1.393,0.000,0.000,0.000,0,0.628,533,2.605,21.0
OK
DATA,MOTOR_BREAKIN_V3,000001,758,508,510,0.128,0.097,4.235,0.223,4.012,42,FWD,RUN,0.112,0.451,0.330,1.059,0.000,0.000,0.000,0,0.628,533,2.605,21.0
OK
DATA,MOTOR_BREAKIN_V3,000001,858,509,511,0.101,0.071,4.123,0.000,4.123,35,FWD,RUN,0.086,0.355,0.181,1.059,0.000,0.000,0.000,0,0.628,533,2.605,21.0
DATA,MOTOR_BREAKIN_V3,000001,958,510,513,0.075,0.000,4.207,0.000,4.207,35,FWD,RUN,0.037,0.158,0.062,0.446,0.000,0.000,0.000,0,0.628,533,2.605,21.0
DATA,MOTOR_BREAKIN_V3,000001,1058,509,512,0.101,0.000,3.761,0.000,3.761,35,FWD,RUN,0.051,0.191,0.073,0.446,0.000,0.000,0.000,0,0.628,533,2.605,21.0
DATA,MOTOR_BREAKIN_V3,000001,1158,509,512,0.101,0.000,3.650,0.000,3.650,35,FWD,RUN,0.051,0.185,0.086,0.501,0.000,0.000,0.000,0,0.628,533,2.605,21.0
DATA,MOTOR_BREAKIN_V3,000001,1258,508,512,0.128,0.000,3.510,0.056,3.455,35,FWD,RUN,0.064,0.221,0.049,0.279,0.000,0.000,0.000,0,0.628,533,2.605,21.0
DATA,MOTOR_BREAKIN_V3,000001,1358,510,513,0.075,0.000,3.594,0.000,3.594,35,FWD,RUN,0.037,0.135,0.049,0.223,0.000,0.000,0.000,0,0.628,533,2.605,21.0
DATA,MOTOR_BREAKIN_V3,000001,1458,510,513,0.075,0.000,3.455,0.000,3.455,35,FWD,RUN,0.037,0.129,0.049,0.251,0.000,0.000,0.000,0,0.628,533,2.605,21.0
DATA,MOTOR_BREAKIN_V3,000001,1558,509,512,0.101,0.000,3.371,0.000,3.371,35,FWD,RUN,0.051,0.171,0.049,0.251,0.000,0.000,0.000,0,0.628,533,2.605,21.0
DATA,MOTOR_BREAKIN_V3,000001,1658,510,511,0.075,0.071,3.315,0.000,3.315,35,FWD,RUN,0.073,0.242,0.099,0.390,0.000,0.000,0.000,0,0.628,533,2.605,21.0
DATA,MOTOR_BREAKIN_V3,000001,1758,509,512,0.101,0.000,3.287,0.000,3.287,35,FWD,RUN,0.051,0.167,0.099,0.390,0.000,0.000,0.000,0,0.628,533,2.605,21.0
DATA,MOTOR_BREAKIN_V3,000001,1858,510,511,0.075,0.071,3.232,0.028,3.204,35,FWD,RUN,0.073,0.233,0.049,0.362,0.000,0.000,0.000,0,0.628,533,2.605,21.0
DATA,MOTOR_BREAKIN_V3,000001,1958,509,512,0.101,0.000,3.287,0.000,3.287,35,FWD,RUN,0.051,0.167,0.049,0.251,0.000,0.000,0.000,0,0.628,533,2.605,21.0
DATA,MOTOR_BREAKIN_V3,000001,2058,509,511,0.101,0.071,3.315,0.028,3.287,35,FWD,RUN,0.086,0.283,0.049,0.223,0.000,0.000,0.000,0,0.628,533,2.605,21.0
DATA,MOTOR_BREAKIN_V3,000001,2159,509,512,0.101,0.000,3.287,0.084,3.204,35,FWD,RUN,0.051,0.162,0.049,0.223,0.000,0.000,0.000,0,0.628,533,2.605,21.0
DATA,MOTOR_BREAKIN_V3,000001,2259,510,512,0.075,0.000,3.260,0.000,3.260,35,FWD,RUN,0.037,0.122,0.049,0.223,0.000,0.000,0.000,0,0.628,533,2.605,21.0
DATA,MOTOR_BREAKIN_V3,000001,2359,510,512,0.075,0.000,3.232,0.028,3.204,35,FWD,RUN,0.037,0.120,0.049,0.111,0.000,0.000,0.000,0,0.628,533,2.605,21.1
DATA,MOTOR_BREAKIN_V3,000001,2459,510,511,0.075,0.071,3.343,0.000,3.343,35,FWD,RUN,0.073,0.244,0.049,0.167,0.000,0.000,0.000,0,0.628,533,2.605,21.0
DATA,MOTOR_BREAKIN_V3,000001,2559,509,512,0.101,0.000,3.232,0.028,3.204,35,FWD,RUN,0.051,0.162,0.049,0.167,0.000,0.000,0.000,0,0.628,533,2.605,21.0
DATA,MOTOR_BREAKIN_V3,000001,2659,510,512,0.075,0.000,3.176,0.028,3.148,35,FWD,RUN,0.037,0.118,0.049,0.167,0.000,0.000,0.000,0,0.628,533,2.605,21.0
DATA,MOTOR_BREAKIN_V3,000001,2759,509,511,0.101,0.071,3.232,0.000,3.232,35,FWD,RUN,0.086,0.278,0.049,0.279,0.000,0.000,0.000,0,0.628,533,2.605,21.0
DATA,MOTOR_BREAKIN_V3,000001,2859,509,512,0.101,0.000,3.315,0.056,3.260,35,FWD,RUN,0.051,0.165,0.049,0.223,0.000,0.000,0.000,0,0.628,533,2.605,21.1
DATA,MOTOR_BREAKIN_V3,000001,2959,509,512,0.101,0.000,3.232,0.000,3.232,35,FWD,RUN,0.051,0.164,0.049,0.167,0.000,0.000,0.000,0,0.628,533,2.605,21.1
DATA,MOTOR_BREAKIN_V3,000001,3059,509,512,0.101,0.000,3.232,0.000,3.232,35,FWD,RUN,0.051,0.164,0.049,0.195,0.288,0.086,3.343,35,0.628,533,2.605,21.1
DATA,MOTOR_BREAKIN_V3,000001,3159,509,513,0.101,0.000,3.176,0.000,3.176,35,FWD,RUN,0.051,0.161,0.049,0.195,0.288,0.086,3.343,35,0.628,533,2.605,21.1
DATA,MOTOR_BREAKIN_V3,000001,3259,510,512,0.075,0.000,3.287,0.000,3.287,35,FWD,RUN,0.037,0.123,0.049,0.195,0.288,0.086,3.343,35,0.628,533,2.605,21.1
DATA,MOTOR_BREAKIN_V3,000001,3359,509,512,0.101,0.000,3.343,0.028,3.315,35,FWD,RUN,0.051,0.168,0.049,0.195,0.288,0.086,3.343,35,0.628,533,2.605,21.1
DATA,MOTOR_BREAKIN_V3,000001,3459,509,511,0.101,0.071,3.287,0.000,3.287,35,FWD,RUN,0.086,0.283,0.049,0.167,0.288,0.086,3.343,35,0.628,533,2.605,21.1
DATA,MOTOR_BREAKIN_V3,000001,3559,509,512,0.101,0.000,3.204,0.028,3.176,35,FWD,RUN,0.051,0.161,0.049,0.167,0.288,0.086,3.343,35,0.628,533,2.605,21.1
DATA,MOTOR_BREAKIN_V3,000001,3659,509,512,0.101,0.000,3.287,0.000,3.287,35,FWD,RUN,0.051,0.167,0.049,0.139,0.288,0.086,3.343,35,0.628,533,2.605,21.1
DATA,MOTOR_BREAKIN_V3,000001,3759,509,512,0.101,0.000,3.260,0.000,3.260,35,FWD,RUN,0.051,0.165,0.049,0.139,0.288,0.086,3.343,35,0.628,533,2.605,21.1
DATA,MOTOR_BREAKIN_V3,000001,3859,509,511,0.101,0.071,3.315,0.028,3.287,35,FWD,RUN,0.086,0.283,0.062,0.111,0.326,0.099,3.287,35,0.628,533,2.605,21.1
DATA,MOTOR_BREAKIN_V3,000001,3959,508,511,0.128,0.071,3.260,0.000,3.260,35,FWD,RUN,0.099,0.324,0.062,0.223,0.326,0.099,3.287,35,0.628,533,2.605,21.1
DATA,MOTOR_BREAKIN_V3,000001,4059,508,512,0.128,0.000,3.315,0.028,3.287,35,FWD,RUN,0.064,0.210,0.049,0.251,0.326,0.099,3.287,35,0.628,533,2.605,21.1
DATA,MOTOR_BREAKIN_V3,000001,4159,509,512,0.101,0.000,3.204,0.000,3.204,35,FWD,RUN,0.051,0.162,0.062,0.251,0.326,0.099,3.287,35,0.628,533,2.605,21.1
DATA,MOTOR_BREAKIN_V3,000001,4259,509,510,0.101,0.097,3.204,0.028,3.176,35,FWD,RUN,0.099,0.315,0.062,0.167,0.326,0.099,3.287,35,0.628,533,2.605,21.1
DATA,MOTOR_BREAKIN_V3,000001,4359,510,511,0.075,0.071,3.287,0.000,3.287,35,FWD,RUN,0.073,0.240,0.062,0.167,0.326,0.099,3.287,35,0.628,533,2.605,21.1
DATA,MOTOR_BREAKIN_V3,000001,4459,509,511,0.101,0.071,3.204,0.000,3.204,35,FWD,RUN,0.086,0.276,0.035,0.223,0.326,0.099,3.287,35,0.628,533,2.605,21.1
DATA,MOTOR_BREAKIN_V3,000001,4559,509,512,0.101,0.000,3.232,0.028,3.204,35,FWD,RUN,0.051,0.162,0.049,0.195,0.326,0.099,3.287,35,0.628,533,2.605,21.1
DATA,MOTOR_BREAKIN_V3,000001,4659,509,511,0.101,0.071,3.232,0.028,3.204,35,FWD,RUN,0.086,0.276,0.049,0.084,0.326,0.099,3.287,35,0.628,533,2.605,21.1
DATA,MOTOR_BREAKIN_V3,000001,4759,510,512,0.075,0.000,3.315,0.000,3.315,35,FWD,RUN,0.037,0.124,0.049,0.139,0.326,0.099,3.287,35,0.628,533,2.605,21.1
DATA,MOTOR_BREAKIN_V3,000001,4859,509,512,0.101,0.000,3.232,0.028,3.204,35,FWD,RUN,0.051,0.162,0.062,0.139,0.326,0.099,3.287,35,0.628,533,2.605,21.1
DATA,MOTOR_BREAKIN_V3,000001,4959,509,511,0.101,0.071,3.315,0.000,3.315,35,FWD,RUN,0.086,0.285,0.049,0.111,0.326,0.099,3.287,35,0.628,533,2.605,21.1
DATA,MOTOR_BREAKIN_V3,000001,5059,509,512,0.101,0.000,3.287,0.000,3.287,35,FWD,RUN,0.051,0.167,0.062,0.111,0.326,0.099,3.287,35,0.628,533,2.605,21.1
DATA,MOTOR_BREAKIN_V3,000001,5159,509,512,0.101,0.000,3.315,0.000,3.315,35,FWD,RUN,0.051,0.168,0.049,0.195,0.326,0.099,3.287,35,0.628,533,2.605,21.1
DATA,MOTOR_BREAKIN_V3,000001,5258,510,510,0.075,0.097,3.315,0.000,3.315,35,FWD,RUN,0.086,0.285,0.049,0.223,0.326,0.099,3.287,35,0.628,533,2.605,21.1
DATA,MOTOR_BREAKIN_V3,000001,5359,509,511,0.101,0.071,3.232,0.000,3.232,35,FWD,RUN,0.086,0.278,0.035,0.111,0.326,0.099,3.287,35,0.628,533,2.605,21.1
DATA,MOTOR_BREAKIN_V3,000001,5459,510,512,0.075,0.000,3.287,0.000,3.287,35,FWD,RUN,0.037,0.123,0.049,0.167,0.326,0.099,3.287,35,0.628,533,2.605,21.1
DATA,MOTOR_BREAKIN_V3,000001,5559,509,510,0.101,0.097,3.315,0.000,3.315,35,FWD,RUN,0.099,0.329,0.062,0.139,0.329,0.099,3.315,35,0.628,533,2.605,21.1
DATA,MOTOR_BREAKIN_V3,000001,5659,509,511,0.101,0.071,3.260,0.000,3.260,35,FWD,RUN,0.086,0.281,0.062,0.084,0.329,0.099,3.315,35,0.628,533,2.605,21.1
DATA,MOTOR_BREAKIN_V3,000001,5759,509,512,0.101,0.000,3.232,0.000,3.232,35,FWD,RUN,0.051,0.164,0.049,0.195,0.329,0.099,3.315,35,0.628,533,2.605,21.1
DATA,MOTOR_BREAKIN_V3,000001,5859,509,513,0.101,0.000,3.343,0.000,3.343,35,FWD,RUN,0.051,0.169,0.049,0.195,0.329,0.099,3.315,35,0.628,533,2.605,21.1
DATA,MOTOR_BREAKIN_V3,000001,5959,510,512,0.075,0.000,3.371,0.000,3.371,35,FWD,RUN,0.037,0.126,0.062,0.167,0.332,0.099,3.343,35,0.628,533,2.605,21.1
DATA,MOTOR_BREAKIN_V3,000001,6059,509,512,0.101,0.000,3.287,0.028,3.260,35,FWD,RUN,0.051,0.165,0.062,0.167,0.332,0.099,3.343,35,0.628,533,2.605,21.1
DATA,MOTOR_BREAKIN_V3,000001,6159,509,512,0.101,0.000,3.260,0.028,3.232,35,FWD,RUN,0.051,0.164,0.049,0.111,0.332,0.099,3.343,35,0.628,533,2.605,21.2
DATA,MOTOR_BREAKIN_V3,000001,6259,509,511,0.101,0.071,3.315,0.028,3.287,35,FWD,RUN,0.086,0.283,0.049,0.111,0.332,0.099,3.343,35,0.628,533,2.605,21.1
DATA,MOTOR_BREAKIN_V3,000001,6359,509,511,0.101,0.071,3.343,0.028,3.315,35,FWD,RUN,0.086,0.285,0.035,0.084,0.332,0.099,3.343,35,0.628,533,2.605,21.2
DATA,MOTOR_BREAKIN_V3,000001,6459,509,512,0.101,0.000,3.232,0.028,3.204,35,FWD,RUN,0.051,0.162,0.049,0.139,0.332,0.099,3.343,35,0.628,533,2.605,21.2
DATA,MOTOR_BREAKIN_V3,000001,6559,509,512,0.101,0.000,3.343,0.000,3.343,35,FWD,RUN,0.051,0.169,0.049,0.139,0.332,0.099,3.343,35,0.628,533,2.605,21.2
DATA,MOTOR_BREAKIN_V3,000001,6659,509,513,0.101,0.000,3.232,0.028,3.204,35,FWD,RUN,0.051,0.162,0.049,0.139,0.332,0.099,3.343,35,0.628,533,2.605,21.2
DATA,MOTOR_BREAKIN_V3,000001,6759,510,512,0.075,0.000,3.371,0.028,3.343,35,FWD,RUN,0.037,0.125,0.049,0.167,0.332,0.099,3.343,35,0.628,533,2.605,21.2
DATA,MOTOR_BREAKIN_V3,000001,6859,509,512,0.101,0.000,3.343,0.028,3.315,35,FWD,RUN,0.051,0.168,0.049,0.084,0.332,0.099,3.343,35,0.628,533,2.605,21.2
DATA,MOTOR_BREAKIN_V3,000001,6959,509,510,0.101,0.097,3.287,0.028,3.260,35,FWD,RUN,0.099,0.324,0.062,0.111,0.332,0.099,3.343,35,0.628,533,2.605,21.2
DATA,MOTOR_BREAKIN_V3,000001,7059,510,511,0.075,0.071,3.455,0.000,3.455,35,FWD,RUN,0.073,0.252,0.049,0.195,0.332,0.099,3.343,35,0.628,533,2.605,21.2
DATA,MOTOR_BREAKIN_V3,000001,7159,510,512,0.075,0.000,3.287,0.000,3.287,35,FWD,RUN,0.037,0.123,0.049,0.195,0.332,0.099,3.343,35,0.628,533,2.605,21.2
DATA,MOTOR_BREAKIN_V3,000001,7259,509,512,0.101,0.000,3.343,0.028,3.315,35,FWD,RUN,0.051,0.168,0.049,0.111,0.332,0.099,3.343,35,0.628,533,2.605,21.2
DATA,MOTOR_BREAKIN_V3,000001,7359,509,511,0.101,0.071,3.260,0.028,3.232,35,FWD,RUN,0.086,0.278,0.049,0.139,0.332,0.099,3.343,35,0.628,533,2.605,21.2
DATA,MOTOR_BREAKIN_V3,000001,7459,509,512,0.101,0.000,3.482,0.000,3.482,35,FWD,RUN,0.051,0.177,0.049,0.251,0.332,0.099,3.343,35,0.628,533,2.605,21.2
DATA,MOTOR_BREAKIN_V3,000001,7559,508,510,0.128,0.097,3.287,0.000,3.287,35,FWD,RUN,0.112,0.370,0.062,0.223,0.370,0.112,3.287,35,0.628,533,2.605,21.2
DATA,MOTOR_BREAKIN_V3,000001,7659,509,512,0.101,0.000,3.260,0.028,3.232,35,FWD,RUN,0.051,0.164,0.062,0.139,0.370,0.112,3.287,35,0.628,533,2.605,21.2
DATA,MOTOR_BREAKIN_V3,000001,7759,509,512,0.101,0.000,3.315,0.000,3.315,35,FWD,RUN,0.051,0.168,0.062,0.195,0.370,0.112,3.287,35,0.628,533,2.605,21.2
DATA,MOTOR_BREAKIN_V3,000001,7859,508,512,0.128,0.000,3.260,0.000,3.260,35,FWD,RUN,0.064,0.208,0.062,0.167,0.370,0.112,3.287,35,0.628,533,2.605,21.2
DATA,MOTOR_BREAKIN_V3,000001,7959,509,511,0.101,0.071,3.232,0.028,3.204,35,FWD,RUN,0.086,0.276,0.049,0.251,0.370,0.112,3.287,35,0.628,533,2.605,21.2
DATA,MOTOR_BREAKIN_V3,000001,8059,509,510,0.101,0.097,3.371,0.028,3.343,35,FWD,RUN,0.099,0.332,0.062,0.251,0.370,0.112,3.287,35,0.628,533,2.605,21.2
DATA,MOTOR_BREAKIN_V3,000001,8159,509,511,0.101,0.071,3.287,0.000,3.287,35,FWD,RUN,0.086,0.283,0.049,0.167,0.370,0.112,3.287,35,0.628,533,2.605,21.2
DATA,MOTOR_BREAKIN_V3,000001,8259,510,511,0.075,0.071,3.260,0.000,3.260,35,FWD,RUN,0.073,0.238,0.049,0.167,0.370,0.112,3.287,35,0.628,533,2.605,21.2
DATA,MOTOR_BREAKIN_V3,000001,8359,510,512,0.075,0.000,3.455,0.000,3.455,35,FWD,RUN,0.037,0.129,0.049,0.195,0.370,0.112,3.287,35,0.628,533,2.605,21.2
DATA,MOTOR_BREAKIN_V3,000001,8458,509,512,0.101,0.000,3.343,0.028,3.315,35,FWD,RUN,0.051,0.168,0.049,0.223,0.370,0.112,3.287,35,0.628,533,2.605,21.2
DATA,MOTOR_BREAKIN_V3,000001,8559,509,512,0.101,0.000,3.343,0.000,3.343,35,FWD,RUN,0.051,0.169,0.035,0.139,0.370,0.112,3.287,35,0.628,533,2.605,21.2
DATA,MOTOR_BREAKIN_V3,000001,8659,509,512,0.101,0.000,3.371,0.028,3.343,35,FWD,RUN,0.051,0.169,0.049,0.139,0.370,0.112,3.287,35,0.628,533,2.605,21.2
DATA,MOTOR_BREAKIN_V3,000001,8759,509,511,0.101,0.071,3.315,0.028,3.287,35,FWD,RUN,0.086,0.283,0.086,0.111,0.370,0.112,3.287,35,0.628,533,2.605,21.2
DATA,MOTOR_BREAKIN_V3,000001,8859,509,511,0.101,0.071,3.371,0.028,3.343,35,FWD,RUN,0.086,0.288,0.086,0.084,0.370,0.112,3.287,35,0.628,534,2.610,21.2
DATA,MOTOR_BREAKIN_V3,000001,8959,509,511,0.101,0.071,3.315,0.028,3.287,35,FWD,RUN,0.086,0.283,0.049,0.111,0.370,0.112,3.287,35,0.628,533,2.605,21.2
DATA,MOTOR_BREAKIN_V3,000001,9059,509,511,0.101,0.071,3.287,0.000,3.287,35,FWD,RUN,0.086,0.283,0.086,0.167,0.370,0.112,3.287,35,0.628,533,2.605,21.2
DATA,MOTOR_BREAKIN_V3,000001,9159,510,512,0.075,0.000,3.399,0.028,3.371,35,FWD,RUN,0.037,0.126,0.086,0.167,0.370,0.112,3.287,35,0.628,533,2.605,21.2
DATA,MOTOR_BREAKIN_V3,000001,9259,509,512,0.101,0.000,3.371,0.028,3.343,35,FWD,RUN,0.051,0.169,0.049,0.111,0.370,0.112,3.287,35,0.628,533,2.605,21.2
DATA,MOTOR_BREAKIN_V3,000001,9359,509,510,0.101,0.097,3.371,0.000,3.371,35,FWD,RUN,0.099,0.335,0.049,0.111,0.370,0.112,3.287,35,0.628,533,2.605,21.2
DATA,MOTOR_BREAKIN_V3,000001,9459,510,511,0.075,0.071,3.371,0.028,3.343,35,FWD,RUN,0.073,0.244,0.062,0.139,0.370,0.112,3.287,35,0.628,533,2.605,21.2
DATA,MOTOR_BREAKIN_V3,000001,9559,509,511,0.101,0.071,3.371,0.028,3.343,35,FWD,RUN,0.086,0.288,0.062,0.167,0.370,0.112,3.287,35,0.628,533,2.605,21.2
DATA,MOTOR_BREAKIN_V3,000001,9659,510,512,0.075,0.000,3.260,0.000,3.260,35,FWD,RUN,0.037,0.122,0.062,0.167,0.370,0.112,3.287,35,0.628,533,2.605,21.2
DATA,MOTOR_BREAKIN_V3,000001,9759,509,512,0.101,0.000,3.287,0.000,3.287,35,FWD,RUN,0.051,0.167,0.062,0.084,0.370,0.112,3.287,35,0.628,533,2.605,21.2
DATA,MOTOR_BREAKIN_V3,000001,9859,509,512,0.101,0.000,3.315,0.000,3.315,35,FWD,RUN,0.051,0.168,0.049,0.111,0.370,0.112,3.287,35,0.628,533,2.605,21.2
DATA,MOTOR_BREAKIN_V3,000001,9959,509,511,0.101,0.071,3.287,0.000,3.287,35,FWD,RUN,0.086,0.283,0.062,0.167,0.370,0.112,3.287,35,0.628,533,2.605,21.2
DATA,MOTOR_BREAKIN_V3,000001,10059,509,512,0.101,0.000,3.232,0.028,3.204,35,FWD,RUN,0.051,0.162,0.062,0.195,0.370,0.112,3.287,35,0.628,533,2.605,21.3
DATA,MOTOR_BREAKIN_V3,000001,10159,509,511,0.101,0.071,3.343,0.028,3.315,35,FWD,RUN,0.086,0.285,0.035,0.111,0.370,0.112,3.287,35,0.628,533,2.605,21.3
DATA,MOTOR_BREAKIN_V3,000001,10259,509,511,0.101,0.071,3.343,0.028,3.315,35,FWD,RUN,0.086,0.285,0.049,0.111,0.370,0.112,3.287,35,0.628,533,2.605,21.2
DATA,MOTOR_BREAKIN_V3,000001,10359,508,512,0.128,0.000,3.287,0.028,3.260,35,FWD,RUN,0.064,0.208,0.049,0.111,0.370,0.112,3.287,35,0.628,533,2.605,21.2
DATA,MOTOR_BREAKIN_V3,000001,10459,509,512,0.101,0.000,3.260,0.000,3.260,35,FWD,RUN,0.051,0.165,0.049,0.084,0.370,0.112,3.287,35,0.628,533,2.605,21.3
DATA,MOTOR_BREAKIN_V3,000001,10559,509,512,0.101,0.000,3.232,0.000,3.232,35,FWD,RUN,0.051,0.164,0.049,0.111,0.370,0.112,3.287,35,0.628,533,2.605,21.2
DATA,MOTOR_BREAKIN_V3,000001,10659,509,512,0.101,0.000,3.315,0.000,3.315,35,FWD,RUN,0.051,0.168,0.049,0.111,0.370,0.112,3.287,35,0.628,533,2.605,21.3
DATA,MOTOR_BREAKIN_V3,000001,10759,509,511,0.101,0.071,3.343,0.028,3.315,35,FWD,RUN,0.086,0.285,0.049,0.111,0.370,0.112,3.287,35,0.628,533,2.605,21.3
DATA,MOTOR_BREAKIN_V3,000001,10859,509,512,0.101,0.000,3.232,0.028,3.204,35,FWD,RUN,0.051,0.162,0.049,0.139,0.370,0.112,3.287,35,0.628,533,2.605,21.3
DATA,MOTOR_BREAKIN_V3,000001,10959,509,512,0.101,0.000,3.343,0.028,3.315,35,FWD,RUN,0.051,0.168,0.049,0.139,0.370,0.112,3.287,35,0.628,534,2.610,21.3
DATA,MOTOR_BREAKIN_V3,000001,11059,509,512,0.101,0.000,3.287,0.028,3.260,35,FWD,RUN,0.051,0.165,0.035,0.139,0.370,0.112,3.287,35,0.628,533,2.605,21.3
DATA,MOTOR_BREAKIN_V3,000001,11159,510,512,0.075,0.000,3.343,0.028,3.315,35,FWD,RUN,0.037,0.124,0.049,0.139,0.370,0.112,3.287,35,0.628,533,2.605,21.3
DATA,MOTOR_BREAKIN_V3,000001,11259,509,512,0.101,0.000,3.232,0.000,3.232,35,FWD,RUN,0.051,0.164,0.049,0.139,0.370,0.112,3.287,35,0.628,533,2.605,21.3
DATA,MOTOR_BREAKIN_V3,000001,11359,510,511,0.075,0.071,3.260,0.028,3.232,35,FWD,RUN,0.073,0.235,0.062,0.111,0.370,0.112,3.287,35,0.628,533,2.605,21.3
DATA,MOTOR_BREAKIN_V3,000001,11459,509,511,0.101,0.071,3.260,0.028,3.232,35,FWD,RUN,0.086,0.278,0.049,0.084,0.370,0.112,3.287,35,0.628,533,2.605,21.3
DATA,MOTOR_BREAKIN_V3,000001,11559,510,512,0.075,0.000,3.232,0.000,3.232,35,FWD,RUN,0.037,0.121,0.062,0.111,0.370,0.112,3.287,35,0.628,533,2.605,21.3
DATA,MOTOR_BREAKIN_V3,000001,11658,509,511,0.101,0.071,3.232,0.000,3.232,35,FWD,RUN,0.086,0.278,0.049,0.251,0.370,0.112,3.287,35,0.628,533,2.605,21.3
DATA,MOTOR_BREAKIN_V3,000001,11759,509,512,0.101,0.000,3.315,0.028,3.287,35,FWD,RUN,0.051,0.167,0.049,0.223,0.370,0.112,3.287,35,0.628,533,2.605,21.3
DATA,MOTOR_BREAKIN_V3,000001,11859,509,511,0.101,0.071,3.260,0.000,3.260,35,FWD,RUN,0.086,0.281,0.049,0.139,0.370,0.112,3.287,35,0.628,533,2.605,21.3
DATA,MOTOR_BREAKIN_V3,000001,11959,509,512,0.101,0.000,3.204,0.028,3.176,35,FWD,RUN,0.051,0.161,0.049,0.167,0.370,0.112,3.287,35,0.628,533,2.605,21.3
DATA,MOTOR_BREAKIN_V3,000001,12059,509,512,0.101,0.000,3.287,0.000,3.287,35,FWD,RUN,0.051,0.167,0.062,0.167,0.370,0.112,3.287,35,0.628,533,2.605,21.3
DATA,MOTOR_BREAKIN_V3,000001,12159,509,511,0.101,0.071,3.260,0.000,3.260,35,FWD,RUN,0.086,0.281,0.062,0.195,0.370,0.112,3.287,35,0.628,533,2.605,21.3
DATA,MOTOR_BREAKIN_V3,000001,12259,510,512,0.075,0.000,3.232,0.028,3.204,35,FWD,RUN,0.037,0.120,0.062,0.195,0.370,0.112,3.287,35,0.628,533,2.605,21.3
DATA,MOTOR_BREAKIN_V3,000001,12359,510,512,0.075,0.000,3.315,0.028,3.287,35,FWD,RUN,0.037,0.123,0.062,0.111,0.370,0.112,3.287,35,0.628,533,2.605,21.3
DATA,MOTOR_BREAKIN_V3,000001,12459,509,512,0.101,0.000,3.232,0.028,3.204,35,FWD,RUN,0.051,0.162,0.062,0.139,0.370,0.112,3.287,35,0.628,533,2.605,21.3
DATA,MOTOR_BREAKIN_V3,000001,12559,510,511,0.075,0.071,3.315,0.028,3.287,35,FWD,RUN,0.073,0.240,0.049,0.139,0.370,0.112,3.287,35,0.628,533,2.605,21.3
DATA,MOTOR_BREAKIN_V3,000001,12659,509,511,0.101,0.071,3.315,0.056,3.260,35,FWD,RUN,0.086,0.281,0.049,0.084,0.370,0.112,3.287,35,0.628,533,2.605,21.3
DATA,MOTOR_BREAKIN_V3,000001,12759,510,512,0.075,0.000,3.315,0.028,3.287,35,FWD,RUN,0.037,0.123,0.049,0.111,0.370,0.112,3.287,35,0.628,533,2.605,21.3
DATA,MOTOR_BREAKIN_V3,000001,12859,510,512,0.075,0.000,3.287,0.000,3.287,35,FWD,RUN,0.037,0.123,0.062,0.139,0.370,0.112,3.287,35,0.628,533,2.605,21.3
DATA,MOTOR_BREAKIN_V3,000001,12959,509,512,0.101,0.000,3.260,0.000,3.260,35,FWD,RUN,0.051,0.165,0.062,0.139,0.370,0.112,3.287,35,0.628,533,2.605,21.3
DATA,MOTOR_BREAKIN_V3,000001,13059,509,512,0.101,0.000,3.260,0.000,3.260,35,FWD,RUN,0.051,0.165,0.035,0.139,0.370,0.112,3.287,35,0.628,533,2.605,21.3
DATA,MOTOR_BREAKIN_V3,000001,13159,509,511,0.101,0.071,3.260,0.028,3.232,35,FWD,RUN,0.086,0.278,0.035,0.111,0.370,0.112,3.287,35,0.628,533,2.605,21.3
DATA,MOTOR_BREAKIN_V3,000001,13259,509,510,0.101,0.097,3.287,0.028,3.260,35,FWD,RUN,0.099,0.324,0.026,0.111,0.370,0.112,3.287,35,0.628,533,2.605,21.3
DATA,MOTOR_BREAKIN_V3,000001,13359,509,511,0.101,0.071,3.287,0.028,3.260,35,FWD,RUN,0.086,0.281,0.062,0.167,0.370,0.112,3.287,35,0.628,533,2.605,21.3
DATA,MOTOR_BREAKIN_V3,000001,13459,510,512,0.075,0.000,3.232,0.028,3.204,35,FWD,RUN,0.037,0.120,0.049,0.139,0.370,0.112,3.287,35,0.628,533,2.605,21.3
DATA,MOTOR_BREAKIN_V3,000001,13559,509,512,0.101,0.000,3.315,0.028,3.287,35,FWD,RUN,0.051,0.167,0.049,0.139,0.370,0.112,3.287,35,0.628,533,2.605,21.3
DATA,MOTOR_BREAKIN_V3,000001,13659,509,511,0.101,0.071,3.315,0.028,3.287,35,FWD,RUN,0.086,0.283,0.049,0.084,0.370,0.112,3.287,35,0.628,533,2.605,21.3
DATA,MOTOR_BREAKIN_V3,000001,13759,509,514,0.101,0.000,3.232,0.028,3.204,35,FWD,RUN,0.051,0.162,0.049,0.111,0.370,0.112,3.287,35,0.628,533,2.605,21.3
DATA,MOTOR_BREAKIN_V3,000001,13859,509,512,0.101,0.000,3.260,0.000,3.260,35,FWD,RUN,0.051,0.165,0.049,0.139,0.370,0.112,3.287,35,0.628,534,2.610,21.3
DATA,MOTOR_BREAKIN_V3,000001,13959,509,512,0.101,0.000,3.343,0.028,3.315,35,FWD,RUN,0.051,0.168,0.049,0.139,0.370,0.112,3.287,35,0.628,533,2.605,21.3
DATA,MOTOR_BREAKIN_V3,000001,14059,509,512,0.101,0.000,3.315,0.028,3.287,35,FWD,RUN,0.051,0.167,0.013,0.139,0.370,0.112,3.287,35,0.628,533,2.605,21.3
DATA,MOTOR_BREAKIN_V3,000001,14159,509,512,0.101,0.000,3.232,0.028,3.204,35,FWD,RUN,0.051,0.162,0.049,0.195,0.370,0.112,3.287,35,0.628,533,2.605,21.3
DATA,MOTOR_BREAKIN_V3,000001,14259,510,512,0.075,0.000,3.371,0.000,3.371,35,FWD,RUN,0.037,0.126,0.049,0.195,0.370,0.112,3.287,35,0.628,533,2.605,21.4
DATA,MOTOR_BREAKIN_V3,000001,14359,510,513,0.075,0.000,3.204,0.028,3.176,35,FWD,RUN,0.037,0.119,0.049,0.362,0.370,0.112,3.287,35,0.628,533,2.605,21.4
DATA,MOTOR_BREAKIN_V3,000001,14459,509,511,0.101,0.071,3.232,0.028,3.204,35,FWD,RUN,0.086,0.276,0.049,0.446,0.370,0.112,3.287,35,0.628,533,2.605,21.4
DATA,MOTOR_BREAKIN_V3,000001,14559,510,512,0.075,0.000,3.315,0.028,3.287,35,FWD,RUN,0.037,0.123,0.049,0.501,0.370,0.112,3.287,35,0.628,533,2.605,21.3
DATA,MOTOR_BREAKIN_V3,000001,14659,509,512,0.101,0.000,3.287,0.111,3.176,35,FWD,RUN,0.051,0.161,0.049,0.446,0.370,0.112,3.287,35,0.628,533,2.605,21.4
DATA,MOTOR_BREAKIN_V3,000001,14759,509,511,0.101,0.071,3.287,0.056,3.232,35,FWD,RUN,0.086,0.278,0.049,0.306,0.370,0.112,3.287,35,0.628,533,2.605,21.4
DATA,MOTOR_BREAKIN_V3,000001,14858,509,512,0.101,0.000,3.371,0.028,3.343,35,FWD,RUN,0.051,0.169,0.062,0.362,0.370,0.112,3.287,35,0.628,533,2.605,21.4
DATA,MOTOR_BREAKIN_V3,000001,14959,510,512,0.075,0.000,3.232,0.028,3.204,35,FWD,RUN,0.037,0.120,0.062,0.362,0.370,0.112,3.287,35,0.628,533,2.605,21.4
DATA,MOTOR_BREAKIN_V3,000001,15059,508,512,0.128,0.000,3.176,0.000,3.176,35,FWD,RUN,0.064,0.203,0.062,0.084,0.370,0.112,3.287,35,0.628,533,2.605,21.4
DATA,MOTOR_BREAKIN_V3,000001,15159,509,511,0.101,0.071,3.315,0.028,3.287,35,FWD,RUN,0.086,0.283,0.049,0.418,0.370,0.112,3.287,35,0.628,533,2.605,21.4
DATA,MOTOR_BREAKIN_V3,000001,15259,510,512,0.075,0.000,3.204,0.000,3.204,35,FWD,RUN,0.037,0.120,0.049,0.418,0.370,0.112,3.287,35,0.628,533,2.605,21.4
DATA,MOTOR_BREAKIN_V3,000001,15359,509,512,0.101,0.000,3.176,0.028,3.148,35,FWD,RUN,0.051,0.160,0.049,0.279,0.370,0.112,3.287,35,0.628,533,2.605,21.4
DATA,MOTOR_BREAKIN_V3,000001,15459,510,511,0.075,0.071,3.287,0.000,3.287,35,FWD,RUN,0.073,0.240,0.049,0.195,0.370,0.112,3.287,35,0.628,534,2.610,21.4
DATA,MOTOR_BREAKIN_V3,000001,15559,510,512,0.075,0.000,3.204,0.056,3.148,35,FWD,RUN,0.037,0.118,0.049,0.195,0.370,0.112,3.287,35,0.628,533,2.605,21.4
DATA,MOTOR_BREAKIN_V3,000001,15659,509,511,0.101,0.071,3.148,0.028,3.120,35,FWD,RUN,0.086,0.269,0.049,0.167,0.370,0.112,3.287,35,0.628,533,2.605,21.4
DATA,MOTOR_BREAKIN_V3,000001,15759,510,512,0.075,0.000,3.232,0.000,3.232,35,FWD,RUN,0.037,0.121,0.049,0.167,0.370,0.112,3.287,35,0.628,533,2.605,21.4
DATA,MOTOR_BREAKIN_V3,000001,15859,508,512,0.128,0.000,3.176,0.000,3.176,35,FWD,RUN,0.064,0.203,0.049,0.167,0.370,0.112,3.287,35,0.628,533,2.605,21.4
DATA,MOTOR_BREAKIN_V3,000001,15959,509,511,0.101,0.071,3.232,0.028,3.204,35,FWD,RUN,0.086,0.276,0.062,0.139,0.370,0.112,3.287,35,0.628,533,2.605,21.4
DATA,MOTOR_BREAKIN_V3,000001,16059,509,511,0.101,0.071,3.148,0.028,3.120,35,FWD,RUN,0.086,0.269,0.099,0.780,0.370,0.112,3.287,35,0.628,533,2.605,21.4
DATA,MOTOR_BREAKIN_V3,000001,16159,510,512,0.075,0.000,3.204,0.028,3.176,35,FWD,RUN,0.037,0.119,0.099,0.780,0.370,0.112,3.287,35,0.628,533,2.605,21.4
DATA,MOTOR_BREAKIN_V3,000001,16259,509,512,0.101,0.000,3.148,0.028,3.120,35,FWD,RUN,0.051,0.158,0.049,0.195,0.370,0.112,3.287,35,0.628,533,2.605,21.4
DATA,MOTOR_BREAKIN_V3,000001,16359,510,511,0.075,0.071,3.343,0.000,3.343,35,FWD,RUN,0.073,0.244,0.035,0.223,0.370,0.112,3.287,35,0.628,533,2.605,21.4
DATA,MOTOR_BREAKIN_V3,000001,16459,510,513,0.075,0.000,3.315,0.000,3.315,35,FWD,RUN,0.037,0.124,0.049,0.223,0.370,0.112,3.287,35,0.628,534,2.610,21.4
DATA,MOTOR_BREAKIN_V3,000001,16559,510,512,0.075,0.000,3.176,0.028,3.148,35,FWD,RUN,0.037,0.118,0.086,0.223,0.370,0.112,3.287,35,0.628,533,2.605,21.4
DATA,MOTOR_BREAKIN_V3,000001,16659,509,512,0.101,0.000,3.204,0.028,3.176,35,FWD,RUN,0.051,0.161,0.086,0.223,0.370,0.112,3.287,35,0.628,533,2.605,21.4
DATA,MOTOR_BREAKIN_V3,000001,16759,509,512,0.101,0.000,3.204,0.028,3.176,35,FWD,RUN,0.051,0.161,0.035,0.195,0.370,0.112,3.287,35,0.628,533,2.605,21.4
DATA,MOTOR_BREAKIN_V3,000001,16859,509,512,0.101,0.000,3.204,0.028,3.176,35,FWD,RUN,0.051,0.161,0.035,0.195,0.370,0.112,3.287,35,0.628,533,2.605,21.4
DATA,MOTOR_BREAKIN_V3,000001,16959,509,511,0.101,0.071,3.176,0.028,3.148,35,FWD,RUN,0.086,0.271,0.086,0.223,0.370,0.112,3.287,35,0.628,533,2.605,21.4
DATA,MOTOR_BREAKIN_V3,000001,17059,509,512,0.101,0.000,3.260,0.028,3.232,35,FWD,RUN,0.051,0.164,0.086,0.223,0.370,0.112,3.287,35,0.628,533,2.605,21.4
DATA,MOTOR_BREAKIN_V3,000001,17159,509,511,0.101,0.071,3.176,0.028,3.148,35,FWD,RUN,0.086,0.271,0.035,0.167,0.370,0.112,3.287,35,0.628,533,2.605,21.4
DATA,MOTOR_BREAKIN_V3,000001,17259,509,511,0.101,0.071,3.204,0.000,3.204,35,FWD,RUN,0.086,0.276,0.013,0.167,0.370,0.112,3.287,35,0.628,533,2.605,21.4
DATA,MOTOR_BREAKIN_V3,000001,17359,509,511,0.101,0.071,3.232,0.028,3.204,35,FWD,RUN,0.086,0.276,0.086,0.390,0.370,0.112,3.287,35,0.628,533,2.605,21.4
DATA,MOTOR_BREAKIN_V3,000001,17459,509,512,0.101,0.000,3.260,0.056,3.204,35,FWD,RUN,0.051,0.162,0.086,0.390,0.370,0.112,3.287,35,0.628,533,2.605,21.4
DATA,MOTOR_BREAKIN_V3,000001,17559,509,511,0.101,0.071,3.204,0.028,3.176,35,FWD,RUN,0.086,0.273,0.049,0.279,0.370,0.112,3.287,35,0.628,533,2.605,21.4
DATA,MOTOR_BREAKIN_V3,000001,17659,509,512,0.101,0.000,3.204,0.028,3.176,35,FWD,RUN,0.051,0.161,0.062,0.279,0.370,0.112,3.287,35,0.628,533,2.605,21.4
DATA,MOTOR_BREAKIN_V3,000001,17759,509,512,0.101,0.000,3.232,0.000,3.232,35,FWD,RUN,0.051,0.164,0.062,0.195,0.370,0.112,3.287,35,0.628,533,2.605,21.4
DATA,MOTOR_BREAKIN_V3,000001,17859,509,512,0.101,0.000,3.176,0.000,3.176,35,FWD,RUN,0.051,0.161,0.062,0.195,0.370,0.112,3.287,35,0.628,533,2.605,21.4
DATA,MOTOR_BREAKIN_V3,000001,17959,509,511,0.101,0.071,3.260,0.000,3.260,35,FWD,RUN,0.086,0.281,0.062,0.167,0.370,0.112,3.287,35,0.628,533,2.605,21.3
DATA,MOTOR_BREAKIN_V3,000001,18058,509,511,0.101,0.071,3.260,0.028,3.232,35,FWD,RUN,0.086,0.278,0.049,0.167,0.370,0.112,3.287,35,0.628,533,2.605,21.4
DATA,MOTOR_BREAKIN_V3,000001,18159,510,512,0.075,0.000,3.399,0.000,3.399,35,FWD,RUN,0.037,0.127,0.062,0.223,0.370,0.112,3.287,35,0.628,533,2.605,21.4
DATA,MOTOR_BREAKIN_V3,000001,18259,509,511,0.101,0.071,3.260,0.028,3.232,35,FWD,RUN,0.086,0.278,0.099,0.223,0.370,0.112,3.287,35,0.628,533,2.605,21.4
DATA,MOTOR_BREAKIN_V3,000001,18359,510,512,0.075,0.000,3.204,0.028,3.176,35,FWD,RUN,0.037,0.119,0.086,0.195,0.370,0.112,3.287,35,0.628,533,2.605,21.4
DATA,MOTOR_BREAKIN_V3,000001,18459,508,511,0.128,0.071,3.260,0.028,3.232,35,FWD,RUN,0.099,0.321,0.062,0.223,0.370,0.112,3.287,35,0.628,533,2.605,21.4
DATA,MOTOR_BREAKIN_V3,000001,18559,509,512,0.101,0.000,3.260,0.000,3.260,35,FWD,RUN,0.051,0.165,0.062,0.223,0.370,0.112,3.287,35,0.628,533,2.605,21.4
DATA,MOTOR_BREAKIN_V3,000001,18659,509,511,0.101,0.071,3.260,0.000,3.260,35,FWD,RUN,0.086,0.281,0.049,0.111,0.370,0.112,3.287,35,0.628,533,2.605,21.4
DATA,MOTOR_BREAKIN_V3,000001,18759,511,512,0.000,0.000,3.371,0.000,3.371,35,FWD,RUN,0.000,0.000,0.086,0.251,0.370,0.112,3.287,35,0.628,533,2.605,21.4
DATA,MOTOR_BREAKIN_V3,000001,18859,510,511,0.075,0.071,3.260,0.000,3.260,35,FWD,RUN,0.073,0.238,0.099,0.251,0.370,0.112,3.287,35,0.628,533,2.605,21.4
DATA,MOTOR_BREAKIN_V3,000001,18959,509,511,0.101,0.071,3.232,0.000,3.232,35,FWD,RUN,0.086,0.278,0.099,0.251,0.370,0.112,3.287,35,0.628,533,2.605,21.4
DATA,MOTOR_BREAKIN_V3,000001,19059,510,512,0.075,0.000,3.232,0.000,3.232,35,FWD,RUN,0.037,0.121,0.099,0.251,0.370,0.112,3.287,35,0.628,533,2.605,21.4
DATA,MOTOR_BREAKIN_V3,000001,19159,509,511,0.101,0.071,3.260,0.000,3.260,35,FWD,RUN,0.086,0.281,0.062,0.167,0.370,0.112,3.287,35,0.628,533,2.605,21.4
DATA,MOTOR_BREAKIN_V3,000001,19259,510,512,0.075,0.000,3.287,0.000,3.287,35,FWD,RUN,0.037,0.123,0.062,0.139,0.370,0.112,3.287,35,0.628,533,2.605,21.4
DATA,MOTOR_BREAKIN_V3,000001,19359,510,512,0.075,0.000,3.287,0.084,3.204,35,FWD,RUN,0.037,0.120,0.062,0.195,0.370,0.112,3.287,35,0.628,533,2.605,21.4
DATA,MOTOR_BREAKIN_V3,000001,19459,509,511,0.101,0.071,3.176,0.195,2.981,35,FWD,RUN,0.086,0.257,0.062,0.279,0.370,0.112,3.287,35,0.628,533,2.605,21.4
DATA,MOTOR_BREAKIN_V3,000001,19559,510,512,0.075,0.000,3.204,0.028,3.176,35,FWD,RUN,0.037,0.119,0.049,0.306,0.370,0.112,3.287,35,0.628,533,2.605,21.4
DATA,MOTOR_BREAKIN_V3,000001,19659,510,511,0.075,0.071,3.176,0.000,3.176,35,FWD,RUN,0.073,0.231,0.086,0.223,0.370,0.112,3.287,35,0.628,533,2.605,21.4
DATA,MOTOR_BREAKIN_V3,000001,19759,509,511,0.101,0.071,3.148,0.028,3.120,35,FWD,RUN,0.086,0.269,0.099,0.195,0.370,0.112,3.287,35,0.628,533,2.605,21.5
DATA,MOTOR_BREAKIN_V3,000001,19859,509,512,0.101,0.000,3.260,0.000,3.260,35,FWD,RUN,0.051,0.165,0.099,0.251,0.370,0.112,3.287,35,0.628,533,2.605,21.5
DATA,MOTOR_BREAKIN_V3,000001,19959,509,512,0.101,0.000,3.176,0.028,3.148,35,FWD,RUN,0.051,0.160,0.086,0.223,0.370,0.112,3.287,35,0.628,533,2.605,21.5
DATA,MOTOR_BREAKIN_V3,000001,20059,509,511,0.101,0.071,3.287,0.056,3.232,35,FWD,RUN,0.086,0.278,0.086,0.279,0.370,0.112,3.287,35,0.628,532,2.600,21.4
DATA,MOTOR_BREAKIN_V3,000001,20159,509,511,0.101,0.071,3.287,0.000,3.287,35,FWD,RUN,0.086,0.283,0.086,0.334,0.370,0.112,3.287,35,0.628,534,2.610,21.5
DATA,MOTOR_BREAKIN_V3,000001,20259,509,512,0.101,0.000,3.315,0.000,3.315,35,FWD,RUN,0.051,0.168,0.049,0.251,0.370,0.112,3.287,35,0.628,533,2.605,21.5
DATA,MOTOR_BREAKIN_V3,000001,20359,510,512,0.075,0.000,3.371,0.028,3.343,35,FWD,RUN,0.037,0.125,0.049,0.223,0.370,0.112,3.287,35,0.628,533,2.605,21.5
DATA,MOTOR_BREAKIN_V3,000001,20459,509,511,0.101,0.071,3.204,0.000,3.204,35,FWD,RUN,0.086,0.276,0.049,0.223,0.370,0.112,3.287,35,0.628,533,2.605,21.5
DATA,MOTOR_BREAKIN_V3,000001,20559,509,511,0.101,0.071,3.260,0.028,3.232,35,FWD,RUN,0.086,0.278,0.049,0.223,0.370,0.112,3.287,35,0.628,533,2.605,21.5
DATA,MOTOR_BREAKIN_V3,000001,20659,510,511,0.075,0.071,3.343,0.000,3.343,35,FWD,RUN,0.073,0.244,0.049,0.251,0.370,0.112,3.287,35,0.628,533,2.605,21.5
DATA,MOTOR_BREAKIN_V3,000001,20759,509,511,0.101,0.071,3.148,0.000,3.148,35,FWD,RUN,0.086,0.271,0.049,0.223,0.370,0.112,3.287,35,0.628,533,2.605,21.5
DATA,MOTOR_BREAKIN_V3,000001,20859,508,512,0.128,0.000,3.176,0.028,3.148,35,FWD,RUN,0.064,0.201,0.049,0.167,0.370,0.112,3.287,35,0.628,533,2.605,21.5
DATA,MOTOR_BREAKIN_V3,000001,20959,509,512,0.101,0.000,3.204,0.028,3.176,35,FWD,RUN,0.051,0.161,0.049,0.167,0.370,0.112,3.287,35,0.628,533,2.605,21.5
DATA,MOTOR_BREAKIN_V3,000001,21059,509,512,0.101,0.000,3.148,0.028,3.120,35,FWD,RUN,0.051,0.158,0.086,0.251,0.370,0.112,3.287,35,0.628,533,2.605,21.5
DATA,MOTOR_BREAKIN_V3,000001,21159,509,512,0.101,0.000,3.176,0.084,3.092,35,FWD,RUN,0.051,0.157,0.099,0.279,0.370,0.112,3.287,35,0.628,533,2.605,21.5
DATA,MOTOR_BREAKIN_V3,000001,21258,509,511,0.101,0.071,3.287,0.000,3.287,35,FWD,RUN,0.086,0.283,0.062,0.223,0.370,0.112,3.287,35,0.628,533,2.605,21.5
DATA,MOTOR_BREAKIN_V3,000001,21359,509,512,0.101,0.000,3.287,0.028,3.260,35,FWD,RUN,0.051,0.165,0.062,0.223,0.370,0.112,3.287,35,0.628,533,2.605,21.5
DATA,MOTOR_BREAKIN_V3,000001,21459,509,511,0.101,0.071,3.232,0.028,3.204,35,FWD,RUN,0.086,0.276,0.062,0.167,0.370,0.112,3.287,35,0.628,533,2.605,21.5
DATA,MOTOR_BREAKIN_V3,000001,21559,509,511,0.101,0.071,3.148,0.028,3.120,35,FWD,RUN,0.086,0.269,0.049,0.167,0.370,0.112,3.287,35,0.628,533,2.605,21.5
DATA,MOTOR_BREAKIN_V3,000001,21659,509,512,0.101,0.000,3.176,0.000,3.176,35,FWD,RUN,0.051,0.161,0.049,0.139,0.370,0.112,3.287,35,0.628,533,2.605,21.5
DATA,MOTOR_BREAKIN_V3,000001,21759,510,512,0.075,0.000,3.315,0.000,3.315,35,FWD,RUN,0.037,0.124,0.062,0.390,0.370,0.112,3.287,35,0.628,533,2.605,21.5
DATA,MOTOR_BREAKIN_V3,000001,21859,509,512,0.101,0.000,3.232,0.028,3.204,35,FWD,RUN,0.051,0.162,0.086,0.390,0.370,0.112,3.287,35,0.628,533,2.605,21.5
DATA,MOTOR_BREAKIN_V3,000001,21959,509,511,0.101,0.071,3.176,0.028,3.148,35,FWD,INIT,0.086,0.271,0.086,0.251,0.370,0.112,3.287,35,0.628,533,2.605,21.5
DATA,MOTOR_BREAKIN_V3,000001,22059,509,513,0.101,0.000,3.120,0.028,3.092,35,FWD,INIT,0.051,0.157,0.035,0.167,0.370,0.112,3.287,35,0.628,533,2.605,21.5
DATA,MOTOR_BREAKIN_V3,000001,22159,509,512,0.101,0.000,3.287,0.000,3.287,35,FWD,INIT,0.051,0.167,0.035,0.195,0.370,0.112,3.287,35,0.628,533,2.605,21.5
DATA,MOTOR_BREAKIN_V3,000001,22259,509,512,0.101,0.000,3.148,0.028,3.120,35,FWD,INIT,0.051,0.158,0.049,0.195,0.370,0.112,3.287,35,0.628,533,2.605,21.5
DATA,MOTOR_BREAKIN_V3,000001,22359,510,512,0.075,0.000,3.204,0.028,3.176,35,FWD,INIT,0.037,0.119,0.049,0.084,0.370,0.112,3.287,35,0.628,533,2.605,21.5
DATA,MOTOR_BREAKIN_V3,000001,22459,510,511,0.075,0.071,3.204,0.000,3.204,35,FWD,INIT,0.073,0.233,0.049,0.084,0.370,0.112,3.287,35,0.628,533,2.605,21.5
DATA,MOTOR_BREAKIN_V3,000001,22559,509,512,0.101,0.000,3.065,0.557,2.507,35,FWD,INIT,0.051,0.127,0.049,0.696,0.370,0.112,3.287,35,0.628,532,2.600,21.5
OK
DATA,MOTOR_BREAKIN_V3,000001,22659,508,511,0.128,0.071,3.315,0.111,3.204,45,FWD,INIT,0.099,0.318,0.075,0.808,0.373,0.112,3.315,45,0.628,533,2.605,21.5
OK
DATA,MOTOR_BREAKIN_V3,000001,22759,508,511,0.128,0.071,3.455,0.028,3.427,41,FWD,INIT,0.099,0.340,0.075,0.446,0.373,0.112,3.315,45,0.628,533,2.605,21.5
OK
DATA,MOTOR_BREAKIN_V3,000001,22859,509,512,0.101,0.000,3.399,0.028,3.371,35,FWD,INIT,0.051,0.171,0.112,0.334,0.385,0.112,3.427,41,0.628,533,2.605,21.5
DATA,MOTOR_BREAKIN_V3,000001,22959,509,511,0.101,0.071,3.343,0.000,3.343,35,FWD,INIT,0.086,0.288,0.112,0.306,0.385,0.112,3.427,41,0.628,533,2.605,21.5
DATA,MOTOR_BREAKIN_V3,000001,23059,509,512,0.101,0.000,3.287,0.028,3.260,35,FWD,INIT,0.051,0.165,0.049,0.306,0.385,0.112,3.427,41,0.628,533,2.605,21.5
DATA,MOTOR_BREAKIN_V3,000001,23159,509,513,0.101,0.000,3.371,0.028,3.343,35,FWD,INIT,0.051,0.169,0.049,0.390,0.385,0.112,3.427,41,0.628,533,2.605,21.5
DATA,MOTOR_BREAKIN_V3,000001,23259,510,511,0.075,0.071,3.232,0.028,3.204,35,FWD,INIT,0.073,0.233,0.086,0.279,0.385,0.112,3.427,41,0.628,533,2.605,21.5
DATA,MOTOR_BREAKIN_V3,000001,23359,509,512,0.101,0.000,3.232,0.028,3.204,35,FWD,INIT,0.051,0.162,0.099,0.251,0.385,0.112,3.427,41,0.628,533,2.605,21.5
DATA,MOTOR_BREAKIN_V3,000001,23459,510,512,0.075,0.000,3.343,0.000,3.343,35,FWD,INIT,0.037,0.125,0.099,0.251,0.385,0.112,3.427,41,0.628,533,2.605,21.6
DATA,MOTOR_BREAKIN_V3,000001,23559,509,511,0.101,0.071,3.260,0.028,3.232,35,FWD,INIT,0.086,0.278,0.062,0.111,0.385,0.112,3.427,41,0.628,533,2.605,21.5
DATA,MOTOR_BREAKIN_V3,000001,23659,510,511,0.075,0.071,3.371,0.028,3.343,35,FWD,INIT,0.073,0.244,0.049,0.139,0.385,0.112,3.427,41,0.628,533,2.605,21.5
DATA,MOTOR_BREAKIN_V3,000001,23759,509,512,0.101,0.000,3.260,0.000,3.260,35,FWD,INIT,0.051,0.165,0.062,0.195,0.385,0.112,3.427,41,0.628,533,2.605,21.5
DATA,MOTOR_BREAKIN_V3,000001,23859,509,511,0.101,0.071,3.260,0.000,3.260,35,FWD,INIT,0.086,0.281,0.062,0.139,0.385,0.112,3.427,41,0.628,533,2.605,21.5
DATA,MOTOR_BREAKIN_V3,000001,23959,509,511,0.101,0.071,3.204,0.028,3.176,35,FWD,INIT,0.086,0.273,0.049,0.139,0.385,0.112,3.427,41,0.628,533,2.605,21.5
DATA,MOTOR_BREAKIN_V3,000001,24059,509,512,0.101,0.000,3.260,0.000,3.260,35,FWD,INIT,0.051,0.165,0.086,0.223,0.385,0.112,3.427,41,0.628,533,2.605,21.5
DATA,MOTOR_BREAKIN_V3,000001,24159,510,513,0.075,0.000,3.287,0.000,3.287,35,FWD,INIT,0.037,0.123,0.112,0.223,0.385,0.112,3.427,41,0.628,533,2.605,21.5
DATA,MOTOR_BREAKIN_V3,000001,24259,509,512,0.101,0.000,3.287,0.028,3.260,35,FWD,INIT,0.051,0.165,0.075,0.139,0.385,0.112,3.427,41,0.628,533,2.605,21.5
DATA,MOTOR_BREAKIN_V3,000001,24359,509,512,0.101,0.000,3.204,0.028,3.176,35,FWD,INIT,0.051,0.161,0.049,0.195,0.385,0.112,3.427,41,0.628,533,2.605,21.6
DATA,MOTOR_BREAKIN_V3,000001,24458,509,511,0.101,0.071,3.287,0.000,3.287,35,FWD,INIT,0.086,0.283,0.062,0.223,0.385,0.112,3.427,41,0.628,533,2.605,21.5
DATA,MOTOR_BREAKIN_V3,000001,24559,509,511,0.101,0.071,3.232,0.028,3.204,35,FWD,INIT,0.086,0.276,0.062,0.139,0.385,0.112,3.427,41,0.628,533,2.605,21.5
DATA,MOTOR_BREAKIN_V3,000001,24659,509,512,0.101,0.000,3.260,0.028,3.232,35,FWD,INIT,0.051,0.164,0.062,0.111,0.385,0.112,3.427,41,0.628,533,2.605,21.6
DATA,MOTOR_BREAKIN_V3,000001,24759,509,512,0.101,0.000,3.315,0.028,3.287,35,FWD,INIT,0.051,0.167,0.035,0.139,0.385,0.112,3.427,41,0.628,533,2.605,21.5
DATA,MOTOR_BREAKIN_V3,000001,24859,508,511,0.128,0.071,3.287,0.028,3.260,35,FWD,INIT,0.099,0.324,0.062,0.167,0.385,0.112,3.427,41,0.628,533,2.605,21.6
DATA,MOTOR_BREAKIN_V3,000001,24959,509,512,0.101,0.000,3.343,0.028,3.315,35,FWD,INIT,0.051,0.168,0.062,0.139,0.385,0.112,3.427,41,0.628,534,2.610,21.6
DATA,MOTOR_BREAKIN_V3,000001,25059,509,511,0.101,0.071,3.315,0.028,3.287,35,FWD,INIT,0.086,0.283,0.049,0.139,0.385,0.112,3.427,41,0.628,533,2.605,21.6
DATA,MOTOR_BREAKIN_V3,000001,25159,509,511,0.101,0.071,3.371,0.028,3.343,35,FWD,INIT,0.086,0.288,0.049,0.139,0.385,0.112,3.427,41,0.628,533,2.605,21.5
DATA,MOTOR_BREAKIN_V3,000001,25259,509,512,0.101,0.000,3.315,0.000,3.315,35,FWD,INIT,0.051,0.168,0.035,0.167,0.385,0.112,3.427,41,0.628,534,2.610,21.6
DATA,MOTOR_BREAKIN_V3,000001,25359,509,512,0.101,0.000,3.232,0.056,3.176,35,FWD,INIT,0.051,0.161,0.049,0.139,0.385,0.112,3.427,41,0.628,533,2.605,21.6
DATA,MOTOR_BREAKIN_V3,000001,25459,509,512,0.101,0.000,3.371,0.000,3.371,35,FWD,INIT,0.051,0.171,0.049,0.306,0.385,0.112,3.427,41,0.628,533,2.605,21.6
DATA,MOTOR_BREAKIN_V3,000001,25559,510,512,0.075,0.000,3.343,0.028,3.315,35,FWD,INIT,0.037,0.124,0.062,0.251,0.385,0.112,3.427,41,0.628,533,2.605,21.6
DATA,MOTOR_BREAKIN_V3,000001,25659,509,512,0.101,0.000,3.315,0.028,3.287,35,FWD,INIT,0.051,0.167,0.062,0.084,0.385,0.112,3.427,41,0.628,533,2.605,21.6
DATA,MOTOR_BREAKIN_V3,000001,25759,509,513,0.101,0.000,3.315,0.028,3.287,35,FWD,INIT,0.051,0.167,0.049,0.111,0.385,0.112,3.427,41,0.628,533,2.605,21.6
DATA,MOTOR_BREAKIN_V3,000001,25859,509,511,0.101,0.071,3.343,0.028,3.315,35,FWD,INIT,0.086,0.285,0.062,0.167,0.385,0.112,3.427,41,0.628,533,2.605,21.6
DATA,MOTOR_BREAKIN_V3,000001,25959,510,512,0.075,0.000,3.315,0.028,3.287,35,FWD,INIT,0.037,0.123,0.062,0.306,0.385,0.112,3.427,41,0.628,533,2.605,21.6
DATA,MOTOR_BREAKIN_V3,000001,26059,509,512,0.101,0.000,3.315,0.028,3.287,35,FWD,INIT,0.051,0.167,0.049,0.223,0.385,0.112,3.427,41,0.628,533,2.605,21.6
DATA,MOTOR_BREAKIN_V3,000001,26159,509,512,0.101,0.000,3.287,0.000,3.287,35,FWD,INIT,0.051,0.167,0.035,0.195,0.385,0.112,3.427,41,0.628,533,2.605,21.6
DATA,MOTOR_BREAKIN_V3,000001,26259,511,513,0.000,0.000,3.482,0.000,3.482,35,FWD,INIT,0.000,0.000,0.073,0.418,0.385,0.112,3.427,41,0.628,533,2.605,21.6
DATA,MOTOR_BREAKIN_V3,000001,26359,509,510,0.101,0.097,3.315,0.028,3.287,35,FWD,INIT,0.099,0.326,0.099,0.418,0.385,0.112,3.427,41,0.628,533,2.605,21.6
DATA,MOTOR_BREAKIN_V3,000001,26459,509,512,0.101,0.000,3.204,0.028,3.176,35,FWD,INIT,0.051,0.161,0.049,0.195,0.385,0.112,3.427,41,0.628,533,2.605,21.6
DATA,MOTOR_BREAKIN_V3,000001,26559,509,510,0.101,0.097,3.204,0.028,3.176,35,FWD,INIT,0.099,0.315,0.062,0.195,0.385,0.112,3.427,41,0.628,533,2.605,21.6
DATA,MOTOR_BREAKIN_V3,000001,26659,509,512,0.101,0.000,3.343,0.028,3.315,35,FWD,INIT,0.051,0.168,0.062,0.195,0.385,0.112,3.427,41,0.628,533,2.605,21.6
DATA,MOTOR_BREAKIN_V3,000001,26759,509,511,0.101,0.071,3.371,0.028,3.343,35,FWD,INIT,0.086,0.288,0.049,0.195,0.385,0.112,3.427,41,0.628,533,2.605,21.6
DATA,MOTOR_BREAKIN_V3,000001,26859,509,511,0.101,0.071,3.315,0.000,3.315,35,FWD,INIT,0.086,0.285,0.035,0.084,0.385,0.112,3.427,41,0.628,533,2.605,21.6
DATA,MOTOR_BREAKIN_V3,000001,26959,509,511,0.101,0.071,3.343,0.028,3.315,35,FWD,INIT,0.086,0.285,0.035,0.223,0.385,0.112,3.427,41,0.628,533,2.605,21.6
DATA,MOTOR_BREAKIN_V3,000001,27059,510,511,0.075,0.071,3.232,0.028,3.204,35,FWD,INIT,0.073,0.233,0.049,0.251,0.385,0.112,3.427,41,0.628,533,2.605,21.6
DATA,MOTOR_BREAKIN_V3,000001,27159,509,512,0.101,0.000,3.315,0.000,3.315,35,FWD,INIT,0.051,0.168,0.049,0.139,0.385,0.112,3.427,41,0.628,533,2.605,21.6
DATA,MOTOR_BREAKIN_V3,000001,27259,509,511,0.101,0.071,3.343,0.028,3.315,35,FWD,INIT,0.086,0.285,0.049,0.111,0.385,0.112,3.427,41,0.628,533,2.605,21.6
DATA,MOTOR_BREAKIN_V3,000001,27359,509,512,0.101,0.000,3.343,0.028,3.315,35,FWD,INIT,0.051,0.168,0.049,0.139,0.385,0.112,3.427,41,0.628,533,2.605,21.6
DATA,MOTOR_BREAKIN_V3,000001,27459,509,511,0.101,0.071,3.399,0.056,3.343,35,FWD,INIT,0.086,0.288,0.049,0.111,0.385,0.112,3.427,41,0.628,533,2.605,21.6
DATA,MOTOR_BREAKIN_V3,000001,27559,510,511,0.075,0.071,3.315,0.000,3.315,35,FWD,INIT,0.073,0.242,0.049,0.139,0.385,0.112,3.427,41,0.628,533,2.605,21.6
DATA,MOTOR_BREAKIN_V3,000001,27658,509,511,0.101,0.071,3.260,0.000,3.260,35,FWD,INIT,0.086,0.281,0.035,0.139,0.385,0.112,3.427,41,0.628,533,2.605,21.6
DATA,MOTOR_BREAKIN_V3,000001,27759,509,511,0.101,0.071,3.371,0.028,3.343,35,FWD,INIT,0.086,0.288,0.049,0.111,0.385,0.112,3.427,41,0.628,533,2.605,21.6
DATA,MOTOR_BREAKIN_V3,000001,27859,509,512,0.101,0.000,3.315,0.000,3.315,35,FWD,INIT,0.051,0.168,0.062,0.167,0.385,0.112,3.427,41,0.628,533,2.605,21.6
DATA,MOTOR_BREAKIN_V3,000001,27959,510,512,0.075,0.000,3.343,0.000,3.343,35,FWD,INIT,0.037,0.125,0.049,0.167,0.385,0.112,3.427,41,0.628,533,2.605,21.6
DATA,MOTOR_BREAKIN_V3,000001,28059,509,511,0.101,0.071,3.343,0.028,3.315,35,FWD,INIT,0.086,0.285,0.049,0.139,0.385,0.112,3.427,41,0.628,533,2.605,21.6
DATA,MOTOR_BREAKIN_V3,000001,28159,511,512,0.000,0.000,3.538,0.000,3.538,35,FWD,INIT,0.000,0.000,0.099,0.279,0.385,0.112,3.427,41,0.628,533,2.605,21.6
DATA,MOTOR_BREAKIN_V3,000001,28259,509,511,0.101,0.071,3.260,0.000,3.260,35,FWD,INIT,0.086,0.281,0.099,0.279,0.385,0.112,3.427,41,0.628,533,2.605,21.6
DATA,MOTOR_BREAKIN_V3,000001,28359,509,511,0.101,0.071,3.287,0.028,3.260,35,FWD,INIT,0.086,0.281,0.049,0.167,0.385,0.112,3.427,41,0.628,533,2.605,21.6
DATA,MOTOR_BREAKIN_V3,000001,28459,509,512,0.101,0.000,3.399,0.028,3.371,35,FWD,INIT,0.051,0.171,0.049,0.195,0.385,0.112,3.427,41,0.628,533,2.605,21.6
DATA,MOTOR_BREAKIN_V3,000001,28559,509,511,0.101,0.071,3.260,0.028,3.232,35,FWD,INIT,0.086,0.278,0.049,0.306,0.385,0.112,3.427,41,0.628,533,2.605,21.6
DATA,MOTOR_BREAKIN_V3,000001,28659,510,512,0.075,0.000,3.510,0.000,3.510,35,FWD,INIT,0.037,0.132,0.049,0.279,0.385,0.112,3.427,41,0.628,533,2.605,21.6
DATA,MOTOR_BREAKIN_V3,000001,28759,509,512,0.101,0.000,3.371,0.028,3.343,35,FWD,INIT,0.051,0.169,0.062,0.223,0.385,0.112,3.427,41,0.628,533,2.605,21.6
DATA,MOTOR_BREAKIN_V3,000001,28859,510,512,0.075,0.000,3.343,0.000,3.343,35,FWD,INIT,0.037,0.125,0.062,0.167,0.385,0.112,3.427,41,0.628,533,2.605,21.6
DATA,MOTOR_BREAKIN_V3,000001,28959,510,512,0.075,0.000,3.287,0.000,3.287,35,FWD,INIT,0.037,0.123,0.062,0.251,0.385,0.112,3.427,41,0.628,533,2.605,21.6
DATA,MOTOR_BREAKIN_V3,000001,29059,509,512,0.101,0.000,3.287,0.028,3.260,35,FWD,INIT,0.051,0.165,0.062,0.111,0.385,0.112,3.427,41,0.628,533,2.605,21.6
DATA,MOTOR_BREAKIN_V3,000001,29159,508,511,0.128,0.071,3.399,0.028,3.371,35,FWD,INIT,0.099,0.335,0.062,0.167,0.385,0.112,3.427,41,0.628,533,2.605,21.6
DATA,MOTOR_BREAKIN_V3,000001,29259,510,511,0.075,0.071,3.399,0.028,3.371,35,FWD,INIT,0.073,0.246,0.062,0.111,0.385,0.112,3.427,41,0.628,533,2.605,21.6
DATA,MOTOR_BREAKIN_V3,000001,29359,509,511,0.101,0.071,3.399,0.000,3.399,35,FWD,INIT,0.086,0.293,0.062,0.251,0.385,0.112,3.427,41,0.628,533,2.605,21.6
DATA,MOTOR_BREAKIN_V3,000001,29459,510,510,0.075,0.097,3.287,0.000,3.287,35,FWD,INIT,0.086,0.283,0.086,0.306,0.385,0.112,3.427,41,0.628,533,2.605,21.6
DATA,MOTOR_BREAKIN_V3,000001,29559,509,511,0.101,0.071,3.287,0.000,3.287,35,FWD,INIT,0.086,0.283,0.086,0.279,0.385,0.112,3.427,41,0.628,533,2.605,21.6
DATA,MOTOR_BREAKIN_V3,000001,29659,510,511,0.075,0.071,3.371,0.084,3.287,35,FWD,INIT,0.073,0.240,0.062,0.111,0.385,0.112,3.427,41,0.628,533,2.605,21.6
DATA,MOTOR_BREAKIN_V3,000001,29759,510,512,0.075,0.000,3.260,0.056,3.204,35,FWD,INIT,0.037,0.120,0.062,0.223,0.385,0.112,3.427,41,0.628,533,2.605,21.6
DATA,MOTOR_BREAKIN_V3,000001,29859,510,512,0.075,0.000,3.399,0.028,3.371,35,FWD,INIT,0.037,0.126,0.073,0.306,0.385,0.112,3.427,41,0.628,534,2.610,21.6
DATA,MOTOR_BREAKIN_V3,000001,29959,509,512,0.101,0.000,3.343,0.028,3.315,35,FWD,INIT,0.051,0.168,0.086,0.223,0.385,0.112,3.427,41,0.628,533,2.605,21.6
DATA,MOTOR_BREAKIN_V3,000001,30059,511,513,0.000,0.000,3.510,0.000,3.510,35,FWD,INIT,0.000,0.000,0.099,0.195,0.385,0.112,3.427,41,0.628,533,2.605,21.6
DATA,MOTOR_BREAKIN_V3,000001,30159,509,511,0.101,0.071,3.371,0.000,3.371,35,FWD,INIT,0.086,0.290,0.099,0.195,0.385,0.112,3.427,41,0.628,533,2.605,21.6
DATA,MOTOR_BREAKIN_V3,000001,30259,509,512,0.101,0.000,3.315,0.028,3.287,35,FWD,INIT,0.051,0.167,0.049,0.111,0.385,0.112,3.427,41,0.628,533,2.605,21.6
DATA,MOTOR_BREAKIN_V3,000001,30359,510,512,0.075,0.000,3.315,0.028,3.287,35,FWD,INIT,0.037,0.123,0.049,0.111,0.385,0.112,3.427,41,0.628,534,2.610,21.6
DATA,MOTOR_BREAKIN_V3,000001,30459,511,513,0.000,0.000,3.538,0.000,3.538,35,FWD,INIT,0.000,0.000,0.086,0.251,0.385,0.112,3.427,41,0.628,533,2.605,21.6
DATA,MOTOR_BREAKIN_V3,000001,30559,509,512,0.101,0.000,3.315,0.028,3.287,35,FWD,INIT,0.051,0.167,0.086,0.306,0.385,0.112,3.427,41,0.628,533,2.605,21.6
DATA,MOTOR_BREAKIN_V3,000001,30659,509,511,0.101,0.071,3.287,0.028,3.260,35,FWD,INIT,0.086,0.281,0.086,0.279,0.385,0.112,3.427,41,0.628,533,2.605,21.6
DATA,MOTOR_BREAKIN_V3,000001,30759,509,512,0.101,0.000,3.315,0.028,3.287,35,FWD,INIT,0.051,0.167,0.086,0.279,0.385,0.112,3.427,41,0.628,533,2.605,21.6
DATA,MOTOR_BREAKIN_V3,000001,30858,510,512,0.075,0.000,3.343,0.000,3.343,35,FWD,INIT,0.037,0.125,0.086,0.306,0.385,0.112,3.427,41,0.628,533,2.605,21.6
DATA,MOTOR_BREAKIN_V3,000001,30959,511,513,0.000,0.000,3.510,0.000,3.510,35,FWD,INIT,0.000,0.000,0.099,0.279,0.385,0.112,3.427,41,0.628,533,2.605,21.6
DATA,MOTOR_BREAKIN_V3,000001,31059,510,511,0.075,0.071,3.399,0.000,3.399,35,FWD,INIT,0.073,0.248,0.099,0.251,0.385,0.112,3.427,41,0.628,533,2.605,21.6
DATA,MOTOR_BREAKIN_V3,000001,31159,509,512,0.101,0.000,3.315,0.000,3.315,35,FWD,INIT,0.051,0.168,0.049,0.111,0.385,0.112,3.427,41,0.628,533,2.605,21.6
DATA,MOTOR_BREAKIN_V3,000001,31259,509,512,0.101,0.000,3.399,0.028,3.371,35,FWD,INIT,0.051,0.171,0.086,0.334,0.385,0.112,3.427,41,0.628,533,2.605,21.6
DATA,MOTOR_BREAKIN_V3,000001,31359,509,511,0.101,0.071,3.260,0.028,3.232,35,FWD,INIT,0.086,0.278,0.086,0.334,0.385,0.112,3.427,41,0.628,533,2.605,21.6
DATA,MOTOR_BREAKIN_V3,000001,31459,510,511,0.075,0.071,3.371,0.028,3.343,35,FWD,INIT,0.073,0.244,0.049,0.167,0.385,0.112,3.427,41,0.628,533,2.605,21.6
DATA,MOTOR_BREAKIN_V3,000001,31559,509,511,0.101,0.071,3.287,0.028,3.260,35,FWD,INIT,0.086,0.281,0.049,0.167,0.385,0.112,3.427,41,0.628,533,2.605,21.6
DATA,MOTOR_BREAKIN_V3,000001,31659,509,511,0.101,0.071,3.399,0.028,3.371,35,FWD,INIT,0.086,0.290,0.062,0.279,0.385,0.112,3.427,41,0.628,533,2.605,21.6
DATA,MOTOR_BREAKIN_V3,000001,31759,510,511,0.075,0.071,3.260,0.000,3.260,35,FWD,INIT,0.073,0.238,0.062,0.279,0.385,0.112,3.427,41,0.628,533,2.605,21.6
DATA,MOTOR_BREAKIN_V3,000001,31859,509,512,0.101,0.000,3.260,0.028,3.232,35,FWD,INIT,0.051,0.164,0.049,0.139,0.385,0.112,3.427,41,0.628,533,2.605,21.6
DATA,MOTOR_BREAKIN_V3,000001,31959,509,511,0.101,0.071,3.371,0.000,3.371,35,FWD,INIT,0.086,0.290,0.086,0.279,0.385,0.112,3.427,41,0.628,533,2.605,21.6
DATA,MOTOR_BREAKIN_V3,000001,32059,510,512,0.075,0.000,3.399,0.028,3.371,35,FWD,INIT,0.037,0.126,0.086,0.251,0.385,0.112,3.427,41,0.628,533,2.605,21.6
OK
DATA,MOTOR_BREAKIN_V3,000001,32159,509,512,0.101,0.000,3.315,0.028,3.287,37,FWD,INIT,0.051,0.167,0.049,0.111,0.385,0.112,3.427,41,0.628,533,2.605,21.6
DATA,MOTOR_BREAKIN_V3,000001,32259,508,511,0.128,0.071,3.371,0.056,3.315,37,FWD,INIT,0.099,0.329,0.099,0.251,0.385,0.112,3.427,41,0.628,533,2.605,21.6
DATA,MOTOR_BREAKIN_V3,000001,32359,509,511,0.101,0.071,3.399,0.056,3.343,37,FWD,INIT,0.086,0.288,0.099,0.306,0.385,0.112,3.427,41,0.628,533,2.605,21.6
DATA,MOTOR_BREAKIN_V3,000001,32459,509,511,0.101,0.071,3.371,0.028,3.343,37,FWD,INIT,0.086,0.288,0.099,0.306,0.385,0.112,3.427,41,0.628,533,2.605,21.6
DATA,MOTOR_BREAKIN_V3,000001,32559,509,512,0.101,0.000,3.343,0.028,3.315,37,FWD,INIT,0.051,0.168,0.049,0.334,0.385,0.112,3.427,41,0.628,533,2.605,21.6
DATA,MOTOR_BREAKIN_V3,000001,32659,510,511,0.075,0.071,3.371,0.028,3.343,37,FWD,INIT,0.073,0.244,0.049,0.334,0.385,0.112,3.427,41,0.628,533,2.605,21.6
DATA,MOTOR_BREAKIN_V3,000001,32759,509,511,0.101,0.071,3.482,0.028,3.455,37,FWD,INIT,0.086,0.297,0.099,0.362,0.385,0.112,3.427,41,0.628,533,2.605,21.6
DATA,MOTOR_BREAKIN_V3,000001,32859,509,511,0.101,0.071,3.371,0.000,3.371,37,FWD,INIT,0.086,0.290,0.099,0.334,0.385,0.112,3.427,41,0.628,533,2.605,21.6
DATA,MOTOR_BREAKIN_V3,000001,32959,509,512,0.101,0.000,3.343,0.028,3.315,37,FWD,INIT,0.051,0.168,0.035,0.390,0.385,0.112,3.427,41,0.628,533,2.605,21.6
DATA,MOTOR_BREAKIN_V3,000001,33059,508,512,0.128,0.000,3.399,0.028,3.371,37,FWD,INIT,0.064,0.215,0.035,0.334,0.385,0.112,3.427,41,0.628,533,2.605,21.6
DATA,MOTOR_BREAKIN_V3,000001,33159,509,512,0.101,0.000,3.399,0.000,3.399,37,FWD,INIT,0.051,0.172,0.035,0.279,0.385,0.112,3.427,41,0.628,533,2.605,21.6
DATA,MOTOR_BREAKIN_V3,000001,33259,510,513,0.075,0.000,3.427,0.000,3.427,37,FWD,INIT,0.037,0.128,0.049,0.167,0.385,0.112,3.427,41,0.628,533,2.605,21.6
DATA,MOTOR_BREAKIN_V3,000001,33359,509,511,0.101,0.071,3.482,0.028,3.455,37,FWD,INIT,0.086,0.297,0.049,0.139,0.385,0.112,3.427,41,0.628,533,2.605,21.6
DATA,MOTOR_BREAKIN_V3,000001,33459,510,513,0.075,0.000,3.622,0.000,3.622,37,FWD,INIT,0.037,0.136,0.086,0.446,0.385,0.112,3.427,41,0.628,533,2.605,21.6
DATA,MOTOR_BREAKIN_V3,000001,33559,508,512,0.128,0.000,3.399,0.028,3.371,37,FWD,INIT,0.064,0.215,0.099,0.446,0.385,0.112,3.427,41,0.628,533,2.605,21.6
DATA,MOTOR_BREAKIN_V3,000001,33659,509,512,0.101,0.000,3.427,0.000,3.427,37,FWD,INIT,0.051,0.174,0.062,0.167,0.385,0.112,3.427,41,0.628,533,2.605,21.6
DATA,MOTOR_BREAKIN_V3,000001,33759,509,512,0.101,0.000,3.482,0.000,3.482,37,FWD,INIT,0.051,0.177,0.035,0.167,0.385,0.112,3.427,41,0.628,533,2.605,21.6
DATA,MOTOR_BREAKIN_V3,000001,33859,510,512,0.075,0.000,3.622,0.000,3.622,37,FWD,INIT,0.037,0.136,0.062,0.251,0.385,0.112,3.427,41,0.628,533,2.605,21.6
DATA,MOTOR_BREAKIN_V3,000001,33959,509,511,0.101,0.071,3.427,0.084,3.343,37,FWD,INIT,0.086,0.288,0.075,0.446,0.385,0.112,3.427,41,0.628,533,2.605,21.6
DATA,MOTOR_BREAKIN_V3,000001,34058,509,511,0.101,0.071,3.566,0.028,3.538,37,FWD,INIT,0.086,0.305,0.075,0.418,0.385,0.112,3.427,41,0.628,533,2.605,21.6
DATA,MOTOR_BREAKIN_V3,000001,34159,509,512,0.101,0.000,3.427,0.028,3.399,37,FWD,INIT,0.051,0.172,0.049,0.195,0.385,0.112,3.427,41,0.628,533,2.605,21.6
DATA,MOTOR_BREAKIN_V3,000001,34259,509,512,0.101,0.000,3.455,0.084,3.371,37,FWD,INIT,0.051,0.171,0.049,0.251,0.385,0.112,3.427,41,0.628,533,2.605,21.6
DATA,MOTOR_BREAKIN_V3,000001,34359,509,511,0.101,0.071,3.399,0.028,3.371,37,FWD,INIT,0.086,0.290,0.099,0.418,0.385,0.112,3.427,41,0.628,533,2.605,21.6
DATA,MOTOR_BREAKIN_V3,000001,34459,511,513,0.000,0.000,3.538,0.000,3.538,37,FWD,INIT,0.000,0.000,0.086,0.390,0.385,0.112,3.427,41,0.628,533,2.605,21.6
DATA,MOTOR_BREAKIN_V3,000001,34559,509,511,0.101,0.071,3.510,0.000,3.510,37,FWD,INIT,0.086,0.302,0.099,0.223,0.385,0.112,3.427,41,0.628,533,2.605,21.6
DATA,MOTOR_BREAKIN_V3,000001,34659,509,512,0.101,0.000,3.399,0.028,3.371,37,FWD,INIT,0.051,0.171,0.049,0.446,0.385,0.112,3.427,41,0.628,533,2.605,21.6
DATA,MOTOR_BREAKIN_V3,000001,34759,509,511,0.101,0.071,3.482,0.000,3.482,37,FWD,INIT,0.086,0.300,0.035,0.418,0.385,0.112,3.427,41,0.628,533,2.605,21.6
DATA,MOTOR_BREAKIN_V3,000001,34859,509,511,0.101,0.071,3.510,0.000,3.510,37,FWD,INIT,0.086,0.302,0.049,0.195,0.385,0.112,3.427,41,0.628,533,2.605,21.6
DATA,MOTOR_BREAKIN_V3,000001,34959,510,511,0.075,0.071,3.371,0.028,3.343,37,FWD,INIT,0.073,0.244,0.049,0.195,0.385,0.112,3.427,41,0.628,533,2.605,21.6
DATA,MOTOR_BREAKIN_V3,000001,35059,512,513,0.000,0.000,3.705,0.000,3.705,37,FWD,INIT,0.000,0.000,0.099,0.362,0.385,0.112,3.427,41,0.628,533,2.605,21.6
DATA,MOTOR_BREAKIN_V3,000001,35159,509,513,0.101,0.000,3.371,0.028,3.343,37,FWD,INIT,0.051,0.169,0.099,0.418,0.385,0.112,3.427,41,0.628,533,2.605,21.6
DATA,MOTOR_BREAKIN_V3,000001,35259,510,511,0.075,0.071,3.427,0.084,3.343,37,FWD,INIT,0.073,0.244,0.075,0.306,0.385,0.112,3.427,41,0.628,533,2.605,21.6
DATA,MOTOR_BREAKIN_V3,000001,35359,511,513,0.000,0.000,3.677,0.000,3.677,37,FWD,INIT,0.000,0.000,0.112,0.529,0.385,0.112,3.427,41,0.628,533,2.605,21.6
DATA,MOTOR_BREAKIN_V3,000001,35459,509,513,0.101,0.000,3.427,0.000,3.427,37,FWD,INIT,0.051,0.174,0.086,0.334,0.385,0.112,3.427,41,0.628,533,2.605,21.6
DATA,MOTOR_BREAKIN_V3,000001,35559,509,512,0.101,0.000,3.455,0.028,3.427,37,FWD,INIT,0.051,0.174,0.062,0.139,0.385,0.112,3.427,41,0.628,533,2.605,21.6
DATA,MOTOR_BREAKIN_V3,000001,35659,512,513,0.000,0.000,3.705,0.000,3.705,37,FWD,INIT,0.000,0.000,0.099,0.390,0.385,0.112,3.427,41,0.628,533,2.605,21.6
DATA,MOTOR_BREAKIN_V3,000001,35759,509,512,0.101,0.000,3.455,0.000,3.455,37,FWD,INIT,0.051,0.175,0.086,0.390,0.385,0.112,3.427,41,0.628,533,2.605,21.6
DATA,MOTOR_BREAKIN_V3,000001,35859,509,511,0.101,0.071,3.427,0.000,3.427,37,FWD,INIT,0.086,0.295,0.035,0.111,0.385,0.112,3.427,41,0.628,533,2.605,21.6
DATA,MOTOR_BREAKIN_V3,000001,35959,509,512,0.101,0.000,3.399,0.028,3.371,37,FWD,INIT,0.051,0.171,0.086,0.306,0.385,0.112,3.427,41,0.628,533,2.605,21.6
DATA,MOTOR_BREAKIN_V3,000001,36059,509,511,0.101,0.071,3.455,0.028,3.427,37,FWD,INIT,0.086,0.295,0.086,0.501,0.385,0.112,3.427,41,0.628,533,2.605,21.6
DATA,MOTOR_BREAKIN_V3,000001,36159,509,512,0.101,0.000,3.455,0.056,3.399,37,FWD,INIT,0.051,0.172,0.049,0.251,0.385,0.112,3.427,41,0.628,533,2.605,21.6
DATA,MOTOR_BREAKIN_V3,000001,36259,509,511,0.101,0.071,3.343,0.028,3.315,37,FWD,INIT,0.086,0.285,0.099,0.390,0.385,0.112,3.427,41,0.628,533,2.605,21.6
DATA,MOTOR_BREAKIN_V3,000001,36359,508,512,0.128,0.000,3.455,0.028,3.427,37,FWD,INIT,0.064,0.219,0.099,0.334,0.385,0.112,3.427,41,0.628,533,2.605,21.7
DATA,MOTOR_BREAKIN_V3,000001,36459,509,512,0.101,0.000,3.455,0.056,3.399,37,FWD,INIT,0.051,0.172,0.099,0.306,0.385,0.112,3.427,41,0.628,533,2.605,21.6
DATA,MOTOR_BREAKIN_V3,000001,36559,508,511,0.128,0.071,3.427,0.000,3.427,37,FWD,INIT,0.099,0.340,0.099,0.362,0.385,0.112,3.427,41,0.628,533,2.605,21.6
DATA,MOTOR_BREAKIN_V3,000001,36659,508,511,0.128,0.071,3.455,0.028,3.427,37,FWD,INIT,0.099,0.340,0.099,0.362,0.385,0.112,3.427,41,0.628,533,2.605,21.7
DATA,MOTOR_BREAKIN_V3,000001,36759,510,513,0.075,0.000,3.650,0.000,3.650,37,FWD,INIT,0.037,0.137,0.062,0.334,0.385,0.112,3.427,41,0.628,533,2.605,21.7
DATA,MOTOR_BREAKIN_V3,000001,36859,508,512,0.128,0.000,3.482,0.028,3.455,37,FWD,INIT,0.064,0.221,0.062,0.334,0.385,0.112,3.427,41,0.628,533,2.605,21.6
DATA,MOTOR_BREAKIN_V3,000001,36959,509,512,0.101,0.000,3.343,0.028,3.315,37,FWD,INIT,0.051,0.168,0.035,0.139,0.385,0.112,3.427,41,0.628,533,2.605,21.6
DATA,MOTOR_BREAKIN_V3,000001,37059,509,512,0.101,0.000,3.427,0.028,3.399,37,FWD,INIT,0.051,0.172,0.086,0.362,0.385,0.112,3.427,41,0.628,533,2.605,21.6
DATA,MOTOR_BREAKIN_V3,000001,37159,509,511,0.101,0.071,3.371,0.056,3.315,37,FWD,INIT,0.086,0.285,0.086,0.362,0.385,0.112,3.427,41,0.628,533,2.605,21.7
DATA,MOTOR_BREAKIN_V3,000001,37258,509,512,0.101,0.000,3.371,0.028,3.343,37,FWD,INIT,0.051,0.169,0.035,0.641,0.385,0.112,3.427,41,0.628,533,2.605,21.7
DATA,MOTOR_BREAKIN_V3,000001,37359,509,512,0.101,0.000,3.399,0.028,3.371,37,FWD,INIT,0.051,0.171,0.035,0.669,0.385,0.112,3.427,41,0.628,533,2.605,21.7
DATA,MOTOR_BREAKIN_V3,000001,37459,509,512,0.101,0.000,3.455,0.000,3.455,37,FWD,INIT,0.051,0.175,0.062,0.251,0.385,0.112,3.427,41,0.628,533,2.605,21.7
DATA,MOTOR_BREAKIN_V3,000001,37559,508,511,0.128,0.071,3.343,0.056,3.287,37,FWD,INIT,0.099,0.326,0.075,0.724,0.385,0.112,3.427,41,0.628,533,2.605,21.7
DATA,MOTOR_BREAKIN_V3,000001,37659,509,512,0.101,0.000,3.455,0.028,3.427,37,FWD,INIT,0.051,0.174,0.112,0.780,0.385,0.112,3.427,41,0.628,533,2.605,21.7
DATA,MOTOR_BREAKIN_V3,000001,37759,509,511,0.101,0.071,3.455,0.028,3.427,37,FWD,INIT,0.086,0.295,0.099,0.334,0.385,0.112,3.427,41,0.628,533,2.605,21.7
DATA,MOTOR_BREAKIN_V3,000001,37859,510,512,0.075,0.000,3.260,0.279,2.981,37,FWD,INIT,0.037,0.112,0.062,0.501,0.385,0.112,3.427,41,0.628,533,2.605,21.7
DATA,MOTOR_BREAKIN_V3,000001,37959,508,511,0.128,0.071,3.455,0.028,3.427,37,FWD,INIT,0.099,0.340,0.062,0.669,0.385,0.112,3.427,41,0.628,533,2.605,21.7
DATA,MOTOR_BREAKIN_V3,000001,38059,509,512,0.101,0.000,3.371,0.084,3.287,37,FWD,INIT,0.051,0.167,0.062,0.362,0.385,0.112,3.427,41,0.628,533,2.605,21.7
DATA,MOTOR_BREAKIN_V3,000001,38159,510,512,0.075,0.000,3.482,0.000,3.482,37,FWD,INIT,0.037,0.131,0.062,0.446,0.385,0.112,3.427,41,0.628,533,2.605,21.7
DATA,MOTOR_BREAKIN_V3,000001,38259,509,512,0.101,0.000,3.455,0.111,3.343,37,FWD,INIT,0.051,0.169,0.062,0.446,0.385,0.112,3.427,41,0.628,533,2.605,21.7
DATA,MOTOR_BREAKIN_V3,000001,38359,509,511,0.101,0.071,3.399,0.056,3.343,37,FWD,INIT,0.086,0.288,0.035,0.195,0.385,0.112,3.427,41,0.628,533,2.605,21.7
DATA,MOTOR_BREAKIN_V3,000001,38459,509,511,0.101,0.071,3.455,0.000,3.455,37,FWD,INIT,0.086,0.297,0.049,0.418,0.385,0.112,3.427,41,0.628,533,2.605,21.7
DATA,MOTOR_BREAKIN_V3,000001,38559,508,511,0.128,0.071,3.455,0.056,3.399,37,FWD,INIT,0.099,0.337,0.099,0.390,0.385,0.112,3.427,41,0.628,533,2.605,21.7
DATA,MOTOR_BREAKIN_V3,000001,38659,508,511,0.128,0.071,3.399,0.028,3.371,37,FWD,INIT,0.099,0.335,0.099,0.418,0.385,0.112,3.427,41,0.628,533,2.605,21.7
DATA,MOTOR_BREAKIN_V3,000001,38759,509,511,0.101,0.071,3.427,0.000,3.427,37,FWD,INIT,0.086,0.295,0.062,0.195,0.385,0.112,3.427,41,0.628,533,2.605,21.7
DATA,MOTOR_BREAKIN_V3,000001,38859,509,510,0.101,0.097,3.482,0.028,3.455,37,FWD,INIT,0.099,0.343,0.062,0.362,0.385,0.112,3.427,41,0.628,533,2.605,21.7
DATA,MOTOR_BREAKIN_V3,000001,38959,509,511,0.101,0.071,3.371,0.000,3.371,37,FWD,INIT,0.086,0.290,0.062,0.306,0.385,0.112,3.427,41,0.628,533,2.605,21.7
DATA,MOTOR_BREAKIN_V3,000001,39059,509,510,0.101,0.097,3.427,0.028,3.399,37,FWD,INIT,0.099,0.337,0.062,0.279,0.385,0.112,3.427,41,0.628,533,2.605,21.7
427,41,0.628,533,2.605,21.7
DATA,MOTOR_BREAKIN_V3,000001,39159,253,512,6.865,0.000,3.510,0.000,3.510,37,FWD,INIT,3.432,12.049,0.086,0.334,12.049,3.432,3.510,37,3.432,533,2.605,21.7
DATA,MOTOR_BREAKIN_V3,000001,39259,509,511,0.101,0.071,3.455,0.028,3.427,37,FWD,INIT,0.086,0.295,0.086,0.334,12.049,3.432,3.510,37,3.432,533,2.605,21.7
DATA,MOTOR_BREAKIN_V3,000001,39359,508,512,0.128,0.000,3.371,0.223,3.148,37,FWD,INIT,0.064,0.201,0.086,0.334,12.049,3.432,3.510,37,3.432,533,2.605,21.7
DATA,MOTOR_BREAKIN_V3,000001,39459,509,512,0.101,0.000,3.427,0.000,3.427,37,FWD,INIT,0.051,0.174,0.086,0.334,12.049N[@432,3.510,37,3.432,533,2.605,21.7
DATA,MOTOR_BREAKIN_V3,000001,39559,510,513,0.075,0.000,3.566,0.000,3.566,37,FWD,INIT,0.037,0.134,0.086,0.334,12.049,3.432,3.510,37,3.432,533,2.605,21.7�IDATA,MOTOR_BREAKIN_V3,000001,39659,509,511,0.101,0.071,3.455,0.000,3.455,37,FWD,INIT,0.086,0.297,0.086,0.334,12.049,3.432,3.510,37,3.432,533,2.605,21.7
DATA,MOTOR_BREAKIN_V3,000001,39759,509,512,0.101,0.000,3.455,0.000,3.455,37,FWD,INIT,0.051,0.175,0.086,0.334,12.049,3.432,3.510,37,3.432,533,2.605,21.7
DATA,MOTOR_BREAKIN_V3,000001,39859,509,511,0.101,0.071,3.343,0.056,3.287,37,FWD,INIT,0.086,0.283,0.086,0.334,12.049,3.432,3.510,37,3.432,533,2.605,21.7
DATA,MOTOR_BREAKIN_V3,000001,39959,509,513,0.101,0.000,3.343,0.028,3.315,37,FWD,INIT,0.051,0.168,0.086,0.334,12.049,3.432,3.510,37,3.432,533,2.605,21.7
DATA,MOTOR_BREAKIN_V3,000001,40059,508,511,0.128,0.071,3.343,0.028,3.315,37,FWD,INIT,0.099,0.329,0.086,0.334,12.049,3.432,3.510,37,3.432,533,2.605,21.7
DATA,MOTOR_BREAKIN_V3,000001,40159,511,513,0.000,0.000,3.510,0.000,3.510,37,FWD,INIT,0.000,0.000,0.086,0.334,12.049,3.432,3.510,37,3.432,533,2.605,21.7
DATA,MOTOR_BREAKIN_V3,000001,40259,509,511,0.101,0.071,3.455,0.028,3.427,37,FWD,INIT,0.086,0.295,0.086,0.334,12.049,3.432,3.510,37,3.432,533,2.605,21.7
DATA,MOTOR_BREAKIN_V3,000001,40359,509,512,0.101,0.000,3.455,0.000,3.455,37,FWD,INIT,0.051,0.175,0.086,0.334,12.049,3.432,3.510,37,3.432,533,2.605,21.7
DATA,MOTOR_BREAKIN_V3,000001,40458,509,511,0.101,0.071,3.343,0.028,3.315,37,FWD,INIT,0.086,0.285,0.086,0.334,12.049,3.432,3.510,37,3.432,533,2.605,21.7
DATA,MOTOR_BREAKIN_V3,000001,40559,509,511,0.101,0.071,3.427,0.000,3.427,37,FWD,INIT,0.086,0.295,0.086,0.334,12.049,3.432,3.510,37,3.432,533,2.605,21.7
DATA,MOTOR_BREAKIN_V3,000001,40659,509,511,0.101,0.071,3.343,0.028,3.315,37,FWD,INIT,0.086,0.285,0.086,0.334,12.049,3.432,3.510,37,3.432,533,2.605,21.7
DATA,MOTOR_BREAKIN_V3,000001,40759,509,511,0.101,0.071,3.455,0.028,3.427,37,FWD,INIT,0.086,0.295,0.086,0.334,12.049,3.432,3.510,37,3.432,533,2.605,21.7
DATA,MOTOR_BREAKIN_V3,000001,40859,509,512,0.101,0.000,3.371,0.028,3.343,37,FWD,INIT,0.051,0.169,0.086,0.334,12.049,3.432,3.510,37,3.432,534,2.610,21.7
DATA,MOTOR_BREAKIN_V3,000001,40959,508,511,0.128,0.071,3.343,0.000,3.343,37,FWD,INIT,0.099,0.332,0.086,0.334,12.049,3.432,3.510,37,3.432,533,2.605,21.7
DATA,MOTOR_BREAKIN_V3,000001,41059,509,512,0.101,0.000,3.455,0.028,3.427,37,FWD,INIT,0.051,0.174,0.086,0.334,12.049,3.432,3.510,37,3.432,533,2.605,21.7
DATA,MOTOR_BREAKIN_V3,000001,41159,509,511,0.101,0.071,3.204,0.084,3.120,37,FWD,INIT,0.086,0.269,0.086,0.334,12.049,3.432,3.510,37,3.432,533,2.605,21.7
DATA,MOTOR_BREAKIN_V3,000001,41259,509,512,0.101,0.000,3.427,0.028,3.399,37,FWD,INIT,0.051,0.172,0.086,0.334,12.049,3.432,3.510,37,3.432,533,2.605,21.7
DATA,MOTOR_BREAKIN_V3,000001,41359,509,512,0.101,0.000,3.427,0.000,3.427,37,FWD,INIT,0.051,0.174,0.086,0.334,12.049,3.432,3.510,37,3.432,533,2.605,21.7
DATA,MOTOR_BREAKIN_V3,000001,41459,510,512,0.075,0.000,3.566,0.028,3.538,37,FWD,INIT,0.037,0.133,0.086,0.334,12.049,3.432,3.510,37,3.432,533,2.605,21.7
DATA,MOTOR_BREAKIN_V3,000001,41559,508,511,0.128,0.071,3.427,0.000,3.427,37,FWD,INIT,0.099,0.340,0.086,0.334,12.049,3.432,3.510,37,3.432,533,2.605,21.7
DATA,MOTOR_BREAKIN_V3,000001,41659,509,512,0.101,0.000,3.232,0.390,2.842,37,FWD,INIT,0.051,0.144,0.086,0.334,12.049,3.432,3.510,37,3.432,533,2.605,21.7
DATA,MOTOR_BREAKIN_V3,000001,41759,509,512,0.101,0.000,3.399,0.028,3.371,37,FWD,INIT,0.051,0.171,0.086,0.334,12.049,3.432,3.510,37,3.432,533,2.605,21.7
DATA,MOTOR_BREAKIN_V3,000001,41859,508,512,0.128,0.000,3.371,0.028,3.343,37,FWD,INIT,0.064,0.214,0.086,0.334,12.049,3.432,3.510,37,3.432,533,2.605,21.7
DATA,MOTOR_BREAKIN_V3,000001,41959,510,513,0.075,0.000,3.538,0.223,3.315,37,FWD,INIT,0.037,0.124,0.086,0.334,12.049,3.432,3.510,37,3.432,533,2.605,21.7
DATA,MOTOR_BREAKIN_V3,000001,42059,509,511,0.101,0.071,3.482,0.056,3.427,37,FWD,INIT,0.086,0.295,0.086,0.334,12.049,3.432,3.510,37,3.432,533,2.605,21.7
DATA,MOTOR_BREAKIN_V3,000001,42159,508,512,0.128,0.000,3.482,0.000,3.482,37,FWD,INIT,0.064,0.223,0.086,0.334,12.049,3.432,3.510,37,3.432,533,2.605,21.7
DATA,MOTOR_BREAKIN_V3,000001,42259,509,512,0.101,0.000,3.455,0.000,3.455,37,FWD,INIT,0.051,0.175,0.086,0.334,12.049,3.432,3.510,37,3.432,533,2.605,21.7
DATA,MOTOR_BREAKIN_V3,000001,42359,509,512,0.101,0.000,3.427,0.056,3.371,37,FWD,INIT,0.051,0.171,0.086,0.334,12.049,3.432,3.510,37,3.432,533,2.605,21.7
DATA,MOTOR_BREAKIN_V3,000001,42459,509,512,0.101,0.000,3.343,0.056,3.287,37,FWD,INIT,0.051,0.167,0.086,0.334,12.049,3.432,3.510,37,3.432,533,2.605,21.7
DATA,MOTOR_BREAKIN_V3,000001,42559,509,512,0.101,0.000,3.455,0.000,3.455,37,FWD,INIT,0.051,0.175,0.086,0.334,12.049,3.432,3.510,37,3.432,533,2.605,21.7
DATA,MOTOR_BREAKIN_V3,000001,42659,509,511,0.101,0.071,3.427,0.000,3.427,37,FWD,INIT,0.086,0.295,0.086,0.334,12.049,3.432,3.510,37,3.432,533,2.605,21.7
DATA,MOTOR_BREAKIN_V3,000001,42759,509,512,0.101,0.000,3.455,0.028,3.427,37,FWD,INIT,0.051,0.174,0.086,0.334,12.049,3.432,3.510,37,3.432,533,2.605,21.7
DATA,MOTOR_BREAKIN_V3,000001,42859,509,511,0.101,0.071,3.343,0.028,3.315,37,FWD,INIT,0.086,0.285,0.086,0.334,12.049,3.432,3.510,37,3.432,533,2.605,21.7
DATA,MOTOR_BREAKIN_V3,000001,42959,509,511,0.101,0.071,3.427,0.000,3.427,37,FWD,INIT,0.086,0.295,0.086,0.334,12.049,3.432,3.510,37,3.432,533,2.605,21.7
DATA,MOTOR_BREAKIN_V3,000001,43059,511,514,0.000,0.000,3.677,0.000,3.677,37,FWD,INIT,0.000,0.000,0.086,0.334,12.049,3.432,3.510,37,3.432,533,2.605,21.8
DATA,MOTOR_BREAKIN_V3,000001,43159,509,512,0.101,0.000,3.371,0.056,3.315,37,FWD,INIT,0.051,0.168,0.086,0.334,12.049,3.432,3.510,37,3.432,533,2.605,21.7
DATA,MOTOR_BREAKIN_V3,000001,43259,509,512,0.101,0.000,3.427,0.028,3.399,37,FWD,INIT,0.051,0.172,0.086,0.334,12.049,3.432,3.510,37,3.432,533,2.605,21.8
DATA,MOTOR_BREAKIN_V3,000001,43359,509,511,0.101,0.071,3.371,0.028,3.343,37,FWD,INIT,0.086,0.288,0.086,0.334,12.049,3.432,3.510,37,3.432,533,2.605,21.8
DATA,MOTOR_BREAKIN_V3,000001,43459,512,513,0.000,0.000,3.677,0.000,3.677,37,FWD,INIT,0.000,0.000,0.086,0.334,12.049,3.432,3.510,37,3.432,533,2.605,21.7
DATA,MOTOR_BREAKIN_V3,000001,43559,509,511,0.101,0.071,3.455,0.056,3.399,37,FWD,INIT,0.086,0.293,0.086,0.334,12.049,3.432,3.510,37,3.432,533,2.605,21.7
DATA,MOTOR_BREAKIN_V3,000001,43658,511,514,0.000,0.000,3.622,0.000,3.622,37,FWD,INIT,0.000,0.000,0.086,0.334,12.049,3.432,3.510,37,3.432,533,2.605,21.7
DATA,MOTOR_BREAKIN_V3,000001,43759,509,510,0.101,0.097,3.455,0.056,3.399,37,FWD,INIT,0.099,0.337,0.086,0.334,12.049,3.432,3.510,37,3.432,533,2.605,21.7
DATA,MOTOR_BREAKIN_V3,000001,43859,510,512,0.075,0.000,3.455,0.000,3.455,37,FWD,INIT,0.037,0.129,0.086,0.334,12.049,3.432,3.510,37,3.432,533,2.605,21.8
DATA,MOTOR_BREAKIN_V3,000001,43959,509,512,0.101,0.000,3.371,0.028,3.343,37,FWD,INIT,0.051,0.169,0.086,0.334,12.049,3.432,3.510,37,3.432,533,2.605,21.8
DATA,MOTOR_BREAKIN_V3,000001,44059,509,511,0.101,0.071,3.371,0.028,3.343,37,FWD,INIT,0.086,0.288,0.086,0.334,12.049,3.432,3.510,37,3.432,533,2.605,21.8
DATA,MOTOR_BREAKIN_V3,000001,44159,509,510,0.101,0.097,3.343,0.028,3.315,37,FWD,INIT,0.099,0.329,0.086,0.334,12.049,3.432,3.510,37,3.432,533,2.605,21.8
DATA,MOTOR_BREAKIN_V3,000001,44259,509,513,0.101,0.000,3.343,0.056,3.287,37,FWD,INIT,0.051,0.167,0.086,0.334,12.049,3.432,3.510,37,3.432,533,2.605,21.8
DATA,MOTOR_BREAKIN_V3,000001,44359,509,512,0.101,0.000,3.315,0.028,3.287,37,FWD,INIT,0.051,0.167,0.086,0.334,12.049,3.432,3.510,37,3.432,533,2.605,21.8
DATA,MOTOR_BREAKIN_V3,000001,44459,509,512,0.101,0.000,3.343,0.056,3.287,37,FWD,INIT,0.051,0.167,0.086,0.334,12.049,3.432,3.510,37,3.432,533,2.605,21.8
DATA,MOTOR_BREAKIN_V3,000001,44559,510,512,0.075,0.000,3.315,0.056,3.260,37,FWD,INIT,0.037,0.122,0.086,0.334,12.049,3.432,3.510,37,3.432,533,2.605,21.8
DATA,MOTOR_BREAKIN_V3,000001,44659,509,511,0.101,0.071,3.343,0.028,3.315,37,FWD,INIT,0.086,0.285,0.086,0.334,12.049,3.432,3.510,37,3.432,533,2.605,21.8
DATA,MOTOR_BREAKIN_V3,000001,44759,509,512,0.101,0.000,3.427,0.056,3.371,37,FWD,INIT,0.051,0.171,0.086,0.334,12.049,3.432,3.510,37,3.432,533,2.605,21.8
DATA,MOTOR_BREAKIN_V3,000001,44859,509,512,0.101,0.000,3.343,0.000,3.343,37,FWD,INIT,0.051,0.169,0.086,0.334,12.049,3.432,3.510,37,3.432,533,2.605,21.8
DATA,MOTOR_BREAKIN_V3,000001,44959,512,513,0.000,0.000,3.677,0.000,3.677,37,FWD,INIT,0.000,0.000,0.086,0.334,12.049,3.432,3.510,37,3.432,533,2.605,21.8
DATA,MOTOR_BREAKIN_V3,000001,45059,509,512,0.101,0.000,3.399,0.000,3.399,37,FWD,INIT,0.051,0.172,0.086,0.334,12.049,3.432,3.510,37,3.432,533,2.605,21.8
DATA,MOTOR_BREAKIN_V3,000001,45159,510,513,0.075,0.000,3.622,0.000,3.622,37,FWD,INIT,0.037,0.136,0.086,0.334,12.049,3.432,3.510,37,3.432,533,2.605,21.8
DATA,MOTOR_BREAKIN_V3,000001,45259,509,512,0.101,0.000,3.371,0.028,3.343,37,FWD,INIT,0.051,0.169,0.086,0.334,12.049,3.432,3.510,37,3.432,533,2.605,21.8
DATA,MOTOR_BREAKIN_V3,000001,45359,509,512,0.101,0.000,3.399,0.028,3.371,37,FWD,INIT,0.051,0.171,0.086,0.334,12.049,3.432,3.510,37,3.432,533,2.605,21.8
DATA,MOTOR_BREAKIN_V3,000001,45459,509,512,0.101,0.000,3.399,0.000,3.399,37,FWD,INIT,0.051,0.172,0.086,0.334,12.049,3.432,3.510,37,3.432,533,2.605,21.8
DATA,MOTOR_BREAKIN_V3,000001,45559,509,512,0.101,0.000,3.371,0.028,3.343,37,FWD,INIT,0.051,0.169,0.086,0.334,12.049,3.432,3.510,37,3.432,533,2.605,21.8
DATA,MOTOR_BREAKIN_V3,000001,45659,511,513,0.000,0.000,3.594,0.000,3.594,37,FWD,INIT,0.000,0.000,0.086,0.334,12.049,3.432,3.510,37,3.432,533,2.605,21.8
DATA,MOTOR_BREAKIN_V3,000001,45759,509,512,0.101,0.000,3.427,0.056,3.371,37,FWD,INIT,0.051,0.171,0.086,0.334,12.049,3.432,3.510,37,3.432,533,2.605,21.8
DATA,MOTOR_BREAKIN_V3,000001,45859,509,511,0.101,0.071,3.427,0.000,3.427,37,FWD,INIT,0.086,0.295,0.086,0.334,12.049,3.432,3.510,37,3.432,533,2.605,21.8
DATA,MOTOR_BREAKIN_V3,000001,45959,509,511,0.101,0.071,3.371,0.028,3.343,37,FWD,INIT,0.086,0.288,0.086,0.334,12.049,3.432,3.510,37,3.432,533,2.605,21.8
DATA,MOTOR_BREAKIN_V3,000001,46059,509,512,0.101,0.000,3.455,0.028,3.427,37,FWD,INIT,0.051,0.174,0.086,0.334,12.049,3.432,3.510,37,3.432,533,2.605,21.8
DATA,MOTOR_BREAKIN_V3,000001,46159,510,511,0.075,0.071,3.427,0.000,3.427,37,FWD,INIT,0.073,0.250,0.086,0.334,12.049,3.432,3.510,37,3.432,533,2.605,21.8
DATA,MOTOR_BREAKIN_V3,000001,46259,508,512,0.128,0.000,3.510,0.028,3.482,37,FWD,INIT,0.064,0.223,0.086,0.334,12.049,3.432,3.510,37,3.432,533,2.605,21.8
DATA,MOTOR_BREAKIN_V3,000001,46359,508,512,0.128,0.000,3.482,0.000,3.482,37,FWD,INIT,0.064,0.223,0.086,0.334,12.049,3.432,3.510,37,3.432,534,2.610,21.8
DATA,MOTOR_BREAKIN_V3,000001,1031980940,508,512,0.128,0.000,3.482,0.000,3.482,37,FWD,INIT,0.064,0.223,0.086,0.334,12.049,3.432,3.510,37,3.432,534,2.610,21.8
DATA,MOTOR_BREAKIN_V3,000001,46474,509,511,0.101,0.071,3.399,0.028,3.371,37,FWD,INIT,0.086,0.290,0.086,0.334,12.049,3.432,3.510,37,3.432,533,2.605,21.8
DATA,MOTOR_BREAKIN_V3,000001,46575,509,511,0.101,0.071,3.482,0.000,3.482,37,FWD,INIT,0.086,0.300,0.086,0.334,12.049,3.432,3.510,37,3.432,533,2.605,21.8
DATA,MOTOR_BREAKIN_V3,000001,46576,487,501,0.683,-13.234,3.622,0.167,3.455,37,FWD,INIT,-6.276,-21.679,0.086,0.334,12.049,3.432,3.510,37,3.432,533,2.605,21.8
DATA,MOTOR_BREAKIN_V3,000001,1079836369,507,510,-13.560,-13.472,3.510,0.056,3.455,37,FWD,INIT,-13.516,-46.692,0.086,0.334,12.049,3.432,3.510,37,3.432,533,2.605,21.8
