ACS1_ZERO=513.51
ACS2_ZERO=514.51
READY,FWD

========================================
 Mini4WD MOTOR BREAK-IN DEVICE
 MOTOR_BREAKIN_V3
 Firmware : 3.00
========================================
INFO,TYPE=MOTOR,MODEL=MOTOR_BREAKIN_V3,FW=3.00,ID=000001
DATA,MOTOR_BREAKIN_V3,000001,0,513,516,0.000,0.000,0.000,0.000,0.000,0,FWD,READY,0.000,0.000,0.000,0.000,0.000,0.000,0.000,0,0.000,565,2.761,22.9
DATA,MOTOR_BREAKIN_V3,000001,0,513,514,0.000,0.000,0.000,0.000,0.000,0,FWD,READY,0.000,0.000,0.000,0.000,0.000,0.000,0.000,0,0.000,565,2.761,22.9
DATA,MOTOR_BREAKIN_V3,000001,0,513,515,0.000,0.000,0.000,0.000,0.000,0,FWD,READY,0.000,0.000,0.000,0.000,0.000,0.000,0.000,0,0.000,565,2.761,22.9
DATA,MOTOR_BREAKIN_V3,000001,0,514,515,0.000,0.000,0.000,0.000,0.000,0,FWD,READY,0.000,0.000,0.000,0.000,0.000,0.000,0.000,0,0.000,565,2.761,22.9
DATA,MOTOR_BREAKIN_V3,000001,0,514,515,0.000,0.000,0.000,0.000,0.000,0,FWD,READY,0.000,0.000,0.000,0.000,0.000,0.000,0.000,0,0.000,565,2.761,22.9
DATA,MOTOR_BREAKIN_V3,000001,0,514,515,0.000,0.000,0.000,0.000,0.000,0,FWD,READY,0.000,0.000,0.000,0.000,0.000,0.000,0.000,0,0.000,565,2.761,22.9
DATA,MOTOR_BREAKIN_V3,000001,0,513,515,0.000,0.000,0.000,0.000,0.000,0,FWD,READY,0.000,0.000,0.000,0.000,0.000,0.000,0.000,0,0.000,565,2.761,22.9
DATA,MOTOR_BREAKIN_V3,000001,0,514,515,0.000,0.000,0.000,0.000,0.000,0,FWD,READY,0.000,0.000,0.000,0.000,0.000,0.000,0.000,0,0.000,565,2.761,22.9
DATA,MOTOR_BREAKIN_V3,000001,0,514,515,0.000,0.000,0.000,0.000,0.000,0,FWD,READY,0.000,0.000,0.000,0.000,0.000,0.000,0.000,0,0.000,565,2.761,22.9
DATA,MOTOR_BREAKIN_V3,000001,0,513,515,0.000,0.000,0.000,0.000,0.000,0,FWD,READY,0.000,0.000,0.000,0.000,0.000,0.000,0.000,0,0.000,565,2.761,22.9
DATA,MOTOR_BREAKIN_V3,000001,0,514,515,0.000,0.000,0.000,0.000,0.000,0,FWD,READY,0.000,0.000,0.000,0.000,0.000,0.000,0.000,0,0.000,565,2.761,22.9
DATA,MOTOR_BREAKIN_V3,000001,0,513,516,0.000,0.000,0.000,0.000,0.000,0,FWD,READY,0.000,0.000,0.000,0.000,0.000,0.000,0.000,0,0.000,565,2.761,22.9
DATA,MOTOR_BREAKIN_V3,000001,0,514,515,0.000,0.000,0.000,0.000,0.000,0,FWD,READY,0.000,0.000,0.000,0.000,0.000,0.000,0.000,0,0.000,565,2.761,22.9
DATA,MOTOR_BREAKIN_V3,000001,0,513,515,0.000,0.000,0.000,0.000,0.000,0,FWD,READY,0.000,0.000,0.000,0.000,0.000,0.000,0.000,0,0.000,565,2.761,22.9
DATA,MOTOR_BREAKIN_V3,000001,0,514,515,0.000,0.000,0.000,0.000,0.000,0,FWD,READY,0.000,0.000,0.000,0.000,0.000,0.000,0.000,0,0.000,565,2.761,22.9
DATA,MOTOR_BREAKIN_V3,000001,0,514,514,0.000,0.000,0.000,0.000,0.000,0,FWD,READY,0.000,0.000,0.000,0.000,0.000,0.000,0.000,0,0.000,565,2.761,22.9
DATA,MOTOR_BREAKIN_V3,000001,0,513,515,0.000,0.000,0.000,0.000,0.000,0,FWD,READY,0.000,0.000,0.000,0.000,0.000,0.000,0.000,0,0.000,565,2.761,22.9
DATA,MOTOR_BREAKIN_V3,000001,0,513,516,0.000,0.000,0.000,0.000,0.000,0,FWD,READY,0.000,0.000,0.000,0.000,0.000,0.000,0.000,0,0.000,565,2.761,22.9
DATA,MOTOR_BREAKIN_V3,000001,0,514,514,0.000,0.000,0.000,0.000,0.000,0,FWD,READY,0.000,0.000,0.000,0.000,0.000,0.000,0.000,0,0.000,565,2.761,22.9
DATA,MOTOR_BREAKIN_V3,000001,0,513,515,0.000,0.000,0.000,0.000,0.000,0,FWD,READY,0.000,0.000,0.000,0.000,0.000,0.000,0.000,0,0.000,565,2.761,22.9
DATA,MOTOR_BREAKIN_V3,000001,0,513,514,0.000,0.000,0.000,0.000,0.000,0,FWD,READY,0.000,0.000,0.000,0.000,0.000,0.000,0.000,0,0.000,565,2.761,22.9
DATA,MOTOR_BREAKIN_V3,000001,0,513,515,0.000,0.000,0.000,0.000,0.000,0,FWD,READY,0.000,0.000,0.000,0.000,0.000,0.000,0.000,0,0.000,565,2.761,22.9
DATA,MOTOR_BREAKIN_V3,000001,0,514,515,0.000,0.000,0.000,0.000,0.000,0,FWD,READY,0.000,0.000,0.000,0.000,0.000,0.000,0.000,0,0.000,565,2.761,22.9
DATA,MOTOR_BREAKIN_V3,000001,0,513,515,0.000,0.000,0.000,0.000,0.000,0,FWD,READY,0.000,0.000,0.000,0.000,0.000,0.000,0.000,0,0.000,565,2.761,22.9
DATA,MOTOR_BREAKIN_V3,000001,0,513,515,0.000,0.000,0.000,0.000,0.000,0,FWD,READY,0.000,0.000,0.000,0.000,0.000,0.000,0.000,0,0.000,565,2.761,22.9
DATA,MOTOR_BREAKIN_V3,000001,0,513,514,0.000,0.000,0.000,0.000,0.000,0,FWD,READY,0.000,0.000,0.000,0.000,0.000,0.000,0.000DATA,MOTOR_BREAKIN_V3,000001,271,504,508,0.232,0.154,2.117,0.334,1.783,60,FWD,RUN,0.193,0.344,0.053,1.003,0.000,0.000,0.000,0,0.000,565,2.761,22.9
DATA,MOTOR_BREAKIN_V3,000001,371,503,508,0.258,0.154,2.396,0.279,2.117,60,FWD,RUN,0.206,0.437,0.040,0.808,0.000,0.000,0.000,0,0.206,565,2.761,22.9
OK
DATA,MOTOR_BREAKIN_V3,000001,471,498,504,0.390,0.260,3.176,0.418,2.758,78,FWD,RUN,0.325,0.897,0.159,0.891,0.000,0.000,0.000,0,0.325,564,2.757,22.9
OK
DATA,MOTOR_BREAKIN_V3,000001,571,495,504,0.470,0.260,3.789,0.418,3.371,83,FWD,RUN,0.365,1.230,0.225,1.114,0.000,0.000,0.000,0,0.391,565,2.761,22.9
OK
DATA,MOTOR_BREAKIN_V3,000001,671,499,506,0.364,0.207,4.095,0.334,3.761,76,FWD,RUN,0.286,1.074,0.106,0.864,0.000,0.000,0.000,0,0.391,565,2.761,22.9
OK
DATA,MOTOR_BREAKIN_V3,000001,771,504,509,0.232,0.128,4.235,0.167,4.067,61,FWD,RUN,0.180,0.732,0.172,0.641,0.000,0.000,0.000,0,0.391,564,2.757,22.9
OK
DATA,MOTOR_BREAKIN_V3,000001,871,508,510,0.126,0.102,4.123,0.028,4.095,40,FWD,RUN,0.114,0.466,0.236,0.501,0.000,0.000,0.000,0,0.391,564,2.757,22.9
OK
DATA,MOTOR_BREAKIN_V3,000001,971,509,512,0.100,0.000,3.817,0.000,3.817,35,FWD,RUN,0.050,0.190,0.143,0.501,0.000,0.000,0.000,0,0.391,564,2.757,22.9
DATA,MOTOR_BREAKIN_V3,000001,1071,509,512,0.100,0.000,3.705,0.000,3.705,35,FWD,RUN,0.050,0.185,0.077,0.613,0.000,0.000,0.000,0,0.391,565,2.761,22.9
DATA,MOTOR_BREAKIN_V3,000001,1171,510,511,0.073,0.075,3.594,0.000,3.594,35,FWD,RUN,0.074,0.267,0.051,0.501,0.000,0.000,0.000,0,0.391,565,2.761,22.9
DATA,MOTOR_BREAKIN_V3,000001,1271,509,511,0.100,0.075,3.510,0.000,3.510,35,FWD,RUN,0.087,0.307,0.051,0.306,0.000,0.000,0.000,0,0.391,565,2.761,22.9
DATA,MOTOR_BREAKIN_V3,000001,1371,510,512,0.073,0.000,3.510,0.000,3.510,35,FWD,RUN,0.037,0.129,0.051,0.139,0.000,0.000,0.000,0,0.391,564,2.757,22.9
DATA,MOTOR_BREAKIN_V3,000001,1471,509,512,0.100,0.000,3.427,0.000,3.427,35,FWD,RUN,0.050,0.171,0.051,0.195,0.000,0.000,0.000,0,0.391,565,2.761,23.0
DATA,MOTOR_BREAKIN_V3,000001,1571,509,512,0.100,0.000,3.315,0.000,3.315,35,FWD,RUN,0.050,0.165,0.051,0.139,0.000,0.000,0.000,0,0.391,564,2.757,22.9
DATA,MOTOR_BREAKIN_V3,000001,1670,509,511,0.100,0.075,3.260,0.000,3.260,35,FWD,RUN,0.087,0.285,0.064,0.195,0.000,0.000,0.000,0,0.391,564,2.757,22.9
DATA,MOTOR_BREAKIN_V3,000001,1771,509,510,0.100,0.102,3.232,0.000,3.232,35,FWD,RUN,0.101,0.325,0.051,0.084,0.000,0.000,0.000,0,0.391,564,2.757,22.9
DATA,MOTOR_BREAKIN_V3,000001,1871,509,511,0.100,0.075,3.232,0.000,3.232,35,FWD,RUN,0.087,0.282,0.051,0.111,0.000,0.000,0.000,0,0.391,564,2.757,23.0
DATA,MOTOR_BREAKIN_V3,000001,1971,509,511,0.100,0.075,3.232,0.000,3.232,35,FWD,RUN,0.087,0.282,0.051,0.139,0.000,0.000,0.000,0,0.391,565,2.761,23.0
DATA,MOTOR_BREAKIN_V3,000001,2071,509,512,0.100,0.000,3.260,0.028,3.232,35,FWD,RUN,0.050,0.161,0.051,0.139,0.000,0.000,0.000,0,0.391,564,2.757,23.0
DATA,MOTOR_BREAKIN_V3,000001,2171,509,511,0.100,0.075,3.148,0.000,3.148,35,FWD,RUN,0.087,0.275,0.051,0.084,0.000,0.000,0.000,0,0.391,564,2.757,23.0
DATA,MOTOR_BREAKIN_V3,000001,2271,510,512,0.073,0.000,3.120,0.000,3.120,35,FWD,RUN,0.037,0.114,0.051,0.111,0.000,0.000,0.000,0,0.391,564,2.757,23.0
DATA,MOTOR_BREAKIN_V3,000001,2371,509,512,0.100,0.000,3.148,0.028,3.120,35,FWD,RUN,0.050,0.155,0.051,0.139,0.000,0.000,0.000,0,0.391,565,2.761,23.0
DATA,MOTOR_BREAKIN_V3,000001,2471,510,511,0.073,0.075,3.148,0.000,3.148,35,FWD,RUN,0.074,0.234,0.051,0.195,0.000,0.000,0.000,0,0.391,565,2.761,23.0
DATA,MOTOR_BREAKIN_V3,000001,2571,509,512,0.100,0.000,3.120,0.028,3.092,35,FWD,RUN,0.050,0.154,0.051,0.139,0.000,0.000,0.000,0,0.391,564,2.757,23.0
DATA,MOTOR_BREAKIN_V3,000001,2671,510,512,0.073,0.000,3.120,0.028,3.092,35,FWD,RUN,0.037,0.113,0.064,0.111,0.000,0.000,0.000,0,0.391,564,2.757,23.0
DATA,MOTOR_BREAKIN_V3,000001,2771,509,511,0.100,0.075,3.092,0.000,3.092,35,FWD,RUN,0.087,0.270,0.064,0.111,0.000,0.000,0.000,0,0.391,563,2.752,23.0
DATA,MOTOR_BREAKIN_V3,000001,2871,509,512,0.100,0.000,3.092,0.028,3.065,35,FWD,RUN,0.050,0.153,0.051,0.167,0.000,0.000,0.000,0,0.391,565,2.761,23.0
DATA,MOTOR_BREAKIN_V3,000001,2971,509,512,0.100,0.000,3.092,0.028,3.065,35,FWD,RUN,0.050,0.153,0.038,0.195,0.000,0.000,0.000,0,0.391,564,2.757,23.0
DATA,MOTOR_BREAKIN_V3,000001,3071,509,511,0.100,0.075,3.148,0.000,3.148,35,FWD,RUN,0.087,0.275,0.051,0.223,0.275,0.087,3.148,35,0.391,564,2.757,23.0
DATA,MOTOR_BREAKIN_V3,000001,3171,510,511,0.073,0.075,3.037,0.028,3.009,35,FWD,RUN,0.074,0.223,0.064,0.167,0.308,0.101,3.065,35,0.391,565,2.761,23.0
DATA,MOTOR_BREAKIN_V3,000001,3271,510,511,0.073,0.075,3.120,0.028,3.092,35,FWD,RUN,0.074,0.229,0.064,0.084,0.311,0.101,3.092,35,0.391,563,2.752,23.0
DATA,MOTOR_BREAKIN_V3,000001,3371,509,512,0.100,0.000,3.037,0.000,3.037,35,FWD,RUN,0.050,0.151,0.064,0.084,0.311,0.101,3.092,35,0.391,563,2.752,23.0
DATA,MOTOR_BREAKIN_V3,000001,3471,509,512,0.100,0.000,3.204,0.000,3.204,35,FWD,RUN,0.050,0.160,0.051,0.195,0.311,0.101,3.092,35,0.391,565,2.761,23.0
DATA,MOTOR_BREAKIN_V3,000001,3571,510,512,0.073,0.000,3.120,0.028,3.092,35,FWD,RUN,0.037,0.113,0.051,0.223,0.311,0.101,3.092,35,0.391,565,2.761,23.0
DATA,MOTOR_BREAKIN_V3,000001,3671,509,512,0.100,0.000,3.092,0.000,3.092,35,FWD,RUN,0.050,0.154,0.051,0.251,0.311,0.101,3.092,35,0.391,563,2.752,23.0
DATA,MOTOR_BREAKIN_V3,000001,3771,510,511,0.073,0.075,3.148,0.000,3.148,35,FWD,RUN,0.074,0.234,0.051,0.167,0.311,0.101,3.092,35,0.391,564,2.757,23.0
DATA,MOTOR_BREAKIN_V3,000001,3871,509,511,0.100,0.075,3.176,0.000,3.176,35,FWD,RUN,0.087,0.278,0.038,0.195,0.311,0.101,3.092,35,0.391,565,2.761,23.0
DATA,MOTOR_BREAKIN_V3,000001,3971,508,512,0.126,0.000,2.981,0.028,2.953,35,FWD,RUN,0.063,0.186,0.038,0.223,0.311,0.101,3.092,35,0.391,564,2.757,23.0
OK
DATA,MOTOR_BREAKIN_V3,000001,4071,509,511,0.100,0.075,3.065,0.000,3.065,36,FWD,RUN,0.087,0.268,0.051,0.251,0.311,0.101,3.092,35,0.391,564,2.757,23.0
DATA,MOTOR_BREAKIN_V3,000001,4171,509,512,0.100,0.000,3.148,0.028,3.120,36,FWD,RUN,0.050,0.155,0.051,0.223,0.311,0.101,3.092,35,0.391,564,2.757,23.0
OK
DATA,MOTOR_BREAKIN_V3,000001,4271,509,511,0.100,0.075,3.092,0.056,3.037,35,FWD,RUN,0.087,0.265,0.051,0.223,0.311,0.101,3.092,35,0.391,565,2.761,23.0
DATA,MOTOR_BREAKIN_V3,000001,4371,509,511,0.100,0.075,3.148,0.028,3.120,35,FWD,RUN,0.087,0.273,0.051,0.195,0.311,0.101,3.092,35,0.391,563,2.752,23.0
DATA,MOTOR_BREAKIN_V3,000001,4471,509,512,0.100,0.000,2.981,0.000,2.981,35,FWD,RUN,0.050,0.149,0.038,0.167,0.311,0.101,3.092,35,0.391,564,2.757,23.1
DATA,MOTOR_BREAKIN_V3,000001,4571,509,511,0.100,0.075,3.120,0.028,3.092,35,FWD,RUN,0.087,0.270,0.051,0.223,0.311,0.101,3.092,35,0.391,565,2.761,23.1
DATA,MOTOR_BREAKIN_V3,000001,4671,509,512,0.100,0.000,3.037,0.028,3.009,35,FWD,RUN,0.050,0.150,0.051,0.195,0.311,0.101,3.092,35,0.391,564,2.757,23.0
DATA,MOTOR_BREAKIN_V3,000001,4771,509,511,0.100,0.075,3.120,0.028,3.092,35,FWD,RUN,0.087,0.270,0.038,0.195,0.311,0.101,3.092,35,0.391,564,2.757,23.0
DATA,MOTOR_BREAKIN_V3,000001,4870,509,511,0.100,0.075,3.120,0.028,3.092,35,FWD,RUN,0.087,0.270,0.051,0.111,0.311,0.101,3.092,35,0.391,564,2.757,23.1
DATA,MOTOR_BREAKIN_V3,000001,4971,510,511,0.073,0.075,3.120,0.028,3.092,35,FWD,RUN,0.074,0.229,0.051,0.111,0.311,0.101,3.092,35,0.391,564,2.757,23.1
DATA,MOTOR_BREAKIN_V3,000001,5071,509,511,0.100,0.075,3.092,0.000,3.092,35,FWD,RUN,0.087,0.270,0.064,0.111,0.311,0.101,3.092,35,0.391,565,2.761,23.0
DATA,MOTOR_BREAKIN_V3,000001,5171,509,511,0.100,0.075,3.037,0.000,3.037,35,FWD,RUN,0.087,0.265,0.064,0.139,0.311,0.101,3.092,35,0.391,563,2.752,23.1
DATA,MOTOR_BREAKIN_V3,000001,5271,509,512,0.100,0.000,3.037,0.000,3.037,35,FWD,RUN,0.050,0.151,0.051,0.139,0.311,0.101,3.092,35,0.391,565,2.761,23.1
DATA,MOTOR_BREAKIN_V3,000001,5371,509,510,0.100,0.102,3.176,0.028,3.148,35,FWD,RUN,0.101,0.317,0.064,0.111,0.317,0.101,3.148,35,0.391,564,2.757,23.1
DATA,MOTOR_BREAKIN_V3,000001,5471,508,511,0.126,0.075,3.092,0.000,3.092,35,FWD,RUN,0.101,0.311,0.051,0.167,0.317,0.101,3.148,35,0.391,564,2.757,23.1
DATA,MOTOR_BREAKIN_V3,000001,5571,509,511,0.100,0.075,3.009,0.028,2.981,35,FWD,RUN,0.087,0.261,0.051,0.223,0.317,0.101,3.148,35,0.391,564,2.757,23.1
DATA,MOTOR_BREAKIN_V3,000001,5671,509,512,0.100,0.000,3.120,0.195,2.925,35,FWD,RUN,0.050,0.146,0.087,0.306,0.317,0.101,3.148,35,0.391,564,2.757,23.1
OK
DATA,MOTOR_BREAKIN_V3,000001,5771,509,511,0.100,0.075,3.092,0.028,3.065,37,FWD,RUN,0.087,0.268,0.087,0.306,0.317,0.101,3.148,35,0.391,564,2.757,23.1
OK
DATA,MOTOR_BREAKIN_V3,000001,5871,508,512,0.126,0.000,3.148,0.000,3.148,36,FWD,RUN,0.063,0.198,0.101,0.251,0.317,0.101,3.148,35,0.391,565,2.761,23.1
OK
DATA,MOTOR_BREAKIN_V3,000001,5971,509,512,0.100,0.000,3.204,0.000,3.204,35,FWD,RUN,0.050,0.160,0.101,0.167,0.317,0.101,3.148,35,0.391,564,2.757,23.1
DATA,MOTOR_BREAKIN_V3,000001,6071,508,511,0.126,0.075,3.148,0.000,3.148,35,FWD,RUN,0.101,0.317,0.064,0.111,0.317,0.101,3.148,35,0.391,565,2.761,23.1
DATA,MOTOR_BREAKIN_V3,000001,6171,510,512,0.073,0.000,3.315,0.000,3.315,35,FWD,RUN,0.037,0.121,0.064,0.195,0.317,0.101,3.148,35,0.391,565,2.761,23.1
DATA,MOTOR_BREAKIN_V3,000001,6271,509,512,0.100,0.000,3.232,0.028,3.204,35,FWD,RUN,0.050,0.160,0.051,0.223,0.317,0.101,3.148,35,0.391,564,2.757,23.1
DATA,MOTOR_BREAKIN_V3,000001,6371,509,512,0.100,0.000,3.176,0.028,3.148,35,FWD,RUN,0.050,0.157,0.051,0.139,0.317,0.101,3.148,35,0.391,564,2.757,23.1
DATA,MOTOR_BREAKIN_V3,000001,6471,509,511,0.100,0.075,3.176,0.028,3.148,35,FWD,RUN,0.087,0.275,0.064,0.111,0.317,0.101,3.148,35,0.391,564,2.757,23.1
DATA,MOTOR_BREAKIN_V3,000001,6571,510,512,0.073,0.000,3.176,0.000,3.176,35,FWD,RUN,0.037,0.116,0.064,0.139,0.317,0.101,3.148,35,0.391,564,2.757,23.1
DATA,MOTOR_BREAKIN_V3,000001,6671,509,512,0.100,0.000,3.176,0.028,3.148,35,FWD,RUN,0.050,0.157,0.051,0.167,0.317,0.101,3.148,35,0.391,564,2.757,23.1
DATA,MOTOR_BREAKIN_V3,000001,6771,509,511,0.100,0.075,3.176,0.028,3.148,35,FWD,RUN,0.087,0.275,0.051,0.223,0.317,0.101,3.148,35,0.391,565,2.761,23.1
DATA,MOTOR_BREAKIN_V3,000001,6871,510,511,0.073,0.075,3.120,0.028,3.092,35,FWD,RUN,0.074,0.229,0.051,0.195,0.317,0.101,3.148,35,0.391,564,2.757,23.1
DATA,MOTOR_BREAKIN_V3,000001,6971,510,511,0.073,0.075,3.260,0.028,3.232,35,FWD,RUN,0.074,0.240,0.038,0.195,0.317,0.101,3.148,35,0.391,564,2.757,23.1
DATA,MOTOR_BREAKIN_V3,000001,7071,510,511,0.073,0.075,3.176,0.028,3.148,35,FWD,RUN,0.074,0.234,0.051,0.167,0.317,0.101,3.148,35,0.391,565,2.761,23.1
DATA,MOTOR_BREAKIN_V3,000001,7171,509,511,0.100,0.075,3.260,0.028,3.232,35,FWD,RUN,0.087,0.282,0.051,0.084,0.317,0.101,3.148,35,0.391,565,2.761,23.1
DATA,MOTOR_BREAKIN_V3,000001,7271,509,511,0.100,0.075,3.260,0.167,3.092,35,FWD,RUN,0.087,0.270,0.051,0.139,0.317,0.101,3.148,35,0.391,565,2.761,23.1
DATA,MOTOR_BREAKIN_V3,000001,7371,509,512,0.100,0.000,3.204,0.028,3.176,35,FWD,RUN,0.050,0.158,0.051,0.251,0.317,0.101,3.148,35,0.391,564,2.757,23.1
DATA,MOTOR_BREAKIN_V3,000001,7471,509,512,0.100,0.000,3.204,0.000,3.204,35,FWD,RUN,0.050,0.160,0.051,0.223,0.317,0.101,3.148,35,0.391,563,2.752,23.1
DATA,MOTOR_BREAKIN_V3,000001,7571,508,511,0.126,0.075,3.260,0.000,3.260,35,FWD,RUN,0.101,0.328,0.064,0.139,0.328,0.101,3.260,35,0.391,563,2.752,23.2
DATA,MOTOR_BREAKIN_V3,000001,7671,509,512,0.100,0.000,3.260,0.028,3.232,35,FWD,RUN,0.050,0.161,0.064,0.111,0.328,0.101,3.260,35,0.391,564,2.757,23.1
DATA,MOTOR_BREAKIN_V3,000001,7771,510,512,0.073,0.000,3.176,0.000,3.176,35,FWD,RUN,0.037,0.116,0.051,0.084,0.328,0.101,3.260,35,0.391,564,2.757,23.1
DATA,MOTOR_BREAKIN_V3,000001,7871,509,511,0.100,0.075,3.232,0.111,3.120,35,FWD,RUN,0.087,0.273,0.087,0.195,0.328,0.101,3.260,35,0.391,565,2.761,23.1
DATA,MOTOR_BREAKIN_V3,000001,7971,509,512,0.100,0.000,3.260,0.000,3.260,35,FWD,RUN,0.050,0.162,0.087,0.251,0.328,0.101,3.260,35,0.391,565,2.761,23.1
DATA,MOTOR_BREAKIN_V3,000001,8070,509,513,0.100,0.000,3.120,0.000,3.120,35,FWD,RUN,0.050,0.155,0.038,0.251,0.328,0.101,3.260,35,0.391,564,2.757,23.1
DATA,MOTOR_BREAKIN_V3,000001,8171,511,512,0.000,0.000,3.315,0.000,3.315,35,FWD,RUN,0.000,0.000,0.087,0.223,0.328,0.101,3.260,35,0.391,564,2.757,23.1
DATA,MOTOR_BREAKIN_V3,000001,8271,510,511,0.073,0.075,3.204,0.000,3.204,35,FWD,RUN,0.074,0.238,0.101,0.195,0.328,0.101,3.260,35,0.391,564,2.757,23.2
DATA,MOTOR_BREAKIN_V3,000001,8371,510,513,0.073,0.000,3.399,0.000,3.399,35,FWD,RUN,0.037,0.124,0.064,0.279,0.328,0.101,3.260,35,0.391,564,2.757,23.2
DATA,MOTOR_BREAKIN_V3,000001,8471,510,513,0.073,0.000,3.371,0.000,3.371,35,FWD,RUN,0.037,0.123,0.087,0.279,0.328,0.101,3.260,35,0.391,564,2.757,23.1
DATA,MOTOR_BREAKIN_V3,000001,8571,509,511,0.100,0.075,3.232,0.000,3.232,35,FWD,RUN,0.087,0.282,0.087,0.223,0.328,0.101,3.260,35,0.391,564,2.757,23.2
DATA,MOTOR_BREAKIN_V3,000001,8671,510,511,0.073,0.075,3.148,0.000,3.148,35,FWD,RUN,0.074,0.234,0.051,0.084,0.328,0.101,3.260,35,0.391,565,2.761,23.1
DATA,MOTOR_BREAKIN_V3,000001,8771,510,512,0.073,0.000,3.176,0.028,3.148,35,FWD,RUN,0.037,0.115,0.087,0.306,0.328,0.101,3.260,35,0.391,564,2.757,23.1
DATA,MOTOR_BREAKIN_V3,000001,8871,509,512,0.100,0.000,3.176,0.223,2.953,35,FWD,RUN,0.050,0.147,0.074,0.752,0.328,0.101,3.260,35,0.391,564,2.757,23.2
OK
DATA,MOTOR_BREAKIN_V3,000001,8971,509,512,0.100,0.000,3.399,0.000,3.399,36,FWD,RUN,0.050,0.169,0.074,0.696,0.328,0.101,3.260,35,0.391,565,2.761,23.2
OK
DATA,MOTOR_BREAKIN_V3,000001,9071,509,511,0.100,0.075,3.232,0.000,3.232,35,FWD,RUN,0.087,0.282,0.051,0.474,0.328,0.101,3.260,35,0.391,563,2.752,23.2
DATA,MOTOR_BREAKIN_V3,000001,9171,510,511,0.073,0.075,3.204,0.000,3.204,35,FWD,RUN,0.074,0.238,0.051,0.334,0.328,0.101,3.260,35,0.391,564,2.757,23.2
DATA,MOTOR_BREAKIN_V3,000001,9271,510,511,0.073,0.075,3.287,0.000,3.287,35,FWD,RUN,0.074,0.244,0.051,0.111,0.328,0.101,3.260,35,0.391,564,2.757,23.2
DATA,MOTOR_BREAKIN_V3,000001,9371,510,512,0.073,0.000,3.371,0.000,3.371,35,FWD,RUN,0.037,0.123,0.064,0.195,0.328,0.101,3.260,35,0.391,565,2.761,23.1
DATA,MOTOR_BREAKIN_V3,000001,9471,510,511,0.073,0.075,3.204,0.000,3.204,35,FWD,RUN,0.074,0.238,0.101,0.167,0.328,0.101,3.260,35,0.391,564,2.757,23.2
DATA,MOTOR_BREAKIN_V3,000001,9571,509,512,0.100,0.000,3.371,0.000,3.371,35,FWD,RUN,0.050,0.168,0.087,0.167,0.328,0.101,3.260,35,0.391,565,2.761,23.2
DATA,MOTOR_BREAKIN_V3,000001,9671,510,511,0.073,0.075,3.176,0.028,3.148,35,FWD,RUN,0.074,0.234,0.051,0.223,0.328,0.101,3.260,35,0.391,564,2.757,23.2
DATA,MOTOR_BREAKIN_V3,000001,9771,510,512,0.073,0.000,3.232,0.000,3.232,35,FWD,RUN,0.037,0.118,0.051,0.223,0.328,0.101,3.260,35,0.391,564,2.757,23.2
DATA,MOTOR_BREAKIN_V3,000001,9871,509,511,0.100,0.075,3.232,0.028,3.204,35,FWD,RUN,0.087,0.280,0.064,0.251,0.328,0.101,3.260,35,0.391,564,2.757,23.1
DATA,MOTOR_BREAKIN_V3,000001,9971,508,511,0.126,0.075,3.204,0.000,3.204,35,FWD,RUN,0.101,0.322,0.064,0.167,0.328,0.101,3.260,35,0.391,564,2.757,23.2
DATA,MOTOR_BREAKIN_V3,000001,10071,509,512,0.100,0.000,3.176,0.000,3.176,35,FWD,RUN,0.050,0.158,0.064,0.195,0.328,0.101,3.260,35,0.391,565,2.761,23.2
DATA,MOTOR_BREAKIN_V3,000001,10171,509,511,0.100,0.075,3.204,0.084,3.120,35,FWD,RUN,0.087,0.273,0.051,0.223,0.328,0.101,3.260,35,0.391,564,2.757,23.2
DATA,MOTOR_BREAKIN_V3,000001,10271,510,511,0.073,0.075,3.148,0.028,3.120,35,FWD,RUN,0.074,0.232,0.051,0.139,0.328,0.101,3.260,35,0.391,565,2.761,23.2
DATA,MOTOR_BREAKIN_V3,000001,10371,510,511,0.073,0.075,3.287,0.028,3.260,35,FWD,RUN,0.074,0.242,0.051,0.251,0.328,0.101,3.260,35,0.391,564,2.757,23.2
DATA,MOTOR_BREAKIN_V3,000001,10471,510,511,0.073,0.075,3.120,0.000,3.120,35,FWD,RUN,0.074,0.232,0.051,0.279,0.328,0.101,3.260,35,0.391,565,2.761,23.2
DATA,MOTOR_BREAKIN_V3,000001,10571,509,511,0.100,0.075,3.260,0.028,3.232,35,FWD,RUN,0.087,0.282,0.051,0.195,0.328,0.101,3.260,35,0.391,564,2.757,23.2
 Firmware : 3.00
========================================
INFO,TYPE=MOTOR,MODEL=MOTOR_BREAKIN_V3,FW=3.00,ID=000001
512.00
READY,FWD

========================================
 Mini4WD MOTOR BREAK-IN DEVICE
 MOTOR_BREAKIN_V3
 Firmware : 3.00
=====================================