ACS1_ZERO=512.52
ACS2_ZERO=513.16
READY,FWD

========================================
 Mini4WD MOTOR BREAK-IN DEVICE
 MOTOR_BREAKIN_V3
 Firmware : 3.00
========================================
INFO,TYPE=MOTOR,MODEL=MOTOR_BREAKIN_V3,FW=3.00,ID=000001
DATA,MOTOR_BREAKIN_V3,000001,0,513,513,0.000,0.000,0.028,0.028,0.000,0,FWD,READY,0.000,0.000,0.000,0.000,0.000,0.000,0.000,0,0.000,535,2.615,23.6
DATA,MOTOR_BREAKIN_V3,000001,0,513,514,0.000,0.000,0.028,0.056,-0.028,0,FWD,READY,0.000,0.000,0.000,0.028,0.000,0.000,0.000,0,0.000,535,2.615,23.7
DATA,MOTOR_BREAKIN_V3,000001,0,513,513,0.000,0.000,0.028,0.056,-0.028,0,FWD,READY,0.000,0.000,0.000,0.028,0.000,0.000,0.000,0,0.000,535,2.615,23.6
DATA,MOTOR_BREAKIN_V3,000001,0,513,512,0.000,0.000,0.028,0.028,0.000,0,FWD,READY,0.000,0.000,0.000,0.028,0.000,0.000,0.000,0,0.000,535,2.615,23.6
DATA,MOTOR_BREAKIN_V3,000001,0,513,513,0.000,0.000,0.028,0.056,-0.028,0,FWD,READY,0.000,0.000,0.000,0.056,0.000,0.000,0.000,0,0.000,535,2.615,23.6
DATA,MOTOR_BREAKIN_V3,000001,0,513,514,0.000,0.000,0.056,0.028,0.028,0,FWD,READY,0.000,0.000,0.000,0.056,0.000,0.000,0.000,0,0.000,535,2.615,23.6
DATA,MOTOR_BREAKIN_V3,000001,0,513,513,0.000,0.000,0.028,0.028,0.000,0,FWD,READY,0.000,0.000,0.000,0.028,0.000,0.000,0.000,0,0.000,535,2.615,23.6
DATA,MOTOR_BREAKIN_V3,000001,0,513,513,0.000,0.000,0.028,0.028,0.000,0,FWD,READY,0.000,0.000,0.000,0.056,0.000,0.000,0.000,0,0.000,535,2.615,23.6
DATA,MOTOR_BREAKIN_V3,000001,0,513,513,0.000,0.000,0.028,0.028,0.000,0,FWD,READY,0.000,0.000,0.000,0.056,0.000,0.000,0.000,0,0.000,535,2.615,23.6
DATA,MOTOR_BREAKIN_V3,000001,0,512,514,0.000,0.000,0.056,0.056,0.000,0,FWD,READY,0.000,0.000,0.000,0.056,0.000,0.000,0.000,0,0.000,535,2.615,23.6
DATA,MOTOR_BREAKIN_V3,000001,0,512,513,0.000,0.000,0.028,0.056,-0.028,0,FWD,READY,0.000,0.000,0.000,0.056,0.000,0.000,0.000,0,0.000,535,2.615,23.6
DATA,MOTOR_BREAKIN_V3,000001,0,513,514,0.000,0.000,0.028,0.028,0.000,0,FWD,READY,0.000,0.000,0.000,0.056,0.000,0.000,0.000,0,0.000,535,2.615,23.6
DATA,MOTOR_BREAKIN_V3,000001,0,512,514,0.000,0.000,0.028,0.028,0.000,0,FWD,READY,0.000,0.000,0.000,0.028,0.000,0.000,0.000,0,0.000,535,2.615,23.6
DATA,MOTOR_BREAKIN_V3,000001,0,511,514,0.000,0.000,0.056,0.028,0.028,0,FWD,READY,0.000,0.000,0.000,0.056,0.000,0.000,0.000,0,0.000,535,2.615,23.6
DATA,MOTOR_BREAKIN_V3,000001,0,513,513,0.000,0.000,0.028,0.056,-0.028,0,FWD,READY,0.000,0.000,0.000,0.056,0.000,0.000,0.000,0,0.000,535,2.615,23.6
DATA,MOTOR_BREAKIN_V3,000001,0,512,513,0.000,0.000,0.056,0.028,0.028,0,FWD,READY,0.000,0.000,0.000,0.056,0.000,0.000,0.000,0,0.000,535,2.615,23.6
DATA,MOTOR_BREAKIN_V3,000001,0,512,513,0.000,0.000,0.028,0.028,0.000,0,FWD,READY,0.000,0.000,0.000,0.056,0.000,0.000,0.000,0,0.000,535,2.615,23.6
DATA,MOTOR_BREAKIN_V3,000001,0,512,514,0.000,0.000,0.056,0.056,0.000,0,FWD,READY,0.000,0.000,0.000,0.028,0.000,0.000,0.000,0,0.000,535,2.615,23.6
DATA,MOTOR_BREAKIN_V3,000001,0,513,513,0.000,0.000,0.028,0.056,-0.028,0,FWD,READY,0.000,0.000,0.000,0.056,0.000,0.000,0.000,0,0.000,535,2.615,23.6
DATA,MOTOR_BREAKIN_V3,000001,0,512,513,0.000,0.000,0.028,0.028,0.000,0,FWD,READY,0.000,0.000,0.000,0.056,0.000,0.000,0.000,0,0.000,535,2.615,23.7
DATA,MOTOR_BREAKIN_V3,000001,0,511,513,0.000,0.000,0.028,0.028,0.000,0,FWD,READY,0.000,0.000,0.000,0.056,0.000,0.000,0.000,0,0.000,535,2.615,23.6
DATA,MOTOR_BREAKIN_V3,000001,0,513,513,0.000,0.000,0.028,0.056,-0.028,0,FWD,READY,0.000,0.000,0.000,0.056,0.000,0.000,0.000,0,0.000,535,2.615,23.6
DATA,MOTOR_BREAKIN_V3,000001,0,512,514,0.000,0.000,0.056,0.056,0.000,0,FWD,READY,0.000,0.000,0.000,0.056,0.000,0.000,0.000,0,0.000,535,2.615,23.6
DATA,MOTOR_BREAKIN_V3,000001,0,512,512,0.000,0.000,0.028,0.056,-0.028,0,FWD,READY,0.000,0.000,0.000,0.056,0.000,0.000,0.000,0,0.000,535,2.615,23.6
DATA,MOTOR_BREAKIN_V3,000001,0,513,513,0.000,0.000,0.056,0.056,0.000,0,FWD,READY,0.000,0.000,0.000,0.056,0.000,0.000,0.000,0,0.000,535,2.615,23.6
DATA,MOTOR_BREAKIN_V3,000001,0,512,514,0.000,0.000,0.028,0.028,0.000,0,FWD,READY,0.000,0.000,0.000,0.056,0.000,0.000,0.000,0,0.000,23.6
DATA,MOTOR_BREAKIN_V3,000001,278,503,507,0.249,0.164,1.950,0.446,1.504,60,FWD,RUN,0.206,0.310,0.026,0.808,0.000,0.000,0.000,0,0.000,535,2.615,23.6
OK
DATA,MOTOR_BREAKIN_V3,000001,378,490,501,0.592,0.322,2.953,0.641,2.312,90,FWD,RUN,0.457,1.057,0.291,1.170,0.000,0.000,0.000,0,0.470,535,2.615,23.6
OK
DATA,MOTOR_BREAKIN_V3,000001,478,478,495,0.909,0.481,3.817,0.696,3.120,104,FWD,RUN,0.695,2.168,0.515,1.449,0.000,0.000,0.000,0,0.695,535,2.615,23.6
OK
DATA,MOTOR_BREAKIN_V3,000001,578,488,499,0.645,0.375,4.764,0.613,4.151,102,FWD,RUN,0.510,2.117,0.277,1.644,0.000,0.000,0.000,0,0.695,535,2.615,23.7
OK
DATA,MOTOR_BREAKIN_V3,000001,678,497,505,0.407,0.216,4.652,0.334,4.318,79,FWD,RUN,0.312,1.346,0.357,1.198,0.000,0.000,0.000,0,0.695,535,2.615,23.6
OK
DATA,MOTOR_BREAKIN_V3,000001,778,507,509,0.143,0.111,4.262,0.056,4.207,53,FWD,RUN,0.127,0.534,0.423,0.446,0.000,0.000,0.000,0,0.695,535,2.615,23.6
OK
DATA,MOTOR_BREAKIN_V3,000001,878,509,511,0.090,0.058,3.872,0.000,3.872,35,FWD,RUN,0.074,0.287,0.264,0.613,0.000,0.000,0.000,0,0.695,536,2.620,23.6
DATA,MOTOR_BREAKIN_V3,000001,978,508,510,0.117,0.084,3.510,0.056,3.455,35,FWD,RUN,0.100,0.347,0.135,0.808,0.000,0.000,0.000,0,0.695,535,2.615,23.6
DATA,MOTOR_BREAKIN_V3,000001,1078,509,511,0.090,0.058,3.566,0.000,3.566,35,FWD,RUN,0.074,0.264,0.069,0.474,0.000,0.000,0.000,0,0.695,535,2.615,23.6
DATA,MOTOR_BREAKIN_V3,000001,1178,508,510,0.117,0.084,3.232,0.056,3.176,35,FWD,RUN,0.100,0.319,0.055,0.390,0.000,0.000,0.000,0,0.695,535,2.615,23.6
DATA,MOTOR_BREAKIN_V3,000001,1278,509,510,0.090,0.084,3.092,0.000,3.092,35,FWD,RUN,0.087,0.270,0.055,0.418,0.000,0.000,0.000,0,0.695,534,2.610,23.6
DATA,MOTOR_BREAKIN_V3,000001,1378,508,511,0.117,0.058,2.897,0.056,2.842,35,FWD,RUN,0.087,0.248,0.069,0.334,0.000,0.000,0.000,0,0.695,534,2.610,23.6
OK
DATA,MOTOR_BREAKIN_V3,000001,1478,508,511,0.117,0.058,2.897,0.084,2.814,38,FWD,RUN,0.087,0.245,0.069,0.279,0.000,0.000,0.000,0,0.695,535,2.615,23.6
OK
DATA,MOTOR_BREAKIN_V3,000001,1578,507,509,0.143,0.111,2.870,0.167,2.702,42,FWD,RUN,0.127,0.343,0.040,0.195,0.000,0.000,0.000,0,0.695,535,2.615,23.6
OK
DATA,MOTOR_BREAKIN_V3,000001,1678,506,509,0.169,0.111,2.981,0.195,2.786,48,FWD,RUN,0.140,0.390,0.040,0.167,0.000,0.000,0.000,0,0.695,535,2.615,23.6
OK
DATA,MOTOR_BREAKIN_V3,000001,1778,505,509,0.196,0.111,3.092,0.279,2.814,52,FWD,RUN,0.153,0.431,0.053,0.167,0.000,0.000,0.000,0,0.695,534,2.610,23.6
OK
DATA,MOTOR_BREAKIN_V3,000001,1878,505,509,0.196,0.111,3.482,0.223,3.260,56,FWD,RUN,0.153,0.500,0.040,0.474,0.000,0.000,0.000,0,0.695,535,2.615,23.6
DATA,MOTOR_BREAKIN_V3,000001,1978,505,507,0.196,0.164,3.371,0.223,3.148,56,FWD,RUN,0.180,0.566,0.040,0.362,0.000,0.000,0.000,0,0.695,535,2.615,23.6
OK
DATA,MOTOR_BREAKIN_V3,000001,2078,506,509,0.169,0.111,3.399,0.139,3.260,51,FWD,RUN,0.140,0.456,0.079,0.474,0.000,0.000,0.000,0,0.695,534,2.610,23.6
OK
DATA,MOTOR_BREAKIN_V3,000001,2178,508,510,0.117,0.084,3.427,0.111,3.315,46,FWD,RUN,0.100,0.333,0.040,0.418,0.000,0.000,0.000,0,0.695,535,2.615,23.6
OK
DATA,MOTOR_BREAKIN_V3,000001,2278,507,510,0.143,0.084,3.065,0.084,2.981,40,FWD,RUN,0.114,0.339,0.053,0.446,0.000,0.000,0.000,0,0.695,534,2.610,23.6
DATA,MOTOR_BREAKIN_V3,000001,2377,508,510,0.117,0.084,3.065,0.111,2.953,40,FWD,RUN,0.100,0.297,0.026,0.167,0.000,0.000,0.000,0,0.695,534,2.610,23.6
OK
DATA,MOTOR_BREAKIN_V3,000001,2478,508,511,0.117,0.058,3.037,0.111,2.925,41,FWD,RUN,0.087,0.255,0.026,0.501,0.000,0.000,0.000,0,0.695,534,2.610,23.6
OK
DATA,MOTOR_BREAKIN_V3,000001,2578,507,510,0.143,0.084,2.953,0.139,2.814,43,FWD,RUN,0.114,0.320,0.026,0.501,0.000,0.000,0.000,0,0.695,535,2.615,23.6
OK
DATA,MOTOR_BREAKIN_V3,000001,2678,506,508,0.169,0.137,2.953,0.167,2.786,47,FWD,RUN,0.153,0.427,0.066,0.167,0.000,0.000,0.000,0,0.695,534,2.610,23.6
OK
DATA,MOTOR_BREAKIN_V3,000001,2778,505,509,0.196,0.111,3.148,0.195,2.953,51,FWD,RUN,0.153,0.453,0.053,0.195,0.000,0.000,0.000,0,0.695,534,2.610,23.6
OK
DATA,MOTOR_BREAKIN_V3,000001,2878,504,508,0.222,0.137,3.204,0.251,2.953,52,FWD,RUN,0.180,0.531,0.066,0.334,0.000,0.000,0.000,0,0.695,535,2.615,23.6
DATA,MOTOR_BREAKIN_V3,000001,2978,506,509,0.169,0.111,3.427,0.195,3.232,52,FWD,RUN,0.140,0.453,0.053,0.334,0.000,0.000,0.000,0,0.695,535,2.615,23.6
OK
DATA,MOTOR_BREAKIN_V3,000001,3078,507,509,0.143,0.111,3.176,0.167,3.009,47,FWD,RUN,0.127,0.382,0.066,0.306,0.410,0.140,2.925,47,0.695,534,2.610,23.6
DATA,MOTOR_BREAKIN_V3,000001,3178,506,509,0.169,0.111,3.232,0.167,3.065,47,FWD,RUN,0.140,0.429,0.053,0.279,0.465,0.153,3.037,47,0.695,535,2.615,23.6
OK
DATA,MOTOR_BREAKIN_V3,000001,3278,506,509,0.169,0.111,3.204,0.167,3.037,46,FWD,RUN,0.140,0.425,0.053,0.223,0.465,0.153,3.037,47,0.695,535,2.615,23.6
OK
DATA,MOTOR_BREAKIN_V3,000001,3378,507,510,0.143,0.084,3.287,0.139,3.148,45,FWD,RUN,0.114,0.358,0.026,0.223,0.465,0.153,3.037,47,0.695,535,2.615,23.6
OK
DATA,MOTOR_BREAKIN_V3,000001,3478,507,510,0.143,0.084,3.037,0.111,2.925,42,FWD,RUN,0.114,0.332,0.040,0.251,0.465,0.153,3.037,47,0.695,534,2.610,23.5
OK
DATA,MOTOR_BREAKIN_V3,000001,3578,507,510,0.143,0.084,3.120,0.139,2.981,44,FWD,RUN,0.114,0.339,0.026,0.223,0.465,0.153,3.037,47,0.695,534,2.610,23.6
DATA,MOTOR_BREAKIN_V3,000001,3678,508,510,0.117,0.084,3.065,0.139,2.925,44,FWD,RUN,0.100,0.294,0.040,0.111,0.465,0.153,3.037,47,0.695,535,2.615,23.6
OK
DATA,MOTOR_BREAKIN_V3,000001,3778,506,509,0.169,0.111,3.176,0.195,2.981,46,FWD,RUN,0.140,0.417,0.040,0.111,0.465,0.153,3.037,47,0.695,535,2.615,23.6
DATA,MOTOR_BREAKIN_V3,000001,3878,507,509,0.143,0.111,3.065,0.139,2.925,46,FWD,RUN,0.127,0.371,0.040,0.306,0.465,0.153,3.037,47,0.695,535,2.615,23.6
DATA,MOTOR_BREAKIN_V3,000001,3978,506,509,0.169,0.111,2.981,0.251,2.730,46,FWD,RUN,0.140,0.382,0.040,0.446,0.465,0.153,3.037,47,0.695,534,2.610,23.6
OK
DATA,MOTOR_BREAKIN_V3,000001,4078,506,509,0.169,0.111,3.204,0.223,2.981,51,FWD,RUN,0.140,0.417,0.026,0.418,0.465,0.153,3.037,47,0.695,534,2.610,23.6
DATA,MOTOR_BREAKIN_V3,000001,4178,506,509,0.169,0.111,3.260,0.223,3.037,51,FWD,RUN,0.140,0.425,0.040,0.167,0.506,0.166,3.037,51,0.695,535,2.615,23.6
OK
DATA,MOTOR_BREAKIN_V3,000001,4278,505,509,0.196,0.111,3.204,0.195,3.009,50,FWD,RUN,0.153,0.461,0.053,0.446,0.506,0.166,3.037,51,0.695,535,2.615,23.6
DATA,MOTOR_BREAKIN_V3,000001,4378,504,509,0.222,0.111,3.260,0.195,3.065,50,FWD,RUN,0.166,0.510,0.053,0.418,0.510,0.166,3.065,50,0.695,535,2.615,23.6
OK
DATA,MOTOR_BREAKIN_V3,000001,4478,507,510,0.143,0.084,3.510,0.167,3.343,49,FWD,RUN,0.114,0.380,0.053,0.585,0.510,0.166,3.065,50,0.695,534,2.610,23.6
OK
DATA,MOTOR_BREAKIN_V3,000001,4578,507,510,0.143,0.084,3.176,0.111,3.065,42,FWD,RUN,0.114,0.348,0.040,0.585,0.510,0.166,3.065,50,0.695,535,2.615,23.6
OK
DATA,MOTOR_BREAKIN_V3,000001,4678,507,511,0.143,0.058,3.232,0.056,3.176,41,FWD,RUN,0.100,0.319,0.053,0.195,0.510,0.166,3.065,50,0.695,534,2.610,23.6
OK
DATA,MOTOR_BREAKIN_V3,000001,4778,508,509,0.117,0.111,2.897,0.084,2.814,37,FWD,RUN,0.114,0.320,0.026,0.362,0.510,0.166,3.065,50,0.695,534,2.610,23.6
DATA,MOTOR_BREAKIN_V3,000001,4878,508,511,0.117,0.058,2.925,0.084,2.842,37,FWD,RUN,0.087,0.248,0.082,0.390,0.510,0.166,3.065,50,0.695,534,2.610,23.6
OK
DATA,MOTOR_BREAKIN_V3,000001,4978,508,510,0.117,0.084,2.897,0.139,2.758,41,FWD,RUN,0.100,0.277,0.095,0.446,0.510,0.166,3.065,50,0.695,534,2.610,23.6
OK
DATA,MOTOR_BREAKIN_V3,000001,5078,507,509,0.143,0.111,3.037,0.167,2.870,46,FWD,RUN,0.127,0.364,0.066,0.223,0.510,0.166,3.065,50,0.695,535,2.615,23.6
OK
DATA,MOTOR_BREAKIN_V3,000001,5178,509,511,0.090,0.058,3.538,0.111,3.427,49,FWD,RUN,0.074,0.254,0.066,0.585,0.510,0.166,3.065,50,0.695,534,2.610,23.6
OK
DATA,MOTOR_BREAKIN_V3,000001,5278,507,510,0.143,0.084,2.981,0.111,2.870,40,FWD,RUN,0.114,0.326,0.079,0.613,0.510,0.166,3.065,50,0.695,534,2.610,23.6
OK
DATA,MOTOR_BREAKIN_V3,000001,5378,509,513,0.090,0.000,3.204,0.028,3.176,43,FWD,RUN,0.045,0.143,0.108,0.418,0.510,0.166,3.065,50,0.695,534,2.610,23.6
OK
DATA,MOTOR_BREAKIN_V3,000001,5478,508,509,0.117,0.111,2.814,0.111,2.702,39,FWD,RUN,0.114,0.307,0.069,0.474,0.510,0.166,3.065,50,0.695,534,2.610,23.6
OK
DATA,MOTOR_BREAKIN_V3,000001,5577,507,510,0.143,0.084,2.814,0.195,2.619,45,FWD,RUN,0.114,0.298,0.026,0.390,0.510,0.166,3.065,50,0.695,535,2.615,23.6
OK
DATA,MOTOR_BREAKIN_V3,000001,5678,506,508,0.169,0.137,2.981,0.195,2.786,53,FWD,RUN,0.153,0.427,0.066,0.390,0.510,0.166,3.065,50,0.695,535,2.615,23.6
OK
DATA,MOTOR_BREAKIN_V3,000001,5778,503,508,0.249,0.137,3.148,0.223,2.925,57,FWD,RUN,0.193,0.564,0.106,0.223,0.564,0.193,2.925,57,0.695,534,2.610,23.6
DATA,MOTOR_BREAKIN_V3,000001,5878,505,509,0.196,0.111,3.566,0.223,3.343,57,FWD,RUN,0.153,0.512,0.066,0.418,0.564,0.193,2.925,57,0.695,535,2.615,23.6
OK
DATA,MOTOR_BREAKIN_V3,000001,5978,506,509,0.169,0.111,3.343,0.195,3.148,50,FWD,RUN,0.140,0.441,0.040,0.279,0.564,0.193,2.925,57,0.695,535,2.615,23.6
OK
DATA,MOTOR_BREAKIN_V3,000001,6078,507,510,0.143,0.084,3.371,0.139,3.232,47,FWD,RUN,0.114,0.367,0.053,0.390,0.564,0.193,2.925,57,0.695,534,2.610,23.6
OK
DATA,MOTOR_BREAKIN_V3,000001,6178,507,510,0.143,0.084,3.120,0.139,2.981,42,FWD,RUN,0.114,0.339,0.040,0.362,0.564,0.193,2.925,57,0.695,535,2.615,23.6
DATA,MOTOR_BREAKIN_V3,000001,6278,506,510,0.169,0.084,3.176,0.139,3.037,42,FWD,RUN,0.127,0.385,0.066,0.223,0.564,0.193,2.925,57,0.695,534,2.610,23.6
OK
DATA,MOTOR_BREAKIN_V3,000001,6378,507,510,0.143,0.084,3.065,0.195,2.870,41,FWD,RUN,0.114,0.326,0.053,0.362,0.564,0.193,2.925,57,0.695,534,2.610,23.6
OK
DATA,MOTOR_BREAKIN_V3,000001,6478,507,512,0.143,0.000,3.315,0.139,3.176,44,FWD,RUN,0.071,0.227,0.042,0.334,0.564,0.193,2.925,57,0.695,534,2.610,23.6
OK
DATA,MOTOR_BREAKIN_V3,000001,6578,508,510,0.117,0.084,3.037,0.111,2.925,40,FWD,RUN,0.100,0.294,0.055,0.251,0.564,0.193,2.925,57,0.695,535,2.615,23.6
OK
DATA,MOTOR_BREAKIN_V3,000001,6678,507,510,0.143,0.084,3.092,0.139,2.953,42,FWD,RUN,0.114,0.336,0.040,0.279,0.564,0.193,2.925,57,0.695,535,2.615,23.6
DATA,MOTOR_BREAKIN_V3,000001,6778,507,510,0.143,0.084,2.925,0.111,2.814,42,FWD,RUN,0.114,0.320,0.053,0.334,0.564,0.193,2.925,57,0.695,535,2.615,23.6
OK
DATA,MOTOR_BREAKIN_V3,000001,6878,506,509,0.169,0.111,3.065,0.139,2.925,46,FWD,RUN,0.140,0.410,0.053,0.167,0.564,0.193,2.925,57,0.695,535,2.615,23.6
OK
DATA,MOTOR_BREAKIN_V3,000001,6978,506,509,0.169,0.111,3.037,0.223,2.814,48,FWD,RUN,0.140,0.394,0.040,0.223,0.564,0.193,2.925,57,0.695,534,2.610,23.6
OK
DATA,MOTOR_BREAKIN_V3,000001,7078,505,509,0.196,0.111,3.204,0.223,2.981,52,FWD,RUN,0.153,0.457,0.053,0.501,0.564,0.193,2.925,57,0.695,534,2.610,23.6
DATA,MOTOR_BREAKIN_V3,000001,7178,505,509,0.196,0.111,3.343,0.223,3.120,52,FWD,RUN,0.153,0.478,0.053,0.334,0.564,0.193,2.925,57,0.695,535,2.615,23.6
OK
DATA,MOTOR_BREAKIN_V3,000001,7278,506,510,0.169,0.084,3.343,0.195,3.148,50,FWD,RUN,0.127,0.399,0.040,0.418,0.564,0.193,2.925,57,0.695,535,2.615,23.6
OK
DATA,MOTOR_BREAKIN_V3,000001,7378,506,509,0.169,0.111,3.343,0.195,3.148,47,FWD,RUN,0.140,0.441,0.053,0.669,0.564,0.193,2.925,57,0.695,534,2.610,23.6
OK
DATA,MOTOR_BREAKIN_V3,000001,7478,506,510,0.169,0.084,3.455,0.056,3.399,44,FWD,RUN,0.127,0.431,0.053,0.613,0.564,0.193,2.925,57,0.695,535,2.615,23.6
OK
DATA,MOTOR_BREAKIN_V3,000001,7578,508,511,0.117,0.058,3.120,0.084,3.037,36,FWD,RUN,0.087,0.265,0.053,0.362,0.564,0.193,2.925,57,0.695,534,2.610,23.6
DATA,MOTOR_BREAKIN_V3,000001,7678,508,510,0.117,0.084,2.953,0.084,2.870,36,FWD,RUN,0.100,0.288,0.053,0.306,0.564,0.193,2.925,57,0.695,535,2.615,23.6
OK
DATA,MOTOR_BREAKIN_V3,000001,7778,508,511,0.117,0.058,3.009,0.084,2.925,35,FWD,RUN,0.087,0.255,0.026,0.223,0.564,0.193,2.925,57,0.695,534,2.610,23.6
OK
DATA,MOTOR_BREAKIN_V3,000001,7878,508,510,0.117,0.084,2.870,0.084,2.786,37,FWD,RUN,0.100,0.280,0.069,0.334,0.564,0.193,2.925,57,0.695,535,2.615,23.6
OK
DATA,MOTOR_BREAKIN_V3,000001,7978,508,510,0.117,0.084,2.870,0.167,2.702,41,FWD,RUN,0.100,0.271,0.082,0.418,0.564,0.193,2.925,57,0.695,534,2.610,23.6
OK
DATA,MOTOR_BREAKIN_V3,000001,8078,506,510,0.169,0.084,3.037,0.195,2.842,47,FWD,RUN,0.127,0.360,0.066,0.139,0.564,0.193,2.925,57,0.695,534,2.610,23.6
OK
DATA,MOTOR_BREAKIN_V3,000001,8178,505,509,0.196,0.111,3.120,0.167,2.953,50,FWD,RUN,0.153,0.453,0.053,0.557,0.564,0.193,2.925,57,0.695,534,2.610,23.6
OK
DATA,MOTOR_BREAKIN_V3,000001,8278,506,508,0.169,0.137,3.176,0.223,2.953,51,FWD,RUN,0.153,0.453,0.053,0.557,0.564,0.193,2.925,57,0.695,535,2.615,23.6
OK
DATA,MOTOR_BREAKIN_V3,000001,8378,504,509,0.222,0.111,3.260,0.223,3.037,52,FWD,RUN,0.166,0.506,0.026,0.167,0.564,0.193,2.925,57,0.695,534,2.610,23.6
OK
DATA,MOTOR_BREAKIN_V3,000001,8478,505,509,0.196,0.111,3.315,0.223,3.092,51,FWD,RUN,0.153,0.474,0.026,0.306,0.564,0.193,2.925,57,0.695,535,2.615,23.6
OK
DATA,MOTOR_BREAKIN_V3,000001,8578,506,509,0.169,0.111,3.315,0.195,3.120,49,FWD,RUN,0.140,0.437,0.026,0.111,0.564,0.193,2.925,57,0.695,535,2.615,23.6
DATA,MOTOR_BREAKIN_V3,000001,8678,505,509,0.196,0.111,3.343,0.195,3.148,49,FWD,RUN,0.153,0.482,0.026,0.139,0.564,0.193,2.925,57,0.695,534,2.610,23.6
OK
DATA,MOTOR_BREAKIN_V3,000001,8777,506,509,0.169,0.111,3.315,0.111,3.204,46,FWD,RUN,0.140,0.449,0.026,0.223,0.564,0.193,2.925,57,0.695,535,2.615,23.6
OK
DATA,MOTOR_BREAKIN_V3,000001,8878,506,510,0.169,0.084,3.232,0.139,3.092,42,FWD,RUN,0.127,0.392,0.053,0.195,0.564,0.193,2.925,57,0.695,535,2.615,23.6
OK
DATA,MOTOR_BREAKIN_V3,000001,8978,507,510,0.143,0.084,3.176,0.111,3.065,40,FWD,RUN,0.114,0.348,0.066,0.139,0.564,0.193,2.925,57,0.695,535,2.615,23.6
OK
DATA,MOTOR_BREAKIN_V3,000001,9078,508,510,0.117,0.084,3.148,0.111,3.037,39,FWD,RUN,0.100,0.305,0.069,0.167,0.564,0.193,2.925,57,0.695,534,2.610,23.6
OK
DATA,MOTOR_BREAKIN_V3,000001,9178,508,510,0.117,0.084,3.065,0.111,2.953,38,FWD,RUN,0.100,0.297,0.055,0.334,0.564,0.193,2.925,57,0.695,534,2.610,23.6
OK
DATA,MOTOR_BREAKIN_V3,000001,9278,509,511,0.090,0.058,3.204,0.084,3.120,39,FWD,RUN,0.074,0.231,0.055,0.362,0.564,0.193,2.925,57,0.695,534,2.610,23.6
OK
DATA,MOTOR_BREAKIN_V3,000001,9378,508,509,0.117,0.111,2.925,0.084,2.842,37,FWD,RUN,0.114,0.323,0.040,0.279,0.564,0.193,2.925,57,0.695,534,2.610,23.6
OK
DATA,MOTOR_BREAKIN_V3,000001,9478,507,511,0.143,0.058,2.814,0.139,2.674,40,FWD,RUN,0.100,0.269,0.040,0.362,0.564,0.193,2.925,57,0.695,535,2.615,23.6
DATA,MOTOR_BREAKIN_V3,000001,9578,508,510,0.117,0.084,2.925,0.167,2.758,40,FWD,RUN,0.100,0.277,0.026,0.195,0.564,0.193,2.925,57,0.695,534,2.610,23.6
OK
DATA,MOTOR_BREAKIN_V3,000001,9678,507,509,0.143,0.111,2.981,0.195,2.786,45,FWD,RUN,0.127,0.353,0.053,0.167,0.564,0.193,2.925,57,0.695,535,2.615,23.6
OK
DATA,MOTOR_BREAKIN_V3,000001,9778,505,509,0.196,0.111,3.037,0.167,2.870,49,FWD,RUN,0.153,0.440,0.053,0.334,0.564,0.193,2.925,57,0.695,535,2.615,23.7
OK
DATA,MOTOR_BREAKIN_V3,000001,9878,505,510,0.196,0.084,3.343,0.195,3.148,52,FWD,RUN,0.140,0.441,0.079,0.446,0.564,0.193,2.925,57,0.695,534,2.610,23.6
OK
DATA,MOTOR_BREAKIN_V3,000001,9978,506,509,0.169,0.111,3.176,0.167,3.009,49,FWD,RUN,0.140,0.421,0.079,0.306,0.564,0.193,2.925,57,0.695,534,2.610,23.6
DATA,MOTOR_BREAKIN_V3,000001,10078,506,510,0.169,0.084,3.287,0.195,3.092,49,FWD,RUN,0.127,0.392,0.040,0.195,0.564,0.193,2.925,57,0.695,534,2.610,23.6
OK
DATA,MOTOR_BREAKIN_V3,000001,10178,508,510,0.117,0.084,3.399,0.139,3.260,47,FWD,RUN,0.100,0.327,0.079,0.474,0.564,0.193,2.925,57,0.695,535,2.615,23.6
OK
DATA,MOTOR_BREAKIN_V3,000001,10278,506,510,0.169,0.084,3.204,0.084,3.120,42,FWD,RUN,0.127,0.396,0.079,0.390,0.564,0.193,2.925,57,0.695,534,2.610,23.6
OK
DATA,MOTOR_BREAKIN_V3,000001,10378,509,511,0.090,0.058,3.399,0.056,3.343,40,FWD,RUN,0.074,0.247,0.079,0.362,0.564,0.193,2.925,57,0.695,534,2.610,23.6
DATA,MOTOR_BREAKIN_V3,000001,10478,507,510,0.143,0.084,3.037,0.139,2.897,40,FWD,RUN,0.114,0.329,0.066,0.446,0.564,0.193,2.925,57,0.695,535,2.615,23.6
OK
DATA,MOTOR_BREAKIN_V3,000001,10578,507,510,0.143,0.084,3.092,0.111,2.981,42,FWD,RUN,0.114,0.339,0.040,0.167,0.564,0.193,2.925,57,0.695,534,2.610,23.6
DATA,MOTOR_BREAKIN_V3,000001,10678,507,510,0.143,0.084,3.065,0.139,2.925,42,FWD,RUN,0.114,0.332,0.026,0.167,0.564,0.193,2.925,57,0.695,534,2.610,23.6
OK
DATA,MOTOR_BREAKIN_V3,000001,10778,506,509,0.169,0.111,3.092,0.139,2.953,44,FWD,RUN,0.140,0.414,0.053,0.167,0.564,0.193,2.925,57,0.695,534,2.610,23.6
OK
DATA,MOTOR_BREAKIN_V3,000001,10878,506,510,0.169,0.084,3.148,0.139,3.009,45,FWD,RUN,0.127,0.382,0.053,0.139,0.564,0.193,2.925,57,0.695,534,2.610,23.6
DATA,MOTOR_BREAKIN_V3,000001,10978,506,509,0.169,0.111,3.148,0.167,2.981,45,FWD,RUN,0.140,0.417,0.026,0.139,0.564,0.193,2.925,57,0.695,535,2.615,23.6
DATA,MOTOR_BREAKIN_V3,000001,11078,506,509,0.169,0.111,3.120,0.167,2.953,45,FWD,RUN,0.140,0.414,0.026,0.111,0.564,0.193,2.925,57,0.695,535,2.615,23.6
OK
DATA,MOTOR_BREAKIN_V3,000001,11178,507,509,0.143,0.111,3.204,0.195,3.009,46,FWD,RUN,0.127,0.382,0.026,0.111,0.564,0.193,2.925,57,0.695,534,2.610,23.6
DATA,MOTOR_BREAKIN_V3,000001,11278,506,509,0.169,0.111,3.176,0.362,2.814,46,FWD,RUN,0.140,0.394,0.013,0.251,0.564,0.193,2.925,57,0.695,534,2.610,23.6
OK
DATA,MOTOR_BREAKIN_V3,000001,11378,506,509,0.169,0.111,3.176,0.139,3.037,50,FWD,RUN,0.140,0.425,0.013,0.223,0.564,0.193,2.925,57,0.695,533,2.605,23.6
DATA,MOTOR_BREAKIN_V3,000001,11478,505,508,0.196,0.137,3.232,0.195,3.037,50,FWD,RUN,0.166,0.506,0.053,0.306,0.564,0.193,2.925,57,0.695,535,2.615,23.6
OK
DATA,MOTOR_BREAKIN_V3,000001,11578,505,509,0.196,0.111,3.232,0.223,3.009,49,FWD,RUN,0.153,0.461,0.053,0.251,0.564,0.193,2.925,57,0.695,535,2.615,23.6
DATA,MOTOR_BREAKIN_V3,000001,11678,505,508,0.196,0.137,3.371,0.167,3.204,49,FWD,RUN,0.166,0.533,0.066,0.557,0.564,0.193,2.925,57,0.695,534,2.610,23.6
OK
DATA,MOTOR_BREAKIN_V3,000001,11778,507,509,0.143,0.111,3.232,0.111,3.120,45,FWD,RUN,0.127,0.396,0.066,0.557,0.564,0.193,2.925,57,0.695,534,2.610,23.6
OK
DATA,MOTOR_BREAKIN_V3,000001,11878,506,510,0.169,0.084,3.204,0.167,3.037,43,FWD,RUN,0.127,0.385,0.040,0.334,0.564,0.193,2.925,57,0.695,534,2.610,23.6
OK
DATA,MOTOR_BREAKIN_V3,000001,11977,508,510,0.117,0.084,3.148,0.111,3.037,42,FWD,RUN,0.100,0.305,0.053,0.362,0.564,0.193,2.925,57,0.695,535,2.615,23.6
OK
DATA,MOTOR_BREAKIN_V3,000001,12078,507,510,0.143,0.084,3.120,0.139,2.981,41,FWD,RUN,0.114,0.339,0.040,0.251,0.564,0.193,2.925,57,0.695,534,2.610,23.6
DATA,MOTOR_BREAKIN_V3,000001,12178,507,510,0.143,0.084,3.037,0.139,2.897,41,FWD,RUN,0.114,0.329,0.053,0.223,0.564,0.193,2.925,57,0.695,534,2.610,23.6
OK
DATA,MOTOR_BREAKIN_V3,000001,12278,507,510,0.143,0.084,3.092,0.167,2.925,43,FWD,RUN,0.114,0.332,0.053,0.279,0.564,0.193,2.925,57,0.695,535,2.615,23.6
DATA,MOTOR_BREAKIN_V3,000001,12378,507,509,0.143,0.111,3.009,0.111,2.897,43,FWD,RUN,0.127,0.368,0.040,0.167,0.564,0.193,2.925,57,0.695,534,2.610,23.2
OK
DATA,MOTOR_BREAKIN_V3,000001,12478,507,510,0.143,0.084,3.176,0.167,3.009,45,FWD,RUN,0.114,0.342,0.040,0.139,0.564,0.193,2.925,57,0.695,535,2.615,23.6
DATA,MOTOR_BREAKIN_V3,000001,12578,506,510,0.169,0.084,3.009,0.167,2.842,45,FWD,RUN,0.127,0.360,0.026,0.167,0.564,0.193,2.925,57,0.695,533,2.605,23.6
OK
DATA,MOTOR_BREAKIN_V3,000001,12678,506,509,0.169,0.111,3.204,0.195,3.009,48,FWD,RUN,0.140,0.421,0.040,0.585,0.564,0.193,2.925,57,0.695,533,2.605,23.6
DATA,MOTOR_BREAKIN_V3,000001,12778,506,509,0.169,0.111,3.176,0.167,3.009,48,FWD,RUN,0.140,0.421,0.053,0.585,0.564,0.193,2.925,57,0.695,534,2.610,23.6
DATA,MOTOR_BREAKIN_V3,000001,12878,506,509,0.169,0.111,3.232,0.195,3.037,48,FWD,RUN,0.140,0.425,0.040,0.195,0.564,0.193,2.925,57,0.695,534,2.610,23.6
OK
DATA,MOTOR_BREAKIN_V3,000001,12978,506,509,0.169,0.111,3.260,0.195,3.065,47,FWD,RUN,0.140,0.429,0.026,0.111,0.564,0.193,2.925,57,0.695,535,2.615,23.6
OK
DATA,MOTOR_BREAKIN_V3,000001,13078,506,508,0.169,0.137,3.204,0.195,3.009,46,FWD,RUN,0.153,0.461,0.040,0.139,0.564,0.193,2.925,57,0.695,534,2.610,23.6
DATA,MOTOR_BREAKIN_V3,000001,13178,506,509,0.169,0.111,3.204,0.139,3.065,46,FWD,RUN,0.140,0.429,0.040,0.251,0.564,0.193,2.925,57,0.695,534,2.610,23.6
DATA,MOTOR_BREAKIN_V3,000001,13278,506,510,0.169,0.084,3.176,0.167,3.009,46,FWD,RUN,0.127,0.382,0.026,0.306,0.564,0.193,2.925,57,0.695,535,2.615,23.6
DATA,MOTOR_BREAKIN_V3,000001,13378,507,509,0.143,0.111,3.260,0.167,3.092,46,FWD,RUN,0.127,0.392,0.040,0.251,0.564,0.193,2.925,57,0.695,534,2.610,23.6
OK
DATA,MOTOR_BREAKIN_V3,000001,13478,507,509,0.143,0.111,3.176,0.167,3.009,44,FWD,RUN,0.127,0.382,0.040,0.139,0.564,0.193,2.925,57,0.695,535,2.615,23.6
DATA,MOTOR_BREAKIN_V3,000001,13578,507,510,0.143,0.084,3.204,0.167,3.037,44,FWD,RUN,0.114,0.345,0.026,0.251,0.564,0.193,2.925,57,0.695,534,2.610,23.6
OK
DATA,MOTOR_BREAKIN_V3,000001,13678,506,510,0.169,0.084,3.176,0.139,3.037,43,FWD,RUN,0.127,0.385,0.026,0.251,0.564,0.193,2.925,57,0.695,534,2.610,23.6
OK
DATA,MOTOR_BREAKIN_V3,000001,13778,507,510,0.143,0.084,3.120,0.167,2.953,42,FWD,RUN,0.114,0.336,0.040,0.223,0.564,0.193,2.925,57,0.695,534,2.610,23.6
OK
DATA,MOTOR_BREAKIN_V3,000001,13878,506,509,0.169,0.111,3.092,0.139,2.953,43,FWD,RUN,0.140,0.414,0.040,0.111,0.564,0.193,2.925,57,0.695,534,2.610,23.6
OK
DATA,MOTOR_BREAKIN_V3,000001,13978,507,509,0.143,0.111,3.065,0.139,2.925,44,FWD,RUN,0.127,0.371,0.053,0.139,0.564,0.193,2.925,57,0.695,535,2.615,23.6
OK
DATA,MOTOR_BREAKIN_V3,000001,14078,508,510,0.117,0.084,3.427,0.000,3.427,46,FWD,RUN,0.100,0.344,0.040,0.613,0.564,0.193,2.925,57,0.695,535,2.615,23.6
DATA,MOTOR_BREAKIN_V3,000001,14178,507,509,0.143,0.111,3.092,0.167,2.925,46,FWD,RUN,0.127,0.371,0.040,0.613,0.564,0.193,2.925,57,0.695,534,2.610,23.6
OK
DATA,MOTOR_BREAKIN_V3,000001,14278,506,509,0.169,0.111,3.120,0.167,2.953,48,FWD,RUN,0.140,0.414,0.026,0.195,0.564,0.193,2.925,57,0.695,534,2.610,23.6
OK
DATA,MOTOR_BREAKIN_V3,000001,14378,505,509,0.196,0.111,3.204,0.139,3.065,49,FWD,RUN,0.153,0.470,0.040,0.223,0.564,0.193,2.925,57,0.695,534,2.610,23.6
OK
DATA,MOTOR_BREAKIN_V3,000001,14478,506,509,0.169,0.111,3.260,0.195,3.065,48,FWD,RUN,0.140,0.429,0.053,0.251,0.564,0.193,2.925,57,0.695,534,2.610,23.6
OK
DATA,MOTOR_BREAKIN_V3,000001,14578,506,509,0.169,0.111,3.287,0.223,3.065,47,FWD,RUN,0.140,0.429,0.053,0.111,0.564,0.193,2.925,57,0.695,534,2.610,23.6
OK
DATA,MOTOR_BREAKIN_V3,000001,14678,506,509,0.169,0.111,3.287,0.167,3.120,46,FWD,RUN,0.140,0.437,0.040,0.139,0.564,0.193,2.925,57,0.695,535,2.615,23.6
OK
DATA,MOTOR_BREAKIN_V3,000001,14778,507,509,0.143,0.111,3.148,0.223,2.925,44,FWD,RUN,0.127,0.371,0.040,0.279,0.564,0.193,2.925,57,0.695,534,2.610,23.6
OK
DATA,MOTOR_BREAKIN_V3,000001,14878,506,509,0.169,0.111,3.315,0.167,3.148,46,FWD,RUN,0.140,0.441,0.026,0.306,0.564,0.193,2.925,57,0.695,535,2.615,23.6
OK
DATA,MOTOR_BREAKIN_V3,000001,14978,507,509,0.143,0.111,3.176,0.084,3.092,43,FWD,RUN,0.127,0.392,0.026,0.251,0.564,0.193,2.925,57,0.695,534,2.610,23.6
DATA,MOTOR_BREAKIN_V3,000001,15078,508,509,0.117,0.111,3.148,0.167,2.981,43,FWD,RUN,0.114,0.339,0.040,0.167,0.564,0.193,2.925,57,0.695,535,2.615,23.6
DATA,MOTOR_BREAKIN_V3,000001,15177,507,510,0.143,0.084,3.120,0.139,2.981,43,FWD,RUN,0.114,0.339,0.066,0.418,0.564,0.193,2.925,57,0.695,534,2.610,23.6
DATA,MOTOR_BREAKIN_V3,000001,15278,506,509,0.169,0.111,3.176,0.167,3.009,43,FWD,RUN,0.140,0.421,0.066,0.529,0.564,0.193,2.925,57,0.695,534,2.610,23.6
DATA,MOTOR_BREAKIN_V3,000001,15378,507,509,0.143,0.111,3.148,0.167,2.981,43,FWD,RUN,0.127,0.378,0.026,0.167,0.564,0.193,2.925,57,0.695,534,2.610,23.6
DATA,MOTOR_BREAKIN_V3,000001,15478,507,509,0.143,0.111,3.120,0.139,2.981,43,FWD,RUN,0.127,0.378,0.013,0.056,0.564,0.193,2.925,57,0.695,535,2.615,23.6
DATA,MOTOR_BREAKIN_V3,000001,15578,507,510,0.143,0.084,3.092,0.167,2.925,43,FWD,RUN,0.114,0.332,0.066,0.446,0.564,0.193,2.925,57,0.695,535,2.615,23.6
OK
DATA,MOTOR_BREAKIN_V3,000001,15678,506,509,0.169,0.111,3.148,0.167,2.981,45,FWD,RUN,0.140,0.417,0.066,0.446,0.564,0.193,2.925,57,0.695,535,2.615,23.6
DATA,MOTOR_BREAKIN_V3,000001,15778,506,509,0.169,0.111,3.120,0.167,2.953,45,FWD,RUN,0.140,0.414,0.040,0.529,0.564,0.193,2.925,57,0.695,535,2.615,23.6
OK
DATA,MOTOR_BREAKIN_V3,000001,15878,506,509,0.169,0.111,3.120,0.223,2.897,46,FWD,RUN,0.140,0.406,0.040,0.585,0.564,0.193,2.925,57,0.695,534,2.610,23.6
OK
DATA,MOTOR_BREAKIN_V3,000001,15978,506,510,0.169,0.084,3.120,0.167,2.953,48,FWD,RUN,0.127,0.375,0.040,0.139,0.564,0.193,2.925,57,0.695,535,2.615,23.6
DATA,MOTOR_BREAKIN_V3,000001,16078,506,509,0.169,0.111,3.232,0.446,2.786,48,FWD,RUN,0.140,0.390,0.026,0.251,0.564,0.193,2.925,57,0.695,534,2.610,23.6
OK
DATA,MOTOR_BREAKIN_V3,000001,16178,504,509,0.222,0.111,3.315,0.334,2.981,52,FWD,RUN,0.166,0.496,0.053,0.306,0.564,0.193,2.925,57,0.695,535,2.615,23.6
DATA,MOTOR_BREAKIN_V3,000001,16278,504,509,0.222,0.111,3.427,0.223,3.204,52,FWD,RUN,0.166,0.533,0.040,0.279,0.564,0.193,2.925,57,0.695,535,2.615,23.6
OK
DATA,MOTOR_BREAKIN_V3,000001,16378,506,509,0.169,0.111,3.343,0.167,3.176,48,FWD,RUN,0.140,0.445,0.040,0.279,0.564,0.193,2.925,57,0.695,534,2.610,23.6
OK
DATA,MOTOR_BREAKIN_V3,000001,16478,507,509,0.143,0.111,3.287,0.139,3.148,44,FWD,RUN,0.127,0.399,0.040,0.279,0.564,0.193,2.925,57,0.695,534,2.610,23.6
OK
DATA,MOTOR_BREAKIN_V3,000001,16578,507,510,0.143,0.084,3.287,0.139,3.148,41,FWD,RUN,0.114,0.358,0.026,0.279,0.564,0.193,2.925,57,0.695,535,2.615,23.6
OK
DATA,MOTOR_BREAKIN_V3,000001,16678,509,511,0.090,0.058,3.065,0.084,2.981,38,FWD,RUN,0.074,0.221,0.053,0.223,0.564,0.193,2.925,57,0.695,535,2.615,23.6
DATA,MOTOR_BREAKIN_V3,000001,16778,509,511,0.090,0.058,3.371,0.028,3.343,38,FWD,RUN,0.074,0.247,0.053,0.418,0.564,0.193,2.925,57,0.695,535,2.615,23.6
OK
DATA,MOTOR_BREAKIN_V3,000001,16878,509,512,0.090,0.000,2.953,0.028,2.925,35,FWD,RUN,0.045,0.132,0.055,0.446,0.564,0.193,2.925,57,0.695,534,2.610,23.6
DATA,MOTOR_BREAKIN_V3,000001,16978,509,510,0.090,0.084,2.953,0.084,2.870,35,FWD,RUN,0.087,0.250,0.055,0.251,0.564,0.193,2.925,57,0.695,534,2.610,23.6
OK
DATA,MOTOR_BREAKIN_V3,000001,17078,509,510,0.090,0.084,2.814,0.028,2.786,37,FWD,RUN,0.087,0.243,0.026,0.139,0.564,0.193,2.925,57,0.695,534,2.610,23.6
OK
DATA,MOTOR_BREAKIN_V3,000001,17178,507,510,0.143,0.084,2.897,0.111,2.786,41,FWD,RUN,0.114,0.317,0.053,0.111,0.564,0.193,2.925,57,0.695,534,2.610,23.5
OK
DATA,MOTOR_BREAKIN_V3,000001,17278,506,509,0.169,0.111,2.953,0.167,2.786,45,FWD,RUN,0.140,0.390,0.053,0.474,0.564,0.193,2.925,57,0.695,535,2.615,23.6
OK
DATA,MOTOR_BREAKIN_V3,000001,17378,505,508,0.196,0.137,3.065,0.195,2.870,49,FWD,RUN,0.166,0.478,0.079,0.585,0.564,0.193,2.925,57,0.695,534,2.610,23.6
OK
DATA,MOTOR_BREAKIN_V3,000001,17478,506,508,0.169,0.137,3.176,0.195,2.981,52,FWD,RUN,0.153,0.457,0.066,0.362,0.564,0.193,2.925,57,0.695,534,2.610,23.6
DATA,MOTOR_BREAKIN_V3,000001,17578,505,508,0.196,0.137,3.232,0.195,3.037,52,FWD,RUN,0.166,0.506,0.066,0.195,0.564,0.193,2.925,57,0.695,535,2.615,23.6
OK
DATA,MOTOR_BREAKIN_V3,000001,17678,505,509,0.196,0.111,3.371,0.223,3.148,51,FWD,RUN,0.153,0.482,0.053,0.251,0.564,0.193,2.925,57,0.695,534,2.610,23.6
OK
DATA,MOTOR_BREAKIN_V3,000001,17778,507,510,0.143,0.084,3.343,0.195,3.148,48,FWD,RUN,0.114,0.358,0.066,0.251,0.564,0.193,2.925,57,0.695,534,2.610,23.6
OK
DATA,MOTOR_BREAKIN_V3,000001,17878,507,510,0.143,0.084,3.343,0.167,3.176,45,FWD,RUN,0.114,0.361,0.053,0.195,0.564,0.193,2.925,57,0.695,534,2.610,23.6
DATA,MOTOR_BREAKIN_V3,000001,17978,506,509,0.169,0.111,3.260,0.139,3.120,45,FWD,RUN,0.140,0.437,0.040,0.084,0.564,0.193,2.925,57,0.695,534,2.610,23.6
OK
DATA,MOTOR_BREAKIN_V3,000001,18078,508,510,0.117,0.084,3.204,0.139,3.065,41,FWD,RUN,0.100,0.308,0.053,0.279,0.564,0.193,2.925,57,0.695,534,2.610,23.6
OK
DATA,MOTOR_BREAKIN_V3,000001,18178,508,510,0.117,0.084,3.287,0.056,3.232,40,FWD,RUN,0.100,0.325,0.013,0.306,0.564,0.193,2.925,57,0.695,534,2.610,23.6
OK
DATA,MOTOR_BREAKIN_V3,000001,18278,508,511,0.117,0.058,3.037,0.084,2.953,35,FWD,RUN,0.087,0.258,0.026,0.446,0.564,0.193,2.925,57,0.695,534,2.610,23.6
OK
DATA,MOTOR_BREAKIN_V3,000001,18377,509,511,0.090,0.058,2.981,0.084,2.897,36,FWD,RUN,0.074,0.214,0.026,0.251,0.564,0.193,2.925,57,0.695,534,2.610,23.6
OK
DATA,MOTOR_BREAKIN_V3,000001,18478,508,510,0.117,0.084,2.842,0.139,2.702,38,FWD,RUN,0.100,0.271,0.055,0.223,0.564,0.193,2.925,57,0.695,534,2.610,23.6
OK
DATA,MOTOR_BREAKIN_V3,000001,18578,507,509,0.143,0.111,2.925,0.167,2.758,44,FWD,RUN,0.127,0.350,0.082,0.195,0.564,0.193,2.925,57,0.695,534,2.610,23.6
OK
DATA,MOTOR_BREAKIN_V3,000001,18678,507,509,0.143,0.111,3.120,0.306,2.814,49,FWD,RUN,0.127,0.357,0.040,0.251,0.564,0.193,2.925,57,0.695,534,2.610,23.6
OK
DATA,MOTOR_BREAKIN_V3,000001,18778,505,509,0.196,0.111,3.204,0.223,2.981,53,FWD,RUN,0.153,0.457,0.040,0.251,0.564,0.193,2.925,57,0.695,535,2.615,23.6
DATA,MOTOR_BREAKIN_V3,000001,18878,505,508,0.196,0.137,3.343,0.223,3.120,53,FWD,RUN,0.166,0.519,0.053,0.585,0.564,0.193,2.925,57,0.695,534,2.610,23.6
DATA,MOTOR_BREAKIN_V3,000001,18978,505,509,0.196,0.111,3.455,0.195,3.260,53,FWD,RUN,0.153,0.500,0.053,0.446,0.564,0.193,2.925,57,0.695,534,2.610,23.6
OK
DATA,MOTOR_BREAKIN_V3,000001,19078,506,509,0.169,0.111,3.260,0.167,3.092,48,FWD,RUN,0.140,0.433,0.040,0.362,0.564,0.193,2.925,57,0.695,534,2.610,23.6
OK
DATA,MOTOR_BREAKIN_V3,000001,19178,507,509,0.143,0.111,3.287,0.139,3.148,46,FWD,RUN,0.127,0.399,0.040,0.418,0.564,0.193,2.925,57,0.695,534,2.610,23.6
OK
DATA,MOTOR_BREAKIN_V3,000001,19278,507,510,0.143,0.084,3.287,0.111,3.176,43,FWD,RUN,0.114,0.361,0.053,0.334,0.564,0.193,2.925,57,0.695,535,2.615,23.6
OK
DATA,MOTOR_BREAKIN_V3,000001,19378,509,510,0.090,0.084,3.260,0.056,3.204,39,FWD,RUN,0.087,0.279,0.040,0.195,0.564,0.193,2.925,57,0.695,534,2.610,23.5
OK
DATA,MOTOR_BREAKIN_V3,000001,19478,509,510,0.090,0.084,3.120,0.084,3.037,35,FWD,RUN,0.087,0.265,0.082,0.390,0.564,0.193,2.925,57,0.695,534,2.610,23.6
DATA,MOTOR_BREAKIN_V3,000001,19578,508,510,0.117,0.084,2.925,0.056,2.870,35,FWD,RUN,0.100,0.288,0.082,0.585,0.564,0.193,2.925,57,0.695,534,2.610,23.6
OK
DATA,MOTOR_BREAKIN_V3,000001,19678,508,510,0.117,0.084,2.981,0.111,2.870,38,FWD,RUN,0.100,0.288,0.026,0.139,0.564,0.193,2.925,57,0.695,534,2.610,23.6
OK
DATA,MOTOR_BREAKIN_V3,000001,19778,507,511,0.143,0.058,2.897,0.139,2.758,41,FWD,RUN,0.100,0.277,0.040,0.139,0.564,0.193,2.925,57,0.695,534,2.610,23.6
DATA,MOTOR_BREAKIN_V3,000001,19878,507,510,0.143,0.084,2.953,0.139,2.814,41,FWD,RUN,0.114,0.320,0.026,0.223,0.564,0.193,2.925,57,0.695,534,2.610,23.6
OK
DATA,MOTOR_BREAKIN_V3,000001,19978,507,510,0.143,0.084,3.065,0.139,2.925,46,FWD,RUN,0.114,0.332,0.053,0.223,0.564,0.193,2.925,57,0.695,534,2.610,23.6
OK
DATA,MOTOR_BREAKIN_V3,000001,20078,506,509,0.169,0.111,3.148,0.223,2.925,48,FWD,RUN,0.140,0.410,0.053,0.195,0.564,0.193,2.925,57,0.695,534,2.610,23.6
OK
DATA,MOTOR_BREAKIN_V3,000001,20178,506,509,0.169,0.111,3.176,0.223,2.953,50,FWD,RUN,0.140,0.414,0.040,0.418,0.564,0.193,2.925,57,0.695,535,2.615,23.6
OK
DATA,MOTOR_BREAKIN_V3,000001,20278,505,509,0.196,0.111,3.260,0.223,3.037,51,FWD,RUN,0.153,0.465,0.053,0.585,0.564,0.193,2.925,57,0.695,534,2.610,23.6
OK
DATA,MOTOR_BREAKIN_V3,000001,20378,505,509,0.196,0.111,3.260,0.195,3.065,50,FWD,RUN,0.153,0.470,0.066,0.585,0.564,0.193,2.925,57,0.695,535,2.615,23.6
OK
DATA,MOTOR_BREAKIN_V3,000001,20478,506,509,0.169,0.111,3.232,0.195,3.037,49,FWD,RUN,0.140,0.425,0.066,0.334,0.564,0.193,2.925,57,0.695,535,2.615,23.6
OK
DATA,MOTOR_BREAKIN_V3,000001,20578,507,509,0.143,0.111,3.315,0.195,3.120,48,FWD,RUN,0.127,0.396,0.053,0.167,0.564,0.193,2.925,57,0.695,534,2.610,23.6
OK
DATA,MOTOR_BREAKIN_V3,000001,20678,507,509,0.143,0.111,3.427,0.139,3.287,46,FWD,RUN,0.127,0.417,0.053,0.223,0.564,0.193,2.925,57,0.695,535,2.615,23.6
OK
DATA,MOTOR_BREAKIN_V3,000001,20778,508,510,0.117,0.084,3.315,0.111,3.204,40,FWD,RUN,0.100,0.322,0.053,0.362,0.564,0.193,2.925,57,0.695,535,2.615,23.6
DATA,MOTOR_BREAKIN_V3,000001,20878,508,509,0.117,0.111,3.343,0.111,3.232,40,FWD,RUN,0.114,0.367,0.053,0.390,0.564,0.193,2.925,57,0.695,535,2.615,23.6
OK
DATA,MOTOR_BREAKIN_V3,000001,20978,509,510,0.090,0.084,3.065,0.111,2.953,35,FWD,RUN,0.087,0.258,0.026,0.446,0.564,0.193,2.925,57,0.695,534,2.610,23.6
OK
DATA,MOTOR_BREAKIN_V3,000001,21078,508,510,0.117,0.084,3.009,0.084,2.925,36,FWD,RUN,0.100,0.294,0.026,0.306,0.564,0.193,2.925,57,0.695,535,2.615,23.6
OK
DATA,MOTOR_BREAKIN_V3,000001,21178,508,510,0.117,0.084,2.953,0.111,2.842,38,FWD,RUN,0.100,0.285,0.040,0.306,0.564,0.193,2.925,57,0.695,534,2.610,23.6
OK
DATA,MOTOR_BREAKIN_V3,000001,21278,508,509,0.117,0.111,2.925,0.167,2.758,41,FWD,RUN,0.114,0.313,0.069,0.362,0.564,0.193,2.925,57,0.695,535,2.615,23.6
OK
DATA,MOTOR_BREAKIN_V3,000001,21378,507,510,0.143,0.084,3.232,0.056,3.176,46,FWD,RUN,0.114,0.361,0.069,0.418,0.564,0.193,2.925,57,0.695,534,2.610,23.6
OK
DATA,MOTOR_BREAKIN_V3,000001,21478,507,510,0.143,0.084,3.009,0.139,2.870,42,FWD,RUN,0.114,0.326,0.026,0.418,0.564,0.193,2.925,57,0.695,534,2.610,23.6
OK
DATA,MOTOR_BREAKIN_V3,000001,21577,507,509,0.143,0.111,3.009,0.139,2.870,45,FWD,RUN,0.127,0.364,0.026,0.251,0.564,0.193,2.925,57,0.695,535,2.615,23.6
OK
DATA,MOTOR_BREAKIN_V3,000001,21678,506,508,0.169,0.137,3.065,0.139,2.925,48,FWD,RUN,0.153,0.448,0.053,0.362,0.564,0.193,2.925,57,0.695,534,2.610,23.6
DATA,MOTOR_BREAKIN_V3,000001,21778,506,509,0.169,0.111,3.204,0.223,2.981,48,FWD,RUN,0.140,0.417,0.066,0.306,0.564,0.193,2.925,57,0.695,534,2.610,23.6
DATA,MOTOR_BREAKIN_V3,000001,21878,506,508,0.169,0.137,3.232,0.167,3.065,48,FWD,RUN,0.153,0.470,0.053,0.167,0.564,0.193,2.925,57,0.695,535,2.615,23.6
OK
DATA,MOTOR_BREAKIN_V3,000001,21978,506,509,0.169,0.111,3.176,0.167,3.009,47,FWD,RUN,0.140,0.421,0.053,0.195,0.564,0.193,2.925,57,0.695,534,2.610,23.6
DATA,MOTOR_BREAKIN_V3,000001,22078,505,509,0.196,0.111,3.287,0.167,3.120,47,FWD,RUN,0.153,0.478,0.040,0.251,0.564,0.193,2.925,57,0.695,534,2.610,23.6
OK
DATA,MOTOR_BREAKIN_V3,000001,22178,506,509,0.169,0.111,3.148,0.167,2.981,45,FWD,RUN,0.140,0.417,0.040,0.195,0.564,0.193,2.925,57,0.695,534,2.610,23.6
DATA,MOTOR_BREAKIN_V3,000001,22278,507,509,0.143,0.111,3.232,0.167,3.065,45,FWD,RUN,0.127,0.389,0.026,0.167,0.564,0.193,2.925,57,0.695,534,2.610,23.6
OK
DATA,MOTOR_BREAKIN_V3,000001,22378,507,509,0.143,0.111,3.176,0.167,3.009,44,FWD,RUN,0.127,0.382,0.026,0.139,0.564,0.193,2.925,57,0.695,533,2.605,23.6
DATA,MOTOR_BREAKIN_V3,000001,22478,507,509,0.143,0.111,3.148,0.167,2.981,44,FWD,RUN,0.127,0.378,0.053,0.251,0.564,0.193,2.925,57,0.695,534,2.610,23.6
DATA,MOTOR_BREAKIN_V3,000001,22578,507,510,0.143,0.084,3.120,0.111,3.009,44,FWD,RUN,0.114,0.342,0.040,0.251,0.564,0.193,2.925,57,0.695,534,2.610,23.6
DATA,MOTOR_BREAKIN_V3,000001,22678,507,509,0.143,0.111,3.092,0.139,2.953,44,FWD,RUN,0.127,0.375,0.040,0.418,0.564,0.193,2.925,57,0.695,535,2.615,23.6
OK
DATA,MOTOR_BREAKIN_V3,000001,22778,506,509,0.169,0.111,3.092,0.167,2.925,45,FWD,RUN,0.140,0.410,0.066,0.641,0.564,0.193,2.925,57,0.695,534,2.610,23.6
OK
DATA,MOTOR_BREAKIN_V3,000001,22878,508,511,0.117,0.058,3.371,0.139,3.232,47,FWD,RUN,0.087,0.282,0.079,0.418,0.564,0.193,2.925,57,0.695,534,2.610,23.6
OK
DATA,MOTOR_BREAKIN_V3,000001,22978,507,510,0.143,0.084,3.176,0.139,3.037,42,FWD,RUN,0.114,0.345,0.066,0.279,0.564,0.193,2.925,57,0.695,533,2.605,23.6
OK
DATA,MOTOR_BREAKIN_V3,000001,23078,507,510,0.143,0.084,3.037,0.139,2.897,41,FWD,RUN,0.114,0.329,0.053,0.195,0.564,0.193,2.925,57,0.695,534,2.610,23.6
OK
DATA,MOTOR_BREAKIN_V3,000001,23178,507,510,0.143,0.084,3.065,0.111,2.953,43,FWD,RUN,0.114,0.336,0.040,0.223,0.564,0.193,2.925,57,0.695,534,2.610,23.6
OK
DATA,MOTOR_BREAKIN_V3,000001,23278,509,511,0.090,0.058,3.371,0.111,3.260,44,FWD,RUN,0.074,0.241,0.053,0.474,0.564,0.193,2.925,57,0.695,534,2.610,23.6
DATA,MOTOR_BREAKIN_V3,000001,23378,507,510,0.143,0.084,3.092,0.139,2.953,44,FWD,RUN,0.114,0.336,0.066,0.474,0.564,0.193,2.925,57,0.695,534,2.610,23.5
OK
DATA,MOTOR_BREAKIN_V3,000001,23478,506,509,0.169,0.111,3.065,0.139,2.925,45,FWD,RUN,0.140,0.410,0.026,0.139,0.564,0.193,2.925,57,0.695,535,2.615,23.6
OK
DATA,MOTOR_BREAKIN_V3,000001,23578,507,509,0.143,0.111,3.204,0.195,3.009,47,FWD,RUN,0.127,0.382,0.026,0.557,0.564,0.193,2.925,57,0.695,534,2.610,23.6
DATA,MOTOR_BREAKIN_V3,000001,23678,507,509,0.143,0.111,3.120,0.223,2.897,47,FWD,RUN,0.127,0.368,0.026,0.557,0.564,0.193,2.925,57,0.695,535,2.615,23.6
OK
DATA,MOTOR_BREAKIN_V3,000001,23778,506,508,0.169,0.137,3.287,0.167,3.120,49,FWD,RUN,0.153,0.478,0.026,0.501,0.564,0.193,2.925,57,0.695,534,2.610,23.6
OK
DATA,MOTOR_BREAKIN_V3,000001,23878,507,509,0.143,0.111,3.232,0.167,3.065,47,FWD,RUN,0.127,0.389,0.026,0.501,0.564,0.193,2.925,57,0.695,534,2.610,23.6
OK
DATA,MOTOR_BREAKIN_V3,000001,23978,507,509,0.143,0.111,3.260,0.167,3.092,46,FWD,RUN,0.127,0.392,0.053,0.474,0.564,0.193,2.925,57,0.695,534,2.610,23.6
OK
DATA,MOTOR_BREAKIN_V3,000001,24078,506,509,0.169,0.111,3.204,0.139,3.065,44,FWD,RUN,0.140,0.429,0.040,0.474,0.564,0.193,2.925,57,0.695,534,2.610,23.6
OK
DATA,MOTOR_BREAKIN_V3,000001,24178,507,510,0.143,0.084,3.260,0.446,2.814,43,FWD,RUN,0.114,0.320,0.040,0.418,0.564,0.193,2.925,57,0.695,535,2.615,23.6
DATA,MOTOR_BREAKIN_V3,000001,24278,507,510,0.143,0.084,3.148,0.139,3.009,43,FWD,RUN,0.114,0.342,0.040,0.390,0.564,0.193,2.925,57,0.695,534,2.610,23.6
DATA,MOTOR_BREAKIN_V3,000001,24378,506,509,0.169,0.111,3.120,0.139,2.981,43,FWD,RUN,0.140,0.417,0.040,0.306,0.564,0.193,2.925,57,0.695,534,2.610,23.6
DATA,MOTOR_BREAKIN_V3,000001,24478,507,509,0.143,0.111,3.204,0.139,3.065,43,FWD,RUN,0.127,0.389,0.040,0.334,0.564,0.193,2.925,57,0.695,535,2.615,23.6
OK
DATA,MOTOR_BREAKIN_V3,000001,24578,507,510,0.143,0.084,3.176,0.167,3.009,42,FWD,RUN,0.114,0.342,0.026,0.334,0.564,0.193,2.925,57,0.695,534,2.610,23.6
DATA,MOTOR_BREAKIN_V3,000001,24678,507,510,0.143,0.084,3.092,0.167,2.925,42,FWD,RUN,0.114,0.332,0.053,0.529,0.564,0.193,2.925,57,0.695,534,2.610,23.6
OK
DATA,MOTOR_BREAKIN_V3,000001,24777,507,509,0.143,0.111,3.120,0.167,2.953,44,FWD,RUN,0.127,0.375,0.053,0.362,0.564,0.193,2.925,57,0.695,534,2.610,23.6
OK
DATA,MOTOR_BREAKIN_V3,000001,24878,507,510,0.143,0.084,3.148,0.167,2.981,45,FWD,RUN,0.114,0.339,0.026,0.501,0.564,0.193,2.925,57,0.695,534,2.610,23.6
DATA,MOTOR_BREAKIN_V3,000001,24978,508,510,0.117,0.084,3.371,0.139,3.232,45,FWD,RUN,0.100,0.325,0.040,0.501,0.564,0.193,2.925,57,0.695,535,2.615,23.6
OK
DATA,MOTOR_BREAKIN_V3,000001,25078,508,510,0.117,0.084,3.092,0.139,2.953,40,FWD,RUN,0.100,0.297,0.040,0.306,0.564,0.193,2.925,57,0.695,534,2.610,23.6
DATA,MOTOR_BREAKIN_V3,000001,25178,508,510,0.117,0.084,3.065,0.111,2.953,40,FWD,RUN,0.100,0.297,0.026,0.111,0.564,0.193,2.925,57,0.695,534,2.610,23.6
OK
DATA,MOTOR_BREAKIN_V3,000001,25278,507,510,0.143,0.084,2.981,0.111,2.870,41,FWD,RUN,0.114,0.326,0.026,0.223,0.564,0.193,2.925,57,0.695,535,2.615,23.5
OK
DATA,MOTOR_BREAKIN_V3,000001,25378,508,510,0.117,0.084,3.148,0.139,3.009,44,FWD,RUN,0.100,0.302,0.040,0.223,0.564,0.193,2.925,57,0.695,534,2.610,23.5
DATA,MOTOR_BREAKIN_V3,000001,25478,507,509,0.143,0.111,3.037,0.167,2.870,44,FWD,RUN,0.127,0.364,0.040,0.167,0.564,0.193,2.925,57,0.695,535,2.615,23.6
OK
DATA,MOTOR_BREAKIN_V3,000001,25578,506,509,0.169,0.111,3.204,0.139,3.065,47,FWD,RUN,0.140,0.429,0.026,0.223,0.564,0.193,2.925,57,0.695,535,2.615,23.6
OK
DATA,MOTOR_BREAKIN_V3,000001,25678,506,509,0.169,0.111,3.092,0.167,2.925,46,FWD,RUN,0.140,0.410,0.040,0.195,0.564,0.193,2.925,57,0.695,535,2.615,23.6
OK
DATA,MOTOR_BREAKIN_V3,000001,25778,506,509,0.169,0.111,3.232,0.195,3.037,48,FWD,RUN,0.140,0.425,0.040,0.139,0.564,0.193,2.925,57,0.695,534,2.610,23.6
OK
DATA,MOTOR_BREAKIN_V3,000001,25878,506,509,0.169,0.111,3.204,0.195,3.009,47,FWD,RUN,0.140,0.421,0.026,0.251,0.564,0.193,2.925,57,0.695,535,2.615,23.6
DATA,MOTOR_BREAKIN_V3,000001,25978,506,508,0.169,0.137,3.204,0.167,3.037,47,FWD,RUN,0.153,0.465,0.026,0.529,0.564,0.193,2.925,57,0.695,535,2.615,23.6
DATA,MOTOR_BREAKIN_V3,000001,26078,507,509,0.143,0.111,3.371,0.195,3.176,47,FWD,RUN,0.127,0.403,0.026,0.529,0.564,0.193,2.925,57,0.695,534,2.610,23.6
OK
DATA,MOTOR_BREAKIN_V3,000001,26178,506,510,0.169,0.084,3.176,0.139,3.037,43,FWD,RUN,0.127,0.385,0.040,0.251,0.564,0.193,2.925,57,0.695,535,2.615,23.6
OK
DATA,MOTOR_BREAKIN_V3,000001,26278,507,510,0.143,0.084,3.204,0.139,3.065,42,FWD,RUN,0.114,0.348,0.026,0.279,0.564,0.193,2.925,57,0.695,535,2.615,23.6
OK
DATA,MOTOR_BREAKIN_V3,000001,26378,508,510,0.117,0.084,3.065,0.139,2.925,41,FWD,RUN,0.100,0.294,0.026,0.223,0.564,0.193,2.925,57,0.695,534,2.610,23.6
OK
DATA,MOTOR_BREAKIN_V3,000001,26478,507,510,0.143,0.084,3.148,0.139,3.009,43,FWD,RUN,0.114,0.342,0.055,0.474,0.564,0.193,2.925,57,0.695,535,2.615,23.6
DATA,MOTOR_BREAKIN_V3,000001,26578,507,510,0.143,0.084,3.148,0.139,3.009,43,FWD,RUN,0.114,0.342,0.069,0.474,0.564,0.193,2.925,57,0.695,535,2.615,23.6
DATA,MOTOR_BREAKIN_V3,000001,26678,507,510,0.143,0.084,3.120,0.139,2.981,43,FWD,RUN,0.114,0.339,0.026,0.139,0.564,0.193,2.925,57,0.695,533,2.605,23.6
DATA,MOTOR_BREAKIN_V3,000001,26778,507,509,0.143,0.111,3.092,0.167,2.925,43,FWD,RUN,0.127,0.371,0.026,0.195,0.564,0.193,2.925,57,0.695,535,2.615,23.6
OK
DATA,MOTOR_BREAKIN_V3,000001,26878,507,509,0.143,0.111,3.148,0.167,2.981,45,FWD,RUN,0.127,0.378,0.026,0.139,0.564,0.193,2.925,57,0.695,535,2.615,23.6
DATA,MOTOR_BREAKIN_V3,000001,26978,507,509,0.143,0.111,3.176,0.167,3.009,45,FWD,RUN,0.127,0.382,0.040,0.529,0.564,0.193,2.925,57,0.695,535,2.615,23.6
DATA,MOTOR_BREAKIN_V3,000001,27078,508,510,0.117,0.084,3.065,0.167,2.897,45,FWD,RUN,0.100,0.291,0.040,0.557,0.564,0.193,2.925,57,0.695,535,2.615,23.6
OK
DATA,MOTOR_BREAKIN_V3,000001,27178,506,509,0.169,0.111,3.260,0.195,3.065,47,FWD,RUN,0.140,0.429,0.040,0.223,0.564,0.193,2.925,57,0.695,534,2.610,23.6
OK
DATA,MOTOR_BREAKIN_V3,000001,27278,507,509,0.143,0.111,3.204,0.167,3.037,46,FWD,RUN,0.127,0.385,0.040,0.195,0.564,0.193,2.925,57,0.695,534,2.610,23.6
OK
DATA,MOTOR_BREAKIN_V3,000001,27378,506,509,0.169,0.111,3.204,0.195,3.009,45,FWD,RUN,0.140,0.421,0.026,0.279,0.564,0.193,2.925,57,0.695,535,2.615,23.6
DATA,MOTOR_BREAKIN_V3,000001,27478,507,509,0.143,0.111,3.287,0.167,3.120,45,FWD,RUN,0.127,0.396,0.026,0.279,0.564,0.193,2.925,57,0.695,535,2.615,23.6
OK
DATA,MOTOR_BREAKIN_V3,000001,27578,507,509,0.143,0.111,3.120,0.167,2.953,43,FWD,RUN,0.127,0.375,0.026,0.167,0.564,0.193,2.925,57,0.695,534,2.610,23.6
OK
DATA,MOTOR_BREAKIN_V3,000001,27678,507,509,0.143,0.111,3.120,0.139,2.981,44,FWD,RUN,0.127,0.378,0.053,0.167,0.564,0.193,2.925,57,0.695,535,2.615,23.6
DATA,MOTOR_BREAKIN_V3,000001,27778,507,510,0.143,0.084,3.204,0.139,3.065,44,FWD,RUN,0.114,0.348,0.040,0.279,0.564,0.193,2.925,57,0.695,534,2.610,23.6
OK
DATA,MOTOR_BREAKIN_V3,000001,27878,507,510,0.143,0.084,3.120,0.139,2.981,43,FWD,RUN,0.114,0.339,0.040,0.223,0.564,0.193,2.925,57,0.695,534,2.610,23.6
DATA,MOTOR_BREAKIN_V3,000001,27977,507,510,0.143,0.084,3.065,0.139,2.925,43,FWD,RUN,0.114,0.332,0.040,0.195,0.564,0.193,2.925,57,0.695,534,2.610,23.6
OK
DATA,MOTOR_BREAKIN_V3,000001,28078,506,509,0.169,0.111,3.204,0.167,3.037,45,FWD,RUN,0.140,0.425,0.040,0.279,0.564,0.193,2.925,57,0.695,534,2.610,23.6
OK
DATA,MOTOR_BREAKIN_V3,000001,28178,507,509,0.143,0.111,3.232,0.139,3.092,44,FWD,RUN,0.127,0.392,0.026,0.501,0.564,0.193,2.925,57,0.695,534,2.610,23.6
OK
DATA,MOTOR_BREAKIN_V3,000001,28278,507,510,0.143,0.084,3.148,0.139,3.009,42,FWD,RUN,0.114,0.342,0.040,0.390,0.564,0.193,2.925,57,0.695,535,2.615,23.6
DATA,MOTOR_BREAKIN_V3,000001,28378,508,510,0.117,0.084,3.232,0.139,3.092,42,FWD,RUN,0.100,0.311,0.095,0.557,0.564,0.193,2.925,57,0.695,534,2.610,23.6
OK
DATA,MOTOR_BREAKIN_V3,000001,28478,507,510,0.143,0.084,3.120,0.139,2.981,40,FWD,RUN,0.114,0.339,0.082,0.446,0.564,0.193,2.925,57,0.695,535,2.615,23.6
DATA,MOTOR_BREAKIN_V3,000001,28578,507,509,0.143,0.111,3.009,0.139,2.870,40,FWD,RUN,0.127,0.364,0.053,0.279,0.564,0.193,2.925,57,0.695,535,2.615,23.6
OK
DATA,MOTOR_BREAKIN_V3,000001,28678,507,510,0.143,0.084,3.176,0.139,3.037,43,FWD,RUN,0.114,0.345,0.053,0.334,0.564,0.193,2.925,57,0.695,534,2.610,23.6
OK
DATA,MOTOR_BREAKIN_V3,000001,28778,508,510,0.117,0.084,3.176,0.139,3.037,42,FWD,RUN,0.100,0.305,0.040,0.279,0.564,0.193,2.925,57,0.695,534,2.610,23.6
DATA,MOTOR_BREAKIN_V3,000001,28878,507,509,0.143,0.111,3.009,0.139,2.870,42,FWD,RUN,0.127,0.364,0.053,0.195,0.564,0.193,2.925,57,0.695,534,2.610,23.6
OK
DATA,MOTOR_BREAKIN_V3,000001,28978,507,510,0.143,0.084,2.953,0.139,2.814,41,FWD,RUN,0.114,0.320,0.040,0.223,0.564,0.193,2.925,57,0.695,534,2.610,23.6
OK
DATA,MOTOR_BREAKIN_V3,000001,29078,506,509,0.169,0.111,3.120,0.195,2.925,45,FWD,RUN,0.140,0.410,0.066,0.362,0.564,0.193,2.925,57,0.695,534,2.610,23.6
OK
DATA,MOTOR_BREAKIN_V3,000001,29178,506,510,0.169,0.084,3.092,0.167,2.925,47,FWD,RUN,0.127,0.371,0.066,0.557,0.564,0.193,2.925,57,0.695,534,2.610,23.6
OK
DATA,MOTOR_BREAKIN_V3,000001,29278,506,510,0.169,0.084,3.482,0.056,3.427,49,FWD,RUN,0.127,0.435,0.053,0.529,0.564,0.193,2.925,57,0.695,534,2.610,23.6
OK
DATA,MOTOR_BREAKIN_V3,000001,29378,507,510,0.143,0.084,3.120,0.084,3.037,40,FWD,RUN,0.114,0.345,0.040,0.529,0.564,0.193,2.925,57,0.695,534,2.610,23.6
OK
DATA,MOTOR_BREAKIN_V3,000001,29478,507,509,0.143,0.111,2.981,0.139,2.842,39,FWD,RUN,0.127,0.360,0.053,0.501,0.564,0.193,2.925,57,0.695,534,2.610,23.6
OK
DATA,MOTOR_BREAKIN_V3,000001,29578,507,510,0.143,0.084,3.065,0.167,2.897,42,FWD,RUN,0.114,0.329,0.040,0.501,0.564,0.193,2.925,57,0.695,535,2.615,23.6
OK
DATA,MOTOR_BREAKIN_V3,000001,29678,506,509,0.169,0.111,3.092,0.167,2.925,44,FWD,RUN,0.140,0.410,0.053,0.306,0.564,0.193,2.925,57,0.695,535,2.615,23.6
OK
DATA,MOTOR_BREAKIN_V3,000001,29778,507,510,0.143,0.084,3.065,0.139,2.925,46,FWD,RUN,0.114,0.332,0.040,0.111,0.564,0.193,2.925,57,0.695,534,2.610,23.6
DATA,MOTOR_BREAKIN_V3,000001,29878,505,509,0.196,0.111,3.148,0.139,3.009,46,FWD,RUN,0.153,0.461,0.040,0.167,0.564,0.193,2.925,57,0.695,534,2.610,23.6
OK
DATA,MOTOR_BREAKIN_V3,000001,29978,506,509,0.169,0.111,3.204,0.195,3.009,48,FWD,RUN,0.140,0.421,0.040,0.529,0.564,0.193,2.925,57,0.695,534,2.610,23.6
DATA,MOTOR_BREAKIN_V3,000001,30078,506,509,0.169,0.111,3.260,0.167,3.092,48,FWD,RUN,0.140,0.433,0.053,0.529,0.564,0.193,2.925,57,0.695,534,2.610,23.6
OK
DATA,MOTOR_BREAKIN_V3,000001,30178,507,510,0.143,0.084,3.482,0.111,3.371,46,FWD,RUN,0.114,0.383,0.053,0.585,0.564,0.193,2.925,57,0.695,535,2.615,23.6
OK
DATA,MOTOR_BREAKIN_V3,000001,30278,508,510,0.117,0.084,3.120,0.084,3.037,39,FWD,RUN,0.100,0.305,0.040,0.585,0.564,0.193,2.925,57,0.695,535,2.615,23.6
OK
DATA,MOTOR_BREAKIN_V3,000001,30378,508,509,0.117,0.111,3.065,0.056,3.009,38,FWD,RUN,0.114,0.342,0.053,0.306,0.564,0.193,2.925,57,0.695,534,2.610,23.6
DATA,MOTOR_BREAKIN_V3,000001,30478,508,510,0.117,0.084,2.953,0.111,2.842,38,FWD,RUN,0.100,0.285,0.040,0.306,0.564,0.193,2.925,57,0.695,534,2.610,23.6
OK
DATA,MOTOR_BREAKIN_V3,000001,30578,507,510,0.143,0.084,2.981,0.139,2.842,41,FWD,RUN,0.114,0.323,0.026,0.167,0.564,0.193,2.925,57,0.695,534,2.610,23.6
OK
DATA,MOTOR_BREAKIN_V3,000001,30678,507,509,0.143,0.111,3.037,0.167,2.870,44,FWD,RUN,0.127,0.364,0.040,0.167,0.564,0.193,2.925,57,0.695,535,2.615,23.6
OK
DATA,MOTOR_BREAKIN_V3,000001,30778,506,510,0.169,0.084,3.120,0.167,2.953,47,FWD,RUN,0.127,0.375,0.026,0.195,0.564,0.193,2.925,57,0.695,535,2.615,23.6
DATA,MOTOR_BREAKIN_V3,000001,30878,507,509,0.143,0.111,3.204,0.139,3.065,47,FWD,RUN,0.127,0.389,0.040,0.167,0.564,0.193,2.925,57,0.695,535,2.615,23.6
OK
DATA,MOTOR_BREAKIN_V3,000001,30978,506,510,0.169,0.084,3.065,0.223,2.842,46,FWD,RUN,0.127,0.360,0.026,0.223,0.564,0.193,2.925,57,0.695,535,2.615,23.6
OK
DATA,MOTOR_BREAKIN_V3,000001,31078,506,509,0.169,0.111,3.371,0.111,3.260,49,FWD,RUN,0.140,0.456,0.026,0.418,0.564,0.193,2.925,57,0.695,535,2.615,23.6
OK
DATA,MOTOR_BREAKIN_V3,000001,31177,506,510,0.169,0.084,3.260,0.167,3.092,44,FWD,RUN,0.127,0.392,0.026,0.306,0.564,0.193,2.925,57,0.695,534,2.610,23.6
OK
DATA,MOTOR_BREAKIN_V3,000001,31278,507,510,0.143,0.084,3.176,0.139,3.037,42,FWD,RUN,0.114,0.345,0.026,0.084,0.564,0.193,2.925,57,0.695,535,2.615,23.6
OK
DATA,MOTOR_BREAKIN_V3,000001,31378,508,509,0.117,0.111,3.176,0.139,3.037,41,FWD,RUN,0.114,0.345,0.026,0.279,0.564,0.193,2.925,57,0.695,534,2.610,23.6
OK
DATA,MOTOR_BREAKIN_V3,000001,31478,507,510,0.143,0.084,3.009,0.139,2.870,40,FWD,RUN,0.114,0.326,0.026,0.474,0.564,0.193,2.925,57,0.695,534,2.610,23.6
OK
DATA,MOTOR_BREAKIN_V3,000001,31578,507,509,0.143,0.111,3.148,0.167,2.981,43,FWD,RUN,0.127,0.378,0.040,0.474,0.564,0.193,2.925,57,0.695,534,2.610,23.6
DATA,MOTOR_BREAKIN_V3,000001,31678,507,509,0.143,0.111,3.065,0.139,2.925,43,FWD,RUN,0.127,0.371,0.026,0.167,0.564,0.193,2.925,57,0.695,535,2.615,23.6
DATA,MOTOR_BREAKIN_V3,000001,31778,506,510,0.169,0.084,3.009,0.167,2.842,43,FWD,RUN,0.127,0.360,0.026,0.139,0.564,0.193,2.925,57,0.695,534,2.610,23.6
OK
DATA,MOTOR_BREAKIN_V3,000001,31878,506,509,0.169,0.111,3.120,0.167,2.953,46,FWD,RUN,0.140,0.414,0.026,0.195,0.564,0.193,2.925,57,0.695,534,2.610,23.6
OK
DATA,MOTOR_BREAKIN_V3,000001,31978,506,510,0.169,0.084,3.120,0.167,2.953,47,FWD,RUN,0.127,0.375,0.040,0.139,0.564,0.193,2.925,57,0.695,534,2.610,23.6
