ACS1_ZERO=512.97
ACS2_ZERO=513.15
READY,FWD

========================================
 Mini4WD MOTOR BREAK-IN DEVICE
 MOTOR_BREAKIN_V3
 Firmware : 3.00
========================================
INFO,TYPE=MOTOR,MODEL=MOTOR_BREAKIN_V3,FW=3.00,ID=000001
DATA,MOTOR_BREAKIN_V3,000001,0,513,513,0.000,0.000,10.308,0.000,10.308,0,FWD,READY,0.000,0.000,0.000,0.000,0.000,0.000,0.000,0,0.000,533,2.605,24.4
DATA,MOTOR_BREAKIN_V3,000001,0,513,512,0.000,0.000,16.214,0.000,16.214,0,FWD,READY,0.000,0.000,0.000,9.361,0.000,0.000,0.000,0,0.000,533,2.605,24.4
DATA,MOTOR_BREAKIN_V3,000001,0,514,514,0.000,0.000,13.762,0.000,13.762,0,FWD,READY,0.000,0.000,0.000,12.342,0.000,0.000,0.000,0,0.000,533,2.605,24.3
DATA,MOTOR_BREAKIN_V3,000001,0,514,513,0.000,0.000,12.899,0.000,12.899,0,FWD,READY,0.000,0.000,0.000,7.021,0.000,0.000,0.000,0,0.000,533,2.605,24.3
DATA,MOTOR_BREAKIN_V3,000001,0,512,513,0.000,0.000,13.790,0.000,13.790,0,FWD,READY,0.000,0.000,0.000,1.867,0.000,0.000,0.000,0,0.000,533,2.605,24.3
DATA,MOTOR_BREAKIN_V3,000001,0,513,514,0.000,0.000,15.100,0.000,15.100,0,FWD,READY,0.000,0.000,0.000,2.368,0.000,0.000,0.000,0,0.000,533,2.605,24.3
DATA,MOTOR_BREAKIN_V3,000001,0,514,513,0.000,0.000,14.097,0.000,14.097,0,FWD,READY,0.000,0.000,0.000,1.309,0.000,0.000,0.000,0,0.000,533,2.605,24.3
DATA,MOTOR_BREAKIN_V3,000001,0,513,513,0.000,0.000,13.957,0.000,13.957,0,FWD,READY,0.000,0.000,0.000,1.950,0.000,0.000,0.000,0,0.000,533,2.605,24.3
DATA,MOTOR_BREAKIN_V3,000001,0,513,513,0.000,0.000,15.044,0.000,15.044,0,FWD,READY,0.000,0.000,0.000,1.783,0.000,0.000,0.000,0,0.000,533,2.605,24.3
DATA,MOTOR_BREAKIN_V3,000001,0,513,512,0.000,0.000,14.264,0.000,14.264,0,FWD,READY,0.000,0.000,0.000,1.114,0.000,0.000,0.000,0,0.000,533,2.605,24.3
DATA,MOTOR_BREAKIN_V3,000001,0,513,514,0.000,0.000,13.902,0.000,13.902,0,FWD,READY,0.000,0.000,0.000,1.532,0.000,0.000,0.000,0,0.000,533,2.605,24.3
DATA,MOTOR_BREAKIN_V3,000001,0,513,514,0.000,0.000,14.877,0.000,14.877,0,FWD,READY,0.000,0.000,0.000,1.365,0.000,0.000,0.000,0,0.000,533,2.605,24.3
DATA,MOTOR_BREAKIN_V3,000001,0,512,514,0.000,0.000,14.236,0.000,14.236,0,FWD,READY,0.000,0.000,0.000,0.780,0.000,0.000,0.000,0,0.000,533,2.605,24.3
DATA,MOTOR_BREAKIN_V3,000001,0,513,513,0.000,0.000,14.125,0.000,14.125,0,FWD,READY,0.000,0.000,0.000,1.727,0.000,0.000,0.000,0,0.000,533,2.605,24.3
DATA,MOTOR_BREAKIN_V3,000001,0,512,514,0.000,0.000,14.738,0.000,14.738,0,FWD,READY,0.000,0.000,0.000,1.644,0.000,0.000,0.000,0,0.000,533,2.605,24.3
DATA,MOTOR_BREAKIN_V3,000001,0,513,514,0.000,0.000,14.292,0.000,14.292,0,FWD,READY,0.000,0.000,0.000,0.724,0.000,0.000,0.000,0,0.000,533,2.605,24.3
DATA,MOTOR_BREAKIN_V3,000001,0,513,513,0.000,0.000,13.930,0.000,13.930,0,FWD,READY,0.000,0.000,0.000,1.421,0.000,0.000,0.000,0,0.000,533,2.605,24.3
DATA,MOTOR_BREAKIN_V3,000001,0,513,514,0.000,0.000,14.543,0.000,14.543,0,FWD,READY,0.000,0.000,0.000,1.282,0.000,0.000,0.000,0,0.000,533,2.605,24.3
DATA,MOTOR_BREAKIN_V3,000001,0,513,514,0.000,0.000,14.292,0.000,14.292,0,FWD,READY,0.000,0.000,0.000,0.418,0.000,0.000,0.000,0,0.000,533,2.605,24.3
DATA,MOTOR_BREAKIN_V3,000001,0,513,513,0.000,0.000,14.069,0.000,14.069,0,FWD,READY,0.000,0.000,0.000,1.142,0.000,0.000,0.000,0,0.000,533,2.605,24.3
DATA,MOTOR_BREAKIN_V3,000001,0,513,513,0.000,0.000,14.459,0.000,14.459,0,FWD,READY,0.000,0.000,0.000,1.059,0.000,0.000,0.000,0,0.000,533,2.605,24.3
DATA,MOTOR_BREAKIN_V3,000001,0,513,513,0.000,0.000,14.264,0.000,14.264,0,FWD,READY,0.000,0.000,0.000,0.808,0.000,0.000,0.000,0,0.000,533,2.605,24.3
DATA,MOTOR_BREAKIN_V3,000001,0,513,514,0.000,0.000,14.626,0.000,14.626,0,FWD,READY,0.000,0.000,0.000,1.031,0.000,0.000,0.000,0,0.000,533,2.605,24.3
DATA,MOTOR_BREAKIN_V3,000001,0,513,514,0.000,0.000,14.431,0.000,14.431,0,FWD,READY,0.000,0.000,0.000,1.031,0.000,0.000,0.000,0,0.000,533,2.605,24.3
DATA,MOTOR_BREAKIN_V3,000001,0,512,513,0.000,0.000,14.180,0.000,14.180,0,FWD,READY,0.000,0.000,0.000,0.474,0.000,0.000,0.000,0,0.000,533,2.605,24.3
DATA,MOTOR_BREAKIN_V3,000001,0,512,514,0.000,0.000,14.821,0.000,140,0.000,533,2.605,24.3
DATA,MOTOR_BREAKIN_V3,000001,217,504,508,0.238,0.141,14.041,0.418,13.623,60,FWD,RUN,0.189,2.579,0.053,0.975,0.000,0.000,0.000,0,0.000,533,2.605,24.3
DATA,MOTOR_BREAKIN_V3,000001,317,504,508,0.238,0.141,14.570,0.306,14.264,60,FWD,RUN,0.189,2.701,0.053,0.752,0.000,0.000,0.000,0,0.189,533,2.605,24.3
DATA,MOTOR_BREAKIN_V3,000001,417,503,507,0.264,0.168,14.041,0.251,13.790,60,FWD,RUN,0.216,2.975,0.040,1.087,0.000,0.000,0.000,0,0.216,533,2.605,24.3
DATA,MOTOR_BREAKIN_V3,000001,517,504,508,0.238,0.141,14.013,0.251,13.762,60,FWD,RUN,0.189,2.606,0.040,1.087,0.000,0.000,0.000,0,0.216,533,2.605,24.3
DATA,MOTOR_BREAKIN_V3,000001,618,504,507,0.238,0.168,14.710,0.251,14.459,60,FWD,RUN,0.203,2.929,0.040,0.836,0.000,0.000,0.000,0,0.216,533,2.605,24.3
DATA,MOTOR_BREAKIN_V3,000001,718,503,508,0.264,0.141,14.125,0.195,13.930,60,FWD,RUN,0.203,2.821,0.026,1.226,0.000,0.000,0.000,0,0.216,533,2.605,24.3
DATA,MOTOR_BREAKIN_V3,000001,818,505,508,0.211,0.141,13.707,0.195,13.512,60,FWD,RUN,0.176,2.380,0.040,1.226,0.000,0.000,0.000,0,0.216,533,2.605,24.3
DATA,MOTOR_BREAKIN_V3,000001,918,504,508,0.238,0.141,15.211,0.167,15.044,60,FWD,RUN,0.189,2.848,0.040,1.532,0.000,0.000,0.000,0,0.216,533,2.605,24.3
DATA,MOTOR_BREAKIN_V3,000001,1018,504,508,0.238,0.141,14.208,0.195,14.013,60,FWD,RUN,0.189,2.653,0.040,1.282,0.000,0.000,0.000,0,0.216,533,2.605,24.3
DATA,MOTOR_BREAKIN_V3,000001,1118,504,508,0.238,0.141,13.762,0.167,13.595,60,FWD,RUN,0.189,2.574,0.040,1.226,0.000,0.000,0.000,0,0.216,533,2.605,24.3
DATA,MOTOR_BREAKIN_V3,000001,1218,505,508,0.211,0.141,14.682,0.139,14.543,60,FWD,RUN,0.176,2.561,0.040,1.087,0.000,0.000,0.000,0,0.216,533,2.605,24.3
DATA,MOTOR_BREAKIN_V3,000001,1318,505,507,0.211,0.168,14.097,0.195,13.902,60,FWD,RUN,0.189,2.632,0.040,1.282,0.000,0.000,0.000,0,0.216,533,2.605,24.3
DATA,MOTOR_BREAKIN_V3,000001,1418,504,508,0.238,0.141,14.960,0.167,14.793,60,FWD,RUN,0.189,2.801,0.026,1.365,0.000,0.000,0.000,0,0.216,533,2.605,24.3
DATA,MOTOR_BREAKIN_V3,000001,1518,503,508,0.264,0.141,14.682,0.167,14.515,60,FWD,RUN,0.203,2.940,0.053,1.421,0.000,0.000,0.000,0,0.216,533,2.605,24.3
DATA,MOTOR_BREAKIN_V3,000001,1618,506,509,0.185,0.115,14.069,0.111,13.957,60,FWD,RUN,0.150,2.089,0.053,1.449,0.000,0.000,0.000,0,0.216,533,2.605,24.3
DATA,MOTOR_BREAKIN_V3,000001,1718,505,508,0.211,0.141,15.072,0.139,14.933,60,FWD,RUN,0.176,2.630,0.040,1.114,0.000,0.000,0.000,0,0.216,533,2.605,24.3
DATA,MOTOR_BREAKIN_V3,000001,1818,504,508,0.238,0.141,14.988,0.139,14.849,60,FWD,RUN,0.189,2.811,0.040,1.477,0.000,0.000,0.000,0,0.216,533,2.605,24.3
DATA,MOTOR_BREAKIN_V3,000001,1918,504,509,0.238,0.115,14.152,0.139,14.013,60,FWD,RUN,0.176,2.468,0.040,1.560,0.000,0.000,0.000,0,0.216,533,2.605,24.3
DATA,MOTOR_BREAKIN_V3,000001,2018,505,509,0.211,0.115,16.047,0.139,15.908,60,FWD,RUN,0.163,2.592,0.066,2.452,0.000,0.000,0.000,0,0.216,533,2.605,24.3
DATA,MOTOR_BREAKIN_V3,000001,2118,505,509,0.211,0.115,14.960,0.139,14.821,60,FWD,RUN,0.163,2.415,0.066,2.173,0.000,0.000,0.000,0,0.216,533,2.605,24.3
DATA,MOTOR_BREAKIN_V3,000001,2218,504,508,0.238,0.141,14.097,0.111,13.985,60,FWD,RUN,0.189,2.648,0.026,2.201,0.000,0.000,0.000,0,0.216,533,2.605,24.3
DATA,MOTOR_BREAKIN_V3,000001,2318,505,508,0.211,0.141,15.350,0.167,15.183,60,FWD,RUN,0.176,2.674,0.026,1.867,0.000,0.000,0.000,0,0.216,533,2.605,24.3
DATA,MOTOR_BREAKIN_V3,000001,2418,505,508,0.211,0.141,14.738,0.139,14.598,60,FWD,RUN,0.176,2.571,0.013,2.034,0.000,0.000,0.000,0,0.216,533,2.605,24.3
DATA,MOTOR_BREAKIN_V3,000001,2518,504,508,0.238,0.141,13.985,0.111,13.874,60,FWD,RUN,0.189,2.627,0.040,2.034,0.000,0.000,0.000,0,0.216,533,2.605,24.3
DATA,MOTOR_BREAKIN_V3,000001,2618,505,509,0.211,0.115,15.852,0.167,15.685,60,FWD,RUN,0.163,2.555,0.040,2.062,0.000,0.000,0.000,0,0.216,533,2.605,24.3
DATA,MOTOR_BREAKIN_V3,000001,2718,505,509,0.211,0.115,14.180,0.139,14.041,60,FWD,RUN,0.163,2.287,0.040,1.867,0.000,0.000,0.000,0,0.216,533,2.605,24.3
DATA,MOTOR_BREAKIN_V3,000001,2818,505,509,0.211,0.115,13.985,0.111,13.874,60,FWD,RUN,0.163,2.260,0.040,2.897,0.000,0.000,0.000,0,0.216,533,2.605,24.3
DATA,MOTOR_BREAKIN_V3,000001,2918,504,509,0.238,0.115,15.518,0.139,15.378,60,FWD,RUN,0.176,2.708,0.040,3.009,0.000,0.000,0.000,0,0.216,533,2.605,24.3
DATA,MOTOR_BREAKIN_V3,000001,3018,506,509,0.185,0.115,14.264,0.139,14.125,60,FWD,RUN,0.150,2.115,0.040,2.006,2.115,0.150,14.125,60,0.216,533,2.605,24.3
DATA,MOTOR_BREAKIN_V3,000001,3118,506,509,0.185,0.115,14.041,0.139,13.902,60,FWD,RUN,0.150,2.081,0.040,2.591,2.625,0.176,14.905,60,0.216,532,2.600,24.3
DATA,MOTOR_BREAKIN_V3,000001,3218,504,508,0.238,0.141,16.019,0.139,15.880,60,FWD,RUN,0.189,3.007,0.053,3.009,3.007,0.189,15.880,60,0.216,533,2.605,24.3
DATA,MOTOR_BREAKIN_V3,000001,3318,505,509,0.211,0.115,15.239,0.084,15.155,60,FWD,RUN,0.163,2.469,0.040,1.449,3.007,0.189,15.880,60,0.216,533,2.605,24.3
DATA,MOTOR_BREAKIN_V3,000001,3418,504,509,0.238,0.115,14.738,0.167,14.570,60,FWD,RUN,0.176,2.566,0.040,2.006,3.007,0.189,15.880,60,0.216,532,2.600,24.3
DATA,MOTOR_BREAKIN_V3,000001,3518,505,508,0.211,0.141,16.103,0.111,15.991,60,FWD,RUN,0.176,2.816,0.040,3.455,3.072,0.176,17.440,60,0.216,533,2.605,24.3
DATA,MOTOR_BREAKIN_V3,000001,3618,505,509,0.211,0.115,15.378,0.139,15.239,60,FWD,RUN,0.163,2.483,0.013,3.204,3.072,0.176,17.440,60,0.216,533,2.605,24.3
DATA,MOTOR_BREAKIN_V3,000001,3717,506,510,0.185,0.088,17.078,0.084,16.994,60,FWD,RUN,0.136,2.320,0.040,5.154,3.184,0.176,18.081,60,0.216,532,2.600,24.3
DATA,MOTOR_BREAKIN_V3,000001,3818,505,509,0.211,0.115,18.610,0.167,18.443,60,FWD,RUN,0.163,3.005,0.066,4.346,3.328,0.189,17.579,60,0.216,533,2.605,24.3
DATA,MOTOR_BREAKIN_V3,000001,3918,505,508,0.211,0.141,16.409,0.223,16.186,60,FWD,RUN,0.176,2.851,0.066,4.346,3.328,0.189,17.579,60,0.216,533,2.605,24.3
DATA,MOTOR_BREAKIN_V3,000001,4018,505,509,0.211,0.115,15.183,0.139,15.044,60,FWD,RUN,0.163,2.451,0.040,3.789,3.328,0.189,17.579,60,0.216,533,2.605,24.3
DATA,MOTOR_BREAKIN_V3,000001,4118,504,509,0.238,0.115,16.743,0.139,16.604,60,FWD,RUN,0.176,2.924,0.053,4.903,3.328,0.189,17.579,60,0.216,533,2.605,24.3
DATA,MOTOR_BREAKIN_V3,000001,4218,504,508,0.238,0.141,19.529,0.139,19.390,60,FWD,RUN,0.189,3.671,0.053,4.820,3.671,0.189,19.390,60,0.216,533,2.605,24.3
DATA,MOTOR_BREAKIN_V3,000001,4318,504,509,0.238,0.115,15.016,0.111,14.905,60,FWD,RUN,0.176,2.625,0.053,4.485,3.671,0.189,19.390,60,0.216,533,2.605,24.3
DATA,MOTOR_BREAKIN_V3,000001,4418,505,509,0.211,0.115,17.245,0.111,17.133,60,FWD,RUN,0.163,2.791,0.040,4.485,3.671,0.189,19.390,60,0.216,533,2.605,24.3
DATA,MOTOR_BREAKIN_V3,000001,4518,505,509,0.211,0.115,17.106,0.167,16.938,60,FWD,RUN,0.163,2.759,0.040,7.188,3.671,0.189,19.390,60,0.216,533,2.605,24.3
DATA,MOTOR_BREAKIN_V3,000001,4618,507,510,0.158,0.088,18.359,0.084,18.276,60,FWD,RUN,0.123,2.253,0.053,5.070,3.671,0.189,19.390,60,0.216,533,2.605,24.3
DATA,MOTOR_BREAKIN_V3,000001,4718,507,510,0.158,0.088,12.397,0.084,12.314,60,FWD,RUN,0.123,1.518,0.053,5.962,3.671,0.189,19.390,60,0.216,533,2.605,24.3
DATA,MOTOR_BREAKIN_V3,000001,4818,507,510,0.158,0.088,15.100,0.056,15.044,60,FWD,RUN,0.123,1.855,0.053,5.293,3.671,0.189,19.390,60,0.216,533,2.605,24.3
DATA,MOTOR_BREAKIN_V3,000001,4918,504,508,0.238,0.141,13.762,0.111,13.651,60,FWD,RUN,0.189,2.585,0.066,6.435,3.671,0.189,19.390,60,0.216,533,2.605,24.3
DATA,MOTOR_BREAKIN_V3,000001,5018,505,508,0.211,0.141,15.016,0.111,14.905,60,FWD,RUN,0.176,2.625,0.066,6.547,3.671,0.189,19.390,60,0.216,533,2.605,24.3
DATA,MOTOR_BREAKIN_V3,000001,5118,505,508,0.211,0.141,17.022,0.111,16.911,60,FWD,RUN,0.176,2.978,0.053,5.516,3.671,0.189,19.390,60,0.216,533,2.605,24.3
DATA,MOTOR_BREAKIN_V3,000001,5218,505,509,0.211,0.115,17.217,0.111,17.106,60,FWD,RUN,0.163,2.787,0.053,3.761,3.671,0.189,19.390,60,0.216,533,2.605,24.3
DATA,MOTOR_BREAKIN_V3,000001,5318,504,509,0.238,0.115,16.799,0.111,16.688,60,FWD,RUN,0.176,2.939,0.092,6.101,3.671,0.189,19.390,60,0.216,533,2.605,24.3
DATA,MOTOR_BREAKIN_V3,000001,5418,507,510,0.158,0.088,20.421,0.056,20.365,60,FWD,RUN,0.123,2.511,0.106,6.101,3.671,0.189,19.390,60,0.216,533,2.605,24.3
DATA,MOTOR_BREAKIN_V3,000001,5518,506,510,0.185,0.088,18.415,0.000,18.415,60,FWD,RUN,0.136,2.514,0.066,4.457,3.671,0.189,19.390,60,0.216,533,2.605,24.3
DATA,MOTOR_BREAKIN_V3,000001,5618,505,509,0.211,0.115,18.666,0.139,18.526,60,FWD,RUN,0.163,3.018,0.092,3.761,3.671,0.189,19.390,60,0.216,533,2.605,24.3
DATA,MOTOR_BREAKIN_V3,000001,5718,505,509,0.211,0.115,16.716,0.167,16.548,60,FWD,RUN,0.163,2.696,0.092,5.098,3.671,0.189,19.390,60,0.216,533,2.605,24.3
DATA,MOTOR_BREAKIN_V3,000001,5818,505,508,0.211,0.141,16.047,0.056,15.991,60,FWD,RUN,0.176,2.816,0.040,5.098,3.671,0.189,19.390,60,0.216,533,2.605,24.3
DATA,MOTOR_BREAKIN_V3,000001,5918,505,508,0.211,0.141,19.418,0.139,19.279,60,FWD,RUN,0.176,3.395,0.079,3.566,3.671,0.189,19.390,60,0.216,533,2.605,24.3
DATA,MOTOR_BREAKIN_V3,000001,6018,506,509,0.185,0.115,17.022,0.084,16.938,60,FWD,RUN,0.150,2.536,0.079,3.566,3.671,0.189,19.390,60,0.216,533,2.605,24.3
DATA,MOTOR_BREAKIN_V3,000001,6118,505,509,0.211,0.115,17.579,0.139,17.440,60,FWD,RUN,0.163,2.841,0.053,4.652,3.856,0.189,20.365,60,0.216,533,2.605,24.3
DATA,MOTOR_BREAKIN_V3,000001,6218,506,510,0.185,0.088,15.685,0.000,15.685,60,FWD,RUN,0.136,2.141,0.053,4.680,3.856,0.189,20.365,60,0.216,533,2.605,24.3
DATA,MOTOR_BREAKIN_V3,000001,6318,505,509,0.211,0.115,21.619,0.111,21.507,60,FWD,RUN,0.163,3.504,0.066,6.073,3.856,0.189,20.365,60,0.216,533,2.605,24.3
DATA,MOTOR_BREAKIN_V3,000001,6418,505,509,0.211,0.115,16.911,0.111,16.799,60,FWD,RUN,0.163,2.737,0.066,5.600,3.856,0.189,20.365,60,0.216,533,2.605,24.3
DATA,MOTOR_BREAKIN_V3,000001,6518,505,509,0.211,0.115,15.768,0.056,15.713,60,FWD,RUN,0.163,2.560,0.066,3.566,3.856,0.189,20.365,60,0.216,533,2.605,24.3
DATA,MOTOR_BREAKIN_V3,000001,6618,505,509,0.211,0.115,20.950,0.111,20.839,60,FWD,RUN,0.163,3.395,0.066,5.349,3.856,0.189,20.365,60,0.216,533,2.605,24.3
DATA,MOTOR_BREAKIN_V3,000001,6718,505,509,0.211,0.115,16.771,0.084,16.688,60,FWD,RUN,0.163,2.719,0.066,6.101,3.856,0.189,20.365,60,0.216,533,2.605,24.3
DATA,MOTOR_BREAKIN_V3,000001,6818,504,509,0.238,0.115,18.359,0.111,18.248,60,FWD,RUN,0.176,3.214,0.026,6.101,3.856,0.189,20.365,60,0.216,533,2.605,24.3
DATA,MOTOR_BREAKIN_V3,000001,6917,508,510,0.132,0.088,19.947,0.084,19.864,60,FWD,RUN,0.110,2.186,0.066,4.848,3.856,0.189,20.365,60,0.216,533,2.605,24.3
DATA,MOTOR_BREAKIN_V3,000001,7018,506,508,0.185,0.141,20.421,0.139,20.282,60,FWD,RUN,0.163,3.304,0.066,5.850,3.856,0.189,20.365,60,0.216,533,2.605,24.3
DATA,MOTOR_BREAKIN_V3,000001,7118,505,509,0.211,0.115,16.743,0.139,16.604,60,FWD,RUN,0.163,2.705,0.079,5.850,3.856,0.189,20.365,60,0.216,533,2.605,24.3
DATA,MOTOR_BREAKIN_V3,000001,7218,505,509,0.211,0.115,16.576,0.111,16.465,60,FWD,RUN,0.163,2.682,0.066,4.402,3.856,0.189,20.365,60,0.216,533,2.605,24.3
DATA,MOTOR_BREAKIN_V3,000001,7318,507,510,0.158,0.088,18.304,0.111,18.192,60,FWD,RUN,0.123,2.243,0.053,6.658,3.856,0.189,20.365,60,0.216,533,2.605,24.3
DATA,MOTOR_BREAKIN_V3,000001,7418,506,509,0.185,0.115,19.864,0.084,19.780,60,FWD,RUN,0.150,2.961,0.066,3.984,3.856,0.189,20.365,60,0.216,533,2.605,24.3
DATA,MOTOR_BREAKIN_V3,000001,7518,505,508,0.211,0.141,18.972,0.223,18.749,60,FWD,RUN,0.176,3.302,0.066,3.984,3.856,0.189,20.365,60,0.216,533,2.605,24.3
DATA,MOTOR_BREAKIN_V3,000001,7618,505,509,0.211,0.115,19.279,0.167,19.111,60,FWD,RUN,0.163,3.113,0.066,5.293,3.856,0.189,20.365,60,0.216,533,2.605,24.3
DATA,MOTOR_BREAKIN_V3,000001,7718,508,510,0.132,0.088,19.418,0.000,19.418,60,FWD,RUN,0.110,2.137,0.079,5.600,3.856,0.189,20.365,60,0.216,533,2.605,24.3
DATA,MOTOR_BREAKIN_V3,000001,7818,505,509,0.211,0.115,17.551,0.139,17.412,60,FWD,RUN,0.163,2.837,0.079,4.207,3.856,0.189,20.365,60,0.216,533,2.605,24.3
DATA,MOTOR_BREAKIN_V3,000001,7918,505,508,0.211,0.141,19.306,0.084,19.223,60,FWD,RUN,0.176,3.386,0.066,3.455,3.856,0.189,20.365,60,0.216,533,2.605,24.3
DATA,MOTOR_BREAKIN_V3,000001,8018,507,509,0.158,0.115,20.365,0.111,20.254,60,FWD,RUN,0.136,2.764,0.092,4.430,3.856,0.189,20.365,60,0.216,533,2.605,24.3
DATA,MOTOR_BREAKIN_V3,000001,8118,505,508,0.211,0.141,15.685,0.418,15.267,60,FWD,RUN,0.176,2.689,0.092,4.987,3.856,0.189,20.365,60,0.216,533,2.605,24.3
DATA,MOTOR_BREAKIN_V3,000001,8218,505,508,0.211,0.141,17.663,0.056,17.607,60,FWD,RUN,0.176,3.101,0.053,6.463,3.856,0.189,20.365,60,0.216,533,2.605,24.3
DATA,MOTOR_BREAKIN_V3,000001,8318,507,510,0.158,0.088,16.966,0.000,16.966,60,FWD,RUN,0.123,2.092,0.079,6.463,3.856,0.189,20.365,60,0.216,533,2.605,24.3
DATA,MOTOR_BREAKIN_V3,000001,8418,505,509,0.211,0.115,16.604,0.223,16.381,60,FWD,RUN,0.163,2.669,0.066,6.157,3.856,0.189,20.365,60,0.216,533,2.605,24.3
DATA,MOTOR_BREAKIN_V3,000001,8518,505,509,0.211,0.115,16.604,0.139,16.465,60,FWD,RUN,0.163,2.682,0.053,4.931,3.856,0.189,20.365,60,0.216,533,2.605,24.3
DATA,MOTOR_BREAKIN_V3,000001,8618,505,509,0.211,0.115,19.111,0.139,18.972,60,FWD,RUN,0.163,3.091,0.053,7.438,3.856,0.189,20.365,60,0.216,533,2.605,24.3
DATA,MOTOR_BREAKIN_V3,000001,8718,505,510,0.211,0.088,14.403,0.111,14.292,60,FWD,RUN,0.150,2.140,0.040,7.438,3.856,0.189,20.365,60,0.216,533,2.605,24.3
DATA,MOTOR_BREAKIN_V3,000001,8818,505,509,0.211,0.115,15.852,0.167,15.685,60,FWD,RUN,0.163,2.555,0.013,4.792,3.856,0.189,20.365,60,0.216,533,2.605,24.3
DATA,MOTOR_BREAKIN_V3,000001,8918,506,509,0.185,0.115,15.768,0.167,15.601,60,FWD,RUN,0.150,2.336,0.040,6.073,3.856,0.189,20.365,60,0.216,533,2.605,24.3
DATA,MOTOR_BREAKIN_V3,000001,9018,505,509,0.211,0.115,13.289,0.251,13.038,60,FWD,RUN,0.163,2.124,0.040,5.795,3.856,0.189,20.365,60,0.216,533,2.605,24.3
DATA,MOTOR_BREAKIN_V3,000001,9118,505,508,0.211,0.141,14.765,0.139,14.626,60,FWD,RUN,0.176,2.576,0.053,5.377,3.856,0.189,20.365,60,0.216,533,2.605,24.3
DATA,MOTOR_BREAKIN_V3,000001,9218,505,509,0.211,0.115,16.242,0.334,15.908,60,FWD,RUN,0.163,2.592,0.053,6.658,3.856,0.189,20.365,60,0.216,533,2.605,24.3
DATA,MOTOR_BREAKIN_V3,000001,9318,507,509,0.158,0.115,15.908,0.084,15.824,60,FWD,RUN,0.136,2.160,0.053,3.761,3.856,0.189,20.365,60,0.216,533,2.605,24.3
DATA,MOTOR_BREAKIN_V3,000001,9418,506,509,0.185,0.115,15.935,0.195,15.740,60,FWD,RUN,0.150,2.356,0.066,2.814,3.856,0.189,20.365,60,0.216,533,2.605,24.3
DATA,MOTOR_BREAKIN_V3,000001,9518,505,509,0.211,0.115,14.013,0.501,13.512,60,FWD,RUN,0.163,2.201,0.066,2.730,3.856,0.189,20.365,60,0.216,533,2.605,24.3
DATA,MOTOR_BREAKIN_V3,000001,9618,506,509,0.185,0.115,14.960,0.084,14.877,60,FWD,RUN,0.150,2.227,0.026,2.730,3.856,0.189,20.365,60,0.216,533,2.605,24.3
DATA,MOTOR_BREAKIN_V3,000001,9718,504,508,0.238,0.141,14.459,0.251,14.208,60,FWD,RUN,0.189,2.690,0.053,2.257,3.856,0.189,20.365,60,0.216,533,2.605,24.3
DATA,MOTOR_BREAKIN_V3,000001,9818,506,509,0.185,0.115,13.707,0.084,13.623,60,FWD,RUN,0.150,2.039,0.066,3.566,3.856,0.189,20.365,60,0.216,533,2.605,24.3
DATA,MOTOR_BREAKIN_V3,000001,9918,506,509,0.185,0.115,12.955,0.056,12.899,60,FWD,RUN,0.150,1.931,0.053,4.764,3.856,0.189,20.365,60,0.216,533,2.605,24.3
DATA,MOTOR_BREAKIN_V3,000001,10018,505,509,0.211,0.115,13.289,0.028,13.261,60,FWD,RUN,0.163,2.160,0.053,2.507,3.856,0.189,20.365,60,0.216,533,2.605,24.3
DATA,MOTOR_BREAKIN_V3,000001,10117,505,508,0.211,0.141,13.818,0.223,13.595,60,FWD,RUN,0.176,2.394,0.053,6.603,3.856,0.189,20.365,60,0.216,533,2.605,24.3
DATA,MOTOR_BREAKIN_V3,000001,10218,507,510,0.158,0.088,13.372,0.056,13.317,60,FWD,RUN,0.123,1.642,0.053,6.324,3.856,0.189,20.365,60,0.216,533,2.605,24.3
DATA,MOTOR_BREAKIN_V3,000001,10318,506,509,0.185,0.115,11.172,0.139,11.032,60,FWD,RUN,0.150,1.652,0.053,3.733,3.856,0.189,20.365,60,0.216,533,2.605,24.3
DATA,MOTOR_BREAKIN_V3,000001,10418,506,509,0.185,0.115,13.205,0.529,12.676,60,FWD,RUN,0.150,1.898,0.040,5.795,3.856,0.189,20.365,60,0.216,533,2.605,24.3
DATA,MOTOR_BREAKIN_V3,000001,10518,505,509,0.211,0.115,9.779,0.139,9.639,60,FWD,RUN,0.163,1.570,0.026,5.070,3.856,0.189,20.365,60,0.216,533,2.605,24.3
DATA,MOTOR_BREAKIN_V3,000001,10618,505,509,0.211,0.115,11.339,0.167,11.172,60,FWD,RUN,0.163,1.820,0.026,3.204,3.856,0.189,20.365,60,0.216,533,2.605,24.3
DATA,MOTOR_BREAKIN_V3,000001,10718,504,509,0.238,0.115,11.840,0.111,11.729,60,FWD,RUN,0.176,2.066,0.053,3.984,3.856,0.189,20.365,60,0.216,533,2.605,24.3
DATA,MOTOR_BREAKIN_V3,000001,10818,508,510,0.132,0.088,14.543,0.056,14.487,60,FWD,RUN,0.110,1.595,0.079,5.516,3.856,0.189,20.365,60,0.216,533,2.605,24.3
DATA,MOTOR_BREAKIN_V3,000001,10918,504,509,0.238,0.115,13.010,0.139,12.871,60,FWD,RUN,0.176,2.267,0.066,5.516,3.856,0.189,20.365,60,0.216,533,2.605,24.3
DATA,MOTOR_BREAKIN_V3,000001,11018,507,509,0.158,0.115,13.874,0.000,13.874,60,FWD,RUN,0.136,1.894,0.079,3.928,3.856,0.189,20.365,60,0.216,533,2.605,24.3
DATA,MOTOR_BREAKIN_V3,000001,11118,505,509,0.211,0.115,14.264,0.028,14.236,60,FWD,RUN,0.163,2.319,0.079,6.352,3.856,0.189,20.365,60,0.216,533,2.605,24.3
DATA,MOTOR_BREAKIN_V3,000001,11218,506,508,0.185,0.141,14.403,0.251,14.152,60,FWD,RUN,0.163,2.306,0.040,6.352,3.856,0.189,20.365,60,0.216,533,2.605,24.3
DATA,MOTOR_BREAKIN_V3,000001,11318,505,509,0.211,0.115,13.289,0.056,13.233,60,FWD,RUN,0.163,2.156,0.040,4.987,3.856,0.189,20.365,60,0.216,533,2.605,24.3
DATA,MOTOR_BREAKIN_V3,000001,11411,510,512,0.079,0.000,11.784,0.056,11.729,60,FWD,RUN,0.040,0.464,0.137,4.040,3.856,0.189,20.365,60,0.216,533,2.605,24.3
DATA,MOTOR_BREAKIN_V3,000001,1046228115,499,464,0.370,1.304,10.559,0.501,10.057,60,FWD,RUN,0.837,8.414,0.797,3.845,8.414,0.837,10.057,60,0.837,533,2.605,24.3
DATA,MOTOR_BREAKIN_V3,000001,1046228403,505,509,0.211,0.115,8.636,0.139,8.497,60,FWD,RUN,0.163,1.384,0.797,7.912,8.414,0.837,10.057,60,0.837,533,2.605,24.3
DATA,MOTOR_BREAKIN_V3,000001,1046228504,504,509,0.238,0.115,23.290,0.084,23.207,60,FWD,RUN,0.176,4.087,0.766,17.579,8.414,0.837,10.057,60,0.837,533,2.605,24.3
DATA,MOTOR_BREAKIN_V3,000001,1046228604,505,509,0.211,0.115,16.855,0.056,16.799,60,FWD,RUN,0.163,2.737,0.343,9.946,8.414,0.837,10.057,60,0.837,533,2.605,24.3
DATA,MOTOR_BREAKIN_V3,000001,1046228667,510,512,0.079,0.000,12.537,0.139,12.397,60,FWD,RUN,0.040,0.490,1.154,10.809,18.118,1.193,15.183,60,1.193,533,2.605,24.3
DATA,MOTOR_BREAKIN_V3,000001,1041772219,475,494,1.004,0.511,12.453,0.139,12.314,60,FWD,RUN,0.757,9.326,1.154,8.107,18.118,1.193,15.183,60,1.193,533,2.605,24.3
DATA,MOTOR_BREAKIN_V3,000001,1041772287,505,509,0.211,0.115,7.271,0.111,7.160,60,FWD,RUN,0.163,1.166,1.154,13.177,18.118,1.193,15.183,60,1.193,533,2.605,24.3
DATA,MOTOR_BREAKIN_V3,000001,1041772387,510,512,0.079,0.000,17.774,0.000,17.774,60,FWD,RUN,0.040,0.703,1.233,12.982,23.434,1.273,18.415,60,1.273,533,2.605,24.3
DATA,MOTOR_BREAKIN_V3,000001,1041772487,504,509,0.238,0.115,19.947,0.139,19.808,60,FWD,RUN,0.176,3.489,1.233,2.674,23.434,1.273,18.415,60,1.273,533,2.605,24.3
DATA,MOTOR_BREAKIN_V3,000001,1041772587,505,508,0.211,0.141,16.883,0.056,16.827,60,FWD,RUN,0.176,2.964,0.137,4.764,23.434,1.273,18.415,60,1.273,533,2.605,24.3
DATA,MOTOR_BREAKIN_V3,000001,1041772687,505,509,0.211,0.115,19.975,0.223,19.752,60,FWD,RUN,0.163,3.218,0.238,7.355,23.434,1.273,18.415,60,1.273,533,2.605,24.3
DATA,MOTOR_BREAKIN_V3,000001,1041772787,505,509,0.211,0.115,20.727,0.111,20.616,60,FWD,RUN,0.163,3.359,0.238,6.630,23.434,1.273,18.415,60,1.273,533,2.605,24.3
DATA,MOTOR_BREAKIN_V3,000001,1041772887,506,509,0.185,0.115,19.891,0.111,19.780,60,FWD,RUN,0.150,2.961,0.066,6.714,23.434,1.273,18.415,60,1.273,533,2.605,24.3
DATA,MOTOR_BREAKIN_V3,000001,1041772987,504,509,0.238,0.115,18.526,0.279,18.248,60,FWD,RUN,0.176,3.214,0.066,6.714,23.434,1.273,18.415,60,1.273,533,2.605,24.3
DATA,MOTOR_BREAKIN_V3,000001,1041773087,506,509,0.185,0.115,16.827,0.446,16.381,60,FWD,RUN,0.150,2.452,0.079,4.931,23.434,1.273,18.415,60,1.273,533,2.605,24.3
DATA,MOTOR_BREAKIN_V3,000001,1041773187,505,508,0.211,0.141,21.786,0.111,21.674,60,FWD,RUN,0.176,3.817,0.092,6.380,23.434,1.273,18.415,60,1.273,533,2.605,24.3
DATA,MOTOR_BREAKIN_V3,000001,1041773288,505,509,0.211,0.115,18.081,0.084,17.997,60,FWD,RUN,0.163,2.932,0.150,6.686,23.434,1.273,18.415,60,1.273,533,2.605,24.3
DATA,MOTOR_BREAKIN_V3,000001,1041773388,505,509,0.211,0.115,22.510,0.139,22.371,60,FWD,RUN,0.163,3.645,0.137,7.104,23.434,1.273,18.415,60,1.273,533,2.605,24.3
DATA,MOTOR_BREAKIN_V3,000001,1041773488,505,508,0.211,0.141,15.239,0.111,15.128,60,FWD,RUN,0.176,2.664,0.357,7.243,23.434,1.273,18.415,60,1.273,533,2.605,24.3
DATA,MOTOR_BREAKIN_V3,000001,1041773588,506,509,0.185,0.115,20.365,0.139,20.226,60,FWD,RUN,0.150,3.028,0.357,5.711,23.434,1.273,18.415,60,1.273,533,2.605,24.3
DATA,MOTOR_BREAKIN_V3,000001,1041773688,505,508,0.211,0.141,21.702,0.111,21.591,60,FWD,RUN,0.176,3.803,0.053,5.767,23.434,1.273,18.415,60,1.273,533,2.605,24.3
DATA,MOTOR_BREAKIN_V3,000001,1041773788,508,511,0.132,0.062,16.381,0.000,16.381,60,FWD,RUN,0.097,1.587,0.357,5.210,23.434,1.273,18.415,60,1.273,533,2.605,24.3
DATA,MOTOR_BREAKIN_V3,000001,1041773888,505,509,0.211,0.115,19.195,0.111,19.084,60,FWD,RUN,0.163,3.109,0.357,4.903,23.434,1.273,18.415,60,1.273,532,2.600,24.3
DATA,MOTOR_BREAKIN_V3,000001,1041773988,505,508,0.211,0.141,18.777,0.111,18.666,60,FWD,RUN,0.176,3.287,0.079,3.037,23.434,1.273,18.415,60,1.273,533,2.605,24.3
DATA,MOTOR_BREAKIN_V3,000001,1041774088,509,511,0.105,0.062,16.660,0.028,16.632,60,FWD,RUN,0.084,1.391,0.211,8.051,23.434,1.273,18.415,60,1.273,533,2.605,24.3
DATA,MOTOR_BREAKIN_V3,000001,1041774188,505,509,0.211,0.115,15.545,0.111,15.434,60,FWD,RUN,0.163,2.514,0.211,8.859,23.434,1.273,18.415,60,1.273,533,2.605,24.3
DATA,MOTOR_BREAKIN_V3,000001,1041774288,506,509,0.185,0.115,17.913,0.084,17.830,60,FWD,RUN,0.150,2.669,0.040,6.714,23.434,1.273,18.415,60,1.273,533,2.605,24.3
DATA,MOTOR_BREAKIN_V3,000001,1041774388,505,508,0.211,0.141,17.022,0.111,16.911,60,FWD,RUN,0.176,2.978,0.317,5.934,23.434,1.273,18.415,60,1.273,533,2.605,24.3
DATA,MOTOR_BREAKIN_V3,000001,1041774488,506,510,0.185,0.088,15.295,0.084,15.211,60,FWD,RUN,0.136,2.076,0.304,6.435,23.434,1.273,18.415,60,1.273,532,2.600,24.3
DATA,MOTOR_BREAKIN_V3,000001,1041774588,506,509,0.185,0.115,14.849,0.084,14.765,60,FWD,RUN,0.150,2.210,0.053,7.132,23.434,1.273,18.415,60,1.273,533,2.605,24.3
DATA,MOTOR_BREAKIN_V3,000001,1041774688,504,509,0.238,0.115,13.567,0.084,13.484,60,FWD,RUN,0.176,2.375,0.304,5.990,23.434,1.273,18.415,60,1.273,533,2.605,24.3
DATA,MOTOR_BREAKIN_V3,000001,1041774788,505,508,0.211,0.141,12.732,0.139,12.592,60,FWD,RUN,0.176,2.218,0.304,4.875,23.434,1.273,18.415,60,1.273,533,2.605,24.3
DATA,MOTOR_BREAKIN_V3,000001,1041774888,505,509,0.211,0.115,15.044,0.084,14.960,60,FWD,RUN,0.163,2.437,0.053,5.210,23.434,1.273,18.415,60,1.273,533,2.605,24.3
DATA,MOTOR_BREAKIN_V3,000001,1041774988,505,509,0.211,0.115,10.336,0.111,10.224,60,FWD,RUN,0.163,1.666,0.066,7.494,23.434,1.273,18.415,60,1.273,533,2.605,24.3
DATA,MOTOR_BREAKIN_V3,000001,1041775088,507,510,0.158,0.088,15.908,0.056,15.852,60,FWD,RUN,0.123,1.954,0.163,7.494,23.434,1.273,18.415,60,1.273,533,2.605,24.3
DATA,MOTOR_BREAKIN_V3,000001,1041775188,505,508,0.211,0.141,14.543,0.028,14.515,60,FWD,RUN,0.176,2.556,0.137,4.430,23.434,1.273,18.415,60,1.273,533,2.605,24.3
DATA,MOTOR_BREAKIN_V3,000001,1041775288,505,509,0.211,0.115,9.082,0.139,8.943,60,FWD,RUN,0.163,1.457,0.401,7.494,23.434,1.273,18.415,60,1.273,533,2.605,24.3
DATA,MOTOR_BREAKIN_V3,000001,1041775388,506,510,0.185,0.088,12.509,0.139,12.370,60,FWD,RUN,0.136,1.688,0.304,5.572,23.434,1.273,18.415,60,1.273,533,2.605,24.3
DATA,MOTOR_BREAKIN_V3,000001,1041775488,506,509,0.185,0.115,12.314,0.279,12.035,60,FWD,RUN,0.150,1.802,0.026,4.346,23.434,1.273,18.415,60,1.273,533,2.605,24.3
DATA,MOTOR_BREAKIN_V3,000001,1041775588,504,509,0.238,0.115,12.955,0.139,12.815,60,FWD,RUN,0.176,2.257,0.277,4.346,23.434,1.273,18.415,60,1.273,533,2.605,24.3
DATA,MOTOR_BREAKIN_V3,000001,1041775688,504,509,0.238,0.115,14.375,0.446,13.930,60,FWD,RUN,0.176,2.453,0.277,1.922,23.434,1.273,18.415,60,1.273,533,2.605,24.3
DATA,MOTOR_BREAKIN_V3,000001,1041775788,505,509,0.211,0.115,12.453,0.111,12.342,60,FWD,RUN,0.163,2.011,0.040,4.457,23.434,1.273,18.415,60,1.273,533,2.605,24.3
DATA,MOTOR_BREAKIN_V3,000001,1041775888,506,509,0.185,0.115,12.704,0.139,12.565,60,FWD,RUN,0.150,1.881,0.291,4.457,23.434,1.273,18.415,60,1.273,533,2.605,24.3
DATA,MOTOR_BREAKIN_V3,000001,1041775988,505,509,0.211,0.115,13.372,0.223,13.150,60,FWD,RUN,0.163,2.142,0.304,2.925,23.434,1.273,18.415,60,1.273,533,2.605,24.3
DATA,MOTOR_BREAKIN_V3,000001,1041776088,506,508,0.185,0.141,12.035,0.111,11.924,60,FWD,RUN,0.163,1.943,0.291,3.928,23.434,1.273,18.415,60,1.273,533,2.605,24.3
DATA,MOTOR_BREAKIN_V3,000001,1041776188,505,509,0.211,0.115,12.314,0.084,12.230,60,FWD,RUN,0.163,1.992,0.277,3.287,23.434,1.273,18.415,60,1.273,533,2.605,24.3
DATA,MOTOR_BREAKIN_V3,000001,1041776288,505,508,0.211,0.141,10.057,0.111,9.946,60,FWD,RUN,0.176,1.752,0.277,3.566,23.434,1.273,18.415,60,1.273,533,2.605,24.3
DATA,MOTOR_BREAKIN_V3,000001,1041776387,505,509,0.211,0.115,12.258,0.111,12.147,60,FWD,RUN,0.163,1.979,0.951,3.510,23.434,1.273,18.415,60,1.273,533,2.605,24.3
DATA,MOTOR_BREAKIN_V3,000001,1041776488,506,510,0.185,0.088,13.540,0.000,13.540,60,FWD,RUN,0.136,1.848,0.978,3.315,23.434,1.273,18.415,60,1.273,533,2.605,24.3
DATA,MOTOR_BREAKIN_V3,000001,1041776588,505,510,0.211,0.088,12.565,0.111,12.453,60,FWD,RUN,0.150,1.864,0.079,2.897,23.434,1.273,18.415,60,1.273,533,2.605,24.3
DATA,MOTOR_BREAKIN_V3,000001,1041776688,509,511,0.105,0.062,14.459,0.000,14.459,60,FWD,RUN,0.084,1.210,0.370,6.965,23.434,1.273,18.415,60,1.273,533,2.605,24.3
DATA,MOTOR_BREAKIN_V3,000001,1041776788,505,509,0.211,0.115,11.255,0.111,11.144,60,FWD,RUN,0.163,1.815,0.370,6.965,23.434,1.273,18.415,60,1.273,533,2.605,24.3
DATA,MOTOR_BREAKIN_V3,000001,1041776888,506,509,0.185,0.115,11.701,0.139,11.562,60,FWD,RUN,0.150,1.731,0.066,5.210,23.434,1.273,18.415,60,1.273,533,2.605,24.3
DATA,MOTOR_BREAKIN_V3,000001,1041776988,505,509,0.211,0.115,10.754,0.111,10.642,60,FWD,RUN,0.163,1.734,0.238,4.346,23.434,1.273,18.415,60,1.273,533,2.605,24.3
DATA,MOTOR_BREAKIN_V3,000001,1041777088,505,509,0.211,0.115,13.150,0.056,13.094,60,FWD,RUN,0.163,2.133,0.251,4.262,23.434,1.273,18.415,60,1.273,533,2.605,24.3
DATA,MOTOR_BREAKIN_V3,000001,1041777188,505,509,0.211,0.115,7.048,0.111,6.937,60,FWD,RUN,0.163,1.130,0.123,6.491,23.434,1.273,18.415,60,1.273,533,2.605,24.3
DATA,MOTOR_BREAKIN_V3,000001,1041777288,505,508,0.211,0.141,12.815,0.139,12.676,60,FWD,RUN,0.176,2.233,0.942,6.491,23.434,1.273,18.415,60,1.273,533,2.605,24.3
DATA,MOTOR_BREAKIN_V3,000001,1041777388,507,511,0.158,0.062,13.456,0.000,13.456,60,FWD,RUN,0.110,1.481,0.942,5.850,23.434,1.273,18.415,60,1.273,533,2.605,24.3
DATA,MOTOR_BREAKIN_V3,000001,1041777488,505,510,0.211,0.088,12.091,0.195,11.896,60,FWD,RUN,0.150,1.781,0.066,5.043,23.434,1.273,18.415,60,1.273,533,2.605,24.3
DATA,MOTOR_BREAKIN_V3,000001,1041777588,505,509,0.211,0.115,12.927,0.139,12.787,60,FWD,RUN,0.163,2.083,0.304,3.705,23.434,1.273,18.415,60,1.273,533,2.605,24.3
DATA,MOTOR_BREAKIN_V3,000001,1041777688,504,508,0.238,0.141,13.651,0.139,13.512,60,FWD,RUN,0.189,2.558,0.388,1.644,23.434,1.273,18.415,60,1.273,533,2.605,24.3
DATA,MOTOR_BREAKIN_V3,000001,1041777788,505,508,0.211,0.141,9.082,0.139,8.943,60,FWD,RUN,0.176,1.575,0.150,4.764,23.434,1.273,18.415,60,1.273,533,2.605,24.3
DATA,MOTOR_BREAKIN_V3,000001,1041777888,505,508,0.211,0.141,11.422,0.111,11.311,60,FWD,RUN,0.176,1.992,1.004,4.402,23.434,1.273,18.415,60,1.273,533,2.605,24.3
DATA,MOTOR_BREAKIN_V3,000001,1041777988,504,510,0.238,0.088,9.890,0.139,9.751,60,FWD,RUN,0.163,1.589,1.004,2.647,23.434,1.273,18.415,60,1.273,533,2.605,24.3
DATA,MOTOR_BREAKIN_V3,000001,1041778088,505,509,0.211,0.115,12.899,0.084,12.815,60,FWD,RUN,0.163,2.088,0.026,3.065,23.434,1.273,18.415,60,1.273,533,2.605,24.3
DATA,MOTOR_BREAKIN_V3,000001,1041778188,505,509,0.211,0.115,9.249,0.111,9.138,60,FWD,RUN,0.163,1.489,0.277,3.677,23.434,1.273,18.415,60,1.273,533,2.605,24.3
DATA,MOTOR_BREAKIN_V3,000001,1041778288,504,508,0.238,0.141,12.509,0.111,12.397,60,FWD,RUN,0.189,2.347,0.304,4.151,23.434,1.273,18.415,60,1.273,533,2.605,24.3
DATA,MOTOR_BREAKIN_V3,000001,1041778388,506,509,0.185,0.115,13.066,0.111,12.955,60,FWD,RUN,0.150,1.939,0.066,4.430,23.434,1.273,18.415,60,1.273,533,2.605,24.3
DATA,MOTOR_BREAKIN_V3,000001,1041778488,504,509,0.238,0.115,12.230,0.111,12.119,60,FWD,RUN,0.176,2.134,0.277,1.142,23.434,1.273,18.415,60,1.273,533,2.605,24.3
DATA,MOTOR_BREAKIN_V3,000001,1041778588,506,510,0.185,0.088,13.261,0.111,13.150,60,FWD,RUN,0.136,1.795,0.277,1.170,23.434,1.273,18.415,60,1.273,533,2.605,24.3
DATA,MOTOR_BREAKIN_V3,000001,1041778688,505,509,0.211,0.115,12.258,0.056,12.202,60,FWD,RUN,0.163,1.988,0.040,1.226,23.434,1.273,18.415,60,1.273,533,2.605,24.3
DATA,MOTOR_BREAKIN_V3,000001,1041778788,505,509,0.211,0.115,8.191,0.111,8.079,60,FWD,RUN,0.163,1.316,0.291,5.934,23.434,1.273,18.415,60,1.273,533,2.605,24.3
DATA,MOTOR_BREAKIN_V3,000001,1041778888,505,508,0.211,0.141,11.283,0.139,11.144,60,FWD,RUN,0.176,1.963,0.304,4.680,23.434,1.273,18.415,60,1.273,533,2.605,24.3
DATA,MOTOR_BREAKIN_V3,000001,1041778988,505,509,0.211,0.115,9.723,0.084,9.639,60,FWD,RUN,0.163,1.570,0.066,3.733,23.434,1.273,18.415,60,1.273,534,2.610,24.3
DATA,MOTOR_BREAKIN_V3,000001,1041779088,505,509,0.211,0.115,10.364,0.084,10.280,60,FWD,RUN,0.163,1.675,0.832,3.120,23.434,1.273,18.415,60,1.273,533,2.605,24.3
DATA,MOTOR_BREAKIN_V3,000001,1041779188,506,511,0.185,0.062,9.305,0.084,9.221,60,FWD,RUN,0.123,1.137,0.819,3.928,23.434,1.273,18.415,60,1.273,533,2.605,24.3
DATA,MOTOR_BREAKIN_V3,000001,1041779288,505,509,0.211,0.115,12.007,0.139,11.868,60,FWD,RUN,0.163,1.933,0.687,6.491,23.434,1.273,18.415,60,1.273,533,2.605,24.3
DATA,MOTOR_BREAKIN_V3,000001,1041779388,507,510,0.158,0.088,11.172,0.056,11.116,60,FWD,RUN,0.123,1.370,0.687,6.435,23.434,1.273,18.415,60,1.273,533,2.605,24.3
DATA,MOTOR_BREAKIN_V3,000001,1041779488,504,509,0.238,0.115,10.252,0.167,10.085,60,FWD,RUN,0.176,1.776,0.343,5.210,23.434,1.273,18.415,60,1.273,533,2.605,24.3
DATA,MOTOR_BREAKIN_V3,000001,1041779587,505,508,0.211,0.141,8.358,0.111,8.246,60,FWD,RUN,0.176,1.452,0.370,5.154,23.434,1.273,18.415,60,1.273,533,2.605,24.3
DATA,MOTOR_BREAKIN_V3,000001,1041779688,505,509,0.211,0.115,9.611,0.111,9.500,60,FWD,RUN,0.163,1.548,0.357,5.265,23.434,1.273,18.415,60,1.273,533,2.605,24.3
DATA,MOTOR_BREAKIN_V3,000001,1041779788,505,510,0.211,0.088,12.453,0.139,12.314,60,FWD,RUN,0.150,1.843,0.150,4.903,23.434,1.273,18.415,60,1.273,533,2.605,24.3
DATA,MOTOR_BREAKIN_V3,000001,1041779888,506,509,0.185,0.115,11.896,0.111,11.784,60,FWD,RUN,0.150,1.764,0.203,3.065,23.434,1.273,18.415,60,1.273,533,2.605,24.3
DATA,MOTOR_BREAKIN_V3,000001,1041779988,506,509,0.185,0.115,12.370,0.056,12.314,60,FWD,RUN,0.150,1.843,0.189,4.123,23.434,1.273,18.415,60,1.273,533,2.605,24.3
DATA,MOTOR_BREAKIN_V3,000001,1041780088,505,509,0.211,0.115,11.478,0.111,11.367,60,FWD,RUN,0.163,1.852,0.092,5.711,23.434,1.273,18.415,60,1.273,533,2.605,24.3
DATA,MOTOR_BREAKIN_V3,000001,1041780188,505,508,0.211,0.141,11.478,0.111,11.367,60,FWD,RUN,0.176,2.002,0.291,3.984,23.434,1.273,18.415,60,1.273,533,2.605,24.3
DATA,MOTOR_BREAKIN_V3,000001,1041780288,506,510,0.185,0.088,10.670,0.111,10.559,60,FWD,RUN,0.136,1.441,0.304,5.265,23.434,1.273,18.415,60,1.273,533,2.605,24.3
DATA,MOTOR_BREAKIN_V3,000001,1041780388,509,512,0.105,0.000,13.038,0.028,13.010,60,FWD,RUN,0.053,0.686,0.150,6.380,23.434,1.273,18.415,60,1.273,533,2.605,24.3
DATA,MOTOR_BREAKIN_V3,000001,1041780488,504,508,0.238,0.141,13.177,0.111,13.066,60,FWD,RUN,0.189,2.474,0.308,3.733,23.434,1.273,18.415,60,1.273,533,2.605,24.3
DATA,MOTOR_BREAKIN_V3,000001,1041780588,504,508,0.238,0.141,11.060,0.139,10.921,60,FWD,RUN,0.189,2.068,0.211,4.792,23.434,1.273,18.415,60,1.273,533,2.605,24.3
DATA,MOTOR_BREAKIN_V3,000001,1041780688,507,510,0.158,0.088,13.623,0.000,13.623,60,FWD,RUN,0.123,1.680,0.066,4.207,23.434,1.273,18.415,60,1.273,533,2.605,24.3
DATA,MOTOR_BREAKIN_V3,000001,1041780788,509,511,0.105,0.062,14.793,0.000,14.793,60,FWD,RUN,0.084,1.238,0.185,3.371,23.434,1.273,18.415,60,1.273,533,2.605,24.3
DATA,MOTOR_BREAKIN_V3,000001,1041780888,505,509,0.211,0.115,12.537,0.056,12.481,60,FWD,RUN,0.163,2.033,0.229,3.482,23.434,1.273,18.415,60,1.273,533,2.605,24.3
DATA,MOTOR_BREAKIN_V3,000001,1041780988,504,508,0.238,0.141,13.122,0.111,13.010,60,FWD,RUN,0.189,2.463,0.150,3.455,23.434,1.273,18.415,60,1.273,533,2.605,24.3
DATA,MOTOR_BREAKIN_V3,000001,1041781088,505,509,0.211,0.115,13.540,0.111,13.428,60,FWD,RUN,0.163,2.188,0.330,3.900,23.434,1.273,18.415,60,1.273,533,2.605,24.3
DATA,MOTOR_BREAKIN_V3,000001,1041781188,505,509,0.211,0.115,14.348,0.111,14.236,60,FWD,RUN,0.163,2.319,0.317,3.845,23.434,1.273,18.415,60,1.273,533,2.605,24.3
DATA,MOTOR_BREAKIN_V3,000001,1041781288,507,510,0.158,0.088,12.314,0.028,12.286,60,FWD,RUN,0.123,1.515,0.053,4.597,23.434,1.273,18.415,60,1.273,533,2.605,24.3
DATA,MOTOR_BREAKIN_V3,000001,1041781388,507,509,0.158,0.115,11.868,0.028,11.840,60,FWD,RUN,0.136,1.616,0.291,4.290,23.434,1.273,18.415,60,1.273,533,2.605,24.3
DATA,MOTOR_BREAKIN_V3,000001,1041781488,505,508,0.211,0.141,14.069,0.139,13.930,60,FWD,RUN,0.176,2.453,0.277,4.290,23.434,1.273,18.415,60,1.273,533,2.605,24.3
DATA,MOTOR_BREAKIN_V3,000001,1041781588,507,510,0.158,0.088,13.707,0.056,13.651,60,FWD,RUN,0.123,1.683,0.053,3.009,23.434,1.273,18.415,60,1.273,533,2.605,24.3
DATA,MOTOR_BREAKIN_V3,000001,1041781688,507,510,0.158,0.088,13.540,0.056,13.484,60,FWD,RUN,0.123,1.662,0.172,2.730,23.434,1.273,18.415,60,1.273,533,2.605,24.3
DATA,MOTOR_BREAKIN_V3,000001,1041781788,506,509,0.185,0.115,12.314,0.056,12.258,60,FWD,RUN,0.150,1.835,0.242,4.513,23.434,1.273,18.415,60,1.273,533,2.605,24.3
DATA,MOTOR_BREAKIN_V3,000001,1041781888,504,509,0.238,0.115,12.509,0.139,12.370,60,FWD,RUN,0.176,2.179,0.150,5.655,23.434,1.273,18.415,60,1.273,533,2.605,24.3
DATA,MOTOR_BREAKIN_V3,000001,1041781988,504,509,0.238,0.115,15.601,0.111,15.490,60,FWD,RUN,0.176,2.728,0.317,5.126,23.434,1.273,18.415,60,1.273,533,2.605,24.3
DATA,MOTOR_BREAKIN_V3,000001,1041782088,510,512,0.079,0.000,16.743,0.000,16.743,60,FWD,RUN,0.040,0.662,0.401,6.380,23.434,1.273,18.415,60,1.273,533,2.605,24.3
DATA,MOTOR_BREAKIN_V3,000001,1041782188,507,509,0.158,0.115,11.367,0.000,11.367,60,FWD,RUN,0.136,1.551,0.150,5.377,23.434,1.273,18.415,60,1.273,533,2.605,24.3
DATA,MOTOR_BREAKIN_V3,000001,1041782288,504,508,0.238,0.141,13.846,0.111,13.735,60,FWD,RUN,0.189,2.600,0.343,5.823,23.434,1.273,18.415,60,1.273,533,2.605,24.3
DATA,MOTOR_BREAKIN_V3,000001,1041782388,505,509,0.211,0.115,15.713,0.084,15.629,60,FWD,RUN,0.163,2.546,0.388,6.185,23.434,1.273,18.415,60,1.273,533,2.605,24.3
DATA,MOTOR_BREAKIN_V3,000001,1041782488,505,509,0.211,0.115,12.787,0.223,12.565,60,FWD,RUN,0.163,2.047,0.374,4.597,23.434,1.273,18.415,60,1.273,533,2.605,24.3
DATA,MOTOR_BREAKIN_V3,000001,1041782588,509,511,0.105,0.062,15.211,0.000,15.211,60,FWD,RUN,0.084,1.272,0.343,6.826,23.434,1.273,18.415,60,1.273,533,2.605,24.3
DATA,MOTOR_BREAKIN_V3,000001,1041782688,510,512,0.079,0.000,14.877,0.000,14.877,60,FWD,RUN,0.040,0.588,0.255,5.265,23.434,1.273,18.415,60,1.273,533,2.605,24.3
DATA,MOTOR_BREAKIN_V3,000001,1041782787,504,508,0.238,0.141,13.205,0.139,13.066,60,FWD,RUN,0.189,2.474,0.440,8.079,23.434,1.273,18.415,60,1.273,533,2.605,24.3
DATA,MOTOR_BREAKIN_V3,000001,1041782888,505,509,0.211,0.115,16.799,0.056,16.743,60,FWD,RUN,0.163,2.728,0.440,8.776,23.434,1.273,18.415,60,1.273,533,2.605,24.3
DATA,MOTOR_BREAKIN_V3,000001,1041782988,505,509,0.211,0.115,19.362,0.139,19.223,60,FWD,RUN,0.163,3.132,0.040,7.717,23.434,1.273,18.415,60,1.273,533,2.605,24.3
DATA,MOTOR_BREAKIN_V3,000001,1041783088,505,508,0.211,0.141,15.740,0.111,15.629,60,FWD,RUN,0.176,2.753,0.370,5.990,23.434,1.273,18.415,60,1.273,533,2.605,24.3
DATA,MOTOR_BREAKIN_V3,000001,1041783188,505,508,0.211,0.141,17.858,0.139,17.718,60,FWD,RUN,0.176,3.121,0.370,4.179,23.434,1.273,18.415,60,1.273,533,2.605,24.3
DATA,MOTOR_BREAKIN_V3,000001,1041783288,504,509,0.238,0.115,15.768,0.084,15.685,60,FWD,RUN,0.176,2.762,0.079,3.900,23.434,1.273,18.415,60,1.273,532,2.600,24.3
DATA,MOTOR_BREAKIN_V3,000001,1041783388,505,508,0.211,0.141,15.350,0.111,15.239,60,FWD,RUN,0.176,2.684,0.317,5.126,23.434,1.273,18.415,60,1.273,533,2.605,24.3
DATA,MOTOR_BREAKIN_V3,000001,1041783488,504,508,0.238,0.141,20.672,0.139,20.532,60,FWD,RUN,0.189,3.887,0.330,5.293,23.434,1.273,18.415,60,1.273,532,2.600,24.3
DATA,MOTOR_BREAKIN_V3,000001,1041783588,506,508,0.185,0.141,18.694,0.111,18.582,60,FWD,RUN,0.163,3.027,0.079,4.569,23.434,1.273,18.415,60,1.273,533,2.605,24.3
DATA,MOTOR_BREAKIN_V3,000001,1041783688,505,508,0.211,0.141,20.922,0.111,20.811,60,FWD,RUN,0.176,3.665,0.317,4.402,23.434,1.273,18.415,60,1.273,533,2.605,24.3
DATA,MOTOR_BREAKIN_V3,000001,1041783788,504,508,0.238,0.141,20.922,0.139,20.783,60,FWD,RUN,0.189,3.935,0.330,5.655,23.434,1.273,18.415,60,1.273,533,2.605,24.3
DATA,MOTOR_BREAKIN_V3,000001,1041783888,505,509,0.211,0.115,18.276,0.139,18.136,60,FWD,RUN,0.163,2.955,0.053,5.015,23.434,1.273,18.415,60,1.273,533,2.605,24.3
DATA,MOTOR_BREAKIN_V3,000001,1041783988,507,510,0.158,0.088,22.455,0.028,22.427,60,FWD,RUN,0.123,2.765,0.343,7.745,23.434,1.273,18.415,60,1.273,533,2.605,24.3
DATA,MOTOR_BREAKIN_V3,000001,1041784088,506,509,0.185,0.115,17.718,0.084,17.635,60,FWD,RUN,0.150,2.640,0.343,7.745,23.434,1.273,18.415,60,1.273,533,2.605,24.3
DATA,MOTOR_BREAKIN_V3,000001,1041784188,506,509,0.185,0.115,19.975,0.111,19.864,60,FWD,RUN,0.150,2.974,0.066,5.238,23.434,1.273,18.415,60,1.273,533,2.605,24.3
DATA,MOTOR_BREAKIN_V3,000001,1041784288,505,508,0.211,0.141,19.864,0.306,19.557,60,FWD,RUN,0.176,3.444,0.317,4.820,23.434,1.273,18.415,60,1.273,533,2.605,24.3
DATA,MOTOR_BREAKIN_V3,000001,1041784388,505,508,0.211,0.141,17.997,0.223,17.774,60,FWD,RUN,0.176,3.130,0.317,5.488,23.434,1.273,18.415,60,1.273,533,2.605,24.3
DATA,MOTOR_BREAKIN_V3,000001,1041784488,507,510,0.158,0.088,19.167,0.000,19.167,60,FWD,RUN,0.123,2.363,0.150,6.937,23.434,1.273,18.415,60,1.273,533,2.605,24.3
DATA,MOTOR_BREAKIN_V3,000001,1041784588,505,509,0.211,0.115,15.713,0.111,15.601,60,FWD,RUN,0.163,2.542,0.176,7.104,23.434,1.273,18.415,60,1.273,533,2.605,24.3
DATA,MOTOR_BREAKIN_V3,000001,1041784688,507,510,0.158,0.088,17.301,0.056,17.245,60,FWD,RUN,0.123,2.126,0.092,5.460,23.434,1.273,18.415,60,1.273,532,2.600,24.3
DATA,MOTOR_BREAKIN_V3,000001,1041784788,504,508,0.238,0.141,16.827,0.111,16.716,60,FWD,RUN,0.189,3.165,0.079,4.430,23.434,1.273,18.415,60,1.273,533,2.605,24.3
DATA,MOTOR_BREAKIN_V3,000001,1041784888,505,509,0.211,0.115,19.529,0.111,19.418,60,FWD,RUN,0.163,3.163,0.383,3.538,23.434,1.273,18.415,60,1.273,533,2.605,24.3
DATA,MOTOR_BREAKIN_V3,000001,1041784988,504,509,0.238,0.115,22.260,0.195,22.065,60,FWD,RUN,0.176,3.886,0.357,3.705,23.434,1.273,18.415,60,1.273,533,2.605,24.3
DATA,MOTOR_BREAKIN_V3,000001,1041785088,508,511,0.132,0.062,17.663,0.028,17.635,60,FWD,RUN,0.097,1.708,0.137,4.959,23.434,1.273,18.415,60,1.273,533,2.605,24.3
DATA,MOTOR_BREAKIN_V3,000001,1041785188,505,509,0.211,0.115,15.100,0.167,14.933,60,FWD,RUN,0.163,2.433,0.269,6.881,23.434,1.273,18.415,60,1.273,533,2.605,24.3
DATA,MOTOR_BREAKIN_V3,000001,1041785288,510,513,0.079,0.000,19.696,0.000,19.696,60,FWD,RUN,0.040,0.779,0.269,5.655,23.434,1.273,18.415,60,1.273,533,2.605,24.3
DATA,MOTOR_BREAKIN_V3,000001,1041785388,505,509,0.211,0.115,20.922,0.195,20.727,60,FWD,RUN,0.163,3.377,0.150,3.845,23.434,1.273,18.415,60,1.273,533,2.605,24.3
DATA,MOTOR_BREAKIN_V3,000001,1041785488,505,509,0.211,0.115,18.248,0.111,18.136,60,FWD,RUN,0.163,2.955,0.414,5.293,23.434,1.273,18.415,60,1.273,533,2.605,24.3
DATA,MOTOR_BREAKIN_V3,000001,1041785588,508,511,0.132,0.062,16.548,0.028,16.521,60,FWD,RUN,0.097,1.600,0.414,6.826,23.434,1.273,18.415,60,1.273,533,2.605,24.3
DATA,MOTOR_BREAKIN_V3,000001,1041785688,504,509,0.238,0.115,20.365,0.585,19.780,60,FWD,RUN,0.176,3.484,0.282,6.268,23.434,1.273,18.415,60,1.273,533,2.605,24.3
DATA,MOTOR_BREAKIN_V3,000001,1041785788,508,511,0.132,0.062,20.421,0.028,20.393,60,FWD,RUN,0.097,1.975,0.291,6.240,23.434,1.273,18.415,60,1.273,533,2.605,24.3
DATA,MOTOR_BREAKIN_V3,000001,1041785888,506,510,0.185,0.088,17.913,0.084,17.830,60,FWD,RUN,0.136,2.434,0.291,6.240,23.434,1.273,18.415,60,1.273,533,2.605,24.3
DATA,MOTOR_BREAKIN_V3,000001,1041785987,503,508,0.264,0.141,19.279,0.084,19.195,60,FWD,RUN,0.203,3.888,0.383,3.872,23.434,1.273,18.415,60,1.273,533,2.605,24.3
DATA,MOTOR_BREAKIN_V3,000001,1041786088,505,509,0.211,0.115,16.521,0.167,16.353,60,FWD,RUN,0.163,2.664,0.440,4.374,23.434,1.273,18.415,60,1.273,533,2.605,24.3
DATA,MOTOR_BREAKIN_V3,000001,1041786188,506,509,0.185,0.115,17.412,0.084,17.328,60,FWD,RUN,0.150,2.594,0.150,3.510,23.434,1.273,18.415,60,1.273,533,2.605,24.3
DATA,MOTOR_BREAKIN_V3,000001,1041786288,505,509,0.211,0.115,18.471,0.167,18.304,60,FWD,RUN,0.163,2.982,0.304,5.293,23.434,1.273,18.415,60,1.273,533,2.605,24.3
DATA,MOTOR_BREAKIN_V3,000001,1041786388,505,509,0.211,0.115,13.846,0.167,13.679,60,FWD,RUN,0.163,2.228,0.370,5.711,23.434,1.273,18.415,60,1.273,533,2.605,24.3
DATA,MOTOR_BREAKIN_V3,000001,1041786488,505,510,0.211,0.088,15.518,0.139,15.378,60,FWD,RUN,0.150,2.302,0.092,3.538,23.434,1.273,18.415,60,1.273,533,2.605,24.3
DATA,MOTOR_BREAKIN_V3,000001,1041786588,505,509,0.211,0.115,14.125,0.139,13.985,60,FWD,RUN,0.163,2.278,0.330,5.655,23.434,1.273,18.415,60,1.273,533,2.605,24.3
DATA,MOTOR_BREAKIN_V3,000001,1041786688,507,510,0.158,0.088,12.648,0.111,12.537,60,FWD,RUN,0.123,1.546,0.330,5.655,23.434,1.273,18.415,60,1.273,533,2.605,24.3
DATA,MOTOR_BREAKIN_V3,000001,1041786788,505,509,0.211,0.115,17.106,0.111,16.994,60,FWD,RUN,0.163,2.769,0.053,5.293,23.434,1.273,18.415,60,1.273,533,2.605,24.3
DATA,MOTOR_BREAKIN_V3,000001,1041786888,505,509,0.211,0.115,15.295,0.139,15.155,60,FWD,RUN,0.163,2.469,0.185,4.903,23.434,1.273,18.415,60,1.273,533,2.605,24.3
DATA,MOTOR_BREAKIN_V3,000001,1041786988,505,509,0.211,0.115,13.289,0.139,13.150,60,FWD,RUN,0.163,2.142,0.198,4.959,23.434,1.273,18.415,60,1.273,533,2.605,24.3
DATA,MOTOR_BREAKIN_V3,000001,1041787088,507,511,0.158,0.062,14.960,0.056,14.905,60,FWD,RUN,0.110,1.641,0.079,4.959,23.434,1.273,18.415,60,1.273,533,2.605,24.3
DATA,MOTOR_BREAKIN_V3,000001,1041787188,505,509,0.211,0.115,11.924,0.195,11.729,60,FWD,RUN,0.163,1.911,0.370,5.433,23.434,1.273,18.415,60,1.273,532,2.600,24.3
DATA,MOTOR_BREAKIN_V3,000001,1041787288,505,508,0.211,0.141,13.567,0.111,13.456,60,FWD,RUN,0.176,2.370,0.317,4.792,23.434,1.273,18.415,60,1.273,533,2.605,24.3
DATA,MOTOR_BREAKIN_V3,000001,1041787388,506,509,0.185,0.115,12.676,0.139,12.537,60,FWD,RUN,0.150,1.877,0.053,5.823,23.434,1.273,18.415,60,1.273,533,2.605,24.3
DATA,MOTOR_BREAKIN_V3,000001,1041787488,505,509,0.211,0.115,12.620,0.111,12.509,60,FWD,RUN,0.163,2.038,0.330,3.455,23.434,1.273,18.415,60,1.273,533,2.605,24.3
DATA,MOTOR_BREAKIN_V3,000001,1041787588,505,508,0.211,0.141,12.704,0.139,12.565,60,FWD,RUN,0.176,2.213,0.330,6.630,23.434,1.273,18.415,60,1.273,533,2.605,24.3
DATA,MOTOR_BREAKIN_V3,000001,1041787688,505,509,0.211,0.115,11.924,0.056,11.868,60,FWD,RUN,0.163,1.933,0.026,6.630,23.434,1.273,18.415,60,1.273,533,2.605,24.3
DATA,MOTOR_BREAKIN_V3,000001,1041787788,510,512,0.079,0.000,14.738,0.000,14.738,60,FWD,RUN,0.040,0.583,0.401,4.987,23.434,1.273,18.415,60,1.273,533,2.605,24.3
DATA,MOTOR_BREAKIN_V3,000001,1041787888,505,509,0.211,0.115,11.283,0.084,11.199,60,FWD,RUN,0.163,1.825,0.401,4.987,23.434,1.273,18.415,60,1.273,533,2.605,24.3
DATA,MOTOR_BREAKIN_V3,000001,1041787988,506,509,0.185,0.115,14.069,0.028,14.041,60,FWD,RUN,0.150,2.102,0.123,3.817,23.434,1.273,18.415,60,1.273,533,2.605,24.3
DATA,MOTOR_BREAKIN_V3,000001,1041788088,505,509,0.211,0.115,11.896,0.139,11.757,60,FWD,RUN,0.163,1.915,0.216,4.123,23.434,1.273,18.415,60,1.273,533,2.605,24.3
DATA,MOTOR_BREAKIN_V3,000001,1041788188,506,510,0.185,0.088,14.570,0.000,14.570,60,FWD,RUN,0.136,1.989,0.145,4.652,23.434,1.273,18.415,60,1.273,533,2.605,24.3
DATA,MOTOR_BREAKIN_V3,000001,1041788288,505,509,0.211,0.115,12.760,1.059,11.701,60,FWD,RUN,0.163,1.906,0.026,3.705,23.434,1.273,18.415,60,1.273,533,2.605,24.3
DATA,MOTOR_BREAKIN_V3,000001,1041788388,505,509,0.211,0.115,9.026,0.139,8.887,60,FWD,RUN,0.163,1.448,0.317,5.043,23.434,1.273,18.415,60,1.273,533,2.605,24.3
DATA,MOTOR_BREAKIN_V3,000001,1041788488,505,509,0.211,0.115,13.261,0.167,13.094,60,FWD,RUN,0.163,2.133,0.317,5.043,23.434,1.273,18.415,60,1.273,533,2.605,24.3
DATA,MOTOR_BREAKIN_V3,000001,1041788588,506,509,0.185,0.115,13.372,0.056,13.317,60,FWD,RUN,0.150,1.994,0.150,3.399,23.434,1.273,18.415,60,1.273,533,2.605,24.3
DATA,MOTOR_BREAKIN_V3,000001,1041788688,506,509,0.185,0.115,12.565,0.167,12.397,60,FWD,RUN,0.150,1.856,0.401,3.343,23.434,1.273,18.415,60,1.273,533,2.605,24.3
DATA,MOTOR_BREAKIN_V3,000001,1041788788,506,510,0.185,0.088,13.985,0.000,13.985,60,FWD,RUN,0.136,1.909,0.317,3.677,23.434,1.273,18.415,60,1.273,533,2.605,24.3
DATA,MOTOR_BREAKIN_V3,000001,1041788888,509,511,0.105,0.062,14.013,0.056,13.957,60,FWD,RUN,0.084,1.168,0.277,3.677,23.434,1.273,18.415,60,1.273,533,2.605,24.3
DATA,MOTOR_BREAKIN_V3,000001,1041788988,505,509,0.211,0.115,6.603,0.139,6.463,60,FWD,RUN,0.163,1.053,0.343,7.494,23.434,1.273,18.415,60,1.273,533,2.605,24.3
DATA,MOTOR_BREAKIN_V3,000001,1041789088,511,512,0.053,0.000,14.487,0.000,14.487,60,FWD,RUN,0.026,0.381,0.401,8.023,23.434,1.273,18.415,60,1.273,533,2.605,24.3
DATA,MOTOR_BREAKIN_V3,000001,1041789187,505,509,0.211,0.115,7.522,0.139,7.383,60,FWD,RUN,0.163,1.203,0.163,7.104,23.434,1.273,18.415,60,1.273,533,2.605,24.3
DATA,MOTOR_BREAKIN_V3,000001,1041789288,510,513,0.079,0.000,10.224,0.000,10.224,60,FWD,RUN,0.040,0.404,0.137,6.435,23.434,1.273,18.415,60,1.273,533,2.605,24.3
DATA,MOTOR_BREAKIN_V3,000001,1041789388,505,509,0.211,0.115,11.032,0.111,10.921,60,FWD,RUN,0.163,1.779,0.137,6.826,23.434,1.273,18.415,60,1.273,533,2.605,24.3
DATA,MOTOR_BREAKIN_V3,000001,1041789488,506,509,0.185,0.115,9.389,0.084,9.305,60,FWD,RUN,0.150,1.393,0.264,4.959,23.434,1.273,18.415,60,1.273,533,2.605,24.3
DATA,MOTOR_BREAKIN_V3,000001,1041789588,507,509,0.158,0.115,13.735,0.000,13.735,60,FWD,RUN,0.136,1.875,0.251,4.541,23.434,1.273,18.415,60,1.273,533,2.605,24.3
DATA,MOTOR_BREAKIN_V3,000001,1041789688,505,509,0.211,0.115,12.286,0.167,12.119,60,FWD,RUN,0.163,1.974,0.040,4.541,23.434,1.273,18.415,60,1.273,533,2.605,24.3
DATA,MOTOR_BREAKIN_V3,000001,1041789788,505,508,0.211,0.141,11.367,0.111,11.255,60,FWD,RUN,0.176,1.982,0.317,3.482,23.434,1.273,18.415,60,1.273,533,2.605,24.3
DATA,MOTOR_BREAKIN_V3,000001,1041789888,505,509,0.211,0.115,12.565,0.139,12.425,60,FWD,RUN,0.163,2.024,0.317,3.009,23.434,1.273,18.415,60,1.273,533,2.605,24.3
DATA,MOTOR_BREAKIN_V3,000001,1041789988,506,510,0.185,0.088,11.812,0.000,11.812,60,FWD,RUN,0.136,1.612,0.066,2.034,23.434,1.273,18.415,60,1.273,533,2.605,24.3
DATA,MOTOR_BREAKIN_V3,000001,1041790088,506,509,0.185,0.115,13.289,0.111,13.177,60,FWD,RUN,0.150,1.973,0.304,3.092,23.434,1.273,18.415,60,1.273,533,2.605,24.3
DATA,MOTOR_BREAKIN_V3,000001,1041790188,505,509,0.211,0.115,10.419,0.139,10.280,60,FWD,RUN,0.163,1.675,0.291,3.092,23.434,1.273,18.415,60,1.273,533,2.605,24.3
DATA,MOTOR_BREAKIN_V3,000001,1041790288,504,508,0.238,0.141,10.001,0.111,9.890,60,FWD,RUN,0.189,1.873,0.066,7.355,23.434,1.273,18.415,60,1.273,533,2.605,24.3
DATA,MOTOR_BREAKIN_V3,000001,1041790388,511,511,0.053,0.062,11.394,0.000,11.394,60,FWD,RUN,0.057,0.652,1.176,7.355,23.434,1.273,18.415,60,1.273,533,2.605,24.3
DATA,MOTOR_BREAKIN_V3,000001,1041790488,504,508,0.238,0.141,12.007,0.084,11.924,60,FWD,RUN,0.189,2.258,1.176,5.628,23.434,1.273,18.415,60,1.273,533,2.605,24.2
DATA,MOTOR_BREAKIN_V3,000001,1041790588,505,508,0.211,0.141,9.639,0.139,9.500,60,FWD,RUN,0.176,1.673,0.092,5.628,23.434,1.273,18.415,60,1.273,533,2.605,24.3
DATA,MOTOR_BREAKIN_V3,000001,1041790688,507,510,0.158,0.088,12.342,0.056,12.286,60,FWD,RUN,0.123,1.515,1.017,4.262,23.434,1.273,18.415,60,1.273,533,2.605,24.3
DATA,MOTOR_BREAKIN_V3,000001,1041790788,505,509,0.211,0.115,12.147,0.167,11.979,60,FWD,RUN,0.163,1.952,1.017,4.848,23.434,1.273,18.415,60,1.273,533,2.605,24.3
DATA,MOTOR_BREAKIN_V3,000001,1041790888,505,508,0.211,0.141,11.283,0.084,11.199,60,FWD,RUN,0.176,1.972,0.040,4.597,23.434,1.273,18.415,60,1.273,533,2.605,24.3
DATA,MOTOR_BREAKIN_V3,000001,1041790988,504,509,0.238,0.115,9.806,0.167,9.639,60,FWD,RUN,0.176,1.698,0.330,4.402,23.434,1.273,18.415,60,1.273,533,2.605,24.3
DATA,MOTOR_BREAKIN_V3,000001,1041791088,506,509,0.185,0.115,13.094,0.251,12.843,60,FWD,RUN,0.150,1.923,0.330,4.485,23.434,1.273,18.415,60,1.273,533,2.605,24.3
DATA,MOTOR_BREAKIN_V3,000001,1041791188,507,509,0.158,0.115,9.221,0.028,9.194,60,FWD,RUN,0.136,1.255,0.066,3.705,23.434,1.273,18.415,60,1.273,533,2.605,24.3
DATA,MOTOR_BREAKIN_V3,000001,1041791288,508,510,0.132,0.088,11.896,0.000,11.896,60,FWD,RUN,0.110,1.309,0.942,5.711,23.434,1.273,18.415,60,1.273,533,2.605,24.3
DATA,MOTOR_BREAKIN_V3,000001,1041791388,505,509,0.211,0.115,10.977,0.111,10.865,60,FWD,RUN,0.163,1.770,0.942,5.377,23.434,1.273,18.415,60,1.273,533,2.605,24.3
DATA,MOTOR_BREAKIN_V3,000001,1041791488,506,510,0.185,0.088,10.809,0.056,10.754,60,FWD,RUN,0.136,1.468,0.092,3.260,23.434,1.273,18.415,60,1.273,533,2.605,24.3
DATA,MOTOR_BREAKIN_V3,000001,1041791588,509,512,0.105,0.000,9.249,0.000,9.249,60,FWD,RUN,0.053,0.488,0.388,2.284,23.434,1.273,18.415,60,1.273,533,2.605,24.3
DATA,MOTOR_BREAKIN_V3,000001,1041791688,510,512,0.079,0.000,12.286,0.000,12.286,60,FWD,RUN,0.040,0.486,0.401,4.067,23.434,1.273,18.415,60,1.273,533,2.605,24.3
DATA,MOTOR_BREAKIN_V3,000001,1041791788,507,510,0.158,0.088,12.732,0.028,12.704,60,FWD,RUN,0.123,1.566,0.150,4.485,23.434,1.273,18.415,60,1.273,533,2.605,24.3
DATA,MOTOR_BREAKIN_V3,000001,1041791888,505,508,0.211,0.141,11.729,0.167,11.562,60,FWD,RUN,0.176,2.036,0.454,2.284,23.434,1.273,18.415,60,1.273,533,2.605,24.3
DATA,MOTOR_BREAKIN_V3,000001,1041791988,506,509,0.185,0.115,11.311,0.084,11.227,60,FWD,RUN,0.150,1.681,0.454,2.201,23.434,1.273,18.415,60,1.273,533,2.605,24.3
DATA,MOTOR_BREAKIN_V3,000001,1041792088,507,510,0.158,0.088,11.952,0.084,11.868,60,FWD,RUN,0.123,1.463,0.388,2.814,23.434,1.273,18.415,60,1.273,533,2.605,24.3
DATA,MOTOR_BREAKIN_V3,000001,1041792188,505,509,0.211,0.115,12.787,0.056,12.732,60,FWD,RUN,0.163,2.074,0.317,3.315,23.434,1.273,18.415,60,1.273,533,2.605,24.3
DATA,MOTOR_BREAKIN_V3,000001,1041792288,506,509,0.185,0.115,9.166,0.000,9.166,60,FWD,RUN,0.150,1.372,0.317,4.541,23.434,1.273,18.415,60,1.273,533,2.605,24.3
DATA,MOTOR_BREAKIN_V3,000001,1041792387,509,513,0.105,0.000,10.977,0.000,10.977,60,FWD,RUN,0.053,0.579,0.493,4.207,23.434,1.273,18.415,60,1.273,533,2.605,24.3
