DATA,MOTOR_BREAKIN_V3,000001,4227897,514,516,0.086,0.057,12.871,0.279,12.592,60,FWD,RUN,0.072,0.905,0.119,9.723,4.149,0.310,13.400,60,0.310,537,2.625,23.7
OK
STOP,FWD
DATA,MOTOR_BREAKIN_V3,000001,4227979,514,515,0.086,0.084,11.394,0.529,10.865,0,FWD,STOP,0.085,0.924,0.092,9.723,4.149,0.310,13.400,60,0.310,537,2.625,23.7
OK
RUN,FWD
OK
OK
DATA,MOTOR_BREAKIN_V3,000001,41,508,513,0.245,0.136,14.264,1.031,13.233,60,FWD,RUN,0.191,2.524,0.191,1.254,0.000,0.000,0.000,0,0.310,537,2.625,23.6
DATA,MOTOR_BREAKIN_V3,000001,141,508,513,0.245,0.136,14.849,0.724,14.125,60,FWD,RUN,0.191,2.694,0.204,1.254,0.000,0.000,0.000,0,0.310,537,2.625,23.6
DATA,MOTOR_BREAKIN_V3,000001,241,508,513,0.245,0.136,14.626,0.613,14.013,60,FWD,RUN,0.191,2.673,0.053,1.087,0.000,0.000,0.000,0,0.310,537,2.625,23.6
DATA,MOTOR_BREAKIN_V3,000001,341,508,513,0.245,0.136,10.531,2.981,7.550,60,FWD,RUN,0.191,1.440,0.053,6.463,0.000,0.000,0.000,0,0.310,537,2.625,23.6
DATA,MOTOR_BREAKIN_V3,000001,441,509,514,0.219,0.110,13.150,3.928,9.221,60,FWD,RUN,0.164,1.515,0.066,5.043,0.000,0.000,0.000,0,0.310,537,2.625,23.6
DATA,MOTOR_BREAKIN_V3,000001,541,508,512,0.245,0.163,12.955,4.235,8.720,60,FWD,RUN,0.204,1.778,0.053,3.371,0.000,0.000,0.000,0,0.310,537,2.625,23.6
DATA,MOTOR_BREAKIN_V3,000001,641,508,513,0.245,0.136,13.512,3.845,9.667,60,FWD,RUN,0.191,1.844,0.026,3.343,0.000,0.000,0.000,0,0.310,537,2.625,23.6
DATA,MOTOR_BREAKIN_V3,000001,741,508,513,0.245,0.136,14.765,0.501,14.264,60,FWD,RUN,0.191,2.721,0.040,5.349,0.000,0.000,0.000,0,0.310,537,2.625,23.6
DATA,MOTOR_BREAKIN_V3,000001,841,509,514,0.219,0.110,14.264,3.928,10.336,60,FWD,RUN,0.164,1.698,0.053,4.959,0.000,0.000,0.000,0,0.310,537,2.625,23.6
DATA,MOTOR_BREAKIN_V3,000001,941,513,516,0.113,0.057,11.144,0.306,10.837,60,FWD,RUN,0.085,0.922,0.119,4.457,0.000,0.000,0.000,0,0.310,537,2.625,23.6
DATA,MOTOR_BREAKIN_V3,000001,1041,509,513,0.219,0.136,7.021,2.396,4.625,60,FWD,RUN,0.178,0.821,0.106,6.213,0.000,0.000,0.000,0,0.310,537,2.625,23.6
DATA,MOTOR_BREAKIN_V3,000001,1141,509,514,0.219,0.110,11.450,3.092,8.358,60,FWD,RUN,0.164,1.373,0.066,5.628,0.000,0.000,0.000,0,0.310,537,2.625,23.6
DATA,MOTOR_BREAKIN_V3,000001,1241,509,514,0.219,0.110,13.957,4.569,9.389,60,FWD,RUN,0.164,1.543,0.134,4.513,0.000,0.000,0.000,0,0.310,537,2.625,23.6
DATA,MOTOR_BREAKIN_V3,000001,1341,509,514,0.219,0.110,13.484,3.900,9.584,60,FWD,RUN,0.164,1.575,0.148,4.513,0.000,0.000,0.000,0,0.310,537,2.625,23.6
DATA,MOTOR_BREAKIN_V3,000001,1441,509,514,0.219,0.110,11.199,2.786,8.413,60,FWD,RUN,0.164,1.383,0.132,5.238,0.000,0.000,0.000,0,0.310,537,2.625,23.6
DATA,MOTOR_BREAKIN_V3,000001,1541,509,514,0.219,0.110,10.336,3.009,7.327,60,FWD,RUN,0.164,1.204,0.106,7.132,0.000,0.000,0.000,0,0.310,537,2.625,23.6
DATA,MOTOR_BREAKIN_V3,000001,1641,512,514,0.139,0.110,10.977,3.622,7.355,60,FWD,RUN,0.125,0.917,0.053,5.739,0.000,0.000,0.000,0,0.310,537,2.625,23.6
DATA,MOTOR_BREAKIN_V3,000001,1741,509,514,0.219,0.110,9.026,3.120,5.906,60,FWD,RUN,0.164,0.971,0.053,6.073,0.000,0.000,0.000,0,0.310,537,2.625,23.6
DATA,MOTOR_BREAKIN_V3,000001,1841,510,515,0.192,0.084,13.874,3.872,10.001,60,FWD,RUN,0.138,1.379,0.053,6.909,0.000,0.000,0.000,0,0.310,537,2.625,23.6
DATA,MOTOR_BREAKIN_V3,000001,1941,510,514,0.192,0.110,13.484,4.067,9.416,60,FWD,RUN,0.151,1.423,0.134,6.129,0.000,0.000,0.000,0,0.310,537,2.625,23.6
DATA,MOTOR_BREAKIN_V3,000001,2041,510,515,0.192,0.084,7.606,2.034,5.572,60,FWD,RUN,0.138,0.768,0.134,5.628,0.000,0.000,0.000,0,0.310,537,2.625,23.6
DATA,MOTOR_BREAKIN_V3,000001,2141,509,513,0.219,0.136,11.534,3.315,8.218,60,FWD,RUN,0.178,1.459,0.053,4.346,0.000,0.000,0.000,0,0.310,537,2.625,23.6
DATA,MOTOR_BREAKIN_V3,000001,2241,510,515,0.192,0.084,15.518,5.683,9.834,60,FWD,RUN,0.138,1.356,0.092,4.541,0.000,0.000,0.000,0,0.310,537,2.625,23.6
DATA,MOTOR_BREAKIN_V3,000001,2341,509,514,0.219,0.110,8.413,1.059,7.355,60,FWD,RUN,0.164,1.209,0.079,7.745,0.000,0.000,0.000,0,0.310,537,2.625,23.6
DATA,MOTOR_BREAKIN_V3,000001,2441,510,514,0.192,0.110,11.896,0.334,11.562,60,FWD,RUN,0.151,1.747,0.053,9.138,0.000,0.000,0.000,0,0.310,537,2.625,23.6
DATA,MOTOR_BREAKIN_V3,000001,2541,509,513,0.219,0.136,10.921,0.724,10.196,60,FWD,RUN,0.178,1.810,0.066,8.051,0.000,0.000,0.000,0,0.310,537,2.625,23.6
DATA,MOTOR_BREAKIN_V3,000001,2641,510,514,0.192,0.110,13.456,0.362,13.094,60,FWD,RUN,0.151,1.979,0.106,5.878,0.000,0.000,0.000,0,0.310,537,2.625,23.6
DATA,MOTOR_BREAKIN_V3,000001,2741,509,514,0.219,0.110,10.391,3.789,6.603,60,FWD,RUN,0.164,1.085,0.092,7.717,0.000,0.000,0.000,0,0.310,537,2.625,23.6
DATA,MOTOR_BREAKIN_V3,000001,2841,510,515,0.192,0.084,11.617,0.334,11.283,60,FWD,RUN,0.138,1.556,0.108,7.717,0.000,0.000,0.000,0,0.310,537,2.625,23.6
DATA,MOTOR_BREAKIN_V3,000001,2941,510,514,0.192,0.110,14.348,4.736,9.611,60,FWD,RUN,0.151,1.452,0.108,9.333,0.000,0.000,0.000,0,0.310,537,2.625,23.6
DATA,MOTOR_BREAKIN_V3,000001,3040,510,515,0.192,0.084,12.927,4.095,8.831,60,FWD,RUN,0.138,1.218,0.092,9.333,1.218,0.138,8.831,60,0.310,537,2.625,23.6
DATA,MOTOR_BREAKIN_V3,000001,3141,510,514,0.192,0.110,10.614,0.418,10.196,60,FWD,RUN,0.151,1.541,0.079,5.683,1.760,0.151,11.645,60,0.310,537,2.625,23.6
DATA,MOTOR_BREAKIN_V3,000001,3241,509,514,0.219,0.110,9.639,0.501,9.138,60,FWD,RUN,0.164,1.502,0.040,6.714,2.083,0.164,12.676,60,0.310,537,2.625,23.6
DATA,MOTOR_BREAKIN_V3,000001,3341,509,514,0.219,0.110,12.397,2.925,9.472,60,FWD,RUN,0.164,1.557,0.026,5.795,2.083,0.164,12.676,60,0.310,537,2.625,23.6
DATA,MOTOR_BREAKIN_V3,000001,3441,509,515,0.219,0.084,10.336,3.399,6.937,60,FWD,RUN,0.151,1.048,0.040,4.430,2.083,0.164,12.676,60,0.310,537,2.625,23.6
DATA,MOTOR_BREAKIN_V3,000001,3541,509,514,0.219,0.110,10.670,0.334,10.336,60,FWD,RUN,0.164,1.698,0.040,6.714,2.243,0.164,13.651,60,0.310,537,2.625,23.6
DATA,MOTOR_BREAKIN_V3,000001,3641,509,514,0.219,0.110,14.960,4.513,10.447,60,FWD,RUN,0.164,1.717,0.040,5.739,2.243,0.164,13.651,60,0.310,537,2.625,23.6
DATA,MOTOR_BREAKIN_V3,000001,3741,509,513,0.219,0.136,12.537,0.362,12.174,60,FWD,RUN,0.178,2.161,0.053,5.238,2.243,0.164,13.651,60,0.310,537,2.625,23.6
DATA,MOTOR_BREAKIN_V3,000001,3841,509,514,0.219,0.110,8.859,0.334,8.525,60,FWD,RUN,0.164,1.401,0.040,5.238,2.243,0.164,13.651,60,0.310,537,2.625,23.6
DATA,MOTOR_BREAKIN_V3,000001,3941,509,514,0.219,0.110,10.224,3.399,6.826,60,FWD,RUN,0.164,1.122,0.040,8.413,2.504,0.164,15.239,60,0.310,537,2.625,23.6
DATA,MOTOR_BREAKIN_V3,000001,4041,509,514,0.219,0.110,10.364,3.315,7.048,60,FWD,RUN,0.164,1.158,0.106,8.413,2.504,0.164,15.239,60,0.310,537,2.625,23.6
DATA,MOTOR_BREAKIN_V3,000001,4141,508,513,0.245,0.136,9.277,3.092,6.185,60,FWD,RUN,0.191,1.180,0.148,6.157,2.504,0.164,15.239,60,0.310,537,2.625,23.6
DATA,MOTOR_BREAKIN_V3,000001,4241,510,514,0.192,0.110,15.685,4.987,10.698,60,FWD,RUN,0.151,1.617,0.148,5.293,2.504,0.164,15.239,60,0.310,537,2.625,23.6
DATA,MOTOR_BREAKIN_V3,000001,4341,510,514,0.192,0.110,13.679,3.677,10.001,60,FWD,RUN,0.151,1.511,0.121,4.374,2.504,0.164,15.239,60,0.310,537,2.625,23.6
DATA,MOTOR_BREAKIN_V3,000001,4441,509,514,0.219,0.110,12.704,4.095,8.609,60,FWD,RUN,0.164,1.415,0.134,5.238,2.504,0.164,15.239,60,0.310,537,2.625,23.6
DATA,MOTOR_BREAKIN_V3,000001,4541,509,514,0.219,0.110,10.559,0.362,10.196,60,FWD,RUN,0.164,1.676,0.134,7.466,2.504,0.164,15.239,60,0.310,537,2.625,23.6
DATA,MOTOR_BREAKIN_V3,000001,4641,510,514,0.192,0.110,15.072,0.418,14.654,60,FWD,RUN,0.151,2.214,0.053,7.466,2.504,0.164,15.239,60,0.310,537,2.625,23.6
DATA,MOTOR_BREAKIN_V3,000001,4741,509,514,0.219,0.110,10.698,0.418,10.280,60,FWD,RUN,0.164,1.689,0.066,6.909,2.504,0.164,15.239,60,0.310,537,2.625,23.6
DATA,MOTOR_BREAKIN_V3,000001,4841,510,514,0.192,0.110,10.670,0.891,9.779,60,FWD,RUN,0.151,1.478,0.053,4.513,2.504,0.164,15.239,60,0.310,537,2.625,23.6
DATA,MOTOR_BREAKIN_V3,000001,4941,510,514,0.192,0.110,11.255,1.421,9.834,60,FWD,RUN,0.151,1.486,0.119,6.101,2.504,0.164,15.239,60,0.310,537,2.625,23.6
DATA,MOTOR_BREAKIN_V3,000001,5041,513,515,0.113,0.084,15.044,3.538,11.506,60,FWD,RUN,0.098,1.131,0.132,7.856,2.504,0.164,15.239,60,0.310,537,2.625,23.6
DATA,MOTOR_BREAKIN_V3,000001,5141,510,515,0.192,0.084,16.353,0.474,15.880,60,FWD,RUN,0.138,2.190,0.119,9.779,2.504,0.164,15.239,60,0.310,537,2.625,23.6
DATA,MOTOR_BREAKIN_V3,000001,5241,510,514,0.192,0.110,15.155,0.334,14.821,60,FWD,RUN,0.151,2.240,0.079,8.748,2.504,0.164,15.239,60,0.310,537,2.625,23.6
DATA,MOTOR_BREAKIN_V3,000001,5341,510,514,0.192,0.110,14.180,4.457,9.723,60,FWD,RUN,0.151,1.469,0.013,9.611,2.530,0.151,16.743,60,0.310,537,2.625,23.6
DATA,MOTOR_BREAKIN_V3,000001,5441,510,514,0.192,0.110,11.060,0.306,10.754,60,FWD,RUN,0.151,1.625,0.026,9.082,2.530,0.151,16.743,60,0.310,537,2.625,23.6
DATA,MOTOR_BREAKIN_V3,000001,5541,513,515,0.113,0.084,13.372,4.151,9.221,60,FWD,RUN,0.098,0.906,0.066,6.185,2.530,0.151,16.743,60,0.310,537,2.625,23.6
DATA,MOTOR_BREAKIN_V3,000001,5641,510,514,0.192,0.110,10.447,0.362,10.085,60,FWD,RUN,0.151,1.524,0.092,6.435,2.530,0.151,16.743,60,0.310,537,2.625,23.6
DATA,MOTOR_BREAKIN_V3,000001,5741,509,514,0.219,0.110,9.974,2.173,7.801,60,FWD,RUN,0.164,1.282,0.092,6.993,2.530,0.151,16.743,60,0.310,537,2.625,23.6
DATA,MOTOR_BREAKIN_V3,000001,5841,510,514,0.192,0.110,10.475,0.334,10.141,60,FWD,RUN,0.151,1.532,0.066,6.603,2.530,0.151,16.743,60,0.310,537,2.625,23.6
DATA,MOTOR_BREAKIN_V3,000001,5941,510,515,0.192,0.084,8.776,2.117,6.658,60,FWD,RUN,0.138,0.918,0.053,6.491,2.530,0.151,16.743,60,0.310,537,2.625,23.6
DATA,MOTOR_BREAKIN_V3,000001,6041,509,513,0.219,0.136,11.116,3.315,7.801,60,FWD,RUN,0.178,1.385,0.066,9.110,2.530,0.151,16.743,60,0.310,537,2.625,23.6
DATA,MOTOR_BREAKIN_V3,000001,6141,510,515,0.192,0.084,11.562,3.761,7.801,60,FWD,RUN,0.138,1.076,0.066,10.949,2.530,0.151,16.743,60,0.310,537,2.625,23.6
DATA,MOTOR_BREAKIN_V3,000001,6240,511,515,0.166,0.084,11.283,2.897,8.386,60,FWD,RUN,0.125,1.046,0.053,7.940,2.530,0.151,16.743,60,0.310,537,2.625,23.6
DATA,MOTOR_BREAKIN_V3,000001,6341,511,514,0.166,0.110,12.955,3.872,9.082,60,FWD,RUN,0.138,1.252,0.040,4.903,2.530,0.151,16.743,60,0.310,537,2.625,23.6
DATA,MOTOR_BREAKIN_V3,000001,6441,510,514,0.192,0.110,11.506,0.390,11.116,60,FWD,RUN,0.151,1.680,0.092,6.324,2.530,0.151,16.743,60,0.310,537,2.625,23.6
DATA,MOTOR_BREAKIN_V3,000001,6541,509,514,0.219,0.110,13.595,0.362,13.233,60,FWD,RUN,0.164,2.175,0.092,6.380,2.530,0.151,16.743,60,0.310,537,2.625,23.6
DATA,MOTOR_BREAKIN_V3,000001,6641,510,515,0.192,0.084,12.314,4.012,8.302,60,FWD,RUN,0.138,1.145,0.026,6.240,2.530,0.151,16.743,60,0.310,537,2.625,23.6
DATA,MOTOR_BREAKIN_V3,000001,6741,509,514,0.219,0.110,13.735,3.399,10.336,60,FWD,RUN,0.164,1.698,0.092,6.073,2.530,0.151,16.743,60,0.310,537,2.625,23.6
DATA,MOTOR_BREAKIN_V3,000001,6841,510,514,0.192,0.110,12.565,3.482,9.082,60,FWD,RUN,0.151,1.372,0.092,5.906,2.530,0.151,16.743,60,0.310,537,2.625,23.6
DATA,MOTOR_BREAKIN_V3,000001,6941,509,514,0.219,0.110,11.952,0.390,11.562,60,FWD,RUN,0.164,1.900,0.106,4.346,2.530,0.151,16.743,60,0.310,537,2.625,23.6
DATA,MOTOR_BREAKIN_V3,000001,7041,510,514,0.192,0.110,11.144,0.334,10.809,60,FWD,RUN,0.151,1.633,0.106,6.798,2.530,0.151,16.743,60,0.310,537,2.625,23.6
DATA,MOTOR_BREAKIN_V3,000001,7141,510,514,0.192,0.110,14.793,0.585,14.208,60,FWD,RUN,0.151,2.147,0.079,7.048,2.530,0.151,16.743,60,0.310,537,2.625,23.6
DATA,MOTOR_BREAKIN_V3,000001,7241,509,514,0.219,0.110,9.416,0.334,9.082,60,FWD,RUN,0.164,1.492,0.092,8.386,2.532,0.164,15.406,60,0.310,537,2.625,23.6
DATA,MOTOR_BREAKIN_V3,000001,7341,510,514,0.192,0.110,11.840,0.501,11.339,60,FWD,RUN,0.151,1.713,0.026,7.996,2.735,0.178,15.406,60,0.310,537,2.625,23.6
DATA,MOTOR_BREAKIN_V3,000001,7441,509,514,0.219,0.110,17.607,0.362,17.245,60,FWD,RUN,0.164,2.834,0.121,9.834,2.834,0.164,17.245,60,0.310,537,2.625,23.6
DATA,MOTOR_BREAKIN_V3,000001,7541,510,514,0.192,0.110,10.252,0.390,9.862,60,FWD,RUN,0.151,1.490,0.108,8.023,2.834,0.164,17.245,60,0.310,537,2.625,23.6
DATA,MOTOR_BREAKIN_V3,000001,7641,509,514,0.219,0.110,18.471,0.418,18.053,60,FWD,RUN,0.164,2.967,0.079,8.636,2.967,0.164,18.053,60,0.310,537,2.625,23.6
DATA,MOTOR_BREAKIN_V3,000001,7741,510,514,0.192,0.110,11.701,0.390,11.311,60,FWD,RUN,0.151,1.709,0.053,8.191,2.967,0.164,18.053,60,0.310,537,2.625,23.6
DATA,MOTOR_BREAKIN_V3,000001,7841,509,515,0.219,0.084,10.921,0.390,10.531,60,FWD,RUN,0.151,1.591,0.106,10.001,2.967,0.164,18.053,60,0.310,537,2.625,23.6
DATA,MOTOR_BREAKIN_V3,000001,7941,509,514,0.219,0.110,10.224,0.390,9.834,60,FWD,RUN,0.164,1.616,0.106,10.001,2.967,0.164,18.053,60,0.310,537,2.625,23.6
DATA,MOTOR_BREAKIN_V3,000001,8041,510,515,0.192,0.084,15.434,0.334,15.100,60,FWD,RUN,0.138,2.082,0.066,7.132,2.967,0.164,18.053,60,0.310,537,2.625,23.6
DATA,MOTOR_BREAKIN_V3,000001,8141,509,514,0.219,0.110,13.150,1.114,12.035,60,FWD,RUN,0.164,1.978,0.053,6.519,2.967,0.164,18.053,60,0.310,537,2.625,23.6
DATA,MOTOR_BREAKIN_V3,000001,8241,509,514,0.219,0.110,11.144,0.418,10.726,60,FWD,RUN,0.164,1.763,0.148,7.578,2.967,0.164,18.053,60,0.310,537,2.625,23.6
DATA,MOTOR_BREAKIN_V3,000001,8341,511,514,0.166,0.110,18.582,5.433,13.150,60,FWD,RUN,0.138,1.813,0.148,7.606,2.967,0.164,18.053,60,0.310,537,2.625,23.6
DATA,MOTOR_BREAKIN_V3,000001,8441,510,515,0.192,0.084,11.422,0.306,11.116,60,FWD,RUN,0.138,1.533,0.161,7.828,3.047,0.178,17.161,60,0.310,537,2.625,23.6
DATA,MOTOR_BREAKIN_V3,000001,8541,510,514,0.192,0.110,12.342,0.501,11.840,60,FWD,RUN,0.151,1.789,0.106,6.045,3.047,0.178,17.161,60,0.310,537,2.625,23.6
DATA,MOTOR_BREAKIN_V3,000001,8641,509,513,0.219,0.136,16.966,4.820,12.147,60,FWD,RUN,0.178,2.156,0.092,3.872,3.047,0.178,17.161,60,0.310,537,2.625,23.6
DATA,MOTOR_BREAKIN_V3,000001,8741,509,513,0.219,0.136,18.387,0.390,17.997,60,FWD,RUN,0.178,3.195,0.092,10.196,3.195,0.178,17.997,60,0.310,537,2.625,23.6
DATA,MOTOR_BREAKIN_V3,000001,8841,509,513,0.219,0.136,9.194,0.390,8.804,60,FWD,RUN,0.178,1.563,0.092,10.196,3.195,0.178,17.997,60,0.310,537,2.625,23.6
DATA,MOTOR_BREAKIN_V3,000001,8941,509,513,0.219,0.136,12.509,0.362,12.147,60,FWD,RUN,0.178,2.156,0.040,8.999,3.195,0.178,17.997,60,0.310,537,2.625,23.6
DATA,MOTOR_BREAKIN_V3,000001,9041,510,514,0.192,0.110,11.144,0.362,10.782,60,FWD,RUN,0.151,1.629,0.040,8.581,3.195,0.178,17.997,60,0.310,537,2.625,23.6
DATA,MOTOR_BREAKIN_V3,000001,9141,508,514,0.245,0.110,10.809,0.362,10.447,60,FWD,RUN,0.178,1.855,0.026,8.581,3.195,0.178,17.997,60,0.310,537,2.625,23.6
DATA,MOTOR_BREAKIN_V3,000001,9241,510,514,0.192,0.110,15.573,0.223,15.350,60,FWD,RUN,0.151,2.320,0.040,5.293,3.195,0.178,17.997,60,0.310,537,2.625,23.6
DATA,MOTOR_BREAKIN_V3,000001,9341,509,514,0.219,0.110,12.258,0.418,11.840,60,FWD,RUN,0.164,1.946,0.134,7.076,3.195,0.178,17.997,60,0.310,537,2.625,23.6
DATA,MOTOR_BREAKIN_V3,000001,9440,514,516,0.086,0.057,17.663,5.628,12.035,60,FWD,RUN,0.072,0.865,0.121,7.940,3.195,0.178,17.997,60,0.310,537,2.625,23.6
DATA,MOTOR_BREAKIN_V3,000001,9541,510,514,0.192,0.110,17.106,0.334,16.771,60,FWD,RUN,0.151,2.534,0.134,8.497,3.195,0.178,17.997,60,0.310,537,2.625,23.6
DATA,MOTOR_BREAKIN_V3,000001,9641,510,514,0.192,0.110,15.935,0.362,15.573,60,FWD,RUN,0.151,2.353,0.040,7.383,3.195,0.178,17.997,60,0.310,537,2.625,23.6
DATA,MOTOR_BREAKIN_V3,000001,9741,511,515,0.166,0.084,17.802,0.362,17.440,60,FWD,RUN,0.125,2.175,0.053,6.519,3.195,0.178,17.997,60,0.310,537,2.625,23.6
DATA,MOTOR_BREAKIN_V3,000001,9841,510,514,0.192,0.110,13.372,0.362,13.010,60,FWD,RUN,0.151,1.966,0.053,6.965,3.195,0.178,17.997,60,0.310,537,2.625,23.6
DATA,MOTOR_BREAKIN_V3,000001,9941,510,514,0.192,0.110,14.515,1.504,13.010,60,FWD,RUN,0.151,1.966,0.053,5.293,3.195,0.178,17.997,60,0.310,537,2.625,23.6
DATA,MOTOR_BREAKIN_V3,000001,10041,509,514,0.219,0.110,17.523,4.708,12.815,60,FWD,RUN,0.164,2.106,0.092,6.463,3.195,0.178,17.997,60,0.310,537,2.625,23.6
DATA,MOTOR_BREAKIN_V3,000001,10141,513,516,0.113,0.057,12.035,3.761,8.274,60,FWD,RUN,0.085,0.704,0.119,8.469,3.195,0.178,17.997,60,0.310,537,2.625,23.6
DATA,MOTOR_BREAKIN_V3,000001,10241,510,514,0.192,0.110,13.846,0.334,13.512,60,FWD,RUN,0.151,2.042,0.106,8.469,3.195,0.178,17.997,60,0.310,537,2.625,23.6
DATA,MOTOR_BREAKIN_V3,000001,10341,510,515,0.192,0.084,11.924,0.334,11.589,60,FWD,RUN,0.138,1.598,0.079,5.015,3.195,0.178,17.997,60,0.310,537,2.625,23.6
DATA,MOTOR_BREAKIN_V3,000001,10441,509,514,0.219,0.110,19.056,0.529,18.526,60,FWD,RUN,0.164,3.044,0.106,12.035,3.282,0.164,19.975,60,0.310,537,2.625,23.6
DATA,MOTOR_BREAKIN_V3,000001,10541,510,515,0.192,0.084,12.760,0.251,12.509,60,FWD,RUN,0.138,1.725,0.134,12.537,3.282,0.164,19.975,60,0.310,537,2.625,23.6
DATA,MOTOR_BREAKIN_V3,000001,10641,510,514,0.192,0.110,17.384,0.362,17.022,60,FWD,RUN,0.151,2.572,0.134,10.001,3.282,0.164,19.975,60,0.310,537,2.625,23.6
DATA,MOTOR_BREAKIN_V3,000001,10741,510,515,0.192,0.084,14.320,0.334,13.985,60,FWD,RUN,0.138,1.929,0.079,9.639,3.282,0.164,19.975,60,0.310,537,2.625,23.6
DATA,MOTOR_BREAKIN_V3,000001,10841,514,516,0.086,0.057,11.701,0.279,11.422,60,FWD,RUN,0.072,0.821,0.106,7.466,3.282,0.164,19.975,60,0.310,537,2.625,23.6
DATA,MOTOR_BREAKIN_V3,000001,10941,510,514,0.192,0.110,17.301,0.390,16.911,60,FWD,RUN,0.151,2.555,0.092,9.639,3.282,0.164,19.975,60,0.310,537,2.625,23.6
DATA,MOTOR_BREAKIN_V3,000001,11041,509,514,0.219,0.110,11.422,1.254,10.169,60,FWD,RUN,0.164,1.671,0.053,9.639,3.282,0.164,19.975,60,0.310,537,2.625,23.6
DATA,MOTOR_BREAKIN_V3,000001,11141,511,515,0.166,0.084,16.158,0.334,15.824,60,FWD,RUN,0.125,1.973,0.053,8.553,3.282,0.164,19.975,60,0.310,537,2.625,23.6
DATA,MOTOR_BREAKIN_V3,000001,11241,509,514,0.219,0.110,12.899,0.446,12.453,60,FWD,RUN,0.164,2.046,0.053,9.834,3.282,0.164,19.975,60,0.310,537,2.625,23.6
DATA,MOTOR_BREAKIN_V3,000001,11341,512,515,0.139,0.084,12.899,4.012,8.887,60,FWD,RUN,0.111,0.991,0.092,9.416,3.282,0.164,19.975,60,0.310,537,2.625,23.6
DATA,MOTOR_BREAKIN_V3,000001,11441,510,514,0.192,0.110,18.248,0.390,17.858,60,FWD,RUN,0.151,2.699,0.079,9.416,3.282,0.164,19.975,60,0.310,537,2.625,23.6
DATA,MOTOR_BREAKIN_V3,000001,11541,510,515,0.192,0.084,17.245,0.390,16.855,60,FWD,RUN,0.138,2.324,0.066,9.361,3.282,0.164,19.975,60,0.310,537,2.625,23.6
DATA,MOTOR_BREAKIN_V3,000001,11641,511,515,0.166,0.084,11.311,0.334,10.977,60,FWD,RUN,0.125,1.369,0.079,8.971,3.282,0.164,19.975,60,0.310,537,2.625,23.6
DATA,MOTOR_BREAKIN_V3,000001,11741,510,514,0.192,0.110,11.701,0.501,11.199,60,FWD,RUN,0.151,1.692,0.079,12.230,3.282,0.164,19.975,60,0.310,537,2.625,23.6
DATA,MOTOR_BREAKIN_V3,000001,11841,509,514,0.219,0.110,18.304,0.362,17.941,60,FWD,RUN,0.164,2.948,0.066,8.915,3.282,0.164,19.975,60,0.310,537,2.625,23.6
DATA,MOTOR_BREAKIN_V3,000001,11941,513,516,0.113,0.057,11.478,3.817,7.661,60,FWD,RUN,0.085,0.652,0.079,10.280,3.282,0.164,19.975,60,0.310,537,2.625,23.6
DATA,MOTOR_BREAKIN_V3,000001,12041,509,513,0.219,0.136,13.233,0.390,12.843,60,FWD,RUN,0.178,2.280,0.106,8.609,3.282,0.164,19.975,60,0.310,537,2.625,23.6
DATA,MOTOR_BREAKIN_V3,000001,12141,510,515,0.192,0.084,16.883,0.390,16.493,60,FWD,RUN,0.138,2.274,0.106,8.525,3.282,0.164,19.975,60,0.310,537,2.625,23.6
DATA,MOTOR_BREAKIN_V3,000001,12241,511,516,0.166,0.057,14.264,0.362,13.902,60,FWD,RUN,0.111,1.550,0.040,8.804,3.282,0.164,19.975,60,0.310,537,2.625,23.6
DATA,MOTOR_BREAKIN_V3,000001,12341,509,513,0.219,0.136,16.966,4.095,12.871,60,FWD,RUN,0.178,2.285,0.066,6.185,3.282,0.164,19.975,60,0.310,537,2.625,23.6
DATA,MOTOR_BREAKIN_V3,000001,12441,509,514,0.219,0.110,13.762,0.557,13.205,60,FWD,RUN,0.164,2.170,0.066,8.218,3.282,0.164,19.975,60,0.310,537,2.625,23.6
DATA,MOTOR_BREAKIN_V3,000001,12541,509,514,0.219,0.110,12.982,0.418,12.565,60,FWD,RUN,0.164,2.065,0.026,8.218,3.282,0.164,19.975,60,0.310,537,2.625,23.6
DATA,MOTOR_BREAKIN_V3,000001,12640,513,515,0.113,0.084,11.924,0.223,11.701,60,FWD,RUN,0.098,1.150,0.066,7.940,3.282,0.164,19.975,60,0.310,536,2.620,23.6
DATA,MOTOR_BREAKIN_V3,000001,12741,510,514,0.192,0.110,16.130,5.043,11.088,60,FWD,RUN,0.151,1.676,0.066,10.447,3.282,0.164,19.975,60,0.310,537,2.625,23.6
DATA,MOTOR_BREAKIN_V3,000001,12841,511,514,0.166,0.110,16.270,3.315,12.955,60,FWD,RUN,0.138,1.787,0.066,8.191,3.282,0.164,19.975,60,0.310,537,2.625,23.6
DATA,MOTOR_BREAKIN_V3,000001,12941,514,516,0.086,0.057,14.849,4.625,10.224,60,FWD,RUN,0.072,0.735,0.106,9.305,3.282,0.164,19.975,60,0.310,538,2.630,23.6
DATA,MOTOR_BREAKIN_V3,000001,13041,509,514,0.219,0.110,18.694,0.362,18.331,60,FWD,RUN,0.164,3.012,0.106,11.116,3.282,0.164,19.975,60,0.310,537,2.625,23.6
DATA,MOTOR_BREAKIN_V3,000001,13141,509,514,0.219,0.110,13.456,4.067,9.389,60,FWD,RUN,0.164,1.543,0.066,10.642,3.282,0.164,19.975,60,0.310,537,2.625,23.6
DATA,MOTOR_BREAKIN_V3,000001,13241,509,514,0.219,0.110,14.738,0.390,14.348,60,FWD,RUN,0.164,2.358,0.026,7.633,3.282,0.164,19.975,60,0.310,537,2.625,23.6
DATA,MOTOR_BREAKIN_V3,000001,13341,509,513,0.219,0.136,16.604,0.390,16.214,60,FWD,RUN,0.178,2.879,0.040,8.246,3.282,0.164,19.975,60,0.310,537,2.625,23.6
DATA,MOTOR_BREAKIN_V3,000001,13441,509,514,0.219,0.110,16.353,5.043,11.311,60,FWD,RUN,0.164,1.859,0.040,9.472,3.452,0.178,19.446,60,0.310,537,2.625,23.6
DATA,MOTOR_BREAKIN_V3,000001,13541,510,515,0.192,0.084,13.010,0.390,12.620,60,FWD,RUN,0.138,1.740,0.040,9.500,3.452,0.178,19.446,60,0.310,537,2.625,23.6
DATA,MOTOR_BREAKIN_V3,000001,13641,509,513,0.219,0.136,12.007,0.334,11.673,60,FWD,RUN,0.178,2.072,0.092,6.380,3.452,0.178,19.446,60,0.310,537,2.625,23.6
DATA,MOTOR_BREAKIN_V3,000001,13741,509,514,0.219,0.110,10.754,2.925,7.828,60,FWD,RUN,0.164,1.286,0.092,6.380,3.452,0.178,19.446,60,0.310,537,2.625,23.6
DATA,MOTOR_BREAKIN_V3,000001,13841,509,514,0.219,0.110,17.997,1.059,16.938,60,FWD,RUN,0.164,2.783,0.066,9.110,3.452,0.178,19.446,60,0.310,537,2.625,23.6
DATA,MOTOR_BREAKIN_V3,000001,13941,509,514,0.219,0.110,16.660,4.792,11.868,60,FWD,RUN,0.164,1.950,0.079,8.413,3.452,0.178,19.446,60,0.310,537,2.625,23.6
DATA,MOTOR_BREAKIN_V3,000001,14041,510,515,0.192,0.084,10.837,3.427,7.411,60,FWD,RUN,0.138,1.022,0.092,6.603,3.452,0.178,19.446,60,0.310,537,2.625,23.6
DATA,MOTOR_BREAKIN_V3,000001,14141,508,514,0.245,0.110,14.236,0.390,13.846,60,FWD,RUN,0.178,2.458,0.040,9.667,3.452,0.178,19.446,60,0.310,537,2.625,23.6
DATA,MOTOR_BREAKIN_V3,000001,14241,510,514,0.192,0.110,16.437,5.210,11.227,60,FWD,RUN,0.151,1.697,0.079,6.965,3.452,0.178,19.446,60,0.310,537,2.625,23.6
DATA,MOTOR_BREAKIN_V3,000001,14341,510,514,0.192,0.110,16.186,4.680,11.506,60,FWD,RUN,0.151,1.739,0.066,5.850,3.452,0.178,19.446,60,0.310,537,2.625,23.6
DATA,MOTOR_BREAKIN_V3,000001,14441,510,515,0.192,0.084,15.518,4.513,11.004,60,FWD,RUN,0.138,1.518,0.026,6.658,3.452,0.178,19.446,60,0.310,537,2.625,23.6
DATA,MOTOR_BREAKIN_V3,000001,14541,513,516,0.113,0.057,15.629,0.279,15.350,60,FWD,RUN,0.085,1.306,0.092,7.466,3.452,0.178,19.446,60,0.310,537,2.625,23.6
DATA,MOTOR_BREAKIN_V3,000001,14641,509,514,0.219,0.110,12.843,0.334,12.509,60,FWD,RUN,0.164,2.056,0.092,7.466,3.452,0.178,19.446,60,0.310,537,2.625,23.6
DATA,MOTOR_BREAKIN_V3,000001,14741,509,514,0.219,0.110,19.195,0.334,18.861,60,FWD,RUN,0.164,3.099,0.040,7.968,3.452,0.178,19.446,60,0.310,537,2.625,23.6
DATA,MOTOR_BREAKIN_V3,000001,14841,510,515,0.192,0.084,15.100,0.334,14.765,60,FWD,RUN,0.138,2.036,0.079,7.940,3.452,0.178,19.446,60,0.310,537,2.625,23.6
DATA,MOTOR_BREAKIN_V3,000001,14941,510,514,0.192,0.110,15.323,1.198,14.125,60,FWD,RUN,0.151,2.134,0.079,5.850,3.452,0.178,19.446,60,0.310,537,2.625,23.6
DATA,MOTOR_BREAKIN_V3,000001,15041,509,514,0.219,0.110,14.431,4.541,9.890,60,FWD,RUN,0.164,1.625,0.053,8.692,3.452,0.178,19.446,60,0.310,537,2.625,23.6
DATA,MOTOR_BREAKIN_V3,000001,15141,511,515,0.166,0.084,15.016,0.223,14.793,60,FWD,RUN,0.125,1.845,0.053,8.692,3.452,0.178,19.446,60,0.310,537,2.625,23.6
DATA,MOTOR_BREAKIN_V3,000001,15241,509,514,0.219,0.110,13.094,0.334,12.760,60,FWD,RUN,0.164,2.097,0.066,8.609,3.452,0.178,19.446,60,0.310,537,2.625,23.6
DATA,MOTOR_BREAKIN_V3,000001,15341,509,514,0.219,0.110,14.849,0.334,14.515,60,FWD,RUN,0.164,2.385,0.066,7.856,3.452,0.178,19.446,60,0.310,537,2.625,23.6
DATA,MOTOR_BREAKIN_V3,000001,15441,511,515,0.166,0.084,15.740,0.334,15.406,60,FWD,RUN,0.125,1.921,0.053,8.804,3.452,0.178,19.446,60,0.310,536,2.620,23.6
DATA,MOTOR_BREAKIN_V3,000001,15541,511,515,0.166,0.084,17.551,5.210,12.342,60,FWD,RUN,0.125,1.539,0.053,8.804,3.452,0.178,19.446,60,0.310,537,2.625,23.6
DATA,MOTOR_BREAKIN_V3,000001,15641,509,513,0.219,0.136,13.122,4.764,8.358,60,FWD,RUN,0.178,1.484,0.092,10.837,3.452,0.178,19.446,60,0.310,537,2.625,23.6
DATA,MOTOR_BREAKIN_V3,000001,15741,510,516,0.192,0.057,11.673,3.761,7.912,60,FWD,RUN,0.125,0.987,0.092,11.645,3.452,0.178,19.446,60,0.310,537,2.625,23.6
DATA,MOTOR_BREAKIN_V3,000001,15840,510,514,0.192,0.110,12.091,0.334,11.757,60,FWD,RUN,0.151,1.777,0.053,8.636,3.452,0.178,19.446,60,0.310,537,2.625,23.6
DATA,MOTOR_BREAKIN_V3,000001,15941,509,514,0.219,0.110,14.348,4.430,9.918,60,FWD,RUN,0.164,1.630,0.066,8.330,3.452,0.178,19.446,60,0.310,537,2.625,23.6
DATA,MOTOR_BREAKIN_V3,000001,16041,509,514,0.219,0.110,15.350,4.848,10.503,60,FWD,RUN,0.164,1.726,0.066,7.021,3.452,0.178,19.446,60,0.310,537,2.625,23.6
DATA,MOTOR_BREAKIN_V3,000001,16141,514,516,0.086,0.057,15.434,2.981,12.453,60,FWD,RUN,0.072,0.895,0.092,4.792,3.452,0.178,19.446,60,0.310,537,2.625,23.6
DATA,MOTOR_BREAKIN_V3,000001,16241,510,514,0.192,0.110,14.320,3.733,10.587,60,FWD,RUN,0.151,1.600,0.092,4.987,3.452,0.178,19.446,60,0.310,537,2.625,23.6
DATA,MOTOR_BREAKIN_V3,000001,16341,509,514,0.219,0.110,15.100,0.362,14.738,60,FWD,RUN,0.164,2.422,0.040,6.268,3.452,0.178,19.446,60,0.310,537,2.625,23.6
DATA,MOTOR_BREAKIN_V3,000001,16441,510,514,0.192,0.110,13.428,4.040,9.389,60,FWD,RUN,0.151,1.419,0.040,8.581,3.452,0.178,19.446,60,0.310,537,2.625,23.6
DATA,MOTOR_BREAKIN_V3,000001,16541,510,514,0.192,0.110,13.512,0.306,13.205,60,FWD,RUN,0.151,1.996,0.066,8.246,3.452,0.178,19.446,60,0.310,537,2.625,23.6
DATA,MOTOR_BREAKIN_V3,000001,16641,510,515,0.192,0.084,14.180,0.780,13.400,60,FWD,RUN,0.138,1.848,0.079,7.104,3.452,0.178,19.446,60,0.310,537,2.625,23.6
DATA,MOTOR_BREAKIN_V3,000001,16741,509,514,0.219,0.110,13.930,3.622,10.308,60,FWD,RUN,0.164,1.694,0.079,7.188,3.452,0.178,19.446,60,0.310,536,2.620,23.6
DATA,MOTOR_BREAKIN_V3,000001,16841,510,513,0.192,0.136,15.016,0.390,14.626,60,FWD,RUN,0.164,2.403,0.066,7.856,3.452,0.178,19.446,60,0.310,537,2.625,23.6
DATA,MOTOR_BREAKIN_V3,000001,16941,510,515,0.192,0.084,14.654,3.789,10.865,60,FWD,RUN,0.138,1.498,0.053,7.856,3.452,0.178,19.446,60,0.310,537,2.625,23.6
DATA,MOTOR_BREAKIN_V3,000001,17041,510,514,0.192,0.110,13.985,0.390,13.595,60,FWD,RUN,0.151,2.054,0.040,7.689,3.452,0.178,19.446,60,0.310,537,2.625,23.6
DATA,MOTOR_BREAKIN_V3,000001,17141,510,514,0.192,0.110,14.988,4.457,10.531,60,FWD,RUN,0.151,1.591,0.053,10.113,3.452,0.178,19.446,60,0.310,537,2.625,23.6
DATA,MOTOR_BREAKIN_V3,000001,17241,510,514,0.192,0.110,12.537,0.418,12.119,60,FWD,RUN,0.151,1.831,0.053,10.336,3.452,0.178,19.446,60,0.310,537,2.625,23.6
DATA,MOTOR_BREAKIN_V3,000001,17341,510,514,0.192,0.110,17.440,0.362,17.078,60,FWD,RUN,0.151,2.581,0.040,9.389,3.452,0.178,19.446,60,0.310,537,2.625,23.6
DATA,MOTOR_BREAKIN_V3,000001,17441,510,514,0.192,0.110,10.921,0.446,10.475,60,FWD,RUN,0.151,1.583,0.040,7.494,3.452,0.178,19.446,60,0.310,537,2.625,23.6
DATA,MOTOR_BREAKIN_V3,000001,17541,511,515,0.166,0.084,14.180,4.736,9.444,60,FWD,RUN,0.125,1.178,0.040,6.826,3.452,0.178,19.446,60,0.310,537,2.625,23.6
DATA,MOTOR_BREAKIN_V3,000001,17641,510,514,0.192,0.110,11.339,0.418,10.921,60,FWD,RUN,0.151,1.650,0.053,6.630,3.452,0.178,19.446,60,0.310,537,2.625,23.6
DATA,MOTOR_BREAKIN_V3,000001,17741,510,515,0.192,0.084,13.484,4.485,8.999,60,FWD,RUN,0.138,1.241,0.053,5.460,3.452,0.178,19.446,60,0.310,537,2.625,23.6
DATA,MOTOR_BREAKIN_V3,000001,17841,510,514,0.192,0.110,14.459,4.235,10.224,60,FWD,RUN,0.151,1.545,0.053,6.686,3.452,0.178,19.446,60,0.310,537,2.625,23.6
DATA,MOTOR_BREAKIN_V3,000001,17941,510,514,0.192,0.110,15.573,4.903,10.670,60,FWD,RUN,0.151,1.612,0.053,5.934,3.452,0.178,19.446,60,0.310,537,2.625,23.6
DATA,MOTOR_BREAKIN_V3,000001,18041,510,513,0.192,0.136,14.152,0.418,13.735,60,FWD,RUN,0.164,2.257,0.053,6.018,3.452,0.178,19.446,60,0.310,537,2.625,23.6
DATA,MOTOR_BREAKIN_V3,000001,18141,510,514,0.192,0.110,13.094,0.446,12.648,60,FWD,RUN,0.151,1.911,0.040,5.934,3.452,0.178,19.446,60,0.310,537,2.625,23.6
DATA,MOTOR_BREAKIN_V3,000001,18241,510,514,0.192,0.110,13.038,3.092,9.946,60,FWD,RUN,0.151,1.503,0.053,4.987,3.452,0.178,19.446,60,0.310,537,2.625,23.6
DATA,MOTOR_BREAKIN_V3,000001,18341,510,514,0.192,0.110,10.754,0.334,10.419,60,FWD,RUN,0.151,1.575,0.053,4.792,3.452,0.178,19.446,60,0.310,537,2.625,23.6
DATA,MOTOR_BREAKIN_V3,000001,18441,511,514,0.166,0.110,13.066,4.040,9.026,60,FWD,RUN,0.138,1.245,0.040,5.711,3.452,0.178,19.446,60,0.310,537,2.625,23.6
DATA,MOTOR_BREAKIN_V3,000001,18541,510,514,0.192,0.110,15.155,0.390,14.765,60,FWD,RUN,0.151,2.231,0.053,5.990,3.452,0.178,19.446,60,0.310,537,2.625,23.6
DATA,MOTOR_BREAKIN_V3,000001,18641,511,515,0.166,0.084,14.236,4.067,10.169,60,FWD,RUN,0.125,1.268,0.066,6.380,3.452,0.178,19.446,60,0.310,537,2.625,23.6
DATA,MOTOR_BREAKIN_V3,000001,18741,510,514,0.192,0.110,16.075,0.362,15.713,60,FWD,RUN,0.151,2.374,0.092,6.240,3.452,0.178,19.446,60,0.310,537,2.625,23.6
DATA,MOTOR_BREAKIN_V3,000001,18841,510,514,0.192,0.110,14.570,0.613,13.957,60,FWD,RUN,0.151,2.109,0.079,7.689,3.452,0.178,19.446,60,0.310,537,2.625,23.6
DATA,MOTOR_BREAKIN_V3,000001,18941,510,514,0.192,0.110,12.147,0.362,11.784,60,FWD,RUN,0.151,1.781,0.079,5.934,3.452,0.178,19.446,60,0.310,537,2.625,23.6
DATA,MOTOR_BREAKIN_V3,000001,19040,510,515,0.192,0.084,9.166,2.870,6.296,60,FWD,RUN,0.138,0.868,0.053,8.441,3.452,0.178,19.446,60,0.310,537,2.625,23.6
DATA,MOTOR_BREAKIN_V3,000001,19141,510,514,0.192,0.110,15.267,4.680,10.587,60,FWD,RUN,0.151,1.600,0.066,8.441,3.452,0.178,19.446,60,0.310,537,2.625,23.6
DATA,MOTOR_BREAKIN_V3,000001,19241,510,514,0.192,0.110,12.314,0.334,11.979,60,FWD,RUN,0.151,1.810,0.053,3.092,3.452,0.178,19.446,60,0.310,537,2.625,23.6
DATA,MOTOR_BREAKIN_V3,000001,19341,509,515,0.219,0.084,12.035,0.362,11.673,60,FWD,RUN,0.151,1.764,0.040,4.569,3.452,0.178,19.446,60,0.310,537,2.625,23.6
DATA,MOTOR_BREAKIN_V3,000001,19441,511,515,0.166,0.084,13.874,0.529,13.345,60,FWD,RUN,0.125,1.664,0.040,5.238,3.452,0.178,19.446,60,0.310,537,2.625,23.6
DATA,MOTOR_BREAKIN_V3,000001,19541,509,514,0.219,0.110,11.979,0.418,11.562,60,FWD,RUN,0.164,1.900,0.053,6.770,3.452,0.178,19.446,60,0.310,536,2.620,23.6
DATA,MOTOR_BREAKIN_V3,000001,19641,508,514,0.245,0.110,15.100,0.418,14.682,60,FWD,RUN,0.178,2.607,0.119,5.850,3.452,0.178,19.446,60,0.310,537,2.625,23.6
DATA,MOTOR_BREAKIN_V3,000001,19741,512,516,0.139,0.057,13.790,4.151,9.639,60,FWD,RUN,0.098,0.947,0.119,6.826,3.452,0.178,19.446,60,0.310,537,2.625,23.6
DATA,MOTOR_BREAKIN_V3,000001,19841,509,514,0.219,0.110,12.537,0.390,12.147,60,FWD,RUN,0.164,1.996,0.066,7.383,3.452,0.178,19.446,60,0.310,537,2.625,23.6
DATA,MOTOR_BREAKIN_V3,000001,19941,513,516,0.113,0.057,11.645,3.705,7.940,60,FWD,RUN,0.085,0.675,0.092,7.383,3.452,0.178,19.446,60,0.310,537,2.625,23.6
DATA,MOTOR_BREAKIN_V3,000001,20041,510,514,0.192,0.110,13.233,0.362,12.871,60,FWD,RUN,0.151,1.945,0.092,5.488,3.452,0.178,19.446,60,0.310,537,2.625,23.6
DATA,MOTOR_BREAKIN_V3,000001,20141,509,514,0.219,0.110,14.988,0.390,14.598,60,FWD,RUN,0.164,2.399,0.040,5.544,3.452,0.178,19.446,60,0.310,537,2.625,23.6
DATA,MOTOR_BREAKIN_V3,000001,20241,509,514,0.219,0.110,13.428,0.418,13.010,60,FWD,RUN,0.164,2.138,0.053,5.349,3.452,0.178,19.446,60,0.310,537,2.625,23.6
DATA,MOTOR_BREAKIN_V3,000001,20341,511,515,0.166,0.084,13.985,0.474,13.512,60,FWD,RUN,0.125,1.685,0.053,4.792,3.452,0.178,19.446,60,0.310,537,2.625,23.6
DATA,MOTOR_BREAKIN_V3,000001,20441,510,514,0.192,0.110,13.818,0.613,13.205,60,FWD,RUN,0.151,1.996,0.079,6.798,3.452,0.178,19.446,60,0.310,537,2.625,23.6
DATA,MOTOR_BREAKIN_V3,000001,20541,512,515,0.139,0.084,14.738,0.501,14.236,60,FWD,RUN,0.111,1.587,0.092,8.887,3.452,0.178,19.446,60,0.310,536,2.620,23.6
DATA,MOTOR_BREAKIN_V3,000001,20641,511,515,0.166,0.084,11.339,0.279,11.060,60,FWD,RUN,0.125,1.379,0.079,7.355,3.452,0.178,19.446,60,0.310,537,2.625,23.6
DATA,MOTOR_BREAKIN_V3,000001,20741,510,514,0.192,0.110,9.528,3.510,6.018,60,FWD,RUN,0.151,0.909,0.079,8.692,3.452,0.178,19.446,60,0.310,536,2.620,23.6
DATA,MOTOR_BREAKIN_V3,000001,20841,511,516,0.166,0.057,11.534,0.195,11.339,60,FWD,RUN,0.111,1.264,0.079,7.773,3.452,0.178,19.446,60,0.310,537,2.625,23.6
DATA,MOTOR_BREAKIN_V3,000001,20941,510,514,0.192,0.110,8.107,2.535,5.572,60,FWD,RUN,0.151,0.842,0.066,5.767,3.452,0.178,19.446,60,0.310,537,2.625,23.6
DATA,MOTOR_BREAKIN_V3,000001,21041,509,514,0.219,0.110,11.422,0.306,11.116,60,FWD,RUN,0.164,1.827,0.053,10.057,3.452,0.178,19.446,60,0.310,537,2.625,23.6
DATA,MOTOR_BREAKIN_V3,000001,21141,510,514,0.192,0.110,14.013,0.390,13.623,60,FWD,RUN,0.151,2.059,0.053,7.048,3.452,0.178,19.446,60,0.310,537,2.625,23.6
DATA,MOTOR_BREAKIN_V3,000001,21241,510,514,0.192,0.110,13.540,0.501,13.038,60,FWD,RUN,0.151,1.970,0.040,6.018,3.452,0.178,19.446,60,0.310,537,2.625,23.6
DATA,MOTOR_BREAKIN_V3,000001,21341,510,514,0.192,0.110,11.589,3.789,7.801,60,FWD,RUN,0.151,1.179,0.053,8.441,3.452,0.178,19.446,60,0.310,537,2.625,23.6
DATA,MOTOR_BREAKIN_V3,000001,21441,510,514,0.192,0.110,11.450,0.306,11.144,60,FWD,RUN,0.151,1.684,0.040,10.782,3.452,0.178,19.446,60,0.310,537,2.625,23.6
DATA,MOTOR_BREAKIN_V3,000001,21541,510,515,0.192,0.084,11.924,3.872,8.051,60,FWD,RUN,0.138,1.110,0.053,7.048,3.452,0.178,19.446,60,0.310,537,2.625,23.6
DATA,MOTOR_BREAKIN_V3,000001,21641,510,514,0.192,0.110,12.286,0.334,11.952,60,FWD,RUN,0.151,1.806,0.040,7.048,3.452,0.178,19.446,60,0.310,536,2.620,23.6
DATA,MOTOR_BREAKIN_V3,000001,21741,511,514,0.166,0.110,11.896,0.279,11.617,60,FWD,RUN,0.138,1.602,0.066,7.048,3.452,0.178,19.446,60,0.310,537,2.625,23.6
DATA,MOTOR_BREAKIN_V3,000001,21841,510,514,0.192,0.110,8.246,2.870,5.377,60,FWD,RUN,0.151,0.813,0.066,8.274,3.452,0.178,19.446,60,0.310,537,2.625,23.6
DATA,MOTOR_BREAKIN_V3,000001,21941,510,515,0.192,0.084,12.481,0.334,12.147,60,FWD,RUN,0.138,1.675,0.053,8.274,3.452,0.178,19.446,60,0.310,537,2.625,23.6
DATA,MOTOR_BREAKIN_V3,000001,22041,510,515,0.192,0.084,15.935,5.405,10.531,60,FWD,RUN,0.138,1.452,0.066,5.683,3.452,0.178,19.446,60,0.310,537,2.625,23.6
DATA,MOTOR_BREAKIN_V3,000001,22141,510,514,0.192,0.110,11.757,0.585,11.172,60,FWD,RUN,0.151,1.688,0.040,4.680,3.452,0.178,19.446,60,0.310,537,2.625,23.6
DATA,MOTOR_BREAKIN_V3,000001,22240,509,515,0.219,0.084,13.595,3.817,9.779,60,FWD,RUN,0.151,1.478,0.053,6.352,3.452,0.178,19.446,60,0.310,537,2.625,23.6
DATA,MOTOR_BREAKIN_V3,000001,22341,510,514,0.192,0.110,10.113,0.362,9.751,60,FWD,RUN,0.151,1.474,0.053,9.779,3.452,0.178,19.446,60,0.310,537,2.625,23.6
DATA,MOTOR_BREAKIN_V3,000001,22441,510,514,0.192,0.110,8.664,2.870,5.795,60,FWD,RUN,0.151,0.876,0.066,9.779,3.452,0.178,19.446,60,0.310,537,2.625,23.6
DATA,MOTOR_BREAKIN_V3,000001,22541,510,514,0.192,0.110,12.509,0.641,11.868,60,FWD,RUN,0.151,1.793,0.053,8.302,3.452,0.178,19.446,60,0.310,537,2.625,23.6
DATA,MOTOR_BREAKIN_V3,000001,22641,510,515,0.192,0.084,8.971,2.953,6.018,60,FWD,RUN,0.138,0.830,0.092,8.302,3.452,0.178,19.446,60,0.310,537,2.625,23.6
DATA,MOTOR_BREAKIN_V3,000001,22741,509,515,0.219,0.084,13.261,0.362,12.899,60,FWD,RUN,0.151,1.949,0.092,7.076,3.452,0.178,19.446,60,0.310,537,2.625,23.6
DATA,MOTOR_BREAKIN_V3,000001,22841,512,516,0.139,0.057,11.589,2.257,9.333,60,FWD,RUN,0.098,0.917,0.066,7.773,3.452,0.178,19.446,60,0.310,537,2.625,23.6
DATA,MOTOR_BREAKIN_V3,000001,22941,510,514,0.192,0.110,12.955,0.446,12.509,60,FWD,RUN,0.151,1.890,0.066,7.076,3.452,0.178,19.446,60,0.310,537,2.625,23.6
DATA,MOTOR_BREAKIN_V3,000001,23041,509,514,0.219,0.110,14.543,0.362,14.180,60,FWD,RUN,0.164,2.330,0.066,5.628,3.452,0.178,19.446,60,0.310,537,2.625,23.6
DATA,MOTOR_BREAKIN_V3,000001,23141,509,514,0.219,0.110,13.205,3.956,9.249,60,FWD,RUN,0.164,1.520,0.053,7.466,3.452,0.178,19.446,60,0.310,537,2.625,23.6
DATA,MOTOR_BREAKIN_V3,000001,23241,511,515,0.166,0.084,11.422,0.334,11.088,60,FWD,RUN,0.125,1.383,0.053,6.714,3.452,0.178,19.446,60,0.310,537,2.625,23.6
DATA,MOTOR_BREAKIN_V3,000001,23341,510,514,0.192,0.110,11.283,3.594,7.689,60,FWD,RUN,0.151,1.162,0.053,6.603,3.452,0.178,19.446,60,0.310,537,2.625,23.6
DATA,MOTOR_BREAKIN_V3,000001,23441,511,515,0.166,0.084,12.147,0.362,11.784,60,FWD,RUN,0.125,1.469,0.040,5.823,3.452,0.178,19.446,60,0.310,537,2.625,23.6
DATA,MOTOR_BREAKIN_V3,000001,23541,509,514,0.219,0.110,12.481,0.334,12.147,60,FWD,RUN,0.164,1.996,0.053,7.940,3.452,0.178,19.446,60,0.310,537,2.625,23.6
DATA,MOTOR_BREAKIN_V3,000001,23641,510,514,0.192,0.110,12.202,0.474,11.729,60,FWD,RUN,0.151,1.772,0.040,6.575,3.452,0.178,19.446,60,0.310,537,2.625,23.6
DATA,MOTOR_BREAKIN_V3,000001,23741,510,515,0.192,0.084,10.642,3.427,7.216,60,FWD,RUN,0.138,0.995,0.053,5.878,3.452,0.178,19.446,60,0.310,537,2.625,23.6
DATA,MOTOR_BREAKIN_V3,000001,23841,510,515,0.192,0.084,14.013,4.569,9.444,60,FWD,RUN,0.138,1.302,0.053,7.355,3.452,0.178,19.446,60,0.310,537,2.625,23.6
DATA,MOTOR_BREAKIN_V3,000001,23941,509,514,0.219,0.110,12.425,0.557,11.868,60,FWD,RUN,0.164,1.950,0.026,5.265,3.452,0.178,19.446,60,0.310,537,2.625,23.6
DATA,MOTOR_BREAKIN_V3,000001,24041,509,514,0.219,0.110,13.818,0.390,13.428,60,FWD,RUN,0.164,2.207,0.026,4.569,3.452,0.178,19.446,60,0.310,537,2.625,23.6
DATA,MOTOR_BREAKIN_V3,000001,24141,510,514,0.192,0.110,9.249,0.390,8.859,60,FWD,RUN,0.151,1.339,0.026,4.569,3.452,0.178,19.446,60,0.310,537,2.625,23.6
DATA,MOTOR_BREAKIN_V3,000001,24241,509,514,0.219,0.110,11.645,3.872,7.773,60,FWD,RUN,0.164,1.277,0.026,4.597,3.452,0.178,19.446,60,0.310,537,2.625,23.6
DATA,MOTOR_BREAKIN_V3,000001,24341,510,514,0.192,0.110,13.735,0.418,13.317,60,FWD,RUN,0.151,2.012,0.040,5.655,3.452,0.178,19.446,60,0.310,537,2.625,23.6
DATA,MOTOR_BREAKIN_V3,000001,24441,510,515,0.192,0.084,9.611,2.897,6.714,60,FWD,RUN,0.138,0.926,0.026,8.023,3.452,0.178,19.446,60,0.310,537,2.625,23.6
DATA,MOTOR_BREAKIN_V3,000001,24541,510,514,0.192,0.110,8.553,2.535,6.018,60,FWD,RUN,0.151,0.909,0.026,8.023,3.452,0.178,19.446,60,0.310,537,2.625,23.6
DATA,MOTOR_BREAKIN_V3,000001,24641,510,514,0.192,0.110,12.982,4.207,8.776,60,FWD,RUN,0.151,1.326,0.053,5.293,3.452,0.178,19.446,60,0.310,537,2.625,23.6
DATA,MOTOR_BREAKIN_V3,000001,24741,509,514,0.219,0.110,12.955,0.362,12.592,60,FWD,RUN,0.164,2.069,0.053,6.770,3.452,0.178,19.446,60,0.310,537,2.625,23.6
DATA,MOTOR_BREAKIN_V3,000001,24841,509,514,0.219,0.110,10.336,0.418,9.918,60,FWD,RUN,0.164,1.630,0.066,5.628,3.452,0.178,19.446,60,0.310,537,2.625,23.6
DATA,MOTOR_BREAKIN_V3,000001,24941,509,513,0.219,0.136,13.902,4.290,9.611,60,FWD,RUN,0.178,1.706,0.066,5.238,3.452,0.178,19.446,60,0.310,537,2.625,23.6
DATA,MOTOR_BREAKIN_V3,000001,25041,510,514,0.192,0.110,13.372,0.390,12.982,60,FWD,RUN,0.151,1.962,0.040,5.628,3.452,0.178,19.446,60,0.310,537,2.625,23.6
DATA,MOTOR_BREAKIN_V3,000001,25141,509,514,0.219,0.110,13.317,4.290,9.026,60,FWD,RUN,0.164,1.483,0.026,6.742,3.452,0.178,19.446,60,0.310,537,2.625,23.6
DATA,MOTOR_BREAKIN_V3,000001,25241,509,515,0.219,0.084,12.592,0.334,12.258,60,FWD,RUN,0.151,1.852,0.053,6.714,3.452,0.178,19.446,60,0.310,537,2.625,23.6
DATA,MOTOR_BREAKIN_V3,000001,25341,513,516,0.113,0.057,12.314,0.223,12.091,60,FWD,RUN,0.085,1.029,0.079,5.990,3.452,0.178,19.446,60,0.310,537,2.625,23.6
DATA,MOTOR_BREAKIN_V3,000001,25440,510,513,0.192,0.136,8.469,0.279,8.191,60,FWD,RUN,0.164,1.346,0.079,6.185,3.452,0.178,19.446,60,0.310,537,2.625,23.6
DATA,MOTOR_BREAKIN_V3,000001,25541,512,515,0.139,0.084,10.113,3.176,6.937,60,FWD,RUN,0.111,0.773,0.079,7.856,3.452,0.178,19.446,60,0.310,537,2.625,23.6
DATA,MOTOR_BREAKIN_V3,000001,25641,509,514,0.219,0.110,12.286,4.123,8.163,60,FWD,RUN,0.164,1.341,0.092,8.664,3.452,0.178,19.446,60,0.310,537,2.625,23.6
DATA,MOTOR_BREAKIN_V3,000001,25741,510,514,0.192,0.110,7.076,2.563,4.513,60,FWD,RUN,0.151,0.682,0.092,8.831,3.452,0.178,19.446,60,0.310,537,2.625,23.6
DATA,MOTOR_BREAKIN_V3,000001,25841,510,514,0.192,0.110,11.367,0.390,10.977,60,FWD,RUN,0.151,1.659,0.053,6.547,3.452,0.178,19.446,60,0.310,537,2.625,23.6
DATA,MOTOR_BREAKIN_V3,000001,25941,509,514,0.219,0.110,8.636,0.446,8.191,60,FWD,RUN,0.164,1.346,0.040,7.216,3.452,0.178,19.446,60,0.310,537,2.625,23.6
DATA,MOTOR_BREAKIN_V3,000001,26041,510,514,0.192,0.110,8.999,2.953,6.045,60,FWD,RUN,0.151,0.914,0.026,6.881,3.452,0.178,19.446,60,0.310,537,2.625,23.6
DATA,MOTOR_BREAKIN_V3,000001,26141,509,515,0.219,0.084,11.979,0.362,11.617,60,FWD,RUN,0.151,1.756,0.026,6.937,3.452,0.178,19.446,60,0.310,537,2.625,23.6
DATA,MOTOR_BREAKIN_V3,000001,26241,510,514,0.192,0.110,12.007,0.390,11.617,60,FWD,RUN,0.151,1.756,0.066,5.516,3.452,0.178,19.446,60,0.310,537,2.625,23.6
DATA,MOTOR_BREAKIN_V3,000001,26341,510,514,0.192,0.110,8.163,0.306,7.856,60,FWD,RUN,0.151,1.187,0.079,7.940,3.452,0.178,19.446,60,0.310,537,2.625,23.6
DATA,MOTOR_BREAKIN_V3,000001,26441,511,514,0.166,0.110,9.082,0.251,8.831,60,FWD,RUN,0.138,1.218,0.092,6.686,3.452,0.178,19.446,60,0.310,537,2.625,23.6
DATA,MOTOR_BREAKIN_V3,000001,26541,510,514,0.192,0.110,7.996,0.334,7.661,60,FWD,RUN,0.151,1.158,0.092,5.015,3.452,0.178,19.446,60,0.310,537,2.625,23.6
DATA,MOTOR_BREAKIN_V3,000001,26641,511,515,0.166,0.084,15.713,5.043,10.670,60,FWD,RUN,0.125,1.331,0.079,6.853,3.452,0.178,19.446,60,0.310,537,2.625,23.6
DATA,MOTOR_BREAKIN_V3,000001,26741,510,514,0.192,0.110,11.896,0.390,11.506,60,FWD,RUN,0.151,1.739,0.066,5.265,3.452,0.178,19.446,60,0.310,537,2.625,23.6
DATA,MOTOR_BREAKIN_V3,000001,26841,510,513,0.192,0.051,10.280,0.446,9.834,60,FWD,RUN,0.121,1.195,0.043,6.268,3.452,0.178,19.446,60,0.310,537,2.625,23.6
DATA,MOTOR_BREAKIN_V3,000001,26941,510,514,0.192,0.110,12.425,3.733,8.692,60,FWD,RUN,0.151,1.314,0.043,6.268,3.452,0.178,19.446,60,0.310,537,2.625,23.6
DATA,MOTOR_BREAKIN_V3,000001,27041,510,514,0.192,0.110,12.425,0.390,12.035,60,FWD,RUN,0.151,1.819,0.053,5.572,3.452,0.178,19.446,60,0.310,537,2.625,23.6
DATA,MOTOR_BREAKIN_V3,000001,27141,511,515,0.166,0.084,13.010,4.235,8.776,60,FWD,RUN,0.125,1.094,0.040,6.045,3.452,0.178,19.446,60,0.310,537,2.625,23.6
DATA,MOTOR_BREAKIN_V3,000001,27241,510,514,0.192,0.110,12.370,0.501,11.868,60,FWD,RUN,0.151,1.793,0.040,7.940,3.452,0.178,19.446,60,0.310,537,2.625,23.6
DATA,MOTOR_BREAKIN_V3,000001,27341,511,515,0.166,0.084,14.013,2.591,11.422,60,FWD,RUN,0.125,1.424,0.040,7.940,3.452,0.178,19.446,60,0.310,537,2.625,23.6
DATA,MOTOR_BREAKIN_V3,000001,27441,509,514,0.219,0.110,11.589,0.613,10.977,60,FWD,RUN,0.164,1.804,0.066,7.550,3.452,0.178,19.446,60,0.310,537,2.625,23.6
DATA,MOTOR_BREAKIN_V3,000001,27541,512,515,0.139,0.084,12.592,4.012,8.581,60,FWD,RUN,0.111,0.957,0.066,6.770,3.452,0.178,19.446,60,0.310,537,2.625,23.6
DATA,MOTOR_BREAKIN_V3,000001,27641,509,514,0.219,0.110,12.982,3.677,9.305,60,FWD,RUN,0.164,1.529,0.066,5.544,3.452,0.178,19.446,60,0.310,537,2.625,23.6
DATA,MOTOR_BREAKIN_V3,000001,27741,510,514,0.192,0.110,13.567,0.474,13.094,60,FWD,RUN,0.151,1.979,0.066,4.513,3.452,0.178,19.446,60,0.310,537,2.625,23.6
DATA,MOTOR_BREAKIN_V3,000001,27841,510,515,0.192,0.084,13.177,4.179,8.999,60,FWD,RUN,0.138,1.241,0.066,4.569,3.452,0.178,19.446,60,0.310,537,2.625,23.6
DATA,MOTOR_BREAKIN_V3,000001,27941,509,515,0.219,0.084,9.333,4.680,4.652,60,FWD,RUN,0.151,0.703,0.040,10.447,3.452,0.178,19.446,60,0.310,537,2.625,23.6
DATA,MOTOR_BREAKIN_V3,000001,28041,510,515,0.192,0.084,11.673,3.594,8.079,60,FWD,RUN,0.138,1.114,0.040,10.447,3.452,0.178,19.446,60,0.310,537,2.625,23.6
DATA,MOTOR_BREAKIN_V3,000001,28141,509,515,0.219,0.084,14.375,0.529,13.846,60,FWD,RUN,0.151,2.092,0.026,8.358,3.452,0.178,19.446,60,0.310,537,2.625,23.6
DATA,MOTOR_BREAKIN_V3,000001,28241,510,515,0.192,0.084,14.375,4.848,9.528,60,FWD,RUN,0.138,1.314,0.026,7.717,3.452,0.178,19.446,60,0.310,537,2.625,23.6
DATA,MOTOR_BREAKIN_V3,000001,28341,509,514,0.219,0.110,13.567,3.845,9.723,60,FWD,RUN,0.164,1.598,0.040,8.887,3.452,0.178,19.446,60,0.310,537,2.625,23.6
DATA,MOTOR_BREAKIN_V3,000001,28441,511,515,0.166,0.084,15.072,4.625,10.447,60,FWD,RUN,0.125,1.303,0.040,6.101,3.452,0.178,19.446,60,0.310,537,2.625,23.6
DATA,MOTOR_BREAKIN_V3,000001,28541,509,514,0.219,0.110,13.762,4.318,9.444,60,FWD,RUN,0.164,1.552,0.053,4.067,3.452,0.178,19.446,60,0.310,537,2.625,23.6
DATA,MOTOR_BREAKIN_V3,000001,28640,510,515,0.192,0.084,13.261,3.343,9.918,60,FWD,RUN,0.138,1.368,0.066,6.714,3.452,0.178,19.446,60,0.310,537,2.625,23.6
DATA,MOTOR_BREAKIN_V3,000001,28741,510,515,0.192,0.084,15.796,4.235,11.562,60,FWD,RUN,0.138,1.594,0.053,6.714,3.452,0.178,19.446,60,0.310,537,2.625,23.6
DATA,MOTOR_BREAKIN_V3,000001,28841,510,516,0.192,0.057,14.152,0.501,13.651,60,FWD,RUN,0.125,1.702,0.040,5.126,3.452,0.178,19.446,60,0.310,537,2.625,23.6
DATA,MOTOR_BREAKIN_V3,000001,28941,510,514,0.192,0.110,16.019,4.235,11.784,60,FWD,RUN,0.151,1.781,0.026,5.349,3.452,0.178,19.446,60,0.310,537,2.625,23.6
DATA,MOTOR_BREAKIN_V3,000001,29041,510,515,0.192,0.084,13.902,0.334,13.567,60,FWD,RUN,0.138,1.871,0.026,3.566,3.452,0.178,19.446,60,0.310,537,2.625,23.6
DATA,MOTOR_BREAKIN_V3,000001,29141,510,515,0.192,0.084,11.589,3.037,8.553,60,FWD,RUN,0.138,1.179,0.026,5.711,3.452,0.178,19.446,60,0.310,537,2.625,23.6
DATA,MOTOR_BREAKIN_V3,000001,29241,510,515,0.192,0.084,14.570,0.362,14.208,60,FWD,RUN,0.138,1.959,0.040,6.324,3.452,0.178,19.446,60,0.310,537,2.625,23.6
DATA,MOTOR_BREAKIN_V3,000001,29341,511,514,0.166,0.110,14.375,4.680,9.695,60,FWD,RUN,0.138,1.337,0.066,6.798,3.452,0.178,19.446,60,0.310,537,2.625,23.6
DATA,MOTOR_BREAKIN_V3,000001,29441,509,514,0.219,0.110,12.899,0.390,12.509,60,FWD,RUN,0.164,2.056,0.066,6.798,3.452,0.178,19.446,60,0.310,537,2.625,23.6
DATA,MOTOR_BREAKIN_V3,000001,29541,510,514,0.192,0.110,16.353,0.696,15.657,60,FWD,RUN,0.151,2.366,0.053,6.575,3.452,0.178,19.446,60,0.310,537,2.625,23.6
DATA,MOTOR_BREAKIN_V3,000001,29641,510,514,0.192,0.110,11.979,0.306,11.673,60,FWD,RUN,0.151,1.764,0.040,6.018,3.452,0.178,19.446,60,0.310,537,2.625,23.6
DATA,MOTOR_BREAKIN_V3,000001,29741,510,514,0.192,0.110,13.874,0.306,13.567,60,FWD,RUN,0.151,2.050,0.040,3.455,3.452,0.178,19.446,60,0.310,537,2.625,23.6
DATA,MOTOR_BREAKIN_V3,000001,29841,509,514,0.219,0.110,14.765,0.446,14.320,60,FWD,RUN,0.164,2.353,0.040,3.928,3.452,0.178,19.446,60,0.310,537,2.625,23.6
DATA,MOTOR_BREAKIN_V3,000001,29941,509,514,0.219,0.110,13.317,0.362,12.955,60,FWD,RUN,0.164,2.129,0.040,4.875,3.452,0.178,19.446,60,0.310,537,2.625,23.6
DATA,MOTOR_BREAKIN_V3,000001,30041,510,514,0.192,0.110,14.403,4.513,9.890,60,FWD,RUN,0.151,1.495,0.040,7.299,3.452,0.178,19.446,60,0.310,537,2.625,23.6
DATA,MOTOR_BREAKIN_V3,000001,30141,510,515,0.192,0.084,14.431,0.306,14.125,60,FWD,RUN,0.138,1.948,0.026,7.745,3.452,0.178,19.446,60,0.310,537,2.625,23.6
DATA,MOTOR_BREAKIN_V3,000001,30241,510,514,0.192,0.110,12.565,3.789,8.776,60,FWD,RUN,0.151,1.326,0.095,7.856,3.452,0.178,19.446,60,0.310,537,2.625,23.6
DATA,MOTOR_BREAKIN_V3,000001,30341,509,514,0.219,0.110,15.155,4.597,10.559,60,FWD,RUN,0.164,1.735,0.095,7.856,3.452,0.178,19.446,60,0.310,537,2.625,23.6
DATA,MOTOR_BREAKIN_V3,000001,30441,512,515,0.139,0.084,15.211,4.875,10.336,60,FWD,RUN,0.111,1.152,0.079,6.073,3.452,0.178,19.446,60,0.310,537,2.625,23.6
DATA,MOTOR_BREAKIN_V3,000001,30541,509,515,0.219,0.084,13.289,0.334,12.955,60,FWD,RUN,0.151,1.958,0.079,5.683,3.452,0.178,19.446,60,0.310,537,2.625,23.6
DATA,MOTOR_BREAKIN_V3,000001,30641,510,514,0.192,0.110,13.540,0.418,13.122,60,FWD,RUN,0.151,1.983,0.053,4.012,3.452,0.178,19.446,60,0.310,537,2.625,23.6
DATA,MOTOR_BREAKIN_V3,000001,30741,510,515,0.192,0.084,16.270,4.959,11.311,60,FWD,RUN,0.138,1.560,0.053,4.541,3.452,0.178,19.446,60,0.310,537,2.625,23.6
DATA,MOTOR_BREAKIN_V3,000001,30841,510,514,0.192,0.110,15.880,0.446,15.434,60,FWD,RUN,0.151,2.332,0.040,5.015,3.452,0.178,19.446,60,0.310,537,2.625,23.6
DATA,MOTOR_BREAKIN_V3,000001,30941,512,515,0.139,0.084,14.710,4.513,10.196,60,FWD,RUN,0.111,1.137,0.053,6.937,3.452,0.178,19.446,60,0.310,537,2.625,23.6
DATA,MOTOR_BREAKIN_V3,000001,31041,509,514,0.219,0.110,14.905,0.418,14.487,60,FWD,RUN,0.164,2.381,0.053,8.609,3.452,0.178,19.446,60,0.310,537,2.625,23.6
DATA,MOTOR_BREAKIN_V3,000001,31141,510,515,0.192,0.084,15.155,4.792,10.364,60,FWD,RUN,0.138,1.429,0.079,7.689,3.452,0.178,19.446,60,0.310,537,2.625,23.6
DATA,MOTOR_BREAKIN_V3,000001,31241,510,515,0.192,0.084,13.874,0.334,13.540,60,FWD,RUN,0.138,1.867,0.079,7.160,3.452,0.178,19.446,60,0.310,537,2.625,23.6
DATA,MOTOR_BREAKIN_V3,000001,31341,511,515,0.166,0.084,15.462,4.848,10.614,60,FWD,RUN,0.125,1.324,0.053,6.018,3.452,0.178,19.446,60,0.310,537,2.625,23.6
DATA,MOTOR_BREAKIN_V3,000001,31441,510,514,0.192,0.110,15.267,4.625,10.642,60,FWD,RUN,0.151,1.608,0.066,5.265,3.452,0.178,19.446,60,0.310,537,2.625,23.6
DATA,MOTOR_BREAKIN_V3,000001,31541,509,514,0.219,0.110,15.573,3.733,11.840,60,FWD,RUN,0.164,1.946,0.040,5.962,3.452,0.178,19.446,60,0.310,537,2.625,23.6
DATA,MOTOR_BREAKIN_V3,000001,31641,511,515,0.166,0.084,15.573,0.334,15.239,60,FWD,RUN,0.125,1.900,0.040,5.655,3.452,0.178,19.446,60,0.310,537,2.625,23.6
DATA,MOTOR_BREAKIN_V3,000001,31741,510,514,0.192,0.110,13.484,0.334,13.150,60,FWD,RUN,0.151,1.987,0.040,5.934,3.452,0.178,19.446,60,0.310,537,2.625,23.6
DATA,MOTOR_BREAKIN_V3,000001,31840,509,514,0.219,0.110,17.440,4.959,12.481,60,FWD,RUN,0.164,2.051,0.040,4.820,3.452,0.178,19.446,60,0.310,537,2.625,23.6
DATA,MOTOR_BREAKIN_V3,000001,31941,510,514,0.192,0.110,15.239,0.362,14.877,60,FWD,RUN,0.151,2.248,0.040,6.129,3.452,0.178,19.446,60,0.310,537,2.625,23.6
DATA,MOTOR_BREAKIN_V3,000001,32041,509,513,0.219,0.136,15.183,4.820,10.364,60,FWD,RUN,0.178,1.840,0.053,5.878,3.452,0.178,19.446,60,0.310,537,2.625,23.6
OK
DATA,MOTOR_BREAKIN_V3,000001,32141,509,514,0.219,0.110,18.025,0.362,17.663,63,FWD,RUN,0.164,2.902,0.053,7.299,3.452,0.178,19.446,60,0.310,537,2.625,23.6
DATA,MOTOR_BREAKIN_V3,000001,32241,511,515,0.166,0.084,15.378,4.457,10.921,63,FWD,RUN,0.125,1.362,0.053,6.742,3.452,0.178,19.446,60,0.310,537,2.625,23.6
DATA,MOTOR_BREAKIN_V3,000001,32341,509,515,0.219,0.084,16.242,0.334,15.908,63,FWD,RUN,0.151,2.404,0.053,5.767,3.452,0.178,19.446,60,0.310,537,2.625,23.6
DATA,MOTOR_BREAKIN_V3,000001,32441,509,514,0.219,0.110,15.824,4.374,11.450,63,FWD,RUN,0.164,1.882,0.079,5.795,3.452,0.178,19.446,60,0.310,537,2.625,23.6
DATA,MOTOR_BREAKIN_V3,000001,32541,508,514,0.245,0.110,18.025,6.965,11.060,63,FWD,RUN,0.178,1.964,0.079,5.850,3.452,0.178,19.446,60,0.310,537,2.625,23.6
DATA,MOTOR_BREAKIN_V3,000001,32641,509,514,0.219,0.110,12.537,0.362,12.174,63,FWD,RUN,0.164,2.001,0.066,6.101,3.452,0.178,19.446,60,0.310,537,2.625,23.6
DATA,MOTOR_BREAKIN_V3,000001,32741,509,513,0.219,0.136,17.607,5.377,12.230,63,FWD,RUN,0.178,2.171,0.053,7.132,3.452,0.178,19.446,60,0.310,537,2.625,23.6
DATA,MOTOR_BREAKIN_V3,000001,32841,510,515,0.192,0.084,14.877,0.585,14.292,63,FWD,RUN,0.138,1.971,0.053,6.380,3.452,0.178,19.446,60,0.310,537,2.625,23.6
DATA,MOTOR_BREAKIN_V3,000001,32941,510,514,0.192,0.110,15.239,0.446,14.793,63,FWD,RUN,0.151,2.236,0.079,7.940,3.452,0.178,19.446,60,0.310,537,2.625,23.6
DATA,MOTOR_BREAKIN_V3,000001,33041,511,516,0.166,0.057,18.471,0.306,18.164,63,FWD,RUN,0.111,2.025,0.079,8.413,3.452,0.178,19.446,60,0.310,537,2.625,23.2
DATA,MOTOR_BREAKIN_V3,000001,33141,508,514,0.245,0.110,16.966,5.210,11.757,63,FWD,RUN,0.178,2.087,0.066,6.993,3.452,0.178,19.446,60,0.310,537,2.625,23.6
DATA,MOTOR_BREAKIN_V3,000001,33241,508,513,0.245,0.136,16.966,5.182,11.784,63,FWD,RUN,0.191,2.248,0.066,5.990,3.452,0.178,19.446,60,0.310,537,2.625,23.6
DATA,MOTOR_BREAKIN_V3,000001,33341,512,515,0.139,0.084,17.301,0.195,17.106,63,FWD,RUN,0.111,1.907,0.079,6.045,3.452,0.178,19.446,60,0.310,537,2.625,23.6
DATA,MOTOR_BREAKIN_V3,000001,33441,510,514,0.192,0.110,16.381,4.987,11.394,63,FWD,RUN,0.151,1.722,0.066,7.021,3.452,0.178,19.446,60,0.310,537,2.625,23.6
DATA,MOTOR_BREAKIN_V3,000001,33541,510,514,0.192,0.110,15.657,0.334,15.323,63,FWD,RUN,0.151,2.316,0.079,7.021,3.452,0.178,19.446,60,0.310,537,2.625,23.6
DATA,MOTOR_BREAKIN_V3,000001,33641,510,514,0.192,0.110,16.743,0.279,16.465,63,FWD,RUN,0.151,2.488,0.053,4.151,3.452,0.178,19.446,60,0.310,537,2.625,23.6
DATA,MOTOR_BREAKIN_V3,000001,33741,509,513,0.219,0.136,17.802,0.334,17.468,63,FWD,RUN,0.178,3.101,0.066,6.798,3.452,0.178,19.446,60,0.310,537,2.625,23.6
DATA,MOTOR_BREAKIN_V3,000001,33841,511,515,0.166,0.084,15.991,0.251,15.740,63,FWD,RUN,0.125,1.963,0.066,6.798,3.452,0.178,19.446,60,0.310,537,2.625,23.6
DATA,MOTOR_BREAKIN_V3,000001,33941,508,515,0.245,0.084,17.635,0.334,17.301,63,FWD,RUN,0.164,2.843,0.040,4.513,3.452,0.178,19.446,60,0.310,537,2.625,23.6
DATA,MOTOR_BREAKIN_V3,000001,34041,511,515,0.166,0.084,15.573,0.167,15.406,63,FWD,RUN,0.125,1.921,0.053,3.538,3.452,0.178,19.446,60,0.310,537,2.625,23.6
DATA,MOTOR_BREAKIN_V3,000001,34141,510,514,0.192,0.110,14.515,4.625,9.890,63,FWD,RUN,0.151,1.495,0.053,9.054,3.452,0.178,19.446,60,0.310,537,2.625,23.6
DATA,MOTOR_BREAKIN_V3,000001,34241,510,515,0.192,0.084,18.833,0.251,18.582,63,FWD,RUN,0.138,2.563,0.053,8.692,3.452,0.178,19.446,60,0.310,537,2.625,23.6
DATA,MOTOR_BREAKIN_V3,000001,34341,509,513,0.219,0.136,18.220,2.062,16.158,63,FWD,RUN,0.178,2.869,0.079,2.897,3.452,0.178,19.446,60,0.310,537,2.625,23.6
DATA,MOTOR_BREAKIN_V3,000001,34441,509,515,0.219,0.084,18.889,3.482,15.406,63,FWD,RUN,0.151,2.328,0.079,8.163,3.452,0.178,19.446,60,0.310,537,2.625,23.6
DATA,MOTOR_BREAKIN_V3,000001,34541,509,514,0.219,0.110,18.025,0.362,17.663,63,FWD,RUN,0.164,2.902,0.053,7.494,3.452,0.178,19.446,60,0.310,537,2.625,23.6
DATA,MOTOR_BREAKIN_V3,000001,34641,510,514,0.192,0.110,18.638,0.334,18.304,63,FWD,RUN,0.151,2.766,0.040,7.355,3.452,0.178,19.446,60,0.310,537,2.625,23.6
DATA,MOTOR_BREAKIN_V3,000001,34741,513,515,0.113,0.084,14.960,0.223,14.738,63,FWD,RUN,0.098,1.448,0.079,8.023,3.452,0.178,19.446,60,0.310,537,2.625,23.6
DATA,MOTOR_BREAKIN_V3,000001,34841,510,514,0.192,0.110,18.220,0.418,17.802,63,FWD,RUN,0.151,2.690,0.079,6.658,3.452,0.178,19.446,60,0.310,537,2.625,23.6
DATA,MOTOR_BREAKIN_V3,000001,34941,510,516,0.192,0.057,17.133,0.251,16.883,63,FWD,RUN,0.125,2.105,0.053,5.488,3.452,0.178,19.446,60,0.310,537,2.625,23.6
DATA,MOTOR_BREAKIN_V3,000001,35040,510,515,0.192,0.084,17.301,5.823,11.478,63,FWD,RUN,0.138,1.583,0.053,7.438,3.452,0.178,19.446,60,0.310,537,2.625,23.6
DATA,MOTOR_BREAKIN_V3,000001,35141,511,515,0.166,0.084,17.941,0.279,17.663,63,FWD,RUN,0.125,2.203,0.040,7.661,3.452,0.178,19.446,60,0.310,537,2.625,23.6
DATA,MOTOR_BREAKIN_V3,000001,35241,510,515,0.192,0.084,17.774,5.655,12.119,63,FWD,RUN,0.138,1.671,0.040,7.021,3.452,0.178,19.446,60,0.310,537,2.625,23.6
DATA,MOTOR_BREAKIN_V3,000001,35341,510,514,0.192,0.110,18.053,0.306,17.746,63,FWD,RUN,0.151,2.682,0.053,6.129,3.452,0.178,19.446,60,0.310,537,2.625,23.6
DATA,MOTOR_BREAKIN_V3,000001,35441,509,513,0.219,0.136,19.000,3.733,15.267,63,FWD,RUN,0.178,2.710,0.066,5.321,3.452,0.178,19.446,60,0.310,537,2.625,23.6
DATA,MOTOR_BREAKIN_V3,000001,35541,508,513,0.245,0.136,16.158,0.334,15.824,63,FWD,RUN,0.191,3.018,0.079,6.965,3.452,0.178,19.446,60,0.310,537,2.625,23.6
DATA,MOTOR_BREAKIN_V3,000001,35641,509,515,0.219,0.084,17.774,0.390,17.384,63,FWD,RUN,0.151,2.627,0.079,9.166,3.452,0.178,19.446,60,0.310,536,2.620,23.6
DATA,MOTOR_BREAKIN_V3,000001,35741,510,514,0.192,0.110,17.022,0.306,16.716,63,FWD,RUN,0.151,2.526,0.053,8.525,3.452,0.178,19.446,60,0.310,537,2.625,23.6
DATA,MOTOR_BREAKIN_V3,000001,35841,510,514,0.192,0.110,17.941,0.390,17.551,63,FWD,RUN,0.151,2.652,0.134,6.575,3.452,0.178,19.446,60,0.310,536,2.620,23.6
DATA,MOTOR_BREAKIN_V3,000001,35941,509,513,0.219,0.136,16.883,0.362,16.521,63,FWD,RUN,0.178,2.933,0.134,4.708,3.452,0.178,19.446,60,0.310,537,2.625,23.6
DATA,MOTOR_BREAKIN_V3,000001,36041,513,516,0.113,0.057,18.526,2.842,15.685,63,FWD,RUN,0.085,1.334,0.106,6.714,3.452,0.178,19.446,60,0.310,537,2.625,23.6
DATA,MOTOR_BREAKIN_V3,000001,36141,510,514,0.192,0.110,17.913,5.962,11.952,63,FWD,RUN,0.151,1.806,0.106,8.831,3.452,0.178,19.446,60,0.310,537,2.625,23.6
DATA,MOTOR_BREAKIN_V3,000001,36241,510,514,0.192,0.110,16.103,5.182,10.921,63,FWD,RUN,0.151,1.650,0.119,9.221,3.452,0.178,19.446,60,0.310,536,2.620,23.6
DATA,MOTOR_BREAKIN_V3,000001,36341,509,514,0.219,0.110,17.579,5.711,11.868,63,FWD,RUN,0.164,1.950,0.106,8.051,3.452,0.178,19.446,60,0.310,537,2.625,23.6
DATA,MOTOR_BREAKIN_V3,000001,36441,509,514,0.219,0.110,18.471,0.334,18.136,63,FWD,RUN,0.164,2.980,0.092,7.494,3.452,0.178,19.446,60,0.310,537,2.625,23.6
DATA,MOTOR_BREAKIN_V3,000001,36541,509,513,0.219,0.136,18.721,0.474,18.248,63,FWD,RUN,0.178,3.240,0.040,8.525,3.452,0.178,19.446,60,0.310,536,2.620,23.6
DATA,MOTOR_BREAKIN_V3,000001,36641,509,514,0.219,0.110,18.248,0.334,17.913,63,FWD,RUN,0.164,2.944,0.040,8.525,3.452,0.178,19.446,60,0.310,537,2.625,23.6
DATA,MOTOR_BREAKIN_V3,000001,36741,512,516,0.139,0.057,17.328,0.223,17.106,63,FWD,RUN,0.098,1.681,0.079,2.284,3.452,0.178,19.446,60,0.310,537,2.625,23.6
DATA,MOTOR_BREAKIN_V3,000001,36841,509,514,0.219,0.110,18.721,0.418,18.304,63,FWD,RUN,0.164,3.008,0.079,2.340,3.452,0.178,19.446,60,0.310,537,2.625,23.6
DATA,MOTOR_BREAKIN_V3,000001,36941,509,514,0.219,0.110,18.136,5.934,12.202,63,FWD,RUN,0.164,2.005,0.079,6.101,3.452,0.178,19.446,60,0.310,537,2.625,23.6
DATA,MOTOR_BREAKIN_V3,000001,37041,508,513,0.245,0.136,18.666,0.362,18.304,63,FWD,RUN,0.191,3.491,0.079,6.101,3.491,0.191,18.304,63,0.310,537,2.625,23.6
DATA,MOTOR_BREAKIN_V3,000001,37141,509,514,0.219,0.110,18.721,6.213,12.509,63,FWD,RUN,0.164,2.056,0.079,5.795,3.491,0.191,18.304,63,0.310,536,2.620,23.6
DATA,MOTOR_BREAKIN_V3,000001,37241,510,515,0.192,0.084,18.749,0.362,18.387,63,FWD,RUN,0.138,2.536,0.066,5.878,3.491,0.191,18.304,63,0.310,537,2.625,23.6
DATA,MOTOR_BREAKIN_V3,000001,37341,509,514,0.219,0.110,18.554,0.390,18.164,63,FWD,RUN,0.164,2.985,0.108,2.563,3.491,0.191,18.304,63,0.310,537,2.625,23.6
DATA,MOTOR_BREAKIN_V3,000001,37441,509,514,0.219,0.110,18.749,0.390,18.359,63,FWD,RUN,0.164,3.017,0.108,4.318,3.491,0.191,18.304,63,0.310,537,2.625,23.6
DATA,MOTOR_BREAKIN_V3,000001,37541,510,514,0.192,0.110,18.972,0.279,18.694,63,FWD,RUN,0.151,2.825,0.092,9.556,3.491,0.191,18.304,63,0.310,537,2.625,23.6
DATA,MOTOR_BREAKIN_V3,000001,37641,509,514,0.219,0.110,18.081,5.823,12.258,63,FWD,RUN,0.164,2.014,0.092,9.556,3.491,0.191,18.304,63,0.310,537,2.625,23.5
DATA,MOTOR_BREAKIN_V3,000001,37741,510,514,0.192,0.110,17.913,0.613,17.301,63,FWD,RUN,0.151,2.614,0.079,8.581,3.491,0.191,18.304,63,0.310,537,2.625,23.6
DATA,MOTOR_BREAKIN_V3,000001,37841,508,514,0.245,0.110,18.248,5.878,12.370,63,FWD,RUN,0.178,2.196,0.079,6.993,3.491,0.191,18.304,63,0.310,537,2.625,23.6
DATA,MOTOR_BREAKIN_V3,000001,37941,510,514,0.192,0.110,17.635,0.362,17.273,63,FWD,RUN,0.151,2.610,0.040,6.993,3.491,0.191,18.304,63,0.310,537,2.625,23.4
DATA,MOTOR_BREAKIN_V3,000001,38041,511,515,0.166,0.084,18.610,0.139,18.471,63,FWD,RUN,0.125,2.303,0.053,6.352,3.491,0.191,18.304,63,0.310,537,2.625,23.6
DATA,MOTOR_BREAKIN_V3,000001,38141,509,514,0.219,0.110,20.477,0.390,20.087,63,FWD,RUN,0.164,3.301,0.053,7.661,3.491,0.191,18.304,63,0.310,537,2.625,23.6
DATA,MOTOR_BREAKIN_V3,000001,38240,509,514,0.219,0.110,17.356,2.619,14.738,63,FWD,RUN,0.164,2.422,0.053,7.578,3.491,0.191,18.304,63,0.310,537,2.625,23.6
DATA,MOTOR_BREAKIN_V3,000001,38341,509,513,0.219,0.136,17.663,0.390,17.273,63,FWD,RUN,0.178,3.067,0.106,7.216,3.491,0.191,18.304,63,0.310,537,2.625,23.6
DATA,MOTOR_BREAKIN_V3,000001,38441,512,516,0.139,0.057,17.691,0.251,17.440,63,FWD,RUN,0.098,1.714,0.106,7.606,3.491,0.191,18.304,63,0.310,537,2.625,23.6
DATA,MOTOR_BREAKIN_V3,000001,38541,510,514,0.192,0.110,16.883,0.306,16.576,63,FWD,RUN,0.151,2.505,0.092,6.463,3.491,0.191,18.304,63,0.310,537,2.625,23.6
DATA,MOTOR_BREAKIN_V3,000001,38641,514,518,0.086,0.000,17.886,0.279,17.607,63,FWD,RUN,0.043,0.761,0.161,7.132,3.779,0.204,18.526,63,0.310,536,2.620,23.6
DATA,MOTOR_BREAKIN_V3,000001,38741,509,515,0.219,0.084,18.972,0.362,18.610,63,FWD,RUN,0.151,2.812,0.161,3.092,3.779,0.204,18.526,63,0.310,536,2.620,23.6
DATA,MOTOR_BREAKIN_V3,000001,38841,510,514,0.192,0.110,18.220,5.739,12.481,63,FWD,RUN,0.151,1.886,0.108,7.996,3.779,0.204,18.526,63,0.310,537,2.625,23.6
DATA,MOTOR_BREAKIN_V3,000001,38941,508,514,0.245,0.110,18.109,5.043,13.066,63,FWD,RUN,0.178,2.320,0.066,7.996,3.779,0.204,18.526,63,0.310,537,2.625,23.6
DATA,MOTOR_BREAKIN_V3,000001,39041,509,514,0.219,0.110,15.378,0.362,15.016,63,FWD,RUN,0.164,2.468,0.066,7.216,3.779,0.204,18.526,63,0.310,537,2.625,23.6
DATA,MOTOR_BREAKIN_V3,000001,39141,508,514,0.245,0.110,18.081,0.390,17.691,63,FWD,RUN,0.178,3.141,0.066,7.773,3.779,0.204,18.526,63,0.310,537,2.625,23.6
DATA,MOTOR_BREAKIN_V3,000001,39241,510,514,0.192,0.110,16.576,0.334,16.242,63,FWD,RUN,0.151,2.454,0.040,7.773,3.779,0.204,18.526,63,0.310,537,2.625,23.6
DATA,MOTOR_BREAKIN_V3,000001,39341,511,514,0.166,0.110,19.836,0.390,19.446,63,FWD,RUN,0.138,2.682,0.079,6.101,3.779,0.204,18.526,63,0.310,537,2.625,23.6
DATA,MOTOR_BREAKIN_V3,000001,39441,509,514,0.219,0.110,17.886,0.390,17.496,63,FWD,RUN,0.164,2.875,0.079,8.748,3.779,0.204,18.526,63,0.310,537,2.625,23.6
DATA,MOTOR_BREAKIN_V3,000001,39541,510,514,0.192,0.110,18.666,0.334,18.331,63,FWD,RUN,0.151,2.770,0.106,8.748,3.779,0.204,18.526,63,0.310,537,2.625,23.6
DATA,MOTOR_BREAKIN_V3,000001,39641,508,514,0.245,0.110,19.641,0.390,19.251,63,FWD,RUN,0.178,3.418,0.106,7.411,3.779,0.204,18.526,63,0.310,537,2.625,23.6
DATA,MOTOR_BREAKIN_V3,000001,39741,508,514,0.245,0.110,18.610,0.446,18.164,63,FWD,RUN,0.178,3.225,0.106,6.352,3.779,0.204,18.526,63,0.310,537,2.625,23.6
DATA,MOTOR_BREAKIN_V3,000001,39841,511,515,0.166,0.084,19.696,0.334,19.362,63,FWD,RUN,0.125,2.414,0.106,8.191,3.779,0.204,18.526,63,0.310,537,2.625,23.6
DATA,MOTOR_BREAKIN_V3,000001,39941,511,515,0.166,0.084,19.864,1.922,17.941,63,FWD,RUN,0.125,2.237,0.079,8.636,3.779,0.204,18.526,63,0.310,537,2.625,23.6
DATA,MOTOR_BREAKIN_V3,000001,40041,510,514,0.192,0.110,18.192,6.018,12.174,63,FWD,RUN,0.151,1.840,0.121,8.051,3.779,0.204,18.526,63,0.310,537,2.625,23.6
DATA,MOTOR_BREAKIN_V3,000001,40141,510,515,0.192,0.084,18.861,0.362,18.499,63,FWD,RUN,0.138,2.551,0.121,7.216,3.779,0.204,18.526,63,0.310,537,2.625,23.6
DATA,MOTOR_BREAKIN_V3,000001,40241,508,513,0.245,0.136,17.050,5.823,11.227,63,FWD,RUN,0.191,2.142,0.053,8.163,3.779,0.204,18.526,63,0.310,537,2.625,23.6
DATA,MOTOR_BREAKIN_V3,000001,40341,512,515,0.139,0.084,17.106,5.934,11.172,63,FWD,RUN,0.111,1.245,0.106,7.466,3.779,0.204,18.526,63,0.310,537,2.625,23.6
DATA,MOTOR_BREAKIN_V3,000001,40441,509,514,0.219,0.110,17.718,0.362,17.356,63,FWD,RUN,0.164,2.852,0.079,7.717,3.779,0.204,18.526,63,0.310,537,2.625,23.6
DATA,MOTOR_BREAKIN_V3,000001,40541,510,516,0.192,0.057,17.858,0.362,17.496,63,FWD,RUN,0.125,2.182,0.079,2.173,3.779,0.204,18.526,63,0.310,538,2.630,23.6
DATA,MOTOR_BREAKIN_V3,000001,40641,511,515,0.166,0.084,17.245,0.669,16.576,63,FWD,RUN,0.125,2.067,0.092,6.296,3.779,0.204,18.526,63,0.310,537,2.625,23.6
DATA,MOTOR_BREAKIN_V3,000001,40741,513,515,0.113,0.084,18.053,0.334,17.718,63,FWD,RUN,0.098,1.741,0.079,7.968,3.779,0.204,18.526,63,0.310,537,2.625,23.6
DATA,MOTOR_BREAKIN_V3,000001,40841,510,514,0.192,0.110,19.418,0.390,19.028,63,FWD,RUN,0.151,2.875,0.079,8.413,3.779,0.204,18.526,63,0.310,537,2.625,23.6
DATA,MOTOR_BREAKIN_V3,000001,40941,512,514,0.139,0.110,19.808,0.334,19.474,63,FWD,RUN,0.125,2.428,0.053,8.386,3.779,0.204,18.526,63,0.310,537,2.625,23.6
DATA,MOTOR_BREAKIN_V3,000001,41041,511,514,0.166,0.110,16.799,3.232,13.567,63,FWD,RUN,0.138,1.871,0.053,7.884,3.779,0.204,18.526,63,0.310,537,2.625,23.6
DATA,MOTOR_BREAKIN_V3,000001,41141,509,513,0.219,0.136,17.161,7.160,10.001,63,FWD,RUN,0.178,1.776,0.079,8.831,3.779,0.204,18.526,63,0.310,537,2.625,23.6
DATA,MOTOR_BREAKIN_V3,000001,41241,509,514,0.219,0.110,15.657,6.129,9.528,63,FWD,RUN,0.164,1.566,0.079,9.305,3.779,0.204,18.526,63,0.310,537,2.625,23.6
DATA,MOTOR_BREAKIN_V3,000001,41341,509,513,0.219,0.136,18.192,0.390,17.802,63,FWD,RUN,0.178,3.161,0.079,8.971,3.779,0.204,18.526,63,0.310,537,2.625,23.6
DATA,MOTOR_BREAKIN_V3,000001,41440,510,514,0.192,0.110,15.490,5.628,9.862,63,FWD,RUN,0.151,1.490,0.066,8.804,3.779,0.204,18.526,63,0.310,537,2.625,23.6
DATA,MOTOR_BREAKIN_V3,000001,41541,513,515,0.113,0.084,16.938,2.842,14.097,63,FWD,RUN,0.098,1.385,0.079,8.692,3.779,0.204,18.526,63,0.310,537,2.625,23.6
DATA,MOTOR_BREAKIN_V3,000001,41641,509,514,0.219,0.110,18.526,6.798,11.729,63,FWD,RUN,0.164,1.927,0.079,7.132,3.779,0.204,18.526,63,0.310,537,2.625,23.6
DATA,MOTOR_BREAKIN_V3,000001,41741,510,514,0.192,0.110,15.685,4.792,10.893,63,FWD,RUN,0.151,1.646,0.079,6.853,3.779,0.204,18.526,63,0.310,537,2.625,23.6
DATA,MOTOR_BREAKIN_V3,000001,41841,513,515,0.113,0.084,16.353,5.934,10.419,63,FWD,RUN,0.098,1.024,0.066,7.773,3.779,0.204,18.526,63,0.310,536,2.620,23.6
DATA,MOTOR_BREAKIN_V3,000001,41941,510,515,0.192,0.084,17.356,5.934,11.422,63,FWD,RUN,0.138,1.575,0.066,6.073,3.779,0.204,18.526,63,0.310,537,2.625,23.6
DATA,MOTOR_BREAKIN_V3,000001,42041,511,514,0.166,0.110,13.428,0.334,13.094,63,FWD,RUN,0.138,1.806,0.066,8.330,3.779,0.204,18.526,63,0.310,537,2.625,23.6
DATA,MOTOR_BREAKIN_V3,000001,42141,511,514,0.166,0.110,15.323,0.306,15.016,63,FWD,RUN,0.138,2.071,0.066,8.330,3.779,0.204,18.526,63,0.310,537,2.625,23.6
DATA,MOTOR_BREAKIN_V3,000001,42241,509,514,0.219,0.110,16.103,0.390,15.713,63,FWD,RUN,0.164,2.582,0.053,7.271,3.779,0.204,18.526,63,0.310,537,2.625,23.6
DATA,MOTOR_BREAKIN_V3,000001,42341,511,516,0.166,0.057,14.487,4.569,9.918,63,FWD,RUN,0.111,1.106,0.053,7.828,3.779,0.204,18.526,63,0.310,537,2.625,23.6
DATA,MOTOR_BREAKIN_V3,000001,42441,509,513,0.219,0.136,13.735,4.708,9.026,63,FWD,RUN,0.178,1.603,0.092,8.915,3.779,0.204,18.526,63,0.310,537,2.625,23.6
DATA,MOTOR_BREAKIN_V3,000001,42541,510,515,0.192,0.084,14.933,7.160,7.773,63,FWD,RUN,0.138,1.072,0.092,10.949,3.779,0.204,18.526,63,0.310,537,2.625,23.6
DATA,MOTOR_BREAKIN_V3,000001,42641,510,514,0.192,0.110,13.651,5.767,7.884,63,FWD,RUN,0.151,1.191,0.053,10.531,3.779,0.204,18.526,63,0.310,537,2.625,23.6
DATA,MOTOR_BREAKIN_V3,000001,42741,509,514,0.219,0.110,13.233,1.087,12.147,63,FWD,RUN,0.164,1.996,0.066,7.940,3.779,0.204,18.526,63,0.310,537,2.625,23.6
DATA,MOTOR_BREAKIN_V3,000001,42841,509,513,0.219,0.136,14.960,5.321,9.639,63,FWD,RUN,0.178,1.711,0.079,5.767,3.779,0.204,18.526,63,0.310,537,2.625,23.6
DATA,MOTOR_BREAKIN_V3,000001,42941,508,513,0.245,0.136,13.985,0.362,13.623,63,FWD,RUN,0.191,2.599,0.092,8.274,3.779,0.204,18.526,63,0.310,537,2.625,23.6
DATA,MOTOR_BREAKIN_V3,000001,43041,511,515,0.166,0.084,14.375,0.251,14.125,63,FWD,RUN,0.125,1.761,0.106,8.274,3.779,0.204,18.526,63,0.310,537,2.625,23.6
DATA,MOTOR_BREAKIN_V3,000001,43141,512,515,0.139,0.084,14.988,0.362,14.626,63,FWD,RUN,0.111,1.631,0.106,6.798,3.779,0.204,18.526,63,0.310,537,2.625,23.6
DATA,MOTOR_BREAKIN_V3,000001,43241,511,514,0.166,0.110,11.199,0.334,10.865,63,FWD,RUN,0.138,1.498,0.053,6.993,3.779,0.204,18.526,63,0.310,537,2.625,23.6
DATA,MOTOR_BREAKIN_V3,000001,43341,509,513,0.219,0.136,13.623,0.306,13.317,63,FWD,RUN,0.178,2.364,0.079,7.968,3.779,0.204,18.526,63,0.310,537,2.625,23.6
DATA,MOTOR_BREAKIN_V3,000001,43441,509,513,0.219,0.136,12.230,0.390,11.840,63,FWD,RUN,0.178,2.102,0.079,8.191,3.779,0.204,18.526,63,0.310,537,2.625,23.6
DATA,MOTOR_BREAKIN_V3,000001,43541,509,514,0.219,0.110,10.252,2.786,7.466,63,FWD,RUN,0.164,1.227,0.079,6.965,3.779,0.204,18.526,63,0.310,537,2.625,23.6
DATA,MOTOR_BREAKIN_V3,000001,43641,509,514,0.219,0.110,11.060,4.903,6.157,63,FWD,RUN,0.164,1.012,0.079,7.689,3.779,0.204,18.526,63,0.310,537,2.625,23.6
DATA,MOTOR_BREAKIN_V3,000001,43741,509,514,0.219,0.110,12.509,6.324,6.185,63,FWD,RUN,0.164,1.016,0.066,7.633,3.779,0.204,18.526,63,0.310,537,2.625,23.5
DATA,MOTOR_BREAKIN_V3,000001,43841,509,514,0.219,0.110,10.531,4.820,5.711,63,FWD,RUN,0.164,0.938,0.040,3.817,3.779,0.204,18.526,63,0.310,537,2.625,23.6
DATA,MOTOR_BREAKIN_V3,000001,43941,510,514,0.192,0.110,11.617,1.031,10.587,63,FWD,RUN,0.151,1.600,0.040,5.238,3.779,0.204,18.526,63,0.310,537,2.625,23.5
DATA,MOTOR_BREAKIN_V3,000001,44041,509,514,0.219,0.110,11.979,7.216,4.764,63,FWD,RUN,0.164,0.783,0.066,7.411,3.779,0.204,18.526,63,0.310,537,2.625,23.6
DATA,MOTOR_BREAKIN_V3,000001,44141,511,515,0.166,0.084,12.760,3.260,9.500,63,FWD,RUN,0.125,1.185,0.079,7.411,3.779,0.204,18.526,63,0.310,537,2.625,23.6
DATA,MOTOR_BREAKIN_V3,000001,44241,512,515,0.139,0.084,13.957,5.488,8.469,63,FWD,RUN,0.111,0.944,0.079,5.516,3.779,0.204,18.526,63,0.310,537,2.625,23.6
DATA,MOTOR_BREAKIN_V3,000001,44341,512,516,0.139,0.057,12.537,0.362,12.174,63,FWD,RUN,0.098,1.196,0.079,8.191,3.779,0.204,18.526,63,0.310,537,2.625,23.5
DATA,MOTOR_BREAKIN_V3,000001,44441,509,513,0.219,0.136,10.224,4.875,5.349,63,FWD,RUN,0.178,0.950,0.079,7.550,3.779,0.204,18.526,63,0.310,537,2.625,23.6
DATA,MOTOR_BREAKIN_V3,000001,44541,510,514,0.192,0.110,11.812,4.569,7.243,63,FWD,RUN,0.151,1.095,0.079,9.834,3.779,0.204,18.526,63,0.310,537,2.625,23.6
DATA,MOTOR_BREAKIN_V3,000001,44640,510,515,0.192,0.084,8.776,3.817,4.959,63,FWD,RUN,0.138,0.684,0.106,9.584,3.779,0.204,18.526,63,0.310,537,2.625,23.6
DATA,MOTOR_BREAKIN_V3,000001,44741,509,514,0.219,0.110,13.623,5.210,8.413,63,FWD,RUN,0.164,1.383,0.106,4.931,3.779,0.204,18.526,63,0.310,537,2.625,23.6
DATA,MOTOR_BREAKIN_V3,000001,44841,510,515,0.192,0.084,11.784,5.154,6.630,63,FWD,RUN,0.138,0.914,0.079,4.792,3.779,0.204,18.526,63,0.310,537,2.625,23.6
DATA,MOTOR_BREAKIN_V3,000001,44941,509,514,0.219,0.110,8.079,4.040,4.040,63,FWD,RUN,0.164,0.664,0.079,7.856,3.779,0.204,18.526,63,0.310,537,2.625,23.6
DATA,MOTOR_BREAKIN_V3,000001,45041,513,515,0.113,0.084,9.723,3.343,6.380,63,FWD,RUN,0.098,0.627,0.079,7.438,3.779,0.204,18.526,63,0.310,537,2.625,23.6
DATA,MOTOR_BREAKIN_V3,000001,45141,509,514,0.219,0.110,11.227,4.569,6.658,63,FWD,RUN,0.164,1.094,0.079,4.290,3.779,0.204,18.526,63,0.310,537,2.625,23.6
DATA,MOTOR_BREAKIN_V3,000001,45241,510,515,0.192,0.084,7.550,3.733,3.817,63,FWD,RUN,0.138,0.526,0.079,8.581,3.779,0.204,18.526,63,0.310,537,2.625,23.6
DATA,MOTOR_BREAKIN_V3,000001,45341,512,516,0.139,0.057,9.584,0.362,9.221,63,FWD,RUN,0.098,0.906,0.079,8.581,3.779,0.204,18.526,63,0.310,537,2.625,23.6
DATA,MOTOR_BREAKIN_V3,000001,45441,510,514,0.192,0.110,9.751,4.179,5.572,63,FWD,RUN,0.151,0.842,0.079,5.488,3.779,0.204,18.526,63,0.310,538,2.630,23.6
DATA,MOTOR_BREAKIN_V3,000001,45541,510,515,0.192,0.084,11.868,4.290,7.578,63,FWD,RUN,0.138,1.045,0.053,4.402,3.779,0.204,18.526,63,0.310,537,2.625,23.6
DATA,MOTOR_BREAKIN_V3,000001,45641,509,513,0.219,0.136,11.172,0.334,10.837,63,FWD,RUN,0.178,1.924,0.066,5.795,3.779,0.204,18.526,63,0.310,537,2.625,23.5
DATA,MOTOR_BREAKIN_V3,000001,45741,509,514,0.219,0.110,9.611,4.095,5.516,63,FWD,RUN,0.164,0.906,0.079,6.296,3.779,0.204,18.526,63,0.310,537,2.625,23.6
DATA,MOTOR_BREAKIN_V3,000001,45841,509,515,0.219,0.084,8.943,0.362,8.581,63,FWD,RUN,0.151,1.297,0.092,7.745,3.779,0.204,18.526,63,0.310,537,2.625,23.6
DATA,MOTOR_BREAKIN_V3,000001,45941,510,515,0.192,0.084,11.088,1.337,9.751,63,FWD,RUN,0.138,1.345,0.106,7.996,3.779,0.204,18.526,63,0.310,537,2.625,23.5
DATA,MOTOR_BREAKIN_V3,000001,46041,509,513,0.219,0.136,10.391,3.427,6.965,63,FWD,RUN,0.178,1.237,0.106,5.600,3.779,0.204,18.526,63,0.310,535,2.615,23.6
DATA,MOTOR_BREAKIN_V3,000001,46141,509,513,0.219,0.136,9.779,4.095,5.683,63,FWD,RUN,0.178,1.009,0.079,5.488,3.779,0.204,18.526,63,0.310,537,2.625,23.6
DATA,MOTOR_BREAKIN_V3,000001,46241,510,514,0.192,0.110,9.138,3.566,5.572,63,FWD,RUN,0.151,0.842,0.092,4.095,3.779,0.204,18.526,63,0.310,537,2.625,23.6
DATA,MOTOR_BREAKIN_V3,000001,46341,513,516,0.113,0.057,10.029,4.374,5.655,63,FWD,RUN,0.085,0.481,0.092,5.126,3.779,0.204,18.526,63,0.310,537,2.625,23.6
DATA,MOTOR_BREAKIN_V3,000001,46441,512,515,0.139,0.084,9.890,3.845,6.045,63,FWD,RUN,0.111,0.674,0.092,5.098,3.779,0.204,18.526,63,0.310,537,2.625,23.5
DATA,MOTOR_BREAKIN_V3,000001,46541,510,513,0.192,0.136,7.021,4.402,2.619,63,FWD,RUN,0.164,0.430,0.066,8.302,3.779,0.204,18.526,63,0.310,537,2.625,23.6
DATA,MOTOR_BREAKIN_V3,000001,46641,509,513,0.219,0.136,10.475,0.362,10.113,63,FWD,RUN,0.178,1.795,0.066,8.302,3.779,0.204,18.526,63,0.310,537,2.625,23.6
DATA,MOTOR_BREAKIN_V3,000001,46741,509,513,0.219,0.136,9.974,4.680,5.293,63,FWD,RUN,0.178,0.940,0.092,6.380,3.779,0.204,18.526,63,0.310,537,2.625,23.6
DATA,MOTOR_BREAKIN_V3,000001,46841,510,514,0.192,0.110,8.525,3.845,4.680,63,FWD,RUN,0.151,0.707,0.092,5.043,3.779,0.204,18.526,63,0.310,537,2.625,23.6
DATA,MOTOR_BREAKIN_V3,000001,46941,509,513,0.219,0.136,10.169,4.290,5.878,63,FWD,RUN,0.178,1.044,0.066,4.012,3.779,0.204,18.526,63,0.310,537,2.625,23.5
DATA,MOTOR_BREAKIN_V3,000001,47041,510,514,0.192,0.110,9.416,3.761,5.655,63,FWD,RUN,0.151,0.855,0.066,5.488,3.779,0.204,18.526,63,0.310,537,2.625,23.6
DATA,MOTOR_BREAKIN_V3,000001,47141,514,516,0.086,0.057,8.887,3.789,5.098,63,FWD,RUN,0.072,0.366,0.092,5.516,3.779,0.204,18.526,63,0.310,537,2.625,23.6
DATA,MOTOR_BREAKIN_V3,000001,47241,509,513,0.219,0.136,8.915,3.817,5.098,63,FWD,RUN,0.178,0.905,0.119,6.352,3.779,0.204,18.526,63,0.310,537,2.625,23.6
DATA,MOTOR_BREAKIN_V3,000001,47341,512,515,0.139,0.084,11.339,4.402,6.937,63,FWD,RUN,0.111,0.773,0.106,2.814,3.779,0.204,18.526,63,0.310,537,2.625,23.6
DATA,MOTOR_BREAKIN_V3,000001,47441,508,513,0.245,0.136,10.531,4.095,6.435,63,FWD,RUN,0.191,1.228,0.106,2.786,3.779,0.204,18.526,63,0.310,537,2.625,23.5
DATA,MOTOR_BREAKIN_V3,000001,47541,508,513,0.245,0.136,7.661,0.446,7.216,63,FWD,RUN,0.191,1.376,0.092,5.126,3.779,0.204,18.526,63,0.310,537,2.625,23.5
DATA,MOTOR_BREAKIN_V3,000001,47641,510,514,0.192,0.110,9.221,0.362,8.859,63,FWD,RUN,0.151,1.339,0.079,4.430,3.779,0.204,18.526,63,0.310,537,2.625,23.5
DATA,MOTOR_BREAKIN_V3,000001,47741,509,514,0.219,0.110,8.664,2.702,5.962,63,FWD,RUN,0.164,0.980,0.148,4.123,3.779,0.204,18.526,63,0.310,537,2.625,23.6
DATA,MOTOR_BREAKIN_V3,000001,47840,509,513,0.219,0.136,8.720,4.402,4.318,63,FWD,RUN,0.178,0.767,0.134,6.324,3.779,0.204,18.526,63,0.310,537,2.625,23.6
DATA,MOTOR_BREAKIN_V3,000001,47941,510,515,0.192,0.084,9.082,0.334,8.748,63,FWD,RUN,0.138,1.206,0.066,6.352,3.779,0.204,18.526,63,0.310,537,2.625,23.6
DATA,MOTOR_BREAKIN_V3,000001,48041,509,514,0.219,0.110,9.221,0.390,8.831,63,FWD,RUN,0.164,1.451,0.106,5.962,3.779,0.204,18.526,63,0.310,537,2.625,23.6
DATA,MOTOR_BREAKIN_V3,000001,48141,509,515,0.219,0.084,10.559,3.872,6.686,63,FWD,RUN,0.151,1.010,0.106,4.123,3.779,0.204,18.526,63,0.310,537,2.625,23.6
DATA,MOTOR_BREAKIN_V3,000001,48241,509,514,0.219,0.110,9.639,5.182,4.457,63,FWD,RUN,0.164,0.732,0.079,5.488,3.779,0.204,18.526,63,0.310,537,2.625,23.6
DATA,MOTOR_BREAKIN_V3,000001,48341,511,515,0.166,0.084,8.079,3.455,4.625,63,FWD,RUN,0.125,0.577,0.092,5.488,3.779,0.204,18.526,63,0.310,537,2.625,23.6
DATA,MOTOR_BREAKIN_V3,000001,48441,510,514,0.192,0.110,7.801,0.390,7.411,63,FWD,RUN,0.151,1.120,0.092,6.965,3.779,0.204,18.526,63,0.310,537,2.625,23.6
DATA,MOTOR_BREAKIN_V3,000001,48541,510,514,0.192,0.110,7.968,3.065,4.903,63,FWD,RUN,0.151,0.741,0.106,5.460,3.779,0.204,18.526,63,0.310,537,2.625,23.5
DATA,MOTOR_BREAKIN_V3,000001,48641,509,514,0.219,0.110,7.383,3.009,4.374,63,FWD,RUN,0.164,0.719,0.106,4.736,3.779,0.204,18.526,63,0.310,537,2.625,23.6
DATA,MOTOR_BREAKIN_V3,000001,48741,511,515,0.166,0.084,7.076,3.176,3.900,63,FWD,RUN,0.125,0.486,0.106,6.352,3.779,0.204,18.526,63,0.310,537,2.625,23.6
DATA,MOTOR_BREAKIN_V3,000001,48841,510,514,0.192,0.110,9.639,5.878,3.761,63,FWD,RUN,0.151,0.568,0.079,7.021,3.779,0.204,18.526,63,0.310,537,2.625,23.5
DATA,MOTOR_BREAKIN_V3,000001,48941,509,513,0.219,0.136,9.611,3.482,6.129,63,FWD,RUN,0.178,1.088,0.066,5.628,3.779,0.204,18.526,63,0.310,537,2.625,23.5
DATA,MOTOR_BREAKIN_V3,000001,49041,509,513,0.219,0.136,8.804,3.900,4.903,63,FWD,RUN,0.178,0.871,0.079,5.544,3.779,0.204,18.526,63,0.310,537,2.625,23.5
DATA,MOTOR_BREAKIN_V3,000001,49141,509,514,0.219,0.110,10.280,5.377,4.903,63,FWD,RUN,0.164,0.806,0.079,6.714,3.779,0.204,18.526,63,0.310,537,2.625,23.5
DATA,MOTOR_BREAKIN_V3,000001,49241,510,514,0.192,0.110,9.751,0.390,9.361,63,FWD,RUN,0.151,1.415,0.066,6.965,3.779,0.204,18.526,63,0.310,536,2.620,23.5
DATA,MOTOR_BREAKIN_V3,000001,49341,510,513,0.192,0.136,10.085,4.457,5.628,63,FWD,RUN,0.164,0.925,0.092,6.408,3.779,0.204,18.526,63,0.310,537,2.625,23.6
DATA,MOTOR_BREAKIN_V3,000001,49441,512,515,0.139,0.084,8.581,0.306,8.274,63,FWD,RUN,0.111,0.922,0.119,6.240,3.779,0.204,18.526,63,0.310,536,2.620,23.5
DATA,MOTOR_BREAKIN_V3,000001,49541,510,514,0.192,0.110,9.138,0.362,8.776,63,FWD,RUN,0.151,1.326,0.092,6.993,3.779,0.204,18.526,63,0.310,537,2.625,23.6
DATA,MOTOR_BREAKIN_V3,000001,49641,509,513,0.219,0.136,7.633,3.371,4.262,63,FWD,RUN,0.178,0.757,0.092,5.767,3.779,0.204,18.526,63,0.310,537,2.625,23.5
DATA,MOTOR_BREAKIN_V3,000001,49741,510,515,0.192,0.084,8.107,0.279,7.828,63,FWD,RUN,0.138,1.080,0.092,6.018,3.779,0.204,18.526,63,0.310,537,2.625,23.6
DATA,MOTOR_BREAKIN_V3,000001,49841,510,514,0.192,0.110,7.160,2.870,4.290,63,FWD,RUN,0.151,0.648,0.066,6.157,3.779,0.204,18.526,63,0.310,537,2.625,23.6
DATA,MOTOR_BREAKIN_V3,000001,49941,514,516,0.086,0.057,9.026,0.334,8.692,63,FWD,RUN,0.072,0.625,0.092,6.742,3.779,0.204,18.526,63,0.310,537,2.625,23.5
DATA,MOTOR_BREAKIN_V3,000001,50041,509,513,0.219,0.136,9.611,3.455,6.157,63,FWD,RUN,0.178,1.093,0.106,6.408,3.779,0.204,18.526,63,0.310,537,2.625,23.6
DATA,MOTOR_BREAKIN_V3,000001,50141,508,514,0.245,0.110,8.469,5.321,3.148,63,FWD,RUN,0.178,0.559,0.092,5.488,3.779,0.204,18.526,63,0.310,537,2.625,23.6
DATA,MOTOR_BREAKIN_V3,000001,50241,509,513,0.219,0.136,7.550,2.897,4.652,63,FWD,RUN,0.178,0.826,0.106,5.488,3.779,0.204,18.526,63,0.310,537,2.625,23.5
DATA,MOTOR_BREAKIN_V3,000001,50341,509,514,0.219,0.110,8.135,3.733,4.402,63,FWD,RUN,0.164,0.723,0.106,3.232,3.779,0.204,18.526,63,0.310,537,2.625,23.5
DATA,MOTOR_BREAKIN_V3,000001,50441,511,514,0.166,0.110,8.831,0.306,8.525,63,FWD,RUN,0.138,1.176,0.040,5.990,3.779,0.204,18.526,63,0.310,537,2.625,23.6
DATA,MOTOR_BREAKIN_V3,000001,50541,509,514,0.219,0.110,8.386,4.402,3.984,63,FWD,RUN,0.164,0.655,0.108,4.625,3.779,0.204,18.526,63,0.310,537,2.625,23.6
DATA,MOTOR_BREAKIN_V3,000001,50641,510,514,0.192,0.110,9.946,0.390,9.556,63,FWD,RUN,0.151,1.444,0.121,5.655,3.779,0.204,18.526,63,0.310,537,2.625,23.5
DATA,MOTOR_BREAKIN_V3,000001,50741,509,514,0.219,0.110,8.023,2.842,5.182,63,FWD,RUN,0.164,0.852,0.079,6.463,3.779,0.204,18.526,63,0.310,537,2.625,23.6
DATA,MOTOR_BREAKIN_V3,000001,50841,511,515,0.166,0.084,7.801,0.334,7.466,63,FWD,RUN,0.125,0.931,0.053,6.073,3.779,0.204,18.526,63,0.310,537,2.625,23.5
DATA,MOTOR_BREAKIN_V3,000001,50941,509,514,0.219,0.110,7.048,3.315,3.733,63,FWD,RUN,0.164,0.613,0.053,5.823,3.779,0.204,18.526,63,0.310,537,2.625,23.6
DATA,MOTOR_BREAKIN_V3,000001,51040,512,516,0.139,0.057,9.194,0.223,8.971,63,FWD,RUN,0.098,0.882,0.079,5.823,3.779,0.204,18.526,63,0.310,537,2.625,23.5
DATA,MOTOR_BREAKIN_V3,000001,51141,509,514,0.219,0.110,8.358,3.287,5.070,63,FWD,RUN,0.164,0.833,0.079,4.848,3.779,0.204,18.526,63,0.310,537,2.625,23.5
DATA,MOTOR_BREAKIN_V3,000001,51241,512,516,0.139,0.057,6.630,3.817,2.814,63,FWD,RUN,0.098,0.277,0.079,2.897,3.779,0.204,18.526,63,0.310,537,2.625,23.6
DATA,MOTOR_BREAKIN_V3,000001,51341,508,514,0.245,0.110,8.971,3.566,5.405,63,FWD,RUN,0.178,0.960,0.079,3.510,3.779,0.204,18.526,63,0.310,537,2.625,23.5
DATA,MOTOR_BREAKIN_V3,000001,51441,510,514,0.192,0.110,7.411,3.065,4.346,63,FWD,RUN,0.151,0.657,0.079,5.210,3.779,0.204,18.526,63,0.310,538,2.630,23.5
DATA,MOTOR_BREAKIN_V3,000001,51541,509,514,0.219,0.110,5.990,0.390,5.600,63,FWD,RUN,0.164,0.920,0.079,3.761,3.779,0.204,18.526,63,0.310,537,2.625,23.6
DATA,MOTOR_BREAKIN_V3,000001,51641,510,515,0.192,0.084,8.441,3.343,5.098,63,FWD,RUN,0.138,0.703,0.079,3.705,3.779,0.204,18.526,63,0.310,537,2.625,23.5
DATA,MOTOR_BREAKIN_V3,000001,51741,514,516,0.086,0.057,7.578,0.279,7.299,63,FWD,RUN,0.072,0.525,0.106,5.433,3.779,0.204,18.526,63,0.310,537,2.625,23.6
