DATA,MOTOR_BREAKIN_V3,000001,32023,508,511,0.122,0.052,3.232,0.111,3.120,42,FWD,RUN,0.087,0.272,0.026,0.139,0.449,0.140,3.204,47,0.867,532,2.600,22.4
OK
STOP,FWD
DATA,MOTOR_BREAKIN_V3,000001,32073,508,510,0.122,0.079,3.120,0.111,3.009,0,FWD,STOP,0.100,0.302,0.026,0.139,0.449,0.140,3.204,47,0.867,532,2.600,22.4
OK
RUN,FWD
OK
OK
DATA,MOTOR_BREAKIN_V3,000001,87,503,507,0.254,0.158,1.309,0.724,0.585,60,FWD,RUN,0.206,0.121,0.206,0.585,0.000,0.000,0.000,0,0.867,533,2.605,22.5
OK
DATA,MOTOR_BREAKIN_V3,000001,187,473,491,1.047,0.581,2.619,0.891,1.727,108,FWD,RUN,0.814,1.406,1.540,1.727,0.000,0.000,0.000,0,0.867,533,2.605,22.5
OK
DATA,MOTOR_BREAKIN_V3,000001,287,474,493,1.020,0.528,4.318,0.696,3.622,120,FWD,RUN,0.774,2.804,1.374,2.702,0.000,0.000,0.000,0,0.867,533,2.605,22.5
OK
DATA,MOTOR_BREAKIN_V3,000001,387,487,500,0.677,0.343,4.764,0.585,4.179,108,FWD,RUN,0.510,2.131,0.555,2.284,0.000,0.000,0.000,0,1.025,533,2.605,22.5
OK
DATA,MOTOR_BREAKIN_V3,000001,487,499,507,0.360,0.158,5.015,0.279,4.736,84,FWD,RUN,0.259,1.226,0.766,1.978,0.000,0.000,0.000,0,1.025,533,2.605,22.5
OK
DATA,MOTOR_BREAKIN_V3,000001,587,498,505,0.386,0.211,5.182,0.390,4.792,49,FWD,RUN,0.299,1.431,0.634,1.003,0.000,0.000,0.000,0,1.025,532,2.600,22.5
DATA,MOTOR_BREAKIN_V3,000001,687,507,510,0.148,0.079,4.290,0.111,4.179,49,FWD,RUN,0.114,0.475,0.819,0.669,0.000,0.000,0.000,0,1.025,533,2.605,22.5
OK
DATA,MOTOR_BREAKIN_V3,000001,787,509,512,0.096,0.000,4.067,0.000,4.067,35,FWD,RUN,0.048,0.194,0.066,0.669,0.000,0.000,0.000,0,1.025,533,2.605,22.5
DATA,MOTOR_BREAKIN_V3,000001,887,511,511,0.000,0.052,3.872,0.000,3.872,35,FWD,RUN,0.026,0.101,0.061,0.446,0.000,0.000,0.000,0,1.025,532,2.600,22.5
DATA,MOTOR_BREAKIN_V3,000001,987,512,513,0.000,0.000,3.789,0.000,3.789,35,FWD,RUN,0.000,0.000,0.074,0.334,0.000,0.000,0.000,0,1.025,532,2.600,22.5
DATA,MOTOR_BREAKIN_V3,000001,1087,510,511,0.069,0.052,3.566,0.056,3.510,35,FWD,RUN,0.061,0.213,0.074,2.870,0.000,0.000,0.000,0,1.025,533,2.605,22.5
DATA,MOTOR_BREAKIN_V3,000001,1187,508,511,0.122,0.052,3.566,0.000,3.566,35,FWD,RUN,0.087,0.311,0.087,2.870,0.000,0.000,0.000,0,1.025,533,2.605,22.5
DATA,MOTOR_BREAKIN_V3,000001,1287,509,511,0.096,0.052,3.510,0.000,3.510,35,FWD,RUN,0.074,0.260,0.087,1.672,0.000,0.000,0.000,0,1.025,533,2.605,22.5
DATA,MOTOR_BREAKIN_V3,000001,1387,509,512,0.096,0.000,3.315,0.139,3.176,35,FWD,RUN,0.048,0.152,0.039,0.390,0.000,0.000,0.000,0,1.025,533,2.605,22.5
DATA,MOTOR_BREAKIN_V3,000001,1487,510,511,0.069,0.052,3.260,0.000,3.260,35,FWD,RUN,0.061,0.198,0.087,0.390,0.000,0.000,0.000,0,1.025,533,2.605,22.5
DATA,MOTOR_BREAKIN_V3,000001,1587,510,512,0.069,0.000,3.427,0.000,3.427,35,FWD,RUN,0.035,0.118,0.087,0.279,0.000,0.000,0.000,0,1.025,533,2.605,22.5
DATA,MOTOR_BREAKIN_V3,000001,1687,510,512,0.069,0.000,3.371,0.000,3.371,35,FWD,RUN,0.035,0.117,0.039,0.306,0.000,0.000,0.000,0,1.025,533,2.605,22.5
DATA,MOTOR_BREAKIN_V3,000001,1787,509,511,0.096,0.052,3.232,0.056,3.176,35,FWD,RUN,0.074,0.235,0.039,0.223,0.000,0.000,0.000,0,1.025,533,2.605,22.5
DATA,MOTOR_BREAKIN_V3,000001,1887,510,512,0.069,0.000,3.287,0.000,3.287,35,FWD,RUN,0.035,0.114,0.039,0.167,0.000,0.000,0.000,0,1.025,533,2.605,22.5
DATA,MOTOR_BREAKIN_V3,000001,1986,509,511,0.096,0.052,3.120,0.028,3.092,35,FWD,RUN,0.074,0.229,0.039,0.223,0.000,0.000,0.000,0,1.025,533,2.605,22.5
DATA,MOTOR_BREAKIN_V3,000001,2087,509,511,0.096,0.052,3.065,0.028,3.037,35,FWD,RUN,0.074,0.225,0.053,0.334,0.000,0.000,0.000,0,1.025,533,2.605,22.5
DATA,MOTOR_BREAKIN_V3,000001,2187,509,511,0.096,0.052,3.148,0.000,3.148,35,FWD,RUN,0.074,0.233,0.053,0.334,0.000,0.000,0.000,0,1.025,533,2.605,22.5
DATA,MOTOR_BREAKIN_V3,000001,2287,509,511,0.096,0.052,3.120,0.084,3.037,35,FWD,RUN,0.074,0.225,0.026,0.251,0.000,0.000,0.000,0,1.025,533,2.605,22.5
DATA,MOTOR_BREAKIN_V3,000001,2387,509,511,0.096,0.052,2.981,0.028,2.953,35,FWD,RUN,0.074,0.219,0.039,0.251,0.000,0.000,0.000,0,1.025,533,2.605,22.5
OK
DATA,MOTOR_BREAKIN_V3,000001,2487,509,511,0.096,0.052,3.065,0.056,3.009,36,FWD,RUN,0.074,0.223,0.053,0.251,0.000,0.000,0.000,0,1.025,533,2.605,22.5
DATA,MOTOR_BREAKIN_V3,000001,2587,510,512,0.069,0.000,3.204,0.000,3.204,36,FWD,RUN,0.035,0.111,0.087,0.334,0.000,0.000,0.000,0,1.025,533,2.605,22.5
DATA,MOTOR_BREAKIN_V3,000001,2687,510,512,0.069,0.000,3.065,0.028,3.037,36,FWD,RUN,0.035,0.105,0.087,0.251,0.000,0.000,0.000,0,1.025,533,2.605,22.5
OK
DATA,MOTOR_BREAKIN_V3,000001,2787,511,511,0.000,0.052,3.232,0.000,3.232,35,FWD,RUN,0.026,0.085,0.061,0.279,0.000,0.000,0.000,0,1.025,533,2.605,22.5
DATA,MOTOR_BREAKIN_V3,000001,2887,509,511,0.096,0.052,3.009,0.056,2.953,35,FWD,RUN,0.074,0.219,0.048,0.306,0.000,0.000,0.000,0,1.025,533,2.605,22.6
OK
DATA,MOTOR_BREAKIN_V3,000001,2987,509,510,0.096,0.079,3.148,0.000,3.148,36,FWD,RUN,0.087,0.275,0.053,0.195,0.000,0.000,0.000,0,1.025,533,2.605,22.5
OK
DATA,MOTOR_BREAKIN_V3,000001,3087,511,513,0.000,0.000,3.148,0.000,3.148,35,FWD,RUN,0.000,0.000,0.087,0.223,0.265,0.087,3.037,36,1.025,533,2.605,22.5
DATA,MOTOR_BREAKIN_V3,000001,3187,508,512,0.122,0.000,3.037,0.028,3.009,35,FWD,RUN,0.061,0.184,0.087,0.251,0.265,0.087,3.037,36,1.025,533,2.605,22.5
DATA,MOTOR_BREAKIN_V3,000001,3287,509,511,0.096,0.052,3.009,0.000,3.009,35,FWD,RUN,0.074,0.223,0.039,0.139,0.265,0.087,3.037,36,1.025,533,2.605,22.5
DATA,MOTOR_BREAKIN_V3,000001,3387,510,512,0.069,0.000,3.176,0.056,3.120,35,FWD,RUN,0.035,0.108,0.039,0.223,0.265,0.087,3.037,36,1.025,533,2.605,22.6
DATA,MOTOR_BREAKIN_V3,000001,3487,509,512,0.096,0.000,3.065,0.028,3.037,35,FWD,RUN,0.048,0.145,0.053,0.223,0.265,0.087,3.037,36,1.025,533,2.605,22.5
DATA,MOTOR_BREAKIN_V3,000001,3587,509,512,0.096,0.000,3.009,0.028,2.981,35,FWD,RUN,0.048,0.142,0.053,0.223,0.265,0.087,3.037,36,1.025,533,2.605,22.5
DATA,MOTOR_BREAKIN_V3,000001,3687,509,511,0.096,0.052,2.953,0.056,2.897,35,FWD,RUN,0.074,0.214,0.053,0.167,0.265,0.087,3.037,36,1.025,533,2.605,22.6
OK
DATA,MOTOR_BREAKIN_V3,000001,3787,509,512,0.096,0.000,3.092,0.000,3.092,37,FWD,RUN,0.048,0.148,0.066,0.251,0.297,0.100,2.953,37,1.025,533,2.605,22.5
OK
DATA,MOTOR_BREAKIN_V3,000001,3887,510,511,0.069,0.052,3.092,0.000,3.092,35,FWD,RUN,0.061,0.188,0.066,0.306,0.297,0.100,2.953,37,1.025,533,2.605,22.5
DATA,MOTOR_BREAKIN_V3,000001,3987,509,511,0.096,0.052,3.009,0.028,2.981,35,FWD,RUN,0.074,0.221,0.066,0.362,0.297,0.100,2.953,37,1.025,533,2.605,22.5
DATA,MOTOR_BREAKIN_V3,000001,4087,510,511,0.069,0.052,3.120,0.000,3.120,35,FWD,RUN,0.061,0.190,0.074,0.306,0.297,0.100,2.953,37,1.025,533,2.605,22.5
DATA,MOTOR_BREAKIN_V3,000001,4187,510,512,0.069,0.000,3.092,0.028,3.065,35,FWD,RUN,0.035,0.106,0.074,0.279,0.297,0.100,2.953,37,1.025,533,2.605,22.6
DATA,MOTOR_BREAKIN_V3,000001,4287,509,511,0.096,0.052,2.953,0.056,2.897,35,FWD,RUN,0.074,0.214,0.039,0.279,0.297,0.100,2.953,37,1.025,533,2.605,22.5
OK
DATA,MOTOR_BREAKIN_V3,000001,4387,509,511,0.096,0.052,3.009,0.028,2.981,37,FWD,RUN,0.074,0.221,0.039,0.223,0.297,0.100,2.953,37,1.025,533,2.605,22.6
DATA,MOTOR_BREAKIN_V3,000001,4487,508,511,0.122,0.052,3.065,0.056,3.009,37,FWD,RUN,0.087,0.262,0.053,0.279,0.297,0.100,2.953,37,1.025,533,2.605,22.6
DATA,MOTOR_BREAKIN_V3,000001,4587,509,511,0.096,0.052,3.092,0.028,3.065,37,FWD,RUN,0.074,0.227,0.053,0.362,0.297,0.100,2.953,37,1.025,533,2.605,22.5
DATA,MOTOR_BREAKIN_V3,000001,4687,509,511,0.096,0.052,3.148,0.028,3.120,37,FWD,RUN,0.074,0.231,0.053,0.279,0.297,0.100,2.953,37,1.025,533,2.605,22.6
OK
DATA,MOTOR_BREAKIN_V3,000001,4787,509,511,0.096,0.052,3.065,0.028,3.037,35,FWD,RUN,0.074,0.225,0.026,0.223,0.297,0.100,2.953,37,1.025,533,2.605,22.6
DATA,MOTOR_BREAKIN_V3,000001,4887,509,512,0.096,0.000,2.925,0.028,2.897,35,FWD,RUN,0.048,0.138,0.039,0.195,0.297,0.100,2.953,37,1.025,533,2.605,22.6
OK
DATA,MOTOR_BREAKIN_V3,000001,4987,509,510,0.096,0.079,3.037,0.028,3.009,37,FWD,RUN,0.087,0.262,0.053,0.167,0.297,0.100,2.953,37,1.025,533,2.605,22.6
DATA,MOTOR_BREAKIN_V3,000001,5087,509,512,0.096,0.000,2.953,0.056,2.897,37,FWD,RUN,0.048,0.138,0.087,0.279,0.297,0.100,2.953,37,1.025,533,2.605,22.6
OK
DATA,MOTOR_BREAKIN_V3,000001,5186,509,512,0.096,0.000,3.065,0.056,3.009,39,FWD,RUN,0.048,0.144,0.087,0.279,0.297,0.100,2.953,37,1.025,533,2.605,22.6
DATA,MOTOR_BREAKIN_V3,000001,5287,508,511,0.122,0.052,3.204,0.056,3.148,39,FWD,RUN,0.087,0.275,0.053,0.362,0.305,0.100,3.037,39,1.025,533,2.605,22.6
OK
DATA,MOTOR_BREAKIN_V3,000001,5387,510,513,0.069,0.000,3.287,0.000,3.287,36,FWD,RUN,0.035,0.114,0.066,0.501,0.305,0.100,3.037,39,1.025,532,2.600,22.6
OK
DATA,MOTOR_BREAKIN_V3,000001,5487,510,512,0.069,0.000,3.120,0.028,3.092,35,FWD,RUN,0.035,0.107,0.053,0.334,0.305,0.100,3.037,39,1.025,533,2.605,22.6
DATA,MOTOR_BREAKIN_V3,000001,5587,510,511,0.069,0.052,3.120,0.028,3.092,35,FWD,RUN,0.061,0.188,0.039,0.195,0.305,0.100,3.037,39,1.025,533,2.605,22.6
DATA,MOTOR_BREAKIN_V3,000001,5687,508,512,0.122,0.000,3.065,0.028,3.037,35,FWD,RUN,0.061,0.185,0.039,0.111,0.305,0.100,3.037,39,1.025,533,2.605,22.6
DATA,MOTOR_BREAKIN_V3,000001,5787,510,512,0.069,0.000,3.148,0.028,3.120,35,FWD,RUN,0.035,0.108,0.039,0.195,0.305,0.100,3.037,39,1.025,532,2.600,22.6
DATA,MOTOR_BREAKIN_V3,000001,5887,509,512,0.096,0.000,2.981,0.111,2.870,35,FWD,RUN,0.048,0.137,0.039,0.279,0.305,0.100,3.037,39,1.025,533,2.605,22.6
OK
DATA,MOTOR_BREAKIN_V3,000001,5987,509,510,0.096,0.079,3.092,0.000,3.092,38,FWD,RUN,0.087,0.270,0.053,0.306,0.305,0.100,3.037,39,1.025,533,2.605,22.6
OK
DATA,MOTOR_BREAKIN_V3,000001,6087,509,511,0.096,0.052,3.204,0.000,3.204,36,FWD,RUN,0.074,0.237,0.053,0.279,0.305,0.100,3.037,39,1.025,533,2.605,22.6
OK
DATA,MOTOR_BREAKIN_V3,000001,6187,509,512,0.096,0.000,2.981,0.028,2.953,35,FWD,RUN,0.048,0.141,0.039,0.279,0.305,0.100,3.037,39,1.025,533,2.605,22.6
OK
DATA,MOTOR_BREAKIN_V3,000001,6287,509,510,0.096,0.079,3.065,0.028,3.037,36,FWD,RUN,0.087,0.265,0.039,0.334,0.305,0.100,3.037,39,1.025,533,2.605,22.6
OK
DATA,MOTOR_BREAKIN_V3,000001,6387,509,511,0.096,0.052,3.009,0.000,3.009,35,FWD,RUN,0.074,0.223,0.053,0.334,0.305,0.100,3.037,39,1.025,533,2.605,22.6
DATA,MOTOR_BREAKIN_V3,000001,6487,509,511,0.096,0.052,2.981,0.028,2.953,35,FWD,RUN,0.074,0.219,0.039,0.195,0.305,0.100,3.037,39,1.025,533,2.605,22.6
DATA,MOTOR_BREAKIN_V3,000001,6587,509,511,0.096,0.052,2.981,0.000,2.981,35,FWD,RUN,0.074,0.221,0.053,0.195,0.305,0.100,3.037,39,1.025,533,2.605,22.6
DATA,MOTOR_BREAKIN_V3,000001,6687,508,511,0.122,0.052,3.092,0.028,3.065,35,FWD,RUN,0.087,0.267,0.053,0.306,0.305,0.100,3.037,39,1.025,533,2.605,22.6
DATA,MOTOR_BREAKIN_V3,000001,6787,509,511,0.096,0.052,3.065,0.028,3.037,35,FWD,RUN,0.074,0.225,0.053,0.279,0.305,0.100,3.037,39,1.025,533,2.605,22.6
DATA,MOTOR_BREAKIN_V3,000001,6887,509,512,0.096,0.000,3.009,0.028,2.981,35,FWD,RUN,0.048,0.142,0.053,0.195,0.305,0.100,3.037,39,1.025,533,2.605,22.6
DATA,MOTOR_BREAKIN_V3,000001,6987,510,510,0.069,0.079,3.037,0.195,2.842,35,FWD,RUN,0.074,0.210,0.053,0.390,0.305,0.100,3.037,39,1.025,533,2.605,22.6
OK
DATA,MOTOR_BREAKIN_V3,000001,7087,509,511,0.096,0.052,3.092,0.084,3.009,38,FWD,RUN,0.074,0.223,0.066,0.390,0.305,0.100,3.037,39,1.025,533,2.605,22.6
DATA,MOTOR_BREAKIN_V3,000001,7187,509,511,0.096,0.052,3.092,0.056,3.037,38,FWD,RUN,0.074,0.225,0.066,0.195,0.305,0.100,3.037,39,1.025,533,2.605,22.6
OK
DATA,MOTOR_BREAKIN_V3,000001,7287,511,512,0.000,0.000,3.232,0.000,3.232,37,FWD,RUN,0.000,0.000,0.074,0.251,0.305,0.100,3.037,39,1.025,533,2.605,22.6
OK
DATA,MOTOR_BREAKIN_V3,000001,7387,510,511,0.069,0.052,2.981,0.028,2.953,35,FWD,RUN,0.061,0.179,0.087,0.279,0.305,0.100,3.037,39,1.025,532,2.600,22.6
OK
DATA,MOTOR_BREAKIN_V3,000001,7487,510,512,0.069,0.000,3.009,0.028,2.981,36,FWD,RUN,0.035,0.103,0.053,0.279,0.305,0.100,3.037,39,1.025,533,2.605,22.6
DATA,MOTOR_BREAKIN_V3,000001,7587,509,511,0.096,0.052,2.981,0.028,2.953,36,FWD,RUN,0.074,0.219,0.053,0.279,0.305,0.100,3.037,39,1.025,533,2.605,22.6
OK
DATA,MOTOR_BREAKIN_V3,000001,7687,509,510,0.096,0.079,3.120,0.056,3.065,37,FWD,RUN,0.087,0.267,0.087,0.279,0.305,0.100,3.037,39,1.025,533,2.605,22.6
OK
DATA,MOTOR_BREAKIN_V3,000001,7787,509,511,0.096,0.052,2.953,0.028,2.925,36,FWD,RUN,0.074,0.216,0.087,0.223,0.305,0.100,3.037,39,1.025,533,2.605,22.6
OK
DATA,MOTOR_BREAKIN_V3,000001,7887,510,512,0.069,0.000,3.176,0.028,3.148,38,FWD,RUN,0.035,0.109,0.053,0.279,0.305,0.100,3.037,39,1.025,532,2.600,22.6
OK
DATA,MOTOR_BREAKIN_V3,000001,7987,509,511,0.096,0.052,2.953,0.028,2.925,35,FWD,RUN,0.074,0.216,0.087,0.279,0.305,0.100,3.037,39,1.025,533,2.605,22.6
OK
DATA,MOTOR_BREAKIN_V3,000001,8087,510,511,0.069,0.052,3.092,0.028,3.065,37,FWD,RUN,0.061,0.186,0.087,0.334,0.305,0.100,3.037,39,1.025,533,2.605,22.6
OK
DATA,MOTOR_BREAKIN_V3,000001,8187,509,510,0.096,0.079,3.120,0.000,3.120,36,FWD,RUN,0.087,0.272,0.053,0.334,0.305,0.100,3.037,39,1.025,533,2.605,22.6
OK
DATA,MOTOR_BREAKIN_V3,000001,8287,509,510,0.096,0.079,3.037,0.139,2.897,35,FWD,RUN,0.087,0.253,0.053,0.279,0.305,0.100,3.037,39,1.025,533,2.605,22.6
OK
DATA,MOTOR_BREAKIN_V3,000001,8386,509,511,0.096,0.052,3.009,0.056,2.953,37,FWD,RUN,0.074,0.219,0.087,0.251,0.305,0.100,3.037,39,1.025,533,2.605,22.6
DATA,MOTOR_BREAKIN_V3,000001,8487,508,510,0.122,0.079,2.925,0.334,2.591,37,FWD,RUN,0.100,0.260,0.100,0.529,0.305,0.100,3.037,39,1.025,532,2.600,22.6
OK
DATA,MOTOR_BREAKIN_V3,000001,8587,508,510,0.122,0.079,3.204,0.139,3.065,45,FWD,RUN,0.100,0.308,0.079,0.808,0.348,0.114,3.065,45,1.025,533,2.605,22.5
OK
DATA,MOTOR_BREAKIN_V3,000001,8687,508,510,0.122,0.079,3.204,0.084,3.120,44,FWD,RUN,0.100,0.313,0.066,0.529,0.364,0.114,3.204,44,1.025,534,2.610,22.6
OK
DATA,MOTOR_BREAKIN_V3,000001,8787,508,510,0.122,0.079,3.427,0.028,3.399,42,FWD,RUN,0.100,0.341,0.053,0.390,0.374,0.114,3.287,42,1.025,533,2.605,22.5
OK
DATA,MOTOR_BREAKIN_V3,000001,8887,510,511,0.069,0.052,3.148,0.028,3.120,35,FWD,RUN,0.061,0.190,0.066,0.306,0.374,0.114,3.287,42,1.025,533,2.605,22.6
DATA,MOTOR_BREAKIN_V3,000001,8987,510,511,0.069,0.052,3.260,0.084,3.176,35,FWD,RUN,0.061,0.193,0.053,0.306,0.374,0.114,3.287,42,1.025,533,2.605,22.6
DATA,MOTOR_BREAKIN_V3,000001,9087,509,510,0.096,0.079,3.037,0.195,2.842,35,FWD,RUN,0.087,0.248,0.053,0.362,0.374,0.114,3.287,42,1.025,533,2.605,22.6
OK
DATA,MOTOR_BREAKIN_V3,000001,9187,509,510,0.096,0.079,3.204,0.028,3.176,38,FWD,RUN,0.087,0.277,0.039,0.446,0.374,0.114,3.287,42,1.025,533,2.605,22.6
OK
DATA,MOTOR_BREAKIN_V3,000001,9287,511,512,0.000,0.000,3.232,0.000,3.232,35,FWD,RUN,0.000,0.000,0.087,0.306,0.374,0.114,3.287,42,1.025,533,2.605,22.6
DATA,MOTOR_BREAKIN_V3,000001,9387,510,511,0.069,0.052,3.092,0.028,3.065,35,FWD,RUN,0.061,0.186,0.087,0.279,0.374,0.114,3.287,42,1.025,533,2.605,22.6
DATA,MOTOR_BREAKIN_V3,000001,9487,509,512,0.096,0.000,2.953,0.084,2.870,35,FWD,RUN,0.048,0.137,0.039,0.390,0.374,0.114,3.287,42,1.025,533,2.605,22.6
OK
DATA,MOTOR_BREAKIN_V3,000001,9587,508,511,0.122,0.052,2.953,0.056,2.897,38,FWD,RUN,0.087,0.253,0.087,0.362,0.374,0.114,3.287,42,1.025,533,2.605,22.6
OK
DATA,MOTOR_BREAKIN_V3,000001,9687,508,511,0.122,0.052,3.120,0.028,3.092,40,FWD,RUN,0.087,0.270,0.087,0.474,0.374,0.114,3.287,42,1.025,533,2.605,22.6
OK
DATA,MOTOR_BREAKIN_V3,000001,9787,508,510,0.122,0.079,3.037,0.056,2.981,38,FWD,RUN,0.100,0.299,0.100,0.390,0.374,0.114,3.287,42,1.025,533,2.605,22.6
DATA,MOTOR_BREAKIN_V3,000001,9887,509,511,0.096,0.052,3.260,0.056,3.204,38,FWD,RUN,0.074,0.237,0.040,0.362,0.374,0.114,3.287,42,1.025,533,2.605,22.6
OK
DATA,MOTOR_BREAKIN_V3,000001,9987,509,510,0.096,0.079,3.065,0.028,3.037,35,FWD,RUN,0.087,0.265,0.026,0.362,0.374,0.114,3.287,42,1.025,533,2.605,22.6
DATA,MOTOR_BREAKIN_V3,000001,10087,509,511,0.096,0.052,2.981,0.195,2.786,35,FWD,RUN,0.074,0.206,0.053,0.418,0.374,0.114,3.287,42,1.025,533,2.605,22.6
OK
DATA,MOTOR_BREAKIN_V3,000001,10187,509,512,0.096,0.000,3.260,0.028,3.232,39,FWD,RUN,0.048,0.154,0.039,0.446,0.374,0.114,3.287,42,1.025,533,2.605,22.6
DATA,MOTOR_BREAKIN_V3,000001,10287,510,511,0.069,0.052,3.176,0.000,3.176,39,FWD,RUN,0.061,0.193,0.053,0.334,0.374,0.114,3.287,42,1.025,533,2.605,22.6
OK
DATA,MOTOR_BREAKIN_V3,000001,10387,510,512,0.069,0.000,3.065,0.028,3.037,35,FWD,RUN,0.035,0.105,0.053,0.251,0.374,0.114,3.287,42,1.025,533,2.605,22.6
DATA,MOTOR_BREAKIN_V3,000001,10487,510,512,0.069,0.000,3.092,0.056,3.037,35,FWD,RUN,0.035,0.105,0.087,0.223,0.374,0.114,3.287,42,1.025,533,2.605,22.6
DATA,MOTOR_BREAKIN_V3,000001,10587,510,511,0.069,0.052,2.925,0.028,2.897,35,FWD,RUN,0.061,0.176,0.087,0.362,0.374,0.114,3.287,42,1.025,533,2.605,22.6
OK
DATA,MOTOR_BREAKIN_V3,000001,10687,509,512,0.096,0.000,2.981,0.056,2.925,37,FWD,RUN,0.048,0.140,0.053,0.306,0.374,0.114,3.287,42,1.025,533,2.605,22.6
OK
DATA,MOTOR_BREAKIN_V3,000001,10787,508,511,0.122,0.052,3.065,0.056,3.009,39,FWD,RUN,0.087,0.262,0.039,0.279,0.374,0.114,3.287,42,1.025,533,2.605,22.6
DATA,MOTOR_BREAKIN_V3,000001,10887,509,511,0.096,0.052,3.120,0.056,3.065,39,FWD,RUN,0.074,0.227,0.039,0.223,0.374,0.114,3.287,42,1.025,533,2.605,22.6
OK
DATA,MOTOR_BREAKIN_V3,000001,10987,508,511,0.122,0.052,3.065,0.056,3.009,38,FWD,RUN,0.087,0.262,0.053,0.362,0.374,0.114,3.287,42,1.025,533,2.605,22.6
DATA,MOTOR_BREAKIN_V3,000001,11087,509,511,0.096,0.052,3.287,0.000,3.287,38,FWD,RUN,0.074,0.243,0.053,0.306,0.374,0.114,3.287,42,1.025,532,2.600,22.6
DATA,MOTOR_BREAKIN_V3,000001,11187,509,511,0.096,0.052,3.092,0.056,3.037,38,FWD,RUN,0.074,0.225,0.039,0.474,0.374,0.114,3.287,42,1.025,533,2.605,22.6
OK
DATA,MOTOR_BREAKIN_V3,000001,11287,510,512,0.069,0.000,3.315,0.028,3.287,35,FWD,RUN,0.035,0.114,0.039,0.474,0.374,0.114,3.287,42,1.025,532,2.600,22.6
DATA,MOTOR_BREAKIN_V3,000001,11387,509,511,0.096,0.052,3.065,0.028,3.037,35,FWD,RUN,0.074,0.225,0.053,0.306,0.374,0.114,3.287,42,1.025,532,2.600,22.6
DATA,MOTOR_BREAKIN_V3,000001,11487,509,511,0.096,0.052,3.092,0.000,3.092,35,FWD,RUN,0.074,0.229,0.087,0.334,0.374,0.114,3.287,42,1.025,533,2.605,22.6
DATA,MOTOR_BREAKIN_V3,000001,11586,509,511,0.096,0.052,2.953,0.028,2.925,35,FWD,RUN,0.074,0.216,0.074,0.334,0.374,0.114,3.287,42,1.025,533,2.605,22.6
OK
DATA,MOTOR_BREAKIN_V3,000001,11687,509,511,0.096,0.052,3.092,0.056,3.037,37,FWD,RUN,0.074,0.225,0.039,0.334,0.374,0.114,3.287,42,1.025,533,2.605,22.6
OK
DATA,MOTOR_BREAKIN_V3,000001,11787,509,512,0.096,0.000,3.065,0.028,3.037,36,FWD,RUN,0.048,0.145,0.053,0.334,0.374,0.114,3.287,42,1.025,533,2.605,22.6
OK
DATA,MOTOR_BREAKIN_V3,000001,11887,510,512,0.069,0.000,2.925,0.056,2.870,35,FWD,RUN,0.035,0.099,0.066,0.167,0.374,0.114,3.287,42,1.025,533,2.605,22.6
OK
DATA,MOTOR_BREAKIN_V3,000001,11987,509,511,0.096,0.052,3.065,0.056,3.009,38,FWD,RUN,0.074,0.223,0.053,0.223,0.374,0.114,3.287,42,1.025,533,2.605,22.6
DATA,MOTOR_BREAKIN_V3,000001,12087,510,511,0.069,0.052,3.176,0.111,3.065,38,FWD,RUN,0.061,0.186,0.039,0.195,0.374,0.114,3.287,42,1.025,533,2.605,22.6
DATA,MOTOR_BREAKIN_V3,000001,12187,509,511,0.096,0.052,3.092,0.056,3.037,38,FWD,RUN,0.074,0.225,0.053,0.251,0.374,0.114,3.287,42,1.025,533,2.605,22.6
OK
DATA,MOTOR_BREAKIN_V3,000001,12287,509,510,0.096,0.079,3.037,0.056,2.981,37,FWD,RUN,0.087,0.260,0.040,0.390,0.374,0.114,3.287,42,1.025,533,2.605,22.6
DATA,MOTOR_BREAKIN_V3,000001,12387,509,510,0.096,0.079,3.092,0.056,3.037,37,FWD,RUN,0.087,0.265,0.039,0.390,0.374,0.114,3.287,42,1.025,533,2.605,22.6
OK
DATA,MOTOR_BREAKIN_V3,000001,12487,509,511,0.096,0.052,2.981,0.139,2.842,36,FWD,RUN,0.074,0.210,0.053,0.306,0.374,0.114,3.287,42,1.025,533,2.605,22.6
OK
DATA,MOTOR_BREAKIN_V3,000001,12587,509,512,0.096,0.000,3.009,0.251,2.758,39,FWD,RUN,0.048,0.132,0.039,0.613,0.374,0.114,3.287,42,1.025,533,2.605,22.6
OK
DATA,MOTOR_BREAKIN_V3,000001,12687,508,511,0.122,0.052,3.176,0.111,3.065,44,FWD,RUN,0.087,0.267,0.066,0.613,0.374,0.114,3.287,42,1.025,533,2.605,22.6
OK
DATA,MOTOR_BREAKIN_V3,000001,12787,508,510,0.122,0.079,3.204,0.084,3.120,43,FWD,RUN,0.100,0.313,0.066,0.390,0.374,0.114,3.287,42,1.025,533,2.605,22.5
OK
DATA,MOTOR_BREAKIN_V3,000001,12887,509,510,0.096,0.079,3.232,0.084,3.148,41,FWD,RUN,0.087,0.275,0.053,0.446,0.374,0.114,3.287,42,1.025,533,2.605,22.6
OK
DATA,MOTOR_BREAKIN_V3,000001,12987,509,511,0.096,0.052,3.204,0.084,3.120,38,FWD,RUN,0.074,0.231,0.066,0.306,0.374,0.114,3.287,42,1.025,533,2.605,22.6
DATA,MOTOR_BREAKIN_V3,000001,13087,509,511,0.096,0.052,3.204,0.028,3.176,38,FWD,RUN,0.074,0.235,0.053,0.418,0.374,0.114,3.287,42,1.025,533,2.605,22.6
OK
DATA,MOTOR_BREAKIN_V3,000001,13187,510,511,0.069,0.052,3.343,0.084,3.260,35,FWD,RUN,0.061,0.198,0.087,0.446,0.374,0.114,3.287,42,1.025,532,2.600,22.6
DATA,MOTOR_BREAKIN_V3,000001,13287,510,512,0.069,0.000,3.148,0.000,3.148,35,FWD,RUN,0.035,0.109,0.087,0.390,0.374,0.114,3.287,42,1.025,533,2.605,22.6
DATA,MOTOR_BREAKIN_V3,000001,13387,510,511,0.069,0.052,3.120,0.000,3.120,35,FWD,RUN,0.061,0.190,0.053,0.279,0.374,0.114,3.287,42,1.025,533,2.605,22.6
DATA,MOTOR_BREAKIN_V3,000001,13487,509,511,0.096,0.052,3.092,0.056,3.037,35,FWD,RUN,0.074,0.225,0.039,0.223,0.374,0.114,3.287,42,1.025,533,2.605,22.6
DATA,MOTOR_BREAKIN_V3,000001,13587,508,511,0.122,0.052,3.009,0.028,2.981,35,FWD,RUN,0.087,0.260,0.053,0.446,0.374,0.114,3.287,42,1.025,533,2.605,22.6
DATA,MOTOR_BREAKIN_V3,000001,13687,509,512,0.096,0.000,2.925,0.056,2.870,35,FWD,RUN,0.048,0.137,0.053,0.306,0.374,0.114,3.287,42,1.025,533,2.605,22.7
OK
DATA,MOTOR_BREAKIN_V3,000001,13787,509,512,0.096,0.000,3.120,0.056,3.065,38,FWD,RUN,0.048,0.146,0.053,0.223,0.374,0.114,3.287,42,1.025,533,2.605,22.6
OK
DATA,MOTOR_BREAKIN_V3,000001,13887,509,511,0.096,0.052,3.009,0.056,2.953,37,FWD,RUN,0.074,0.219,0.053,0.251,0.374,0.114,3.287,42,1.025,533,2.605,22.6
OK
DATA,MOTOR_BREAKIN_V3,000001,13987,509,511,0.096,0.052,2.981,0.056,2.925,38,FWD,RUN,0.074,0.216,0.053,0.306,0.374,0.114,3.287,42,1.025,533,2.605,22.6
DATA,MOTOR_BREAKIN_V3,000001,14087,508,512,0.122,0.000,3.176,0.056,3.120,38,FWD,RUN,0.061,0.190,0.066,0.752,0.374,0.114,3.287,42,1.025,533,2.605,22.6
OK
DATA,MOTOR_BREAKIN_V3,000001,14187,511,512,0.000,0.000,3.287,0.000,3.287,36,FWD,RUN,0.000,0.000,0.100,0.808,0.374,0.114,3.287,42,1.025,532,2.600,22.6
OK
DATA,MOTOR_BREAKIN_V3,000001,14287,509,511,0.096,0.052,2.953,0.028,2.925,35,FWD,RUN,0.074,0.216,0.087,0.362,0.374,0.114,3.287,42,1.025,533,2.605,22.6
OK
DATA,MOTOR_BREAKIN_V3,000001,14387,509,512,0.096,0.000,3.148,0.084,3.065,37,FWD,RUN,0.048,0.146,0.087,0.362,0.374,0.114,3.287,42,1.025,533,2.605,22.6
OK
DATA,MOTOR_BREAKIN_V3,000001,14487,509,512,0.096,0.000,3.092,0.111,2.981,36,FWD,RUN,0.048,0.142,0.074,0.390,0.374,0.114,3.287,42,1.025,533,2.605,22.6
DATA,MOTOR_BREAKIN_V3,000001,14587,508,511,0.122,0.052,3.065,0.056,3.009,36,FWD,RUN,0.087,0.262,0.039,0.251,0.374,0.114,3.287,42,1.025,533,2.605,22.6
DATA,MOTOR_BREAKIN_V3,000001,14687,509,512,0.096,0.000,3.065,0.056,3.009,36,FWD,RUN,0.048,0.144,0.039,0.167,0.374,0.114,3.287,42,1.025,533,2.605,22.6
DATA,MOTOR_BREAKIN_V3,000001,14786,510,512,0.069,0.000,3.092,0.028,3.065,36,FWD,RUN,0.035,0.106,0.039,0.223,0.374,0.114,3.287,42,1.025,533,2.605,22.6
OK
DATA,MOTOR_BREAKIN_V3,000001,14887,510,510,0.069,0.079,3.009,0.028,2.981,35,FWD,RUN,0.074,0.221,0.066,0.334,0.374,0.114,3.287,42,1.025,533,2.605,22.6
DATA,MOTOR_BREAKIN_V3,000001,14987,509,510,0.096,0.079,3.009,0.000,3.009,35,FWD,RUN,0.087,0.262,0.066,0.501,0.374,0.114,3.287,42,1.025,533,2.605,22.6
DATA,MOTOR_BREAKIN_V3,000001,15087,509,512,0.096,0.000,2.953,0.056,2.897,35,FWD,RUN,0.048,0.138,0.053,0.585,0.374,0.114,3.287,42,1.025,533,2.605,22.7
OK
DATA,MOTOR_BREAKIN_V3,000001,15187,509,511,0.096,0.052,2.981,0.056,2.925,37,FWD,RUN,0.074,0.216,0.039,0.362,0.374,0.114,3.287,42,1.025,533,2.605,22.6
OK
DATA,MOTOR_BREAKIN_V3,000001,15287,510,511,0.069,0.052,3.315,0.000,3.315,39,FWD,RUN,0.061,0.202,0.066,0.474,0.374,0.114,3.287,42,1.025,532,2.600,22.5
OK
DATA,MOTOR_BREAKIN_V3,000001,15387,509,511,0.096,0.052,2.897,0.028,2.870,35,FWD,RUN,0.074,0.212,0.066,0.474,0.374,0.114,3.287,42,1.025,533,2.605,22.6
OK
DATA,MOTOR_BREAKIN_V3,000001,15487,508,509,0.122,0.105,3.065,0.056,3.009,38,FWD,RUN,0.114,0.342,0.066,0.418,0.374,0.114,3.287,42,1.025,533,2.605,22.6
DATA,MOTOR_BREAKIN_V3,000001,15587,509,510,0.096,0.079,3.065,0.056,3.009,38,FWD,RUN,0.087,0.262,0.087,0.529,0.374,0.114,3.287,42,1.025,533,2.605,22.6
DATA,MOTOR_BREAKIN_V3,000001,15687,509,512,0.096,0.000,3.260,0.056,3.204,38,FWD,RUN,0.048,0.153,0.100,0.279,0.374,0.114,3.287,42,1.025,533,2.605,22.6
OK
DATA,MOTOR_BREAKIN_V3,000001,15787,509,511,0.096,0.052,3.120,0.028,3.092,35,FWD,RUN,0.074,0.229,0.100,0.474,0.374,0.114,3.287,42,1.025,533,2.605,22.6
DATA,MOTOR_BREAKIN_V3,000001,15887,509,511,0.096,0.052,2.981,0.028,2.953,35,FWD,RUN,0.074,0.219,0.066,0.306,0.374,0.114,3.287,42,1.025,533,2.605,22.5
DATA,MOTOR_BREAKIN_V3,000001,15987,509,511,0.096,0.052,3.009,0.028,2.981,35,FWD,RUN,0.074,0.221,0.039,0.362,0.374,0.114,3.287,42,1.025,533,2.605,22.6
OK
DATA,MOTOR_BREAKIN_V3,000001,16087,509,510,0.096,0.079,3.037,0.028,3.009,36,FWD,RUN,0.087,0.262,0.087,0.418,0.374,0.114,3.287,42,1.025,532,2.600,22.6
DATA,MOTOR_BREAKIN_V3,000001,16187,510,512,0.069,0.000,3.120,0.028,3.092,36,FWD,RUN,0.035,0.107,0.087,0.418,0.374,0.114,3.287,42,1.025,531,2.595,22.6
OK
DATA,MOTOR_BREAKIN_V3,000001,16287,509,511,0.096,0.052,2.897,0.028,2.870,35,FWD,RUN,0.074,0.212,0.053,0.390,0.374,0.114,3.287,42,1.025,533,2.605,22.6
OK
DATA,MOTOR_BREAKIN_V3,000001,16387,508,512,0.122,0.000,3.009,0.000,3.009,38,FWD,RUN,0.061,0.184,0.087,0.279,0.374,0.114,3.287,42,1.025,533,2.605,22.6
DATA,MOTOR_BREAKIN_V3,000001,16487,509,510,0.096,0.079,2.981,0.056,2.925,38,FWD,RUN,0.087,0.255,0.100,0.279,0.374,0.114,3.287,42,1.025,533,2.605,22.6
OK
DATA,MOTOR_BREAKIN_V3,000001,16587,509,511,0.096,0.052,2.981,0.279,2.702,40,FWD,RUN,0.074,0.200,0.066,0.362,0.374,0.114,3.287,42,1.025,533,2.605,22.6
OK
DATA,MOTOR_BREAKIN_V3,000001,16687,508,510,0.122,0.079,3.176,0.111,3.065,46,FWD,RUN,0.100,0.308,0.053,0.529,0.374,0.114,3.287,42,1.025,533,2.605,22.6
OK
DATA,MOTOR_BREAKIN_V3,000001,16787,509,511,0.096,0.052,3.510,0.028,3.482,45,FWD,RUN,0.074,0.258,0.079,0.641,0.406,0.127,3.204,46,1.025,533,2.605,22.5
OK
DATA,MOTOR_BREAKIN_V3,000001,16887,510,512,0.069,0.000,3.176,0.028,3.148,35,FWD,RUN,0.035,0.109,0.092,0.669,0.406,0.127,3.204,46,1.025,532,2.600,22.6
DATA,MOTOR_BREAKIN_V3,000001,16987,509,511,0.096,0.052,3.260,0.000,3.260,35,FWD,RUN,0.074,0.241,0.066,0.529,0.406,0.127,3.204,46,1.025,533,2.605,22.6
DATA,MOTOR_BREAKIN_V3,000001,17087,509,511,0.096,0.052,3.009,0.223,2.786,35,FWD,RUN,0.074,0.206,0.026,0.501,0.406,0.127,3.204,46,1.025,533,2.605,22.7
OK
DATA,MOTOR_BREAKIN_V3,000001,17187,509,510,0.096,0.079,3.037,0.334,2.702,39,FWD,RUN,0.087,0.236,0.087,0.557,0.406,0.127,3.204,46,1.025,533,2.605,22.6
OK
DATA,MOTOR_BREAKIN_V3,000001,17287,507,511,0.148,0.052,3.148,0.167,2.981,45,FWD,RUN,0.100,0.299,0.114,0.836,0.406,0.127,3.204,46,1.025,533,2.605,22.5
DATA,MOTOR_BREAKIN_V3,000001,17387,508,510,0.122,0.079,3.427,0.084,3.343,45,FWD,RUN,0.100,0.336,0.079,0.557,0.406,0.127,3.204,46,1.025,532,2.600,22.5
OK
DATA,MOTOR_BREAKIN_V3,000001,17487,510,510,0.069,0.079,3.371,0.000,3.371,38,FWD,RUN,0.074,0.249,0.079,0.390,0.406,0.127,3.204,46,1.025,533,2.605,22.6
OK
DATA,MOTOR_BREAKIN_V3,000001,17587,510,512,0.069,0.000,3.120,0.223,2.897,35,FWD,RUN,0.035,0.100,0.079,0.501,0.406,0.127,3.204,46,1.025,533,2.605,22.6
OK
DATA,MOTOR_BREAKIN_V3,000001,17687,509,512,0.096,0.000,3.204,0.028,3.176,37,FWD,RUN,0.048,0.152,0.066,0.306,0.406,0.127,3.204,46,1.025,533,2.605,22.7
OK
DATA,MOTOR_BREAKIN_V3,000001,17787,510,512,0.069,0.000,3.092,0.056,3.037,35,FWD,RUN,0.035,0.105,0.066,0.390,0.406,0.127,3.204,46,1.025,533,2.605,22.6
DATA,MOTOR_BREAKIN_V3,000001,17887,510,512,0.069,0.000,3.009,0.028,2.981,35,FWD,RUN,0.035,0.103,0.066,0.418,0.406,0.127,3.204,46,1.025,532,2.600,22.7
DATA,MOTOR_BREAKIN_V3,000001,17986,511,512,0.000,0.000,3.260,0.000,3.260,35,FWD,RUN,0.000,0.000,0.074,0.334,0.406,0.127,3.204,46,1.025,532,2.600,22.7
DATA,MOTOR_BREAKIN_V3,000001,18087,510,512,0.069,0.000,3.037,0.028,3.009,35,FWD,RUN,0.035,0.104,0.087,0.390,0.406,0.127,3.204,46,1.025,532,2.600,22.6
DATA,MOTOR_BREAKIN_V3,000001,18187,509,511,0.096,0.052,3.065,0.028,3.037,35,FWD,RUN,0.074,0.225,0.087,0.390,0.406,0.127,3.204,46,1.025,533,2.605,22.6
DATA,MOTOR_BREAKIN_V3,000001,18287,509,511,0.096,0.052,3.009,0.028,2.981,35,FWD,RUN,0.074,0.221,0.087,0.390,0.406,0.127,3.204,46,1.025,533,2.605,22.6
DATA,MOTOR_BREAKIN_V3,000001,18387,508,512,0.122,0.000,2.981,0.028,2.953,35,FWD,RUN,0.061,0.180,0.053,0.362,0.406,0.127,3.204,46,1.025,533,2.605,22.7
OK
DATA,MOTOR_BREAKIN_V3,000001,18487,510,512,0.069,0.000,2.870,0.056,2.814,36,FWD,RUN,0.035,0.097,0.066,0.390,0.406,0.127,3.204,46,1.025,533,2.605,22.6
OK
DATA,MOTOR_BREAKIN_V3,000001,18587,508,510,0.122,0.079,3.065,0.056,3.009,40,FWD,RUN,0.100,0.302,0.066,0.474,0.406,0.127,3.204,46,1.025,533,2.605,22.6
DATA,MOTOR_BREAKIN_V3,000001,18687,509,511,0.096,0.052,3.092,0.111,2.981,40,FWD,RUN,0.074,0.221,0.053,0.501,0.406,0.127,3.204,46,1.025,533,2.605,22.6
DATA,MOTOR_BREAKIN_V3,000001,18787,508,511,0.122,0.052,3.176,0.056,3.120,40,FWD,RUN,0.087,0.272,0.066,0.501,0.406,0.127,3.204,46,1.025,533,2.605,22.7
OK
DATA,MOTOR_BREAKIN_V3,000001,18887,508,511,0.122,0.052,3.148,0.084,3.065,38,FWD,RUN,0.087,0.267,0.066,0.306,0.406,0.127,3.204,46,1.025,533,2.605,22.6
OK
DATA,MOTOR_BREAKIN_V3,000001,18987,509,511,0.096,0.052,3.009,0.056,2.953,37,FWD,RUN,0.074,0.219,0.087,0.362,0.406,0.127,3.204,46,1.025,533,2.605,22.6
DATA,MOTOR_BREAKIN_V3,000001,19087,509,511,0.096,0.052,3.037,0.056,2.981,37,FWD,RUN,0.074,0.221,0.100,0.362,0.406,0.127,3.204,46,1.025,532,2.600,22.6
DATA,MOTOR_BREAKIN_V3,000001,19187,509,510,0.096,0.079,3.148,0.223,2.925,37,FWD,RUN,0.087,0.255,0.100,0.251,0.406,0.127,3.204,46,1.025,533,2.605,22.6
OK
DATA,MOTOR_BREAKIN_V3,000001,19287,509,511,0.096,0.052,3.120,0.028,3.092,39,FWD,RUN,0.074,0.229,0.087,0.279,0.406,0.127,3.204,46,1.025,532,2.600,22.6
OK
DATA,MOTOR_BREAKIN_V3,000001,19387,510,512,0.069,0.000,3.037,0.028,3.009,37,FWD,INIT,0.035,0.104,0.053,0.334,0.406,0.127,3.204,46,1.025,533,2.605,22.6
DATA,MOTOR_BREAKIN_V3,000001,19487,510,511,0.069,0.052,2.981,0.056,2.925,37,FWD,INIT,0.061,0.178,0.053,0.362,0.406,0.127,3.204,46,1.025,533,2.605,22.7
OK
DATA,MOTOR_BREAKIN_V3,000001,19587,508,511,0.122,0.052,3.148,0.056,3.092,39,FWD,INIT,0.087,0.270,0.053,0.279,0.406,0.127,3.204,46,1.025,533,2.605,22.6
OK
DATA,MOTOR_BREAKIN_V3,000001,19687,509,511,0.096,0.052,2.953,0.056,2.897,37,FWD,INIT,0.074,0.214,0.053,0.418,0.406,0.127,3.204,46,1.025,533,2.605,22.6
OK
DATA,MOTOR_BREAKIN_V3,000001,19787,509,511,0.096,0.052,3.009,0.056,2.953,39,FWD,INIT,0.074,0.219,0.053,0.418,0.406,0.127,3.204,46,1.025,533,2.605,22.6
OK
DATA,MOTOR_BREAKIN_V3,000001,19887,509,511,0.096,0.052,3.065,0.111,2.953,40,FWD,INIT,0.074,0.219,0.053,0.279,0.406,0.127,3.204,46,1.025,531,2.595,22.6
DATA,MOTOR_BREAKIN_V3,000001,19987,508,511,0.122,0.052,3.232,0.056,3.176,40,FWD,INIT,0.087,0.277,0.066,0.223,0.406,0.127,3.204,46,1.025,533,2.605,22.6
OK
DATA,MOTOR_BREAKIN_V3,000001,20087,508,510,0.122,0.079,3.204,0.111,3.092,41,FWD,INIT,0.100,0.311,0.100,0.390,0.406,0.127,3.204,46,1.025,532,2.600,22.5
OK
DATA,MOTOR_BREAKIN_V3,000001,20187,508,511,0.122,0.052,3.065,0.056,3.009,39,FWD,INIT,0.087,0.262,0.100,0.334,0.406,0.127,3.204,46,1.025,533,2.605,22.6
DATA,MOTOR_BREAKIN_V3,000001,20287,509,510,0.096,0.079,3.260,0.056,3.204,39,FWD,INIT,0.087,0.279,0.066,0.390,0.406,0.127,3.204,46,1.025,533,2.605,22.7
OK
DATA,MOTOR_BREAKIN_V3,000001,20387,509,511,0.096,0.052,3.176,0.000,3.176,35,FWD,INIT,0.074,0.235,0.079,0.446,0.406,0.127,3.204,46,1.025,533,2.605,22.6
DATA,MOTOR_BREAKIN_V3,000001,20487,510,513,0.069,0.000,3.232,0.028,3.204,35,FWD,INIT,0.035,0.111,0.079,0.334,0.406,0.127,3.204,46,1.025,533,2.605,22.6
DATA,MOTOR_BREAKIN_V3,000001,20587,510,512,0.069,0.000,3.204,0.111,3.092,35,FWD,INIT,0.035,0.107,0.087,0.279,0.406,0.127,3.204,46,1.025,533,2.605,22.6
DATA,MOTOR_BREAKIN_V3,000001,20687,510,512,0.069,0.000,3.260,0.000,3.260,35,FWD,INIT,0.035,0.113,0.087,0.306,0.406,0.127,3.204,46,1.025,533,2.605,22.6
DATA,MOTOR_BREAKIN_V3,000001,20787,509,511,0.096,0.052,3.092,0.000,3.092,35,FWD,INIT,0.074,0.229,0.053,0.334,0.406,0.127,3.204,46,1.025,533,2.605,22.6
DATA,MOTOR_BREAKIN_V3,000001,20887,509,512,0.096,0.000,2.925,0.084,2.842,35,FWD,INIT,0.048,0.136,0.053,0.334,0.406,0.127,3.204,46,1.025,533,2.605,22.6
OK
DATA,MOTOR_BREAKIN_V3,000001,20987,509,511,0.096,0.052,3.092,0.028,3.065,38,FWD,INIT,0.074,0.227,0.039,0.334,0.406,0.127,3.204,46,1.025,533,2.605,22.6
DATA,MOTOR_BREAKIN_V3,000001,21087,509,512,0.096,0.000,3.176,0.028,3.148,38,FWD,INIT,0.048,0.150,0.100,0.474,0.406,0.127,3.204,46,1.025,533,2.605,22.7
OK
DATA,MOTOR_BREAKIN_V3,000001,21186,509,512,0.096,0.000,2.953,0.028,2.925,35,FWD,INIT,0.048,0.140,0.100,0.474,0.406,0.127,3.204,46,1.025,533,2.605,22.6
OK
DATA,MOTOR_BREAKIN_V3,000001,21287,509,512,0.096,0.000,3.037,0.056,2.981,37,FWD,INIT,0.048,0.142,0.087,0.446,0.406,0.127,3.204,46,1.025,533,2.605,22.6
DATA,MOTOR_BREAKIN_V3,000001,21387,508,512,0.122,0.000,2.953,0.334,2.619,37,FWD,INIT,0.061,0.160,0.053,0.696,0.406,0.127,3.204,46,1.025,533,2.605,22.6
OK
DATA,MOTOR_BREAKIN_V3,000001,21487,509,511,0.096,0.052,3.427,0.111,3.315,45,FWD,INIT,0.074,0.245,0.053,0.808,0.406,0.127,3.204,46,1.025,532,2.600,22.5
OK
DATA,MOTOR_BREAKIN_V3,000001,21587,508,511,0.122,0.052,3.120,0.195,2.925,39,FWD,INIT,0.087,0.255,0.092,0.557,0.406,0.127,3.204,46,1.025,533,2.605,22.6
OK
DATA,MOTOR_BREAKIN_V3,000001,21687,508,511,0.122,0.052,3.232,0.056,3.176,41,FWD,INIT,0.087,0.277,0.053,0.334,0.406,0.127,3.204,46,1.025,533,2.605,22.5
OK
DATA,MOTOR_BREAKIN_V3,000001,21787,509,511,0.096,0.052,3.343,0.000,3.343,37,FWD,INIT,0.074,0.247,0.066,0.279,0.406,0.127,3.204,46,1.025,533,2.605,22.6
OK
DATA,MOTOR_BREAKIN_V3,000001,21887,510,511,0.069,0.052,3.148,0.028,3.120,35,FWD,INIT,0.061,0.190,0.100,0.334,0.406,0.127,3.204,46,1.025,533,2.605,22.6
DATA,MOTOR_BREAKIN_V3,000001,21987,509,511,0.096,0.052,3.148,0.139,3.009,35,FWD,INIT,0.074,0.223,0.087,0.362,0.406,0.127,3.204,46,1.025,533,2.605,22.6
DATA,MOTOR_BREAKIN_V3,000001,22087,509,511,0.096,0.052,3.148,0.028,3.120,35,FWD,INIT,0.074,0.231,0.039,0.223,0.406,0.127,3.204,46,1.025,533,2.605,22.6
DATA,MOTOR_BREAKIN_V3,000001,22187,508,511,0.122,0.052,3.120,0.028,3.092,35,FWD,INIT,0.087,0.270,0.053,0.223,0.406,0.127,3.204,46,1.025,533,2.605,22.6
DATA,MOTOR_BREAKIN_V3,000001,22287,508,511,0.122,0.052,3.148,0.000,3.148,35,FWD,INIT,0.087,0.275,0.053,0.279,0.406,0.127,3.204,46,1.025,533,2.605,22.6
DATA,MOTOR_BREAKIN_V3,000001,22387,509,510,0.096,0.079,3.065,0.000,3.065,35,FWD,INIT,0.087,0.267,0.087,0.306,0.406,0.127,3.204,46,1.025,533,2.605,22.6
DATA,MOTOR_BREAKIN_V3,000001,22487,509,512,0.096,0.000,3.120,0.028,3.092,35,FWD,INIT,0.048,0.148,0.087,0.251,0.406,0.127,3.204,46,1.025,533,2.605,22.6
DATA,MOTOR_BREAKIN_V3,000001,22587,509,510,0.096,0.079,2.981,0.028,2.953,35,FWD,INIT,0.087,0.258,0.087,0.306,0.406,0.127,3.204,46,1.025,533,2.605,22.6
OK
DATA,MOTOR_BREAKIN_V3,000001,22687,509,512,0.0942949406720,0.000,3.037,0.000,3.037,36,FWD,INIT,0.048,0.145,0.087,0.334,0.406,0.127,3.204,46,1.025,533,2.605,22.6
OK
DATA,MOTOR_BREAKIN_V3,000001,22787,511,513,0.000,0.000,3.232,0.000,3.232,35,FWD,INIT,0.000,0.000,0.087,0.585,0.406,0.127,3.204,46,1.025,532,2.600,22.6
DATA,MOTOR_BREAKIN_V3,000001,22887,509,512,0.096,0.000,2.953,0.028,2.925,35,FWD,INIT,0.048,0.140,0.087,0.557,0.406,0.127,3.204,46,1.025,533,2.605,22.6
OK
DATA,MOTOR_BREAKIN_V3,000001,22987,509,511,0.096,0.052,3.065,0.028,3.037,37,FWD,INIT,0.074,0.225,0.039,0.557,0.406,0.127,3.204,46,1.025,533,2.605,22.6
DATA,MOTOR_BREAKIN_V3,000001,23087,508,510,0.122,0.079,3.009,0.056,2.953,37,FWD,INIT,0.100,0.297,0.066,0.557,0.406,0.127,3.204,46,1.025,533,2.605,22.6
OK
DATA,MOTOR_BREAKIN_V3,000001,23187,510,511,0.069,0.052,3.204,0.056,3.148,38,FWD,INIT,0.061,0.191,0.100,0.279,0.406,0.127,3.204,46,1.025,533,2.605,22.6
OK
DATA,MOTOR_BREAKIN_V3,000001,23287,510,512,0.069,0.000,3.287,0.000,3.287,35,FWD,INIT,0.035,0.114,0.087,0.501,0.406,0.127,3.204,46,1.025,532,2.600,22.6
DATA,MOTOR_BREAKIN_V3,000001,23387,510,511,0.069,0.052,3.037,0.056,2.981,35,FWD,INIT,0.061,0.181,0.066,0.501,0.406,0.127,3.204,46,1.025,532,2.600,22.6
DATA,MOTOR_BREAKIN_V3,000001,23487,509,510,0.096,0.079,3.065,0.000,3.065,35,FWD,INIT,0.087,0.267,0.053,0.279,0.406,0.127,3.204,46,1.025,533,2.605,22.6
DATA,MOTOR_BREAKIN_V3,000001,23587,510,512,0.069,0.000,3.204,0.000,3.204,35,FWD,INIT,0.035,0.111,0.053,0.474,0.406,0.127,3.204,46,1.025,533,2.605,22.6
DATA,MOTOR_BREAKIN_V3,000001,23687,509,512,0.096,0.000,2.953,0.028,2.925,35,FWD,INIT,0.048,0.140,0.039,0.529,0.406,0.127,3.204,46,1.025,533,2.605,22.6
OK
DATA,MOTOR_BREAKIN_V3,000001,23787,509,510,0.096,0.079,2.981,0.056,2.925,37,FWD,INIT,0.087,0.255,0.053,0.418,0.406,0.127,3.204,46,1.025,533,2.605,22.6
OK
DATA,MOTOR_BREAKIN_V3,000001,23887,508,511,0.122,0.052,3.009,0.084,2.925,39,FWD,INIT,0.087,0.255,0.087,0.390,0.406,0.127,3.204,46,1.025,533,2.605,22.6
DATA,MOTOR_BREAKIN_V3,000001,23987,508,511,0.122,0.052,3.176,0.056,3.120,39,FWD,INIT,0.087,0.272,0.100,0.334,0.406,0.127,3.204,46,1.025,533,2.605,22.5
OK
DATA,MOTOR_BREAKIN_V3,000001,24087,508,510,0.122,0.079,3.092,0.084,3.009,41,FWD,INIT,0.100,0.302,0.079,0.557,0.406,0.127,3.204,46,1.025,533,2.605,22.5
DATA,MOTOR_BREAKIN_V3,000001,24187,508,510,0.122,0.079,3.287,0.084,3.204,41,FWD,INIT,0.100,0.322,0.053,0.501,0.406,0.127,3.204,46,1.025,533,2.605,22.6
OK
DATA,MOTOR_BREAKIN_V3,000001,24287,509,511,0.096,0.052,3.204,0.028,3.176,37,FWD,INIT,0.074,0.235,0.066,0.501,0.406,0.127,3.204,46,1.025,533,2.605,22.6
OK
DATA,MOTOR_BREAKIN_V3,000001,24386,509,510,0.096,0.079,3.065,0.028,3.037,35,FWD,INIT,0.087,0.265,0.066,0.334,0.406,0.127,3.204,46,1.025,533,2.605,22.6
DATA,MOTOR_BREAKIN_V3,000001,24487,509,512,0.096,0.000,3.176,0.056,3.120,35,FWD,INIT,0.048,0.149,0.053,0.334,0.406,0.127,3.204,46,1.025,532,2.600,22.6
DATA,MOTOR_BREAKIN_V3,000001,24587,509,511,0.096,0.052,3.176,0.000,3.176,35,FWD,INIT,0.074,0.235,0.026,0.167,0.406,0.127,3.204,46,1.025,533,2.605,22.6
DATA,MOTOR_BREAKIN_V3,000001,24687,509,512,0.096,0.000,3.065,0.028,3.037,35,FWD,INIT,0.048,0.145,0.053,0.195,0.406,0.127,3.204,46,1.025,533,2.605,22.6
DATA,MOTOR_BREAKIN_V3,000001,24787,509,510,0.096,0.079,3.065,0.028,3.037,35,FWD,INIT,0.087,0.265,0.053,0.111,0.406,0.127,3.204,46,1.025,533,2.605,22.6
DATA,MOTOR_BREAKIN_V3,000001,24887,510,513,0.069,0.000,3.092,0.000,3.092,35,FWD,INIT,0.035,0.107,0.053,0.167,0.406,0.127,3.204,46,1.025,533,2.605,22.6
DATA,MOTOR_BREAKIN_V3,000001,24987,508,511,0.122,0.052,2.953,0.056,2.897,35,FWD,INIT,0.087,0.253,0.053,0.306,0.406,0.127,3.204,46,1.025,533,2.605,22.6
DATA,MOTOR_BREAKIN_V3,000001,25087,510,511,0.069,0.052,3.232,0.000,3.232,35,FWD,INIT,0.061,0.196,0.053,0.334,0.406,0.127,3.204,46,1.025,533,2.605,22.6
DATA,MOTOR_BREAKIN_V3,000001,25187,509,511,0.096,0.052,3.037,0.056,2.981,35,FWD,INIT,0.074,0.221,0.074,0.362,0.406,0.127,3.204,46,1.025,533,2.605,22.6
DATA,MOTOR_BREAKIN_V3,000001,25287,509,512,0.096,0.000,3.092,0.028,3.065,35,FWD,INIT,0.048,0.146,0.074,0.362,0.406,0.127,3.204,46,1.025,533,2.605,22.6
DATA,MOTOR_BREAKIN_V3,000001,25387,509,512,0.096,0.000,2.981,0.028,2.953,35,FWD,INIT,0.048,0.141,0.066,0.251,0.406,0.127,3.204,46,1.025,532,2.600,22.6
OK
DATA,MOTOR_BREAKIN_V3,000001,25487,510,511,0.069,0.052,3.037,0.111,2.925,36,FWD,INIT,0.061,0.178,0.066,0.279,0.406,0.127,3.204,46,1.025,533,2.605,22.6
OK
DATA,MOTOR_BREAKIN_V3,000001,25587,509,512,0.096,0.000,3.260,0.028,3.232,38,FWD,INIT,0.048,0.154,0.039,0.362,0.406,0.127,3.204,46,1.025,533,2.605,22.6
OK
DATA,MOTOR_BREAKIN_V3,000001,25687,508,511,0.122,0.052,2.953,0.056,2.897,35,FWD,INIT,0.087,0.253,0.066,0.696,0.406,0.127,3.204,46,1.025,533,2.605,22.6
OK
DATA,MOTOR_BREAKIN_V3,000001,25787,509,511,0.096,0.052,3.065,0.056,3.009,37,FWD,INIT,0.074,0.223,0.066,0.641,0.406,0.127,3.204,46,1.025,533,2.605,22.6
DATA,MOTOR_BREAKIN_V3,000001,25887,510,512,0.069,0.000,3.260,0.000,3.260,37,FWD,INIT,0.035,0.113,0.053,0.362,0.406,0.127,3.204,46,1.025,532,2.600,22.6
OK
DATA,MOTOR_BREAKIN_V3,000001,25987,509,511,0.096,0.052,3.037,0.028,3.009,35,FWD,INIT,0.074,0.223,0.053,0.362,0.406,0.127,3.204,46,1.025,533,2.605,22.6
DATA,MOTOR_BREAKIN_V3,000001,26087,510,512,0.069,0.000,3.120,0.000,3.120,35,FWD,INIT,0.035,0.108,0.053,0.306,0.406,0.127,3.204,46,1.025,533,2.605,22.6
DATA,MOTOR_BREAKIN_V3,000001,26187,510,511,0.069,0.052,3.176,0.000,3.176,35,FWD,INIT,0.061,0.193,0.053,0.279,0.406,0.127,3.204,46,1.025,532,2.600,22.6
DATA,MOTOR_BREAKIN_V3,000001,26287,509,511,0.096,0.052,2.897,0.028,2.870,35,FWD,INIT,0.074,0.212,0.039,0.334,0.406,0.127,3.204,46,1.025,533,2.605,22.6
OK
DATA,MOTOR_BREAKIN_V3,000001,26387,508,511,0.122,0.052,2.981,0.056,2.925,38,FWD,INIT,0.087,0.255,0.040,0.223,0.406,0.127,3.204,46,1.025,533,2.605,22.6
OK
DATA,MOTOR_BREAKIN_V3,000001,26487,509,511,0.096,0.052,3.176,0.056,3.120,40,FWD,INIT,0.074,0.231,0.053,0.446,0.406,0.127,3.204,46,1.025,533,2.605,22.6
OK
DATA,MOTOR_BREAKIN_V3,000001,26587,508,510,0.122,0.079,3.065,0.056,3.009,38,FWD,INIT,0.100,0.302,0.053,0.446,0.406,0.127,3.204,46,1.025,533,2.605,22.6
DATA,MOTOR_BREAKIN_V3,000001,26687,508,512,0.122,0.000,3.092,0.056,3.037,38,FWD,INIT,0.061,0.185,0.053,0.139,0.406,0.127,3.204,46,1.025,533,2.605,22.6
OK
DATA,MOTOR_BREAKIN_V3,000001,26787,509,511,0.096,0.052,3.232,0.028,3.204,37,FWD,INIT,0.074,0.237,0.066,0.334,0.406,0.127,3.204,46,1.025,533,2.605,22.6
OK
DATA,MOTOR_BREAKIN_V3,000001,26887,509,512,0.096,0.000,3.120,0.028,3.092,35,FWD,INIT,0.048,0.148,0.066,0.334,0.406,0.127,3.204,46,1.025,533,2.605,22.6
DATA,MOTOR_BREAKIN_V3,000001,26987,509,511,0.096,0.052,3.065,0.084,2.981,35,FWD,INIT,0.074,0.221,0.053,0.334,0.406,0.127,3.204,46,1.025,533,2.605,22.6
DATA,MOTOR_BREAKIN_V3,000001,27087,510,512,0.069,0.000,3.037,0.028,3.009,35,FWD,INIT,0.035,0.104,0.053,0.251,0.406,0.127,3.204,46,1.025,533,2.605,22.6
DATA,MOTOR_BREAKIN_V3,000001,27187,510,512,0.069,0.000,3.120,0.000,3.120,35,FWD,INIT,0.035,0.108,0.053,0.251,0.406,0.127,3.204,46,1.025,533,2.605,22.6
DATA,MOTOR_BREAKIN_V3,000001,27287,510,512,0.069,0.000,3.204,0.056,3.148,35,FWD,INIT,0.035,0.109,0.039,0.279,0.406,0.127,3.204,46,1.025,532,2.600,22.6
DATA,MOTOR_BREAKIN_V3,000001,27387,509,510,0.096,0.079,3.092,0.028,3.065,35,FWD,INIT,0.087,0.267,0.053,0.223,0.406,0.127,3.204,46,1.025,533,2.605,22.6
DATA,MOTOR_BREAKIN_V3,000001,27487,509,511,0.096,0.052,2.953,0.056,2.897,35,FWD,INIT,0.074,0.214,0.053,0.251,0.406,0.127,3.204,46,1.025,533,2.605,22.6
OK
DATA,MOTOR_BREAKIN_V3,000001,27586,509,510,0.096,0.079,2.981,0.056,2.925,37,FWD,INIT,0.087,0.255,0.053,0.334,0.406,0.127,3.204,46,1.025,533,2.605,22.6
OK
DATA,MOTOR_BREAKIN_V3,000001,27687,508,511,0.122,0.052,3.037,0.139,2.897,39,FWD,INIT,0.087,0.253,0.053,0.390,0.406,0.127,3.204,46,1.025,533,2.605,22.6
OK
DATA,MOTOR_BREAKIN_V3,000001,27787,508,510,0.122,0.079,3.120,0.084,3.037,41,FWD,INIT,0.100,0.305,0.066,0.390,0.406,0.127,3.204,46,1.025,533,2.605,22.5
OK
DATA,MOTOR_BREAKIN_V3,000001,27887,508,510,0.122,0.079,3.204,0.084,3.120,40,FWD,INIT,0.100,0.313,0.026,0.334,0.406,0.127,3.204,46,1.025,533,2.605,22.5
OK
DATA,MOTOR_BREAKIN_V3,000001,27987,508,511,0.122,0.052,3.148,0.084,3.065,38,FWD,INIT,0.087,0.267,0.053,0.362,0.406,0.127,3.204,46,1.025,533,2.605,22.5
DATA,MOTOR_BREAKIN_V3,000001,28087,508,511,0.122,0.052,3.148,0.084,3.065,38,FWD,INIT,0.087,0.267,0.053,0.362,0.406,0.127,3.204,46,1.025,533,2.605,22.6
OK
DATA,MOTOR_BREAKIN_V3,000001,28187,509,511,0.096,0.052,3.232,0.028,3.204,37,FWD,INIT,0.074,0.237,0.053,0.195,0.406,0.127,3.204,46,1.025,532,2.600,22.6
OK
DATA,MOTOR_BREAKIN_V3,000001,28287,510,512,0.069,0.000,3.315,0.000,3.315,35,FWD,INIT,0.035,0.115,0.066,0.362,0.406,0.127,3.204,46,1.025,532,2.600,22.6
DATA,MOTOR_BREAKIN_V3,000001,28387,509,511,0.096,0.052,3.065,0.028,3.037,35,FWD,INIT,0.074,0.225,0.053,0.390,0.406,0.127,3.204,46,1.025,533,2.605,22.6
DATA,MOTOR_BREAKIN_V3,000001,28487,509,512,0.096,0.000,3.176,0.000,3.176,35,FWD,INIT,0.048,0.152,0.053,0.306,0.406,0.127,3.204,46,1.025,533,2.605,22.6
DATA,MOTOR_BREAKIN_V3,000001,28587,510,512,0.069,0.000,3.120,0.028,3.092,35,FWD,INIT,0.035,0.107,0.053,0.251,0.406,0.127,3.204,46,1.025,533,2.605,22.6
DATA,MOTOR_BREAKIN_V3,000001,28687,510,512,0.069,0.000,3.065,0.028,3.037,35,FWD,INIT,0.035,0.105,0.039,0.306,0.406,0.127,3.204,46,1.025,533,2.605,22.6
DATA,MOTOR_BREAKIN_V3,000001,28787,509,512,0.096,0.000,3.092,0.028,3.065,35,FWD,INIT,0.048,0.146,0.039,0.139,0.406,0.127,3.204,46,1.025,533,2.605,22.6
DATA,MOTOR_BREAKIN_V3,000001,28887,510,511,0.069,0.052,2.981,0.028,2.953,35,FWD,INIT,0.061,0.179,0.087,0.279,0.406,0.127,3.204,46,1.025,533,2.605,22.6
OK
DATA,MOTOR_BREAKIN_V3,000001,28987,509,512,0.096,0.000,3.148,0.056,3.092,36,FWD,INIT,0.048,0.148,0.087,0.279,0.406,0.127,3.204,46,1.025,533,2.605,22.6
DATA,MOTOR_BREAKIN_V3,000001,29087,509,512,0.096,0.000,3.176,0.084,3.092,36,FWD,INIT,0.048,0.148,0.066,0.223,0.406,0.127,3.204,46,1.025,533,2.605,22.6
OK
DATA,MOTOR_BREAKIN_V3,000001,29187,509,511,0.096,0.052,2.925,0.334,2.591,35,FWD,INIT,0.074,0.192,0.053,0.557,0.406,0.127,3.204,46,1.025,533,2.605,22.6
OK
DATA,MOTOR_BREAKIN_V3,000001,29287,507,510,0.148,0.079,3.260,0.111,3.148,43,FWD,INIT,0.114,0.358,0.079,0.557,0.406,0.127,3.204,46,1.025,533,2.605,22.5
OK
DATA,MOTOR_BREAKIN_V3,000001,29387,508,511,0.122,0.052,3.120,0.195,2.925,40,FWD,INIT,0.087,0.255,0.079,0.501,0.406,0.127,3.204,46,1.025,533,2.605,22.6
OK
DATA,MOTOR_BREAKIN_V3,000001,29487,509,511,0.096,0.052,3.371,0.056,3.315,42,FWD,INIT,0.074,0.245,0.053,0.613,0.406,0.127,3.204,46,1.025,533,2.605,22.5
OK
DATA,MOTOR_BREAKIN_V3,000001,29587,510,512,0.069,0.000,3.399,0.056,3.343,36,FWD,INIT,0.035,0.116,0.066,0.251,0.406,0.127,3.204,46,1.025,533,2.605,22.6
OK
DATA,MOTOR_BREAKIN_V3,000001,29687,511,512,0.000,0.000,3.371,0.000,3.371,35,FWD,INIT,0.000,0.000,0.100,0.195,0.406,0.127,3.204,46,1.025,533,2.605,22.6
DATA,MOTOR_BREAKIN_V3,000001,29787,509,512,0.096,0.000,3.148,0.000,3.148,35,FWD,INIT,0.048,0.150,0.087,0.251,0.406,0.127,3.204,46,1.025,533,2.605,22.6
DATA,MOTOR_BREAKIN_V3,000001,29887,509,511,0.096,0.052,3.232,0.028,3.204,35,FWD,INIT,0.074,0.237,0.053,0.251,0.406,0.127,3.204,46,1.025,533,2.605,22.6
DATA,MOTOR_BREAKIN_V3,000001,29987,510,513,0.069,0.000,3.315,0.000,3.315,35,FWD,INIT,0.035,0.115,0.039,0.251,0.406,0.127,3.204,46,1.025,532,2.600,22.6
DATA,MOTOR_BREAKIN_V3,000001,30087,509,512,0.096,0.000,3.232,0.000,3.232,35,FWD,INIT,0.048,0.154,0.053,0.251,0.406,0.127,3.204,46,1.025,533,2.605,22.6
DATA,MOTOR_BREAKIN_V3,000001,30187,510,511,0.069,0.052,3.148,0.028,3.120,35,FWD,INIT,0.061,0.190,0.053,0.223,0.406,0.127,3.204,46,1.025,533,2.605,22.6
DATA,MOTOR_BREAKIN_V3,000001,30287,509,512,0.096,0.000,3.009,0.056,2.953,35,FWD,INIT,0.048,0.141,0.039,0.334,0.406,0.127,3.204,46,1.025,533,2.605,22.6
OK
DATA,MOTOR_BREAKIN_V3,000001,30387,509,511,0.096,0.052,3.120,0.056,3.065,36,FWD,INIT,0.074,0.227,0.053,0.306,0.406,0.127,3.204,46,1.025,533,2.605,22.6
OK
DATA,MOTOR_BREAKIN_V3,000001,30487,509,511,0.096,0.052,2.981,0.028,2.953,35,FWD,INIT,0.074,0.219,0.053,0.306,0.406,0.127,3.204,46,1.025,533,2.605,22.6
OK
DATA,MOTOR_BREAKIN_V3,000001,30587,509,511,0.096,0.052,3.037,0.028,3.009,36,FWD,INIT,0.074,0.223,0.026,0.139,0.406,0.127,3.204,46,1.025,533,2.605,22.6
DATA,MOTOR_BREAKIN_V3,000001,30687,509,512,0.096,0.000,3.009,0.028,2.981,36,FWD,INIT,0.048,0.142,0.039,0.529,0.406,0.127,3.204,46,1.025,533,2.605,22.6
DATA,MOTOR_BREAKIN_V3,000001,30786,509,511,0.096,0.052,3.065,0.028,3.037,36,FWD,INIT,0.074,0.225,0.053,0.529,0.406,0.127,3.204,46,1.025,533,2.605,22.6
OK
DATA,MOTOR_BREAKIN_V3,000001,30887,509,512,0.096,0.000,3.176,0.000,3.176,35,FWD,INIT,0.048,0.152,0.087,0.390,0.406,0.127,3.204,46,1.025,533,2.605,22.6
DATA,MOTOR_BREAKIN_V3,000001,30987,509,510,0.096,0.079,2.981,0.056,2.925,35,FWD,INIT,0.087,0.255,0.087,0.390,0.406,0.127,3.204,46,1.025,533,2.605,22.6
DATA,MOTOR_BREAKIN_V3,000001,31087,509,512,0.096,0.000,3.065,0.028,3.037,35,FWD,INIT,0.048,0.145,0.053,0.501,0.406,0.127,3.204,46,1.025,533,2.605,22.6
DATA,MOTOR_BREAKIN_V3,000001,31187,510,512,0.069,0.000,3.148,0.028,3.120,35,FWD,INIT,0.035,0.108,0.039,0.585,0.406,0.127,3.204,46,1.025,532,2.600,22.6
DATA,MOTOR_BREAKIN_V3,000001,31287,509,511,0.096,0.052,2.925,0.028,2.897,35,FWD,INIT,0.074,0.214,0.053,0.334,0.406,0.127,3.204,46,1.025,533,2.605,22.6
OK
DATA,MOTOR_BREAKIN_V3,000001,31387,509,512,0.096,0.000,3.009,0.056,2.953,37,FWD,INIT,0.048,0.141,0.053,0.306,0.406,0.127,3.204,46,1.025,533,2.605,22.6
OK
DATA,MOTOR_BREAKIN_V3,000001,31487,509,511,0.096,0.052,3.065,0.084,2.981,38,FWD,INIT,0.074,0.221,0.053,0.251,0.406,0.127,3.204,46,1.025,533,2.605,22.6
DATA,MOTOR_BREAKIN_V3,000001,31587,510,511,0.069,0.052,3.315,0.000,3.315,38,FWD,INIT,0.061,0.202,0.053,0.585,0.406,0.127,3.204,46,1.025,532,2.600,22.6
OK
DATA,MOTOR_BREAKIN_V3,000001,31687,508,510,0.122,0.079,3.065,0.028,3.037,35,FWD,INIT,0.100,0.305,0.053,0.585,0.406,0.127,3.204,46,1.025,533,2.605,22.6
DATA,MOTOR_BREAKIN_V3,000001,31787,509,511,0.096,0.052,3.037,0.028,3.009,35,FWD,INIT,0.074,0.223,0.066,0.613,0.406,0.127,3.204,46,1.025,533,2.605,22.6
DATA,MOTOR_BREAKIN_V3,000001,31887,509,511,0.096,0.052,3.092,0.028,3.065,35,FWD,INIT,0.074,0.227,0.039,0.613,0.406,0.127,3.204,46,1.025,533,2.605,22.6
