ACS1_ZERO=511.85
ACS2_ZERO=513.21
READY,FWD

========================================
 Mini4WD MOTOR BREAK-IN DEVICE
 MOTOR_BREAKIN_V3
 Firmware : 3.00
========================================
INFO,TYPE=MOTOR,MODEL=MOTOR_BREAKIN_V3,FW=3.00,ID=000001
RUN,FWD
OK
DATA,MOTOR_BREAKIN_V3,000001,0,512,512,0.000,0.000,0.000,0.000,0.000,0,FWD,RUN,0.000,0.000,0.000,0.000,0.000,0.000,0.000,0,0.000,533,2.605,22.7
OK
DATA,MOTOR_BREAKIN_V3,000001,99,506,509,0.157,0.105,2.006,1.337,0.669,60,FWD,RUN,0.131,0.088,1.412,0.669,0.000,0.000,0.000,0,0.000,533,2.605,22.7
OK
DATA,MOTOR_BREAKIN_V3,000001,199,486,499,0.685,0.369,3.287,1.588,1.699,107,FWD,RUN,0.527,0.896,1.412,1.699,0.000,0.000,0.000,0,0.000,533,2.605,22.7
OK
DATA,MOTOR_BREAKIN_V3,000001,299,474,493,1.002,0.527,4.346,1.421,2.925,120,FWD,RUN,0.765,2.238,0.978,2.062,0.000,0.000,0.000,0,0.000,533,2.605,22.7
DATA,MOTOR_BREAKIN_V3,000001,399,485,499,0.712,0.369,5.488,1.087,4.402,120,FWD,RUN,0.540,2.379,0.304,2.257,0.000,0.000,0.000,0,0.818,534,2.610,22.7
OK
DATA,MOTOR_BREAKIN_V3,000001,499,498,506,0.368,0.184,5.460,0.808,4.652,92,FWD,RUN,0.276,1.285,0.542,1.699,0.000,0.000,0.000,0,0.818,533,2.605,22.7
DATA,MOTOR_BREAKIN_V3,000001,599,500,506,0.316,0.184,5.405,0.724,4.680,92,FWD,RUN,0.250,1.169,0.555,0.696,0.000,0.000,0.000,0,0.818,533,2.605,22.7
OK
DATA,MOTOR_BREAKIN_V3,000001,699,508,511,0.104,0.052,4.541,0.195,4.346,58,FWD,RUN,0.078,0.339,0.251,0.919,0.000,0.000,0.000,0,0.818,533,2.605,22.7
OK
DATA,MOTOR_BREAKIN_V3,000001,799,511,513,0.000,0.000,3.845,0.167,3.677,35,FWD,RUN,0.000,0.000,0.184,1.588,0.000,0.000,0.000,0,0.818,533,2.605,22.7
DATA,MOTOR_BREAKIN_V3,000001,899,510,512,0.051,0.000,3.566,0.167,3.399,35,FWD,RUN,0.026,0.087,0.065,0.696,0.000,0.000,0.000,0,0.818,533,2.605,22.7
DATA,MOTOR_BREAKIN_V3,000001,999,510,513,0.051,0.000,3.510,0.167,3.343,35,FWD,RUN,0.026,0.086,0.026,0.585,0.000,0.000,0.000,0,0.818,533,2.605,22.7
DATA,MOTOR_BREAKIN_V3,000001,1100,510,513,0.051,0.000,3.176,0.195,2.981,35,FWD,RUN,0.026,0.077,0.026,0.613,0.000,0.000,0.000,0,0.818,533,2.605,22.7
DATA,MOTOR_BREAKIN_V3,000001,1200,510,512,0.051,0.000,3.260,0.223,3.037,35,FWD,RUN,0.026,0.078,0.000,0.474,0.000,0.000,0.000,0,0.818,533,2.605,22.7
DATA,MOTOR_BREAKIN_V3,000001,1300,510,512,0.051,0.000,3.065,0.306,2.758,35,FWD,RUN,0.026,0.071,0.026,0.696,0.000,0.000,0.000,0,0.818,533,2.605,22.7
OK
DATA,MOTOR_BREAKIN_V3,000001,1400,510,510,0.051,0.078,3.037,0.334,2.702,40,FWD,RUN,0.065,0.175,0.039,0.223,0.000,0.000,0.000,0,0.818,533,2.605,22.7
OK
DATA,MOTOR_BREAKIN_V3,000001,1500,510,511,0.051,0.052,3.120,0.195,2.925,46,FWD,RUN,0.052,0.151,0.039,0.251,0.000,0.000,0.000,0,0.818,533,2.605,22.7
DATA,MOTOR_BREAKIN_V3,000001,1600,509,512,0.078,0.000,3.260,0.334,2.925,46,FWD,RUN,0.039,0.114,0.039,0.251,0.000,0.000,0.000,0,0.818,533,2.605,22.7
OK
DATA,MOTOR_BREAKIN_V3,000001,1700,509,512,0.078,0.000,3.287,0.446,2.842,48,FWD,RUN,0.039,0.111,0.026,0.279,0.000,0.000,0.000,0,0.818,533,2.605,22.7
OK
DATA,MOTOR_BREAKIN_V3,000001,1800,508,510,0.104,0.078,3.427,0.501,2.925,51,FWD,RUN,0.091,0.267,0.066,0.334,0.000,0.000,0.000,0,0.818,533,2.605,22.7
OK
DATA,MOTOR_BREAKIN_V3,000001,1900,508,512,0.104,0.000,3.650,0.390,3.260,53,FWD,RUN,0.052,0.170,0.066,0.474,0.000,0.000,0.000,0,0.818,533,2.605,22.7
OK
DATA,MOTOR_BREAKIN_V3,000001,2000,508,511,0.104,0.052,3.482,0.223,3.260,48,FWD,RUN,0.078,0.254,0.052,0.446,0.000,0.000,0.000,0,0.818,533,2.605,22.7
OK
DATA,MOTOR_BREAKIN_V3,000001,2100,509,511,0.078,0.052,3.455,0.279,3.176,43,FWD,RUN,0.065,0.206,0.039,0.585,0.000,0.000,0.000,0,0.818,533,2.605,22.6
OK
DATA,MOTOR_BREAKIN_V3,000001,2200,510,512,0.051,0.000,3.204,0.251,2.953,39,FWD,RUN,0.026,0.076,0.039,0.529,0.000,0.000,0.000,0,0.818,533,2.605,22.7
OK
DATA,MOTOR_BREAKIN_V3,000001,2300,509,512,0.078,0.000,3.260,0.167,3.092,40,FWD,RUN,0.039,0.120,0.026,0.362,0.000,0.000,0.000,0,0.818,533,2.605,22.7
DATA,MOTOR_BREAKIN_V3,000001,2400,510,511,0.051,0.052,3.148,0.306,2.842,40,FWD,RUN,0.052,0.147,0.026,0.334,0.000,0.000,0.000,0,0.818,533,2.605,22.7
OK
DATA,MOTOR_BREAKIN_V3,000001,2500,509,513,0.078,0.000,3.120,0.195,2.925,38,FWD,RUN,0.039,0.114,0.290,0.334,0.000,0.000,0.000,0,0.818,533,2.605,22.7
OK
DATA,MOTOR_BREAKIN_V3,000001,2600,510,512,0.051,0.000,3.204,0.223,2.981,40,FWD,RUN,0.026,0.077,0.290,0.195,0.000,0.000,0.000,0,0.818,533,2.605,22.7
DATA,MOTOR_BREAKIN_V3,000001,2700,509,511,0.078,0.052,3.232,0.251,2.981,40,FWD,RUN,0.065,0.193,0.039,0.501,0.000,0.000,0.000,0,0.818,533,2.605,22.6
DATA,MOTOR_BREAKIN_V3,000001,2800,510,512,0.051,0.000,3.148,0.223,2.925,40,FWD,RUN,0.026,0.075,0.039,0.529,0.000,0.000,0.000,0,0.818,533,2.605,22.7
OK
DATA,MOTOR_BREAKIN_V3,000001,2900,509,512,0.078,0.000,3.176,0.362,2.814,42,FWD,RUN,0.039,0.109,0.065,0.195,0.000,0.000,0.000,0,0.818,533,2.605,22.7
OK
DATA,MOTOR_BREAKIN_V3,000001,3000,509,511,0.078,0.052,3.287,0.279,3.009,46,FWD,RUN,0.065,0.195,0.065,0.306,0.000,0.000,0.000,0,0.818,533,2.605,22.7
DATA,MOTOR_BREAKIN_V3,000001,3100,508,512,0.104,0.000,3.315,0.306,3.009,46,FWD,RUN,0.052,0.157,0.039,0.418,0.257,0.078,3.287,46,0.818,533,2.605,22.7
DATA,MOTOR_BREAKIN_V3,000001,3200,508,511,0.104,0.052,3.427,0.306,3.120,46,FWD,RUN,0.078,0.244,0.078,0.306,0.257,0.078,3.287,46,0.818,533,2.605,22.7
OK
DATA,MOTOR_BREAKIN_V3,000001,3300,508,512,0.104,0.000,3.315,0.334,2.981,44,FWD,RUN,0.052,0.155,0.078,0.306,0.257,0.078,3.287,46,0.818,535,2.615,22.7
DATA,MOTOR_BREAKIN_V3,000001,3400,509,512,0.078,0.000,3.287,0.251,3.037,44,FWD,RUN,0.039,0.118,0.065,0.557,0.257,0.078,3.287,46,0.818,533,2.605,22.7
OK
DATA,MOTOR_BREAKIN_V3,000001,3500,509,512,0.078,0.000,3.343,0.251,3.092,43,FWD,RUN,0.039,0.120,0.039,0.529,0.257,0.078,3.287,46,0.818,533,2.605,22.1
OK
DATA,MOTOR_BREAKIN_V3,000001,3600,509,513,0.078,0.000,3.120,0.334,2.786,41,FWD,RUN,0.039,0.108,0.039,0.696,0.257,0.078,3.287,46,0.818,533,2.605,22.7
OK
DATA,MOTOR_BREAKIN_V3,000001,3700,509,511,0.078,0.052,3.315,0.251,3.065,45,FWD,RUN,0.065,0.199,0.065,0.752,0.257,0.078,3.287,46,0.818,533,2.605,22.1
OK
DATA,MOTOR_BREAKIN_V3,000001,3800,509,512,0.078,0.000,3.315,0.306,3.009,44,FWD,RUN,0.039,0.117,0.078,0.529,0.257,0.078,3.287,46,0.818,533,2.605,22.6
DATA,MOTOR_BREAKIN_V3,000001,3900,509,512,0.078,0.000,3.427,0.223,3.204,44,FWD,RUN,0.039,0.125,0.052,0.362,0.257,0.078,3.287,46,0.818,533,2.605,22.6
OK
DATA,MOTOR_BREAKIN_V3,000001,4001,509,512,0.078,0.000,3.176,0.279,2.897,40,FWD,RUN,0.039,0.113,0.052,0.613,0.257,0.078,3.287,46,0.818,533,2.605,22.7
OK
DATA,MOTOR_BREAKIN_V3,000001,4101,509,512,0.078,0.000,3.204,0.306,2.897,42,FWD,RUN,0.039,0.113,0.039,0.613,0.257,0.078,3.287,46,0.818,533,2.605,22.6
OK
DATA,MOTOR_BREAKIN_V3,000001,4201,510,512,0.051,0.000,3.260,0.306,2.953,44,FWD,RUN,0.026,0.076,0.039,0.362,0.257,0.078,3.287,46,0.818,533,2.605,22.7
DATA,MOTOR_BREAKIN_V3,000001,4301,509,512,0.078,0.000,3.232,0.334,2.897,44,FWD,RUN,0.039,0.113,0.052,0.446,0.257,0.078,3.287,46,0.818,533,2.605,22.7
OK
DATA,MOTOR_BREAKIN_V3,000001,4401,509,511,0.078,0.052,3.371,0.223,3.148,46,FWD,RUN,0.065,0.204,0.052,0.585,0.257,0.078,3.287,46,0.818,533,2.605,22.7
OK
DATA,MOTOR_BREAKIN_V3,000001,4501,510,512,0.051,0.000,3.176,0.362,2.814,43,FWD,RUN,0.026,0.072,0.039,0.529,0.257,0.078,3.287,46,0.818,533,2.605,22.6
OK
DATA,MOTOR_BREAKIN_V3,000001,4601,508,511,0.104,0.052,3.427,0.362,3.065,47,FWD,RUN,0.078,0.239,0.052,0.613,0.257,0.078,3.287,46,0.818,533,2.605,22.7
OK
DATA,MOTOR_BREAKIN_V3,000001,4701,509,512,0.078,0.000,3.343,0.474,2.870,46,FWD,RUN,0.039,0.112,0.039,0.557,0.257,0.078,3.287,46,0.818,533,2.605,22.7
OK
DATA,MOTOR_BREAKIN_V3,000001,4801,509,511,0.078,0.052,3.399,0.334,3.065,49,FWD,RUN,0.065,0.199,0.066,0.529,0.257,0.078,3.287,46,0.818,533,2.605,22.7
OK
DATA,MOTOR_BREAKIN_V3,000001,4901,508,511,0.104,0.052,3.315,0.279,3.037,48,FWD,RUN,0.078,0.237,0.079,0.669,0.314,0.104,3.009,49,0.818,533,2.605,22.7
OK
DATA,MOTOR_BREAKIN_V3,000001,5001,507,511,0.131,0.052,3.315,0.334,2.981,47,FWD,RUN,0.091,0.272,0.079,0.362,0.314,0.104,3.009,49,0.818,533,2.605,22.7
DATA,MOTOR_BREAKIN_V3,000001,5101,508,511,0.104,0.052,3.482,0.195,3.287,47,FWD,RUN,0.078,0.257,0.066,0.557,0.314,0.104,3.009,49,0.818,533,2.605,22.7
DATA,MOTOR_BREAKIN_V3,000001,5201,509,511,0.078,0.052,3.371,0.279,3.092,47,FWD,RUN,0.065,0.201,0.039,0.529,0.314,0.104,3.009,49,0.818,533,2.605,22.7
OK
DATA,MOTOR_BREAKIN_V3,000001,5301,509,512,0.078,0.000,3.315,0.251,3.065,45,FWD,RUN,0.039,0.119,0.026,0.362,0.314,0.104,3.009,49,0.818,533,2.605,22.1
OK
DATA,MOTOR_BREAKIN_V3,000001,5401,509,512,0.078,0.000,3.232,0.279,2.953,44,FWD,RUN,0.039,0.115,0.039,0.362,0.314,0.104,3.009,49,0.818,533,2.605,22.7
OK
DATA,MOTOR_BREAKIN_V3,000001,5501,509,511,0.078,0.052,3.315,0.334,2.981,45,FWD,RUN,0.065,0.193,0.039,0.362,0.314,0.104,3.009,49,0.818,533,2.605,22.5
DATA,MOTOR_BREAKIN_V3,000001,5601,509,511,0.078,0.052,3.343,0.223,3.120,45,FWD,RUN,0.065,0.202,0.039,0.279,0.314,0.104,3.009,49,0.818,533,2.605,22.7
OK
DATA,MOTOR_BREAKIN_V3,000001,5701,510,512,0.051,0.000,3.315,0.279,3.037,43,FWD,RUN,0.026,0.078,0.052,0.362,0.314,0.104,3.009,49,0.818,533,2.605,22.7
OK
DATA,MOTOR_BREAKIN_V3,000001,5801,509,512,0.078,0.000,3.315,0.223,3.092,42,FWD,RUN,0.039,0.120,0.013,0.418,0.314,0.104,3.009,49,0.818,533,2.605,22.5
OK
DATA,MOTOR_BREAKIN_V3,000001,5901,509,512,0.078,0.000,3.120,0.279,2.842,40,FWD,RUN,0.039,0.111,0.052,0.279,0.314,0.104,3.009,49,0.818,533,2.605,22.6
OK
DATA,MOTOR_BREAKIN_V3,000001,6001,509,512,0.078,0.000,3.204,0.334,2.870,43,FWD,RUN,0.039,0.112,0.052,0.501,0.314,0.104,3.009,49,0.818,533,2.605,22.6
DATA,MOTOR_BREAKIN_V3,000001,6101,509,510,0.078,0.078,3.176,0.362,2.814,43,FWD,RUN,0.078,0.220,0.052,0.641,0.314,0.104,3.009,49,0.818,533,2.605,22.6
OK
DATA,MOTOR_BREAKIN_V3,000001,6201,509,510,0.078,0.078,3.399,0.334,3.065,47,FWD,RUN,0.078,0.239,0.052,0.418,0.314,0.104,3.009,49,0.818,533,2.605,22.7
OK
DATA,MOTOR_BREAKIN_V3,000001,6301,509,512,0.078,0.000,3.343,0.334,3.009,46,FWD,RUN,0.039,0.117,0.039,0.279,0.314,0.104,3.009,49,0.818,533,2.605,22.7
DATA,MOTOR_BREAKIN_V3,000001,6401,508,511,0.104,0.052,3.315,0.362,2.953,46,FWD,RUN,0.078,0.231,0.039,0.195,0.314,0.104,3.009,49,0.818,533,2.605,22.7
OK
DATA,MOTOR_BREAKIN_V3,000001,6501,508,510,0.104,0.078,3.482,0.223,3.260,47,FWD,RUN,0.091,0.298,0.052,0.390,0.314,0.104,3.009,49,0.818,533,2.605,22.7
OK
DATA,MOTOR_BREAKIN_V3,000001,6601,509,511,0.078,0.052,3.204,0.251,2.953,42,FWD,RUN,0.065,0.192,0.052,0.641,0.314,0.104,3.009,49,0.818,533,2.605,22.7
OK
DATA,MOTOR_BREAKIN_V3,000001,6701,509,512,0.078,0.000,3.204,0.529,2.674,43,FWD,RUN,0.039,0.104,0.039,0.696,0.314,0.104,3.009,49,0.818,533,2.605,22.7
OK
DATA,MOTOR_BREAKIN_V3,000001,6801,508,510,0.104,0.078,3.510,0.279,3.232,50,FWD,RUN,0.091,0.295,0.066,0.557,0.314,0.104,3.009,49,0.818,533,2.605,22.7
OK
DATA,MOTOR_BREAKIN_V3,000001,6902,509,512,0.078,0.000,3.399,0.111,3.287,45,FWD,RUN,0.039,0.128,0.066,0.696,0.314,0.104,3.009,49,0.818,533,2.605,22.7
DATA,MOTOR_BREAKIN_V3,000001,7002,508,511,0.104,0.052,3.371,0.251,3.120,45,FWD,RUN,0.078,0.244,0.052,0.474,0.314,0.104,3.009,49,0.818,533,2.605,23.2
OK
DATA,MOTOR_BREAKIN_V3,000001,7102,509,512,0.078,0.000,3.092,0.306,2.786,39,FWD,RUN,0.039,0.108,0.066,0.334,0.314,0.104,3.009,49,0.818,533,2.605,22.7
OK
DATA,MOTOR_BREAKIN_V3,000001,7202,509,512,0.078,0.000,3.204,0.334,2.870,43,FWD,RUN,0.039,0.112,0.039,0.306,0.314,0.104,3.009,49,0.818,533,2.605,22.0
OK
DATA,MOTOR_BREAKIN_V3,000001,7302,509,511,0.078,0.052,3.260,0.334,2.925,46,FWD,RUN,0.065,0.190,0.039,0.529,0.314,0.104,3.009,49,0.818,533,2.605,22.7
OK
DATA,MOTOR_BREAKIN_V3,000001,7402,508,512,0.104,0.000,3.371,0.501,2.870,48,FWD,RUN,0.052,0.150,0.039,0.501,0.314,0.104,3.009,49,0.818,533,2.605,22.7
OK
DATA,MOTOR_BREAKIN_V3,000001,7502,508,511,0.104,0.052,3.566,0.279,3.287,51,FWD,RUN,0.078,0.257,0.039,0.529,0.314,0.104,3.009,49,0.818,533,2.605,22.7
OK
DATA,MOTOR_BREAKIN_V3,000001,7602,509,512,0.078,0.000,3.287,0.223,3.065,45,FWD,RUN,0.039,0.119,0.039,0.334,0.314,0.104,3.009,49,0.818,533,2.605,24.1
OK
DATA,MOTOR_BREAKIN_V3,000001,7702,509,511,0.078,0.052,3.315,0.446,2.870,44,FWD,RUN,0.065,0.186,0.039,0.501,0.314,0.104,3.009,49,0.818,533,2.605,22.6
OK
DATA,MOTOR_BREAKIN_V3,000001,7802,508,510,0.104,0.078,3.371,0.251,3.120,47,FWD,RUN,0.091,0.285,0.040,0.334,0.314,0.104,3.009,49,0.818,533,2.605,22.7
OK
DATA,MOTOR_BREAKIN_V3,000001,7902,508,512,0.104,0.000,3.315,0.279,3.037,45,FWD,RUN,0.052,0.158,0.040,0.446,0.314,0.104,3.009,49,0.818,533,2.605,22.7
DATA,MOTOR_BREAKIN_V3,000001,8002,509,512,0.078,0.000,3.315,0.334,2.981,45,FWD,RUN,0.039,0.116,0.052,0.362,0.314,0.104,3.009,49,0.818,533,2.605,24.2
DATA,MOTOR_BREAKIN_V3,000001,8102,509,510,0.078,0.078,3.343,0.279,3.065,45,FWD,RUN,0.078,0.239,0.039,0.223,0.314,0.104,3.009,49,0.818,533,2.605,22.7
OK
DATA,MOTOR_BREAKIN_V3,000001,8202,509,511,0.078,0.052,3.371,0.279,3.092,44,FWD,RUN,0.065,0.201,0.039,0.334,0.314,0.104,3.009,49,0.818,533,2.605,22.6
OK
DATA,MOTOR_BREAKIN_V3,000001,8302,508,512,0.104,0.000,3.204,0.334,2.870,42,FWD,RUN,0.052,0.150,0.039,0.279,0.314,0.104,3.009,49,0.818,533,2.605,22.6
OK
DATA,MOTOR_BREAKIN_V3,000001,8402,509,511,0.078,0.052,3.343,0.279,3.065,45,FWD,RUN,0.065,0.199,0.039,0.390,0.314,0.104,3.009,49,0.818,533,2.605,23.5
OK
DATA,MOTOR_BREAKIN_V3,000001,8502,509,512,0.078,0.000,3.260,0.306,2.953,44,FWD,RUN,0.039,0.115,0.052,0.390,0.314,0.104,3.009,49,0.818,533,2.605,22.6
OK
DATA,MOTOR_BREAKIN_V3,000001,8602,509,511,0.078,0.052,3.343,0.362,2.981,45,FWD,RUN,0.065,0.193,0.039,0.251,0.314,0.104,3.009,49,0.818,533,2.605,22.7
DATA,MOTOR_BREAKIN_V3,000001,8702,509,511,0.078,0.052,3.287,0.446,2.842,45,FWD,RUN,0.065,0.184,0.039,0.223,0.314,0.104,3.009,49,0.818,533,2.605,22.7
OK
DATA,MOTOR_BREAKIN_V3,000001,8802,508,511,0.104,0.052,3.371,0.306,3.065,48,FWD,RUN,0.078,0.239,0.039,0.362,0.314,0.104,3.009,49,0.818,533,2.605,22.7
DATA,MOTOR_BREAKIN_V3,000001,8902,509,512,0.078,0.000,3.399,0.641,2.758,48,FWD,RUN,0.039,0.107,0.052,0.446,0.314,0.104,3.009,49,0.818,533,2.605,22.7
OK
DATA,MOTOR_BREAKIN_V3,000001,9002,508,511,0.104,0.052,3.371,0.529,2.842,53,FWD,RUN,0.078,0.222,0.066,0.641,0.314,0.104,3.009,49,0.818,533,2.605,22.7
OK
DATA,MOTOR_BREAKIN_V3,000001,9102,508,511,0.104,0.052,3.761,0.418,3.343,56,FWD,RUN,0.078,0.261,0.040,0.613,0.314,0.104,3.009,49,0.818,533,2.605,22.7
OK
DATA,MOTOR_BREAKIN_V3,000001,9202,509,511,0.078,0.052,3.705,0.334,3.371,49,FWD,RUN,0.065,0.219,0.052,0.390,0.329,0.104,3.148,56,0.818,533,2.605,22.7
OK
DATA,MOTOR_BREAKIN_V3,000001,9302,510,511,0.051,0.052,3.538,0.362,3.176,42,FWD,RUN,0.052,0.164,0.066,0.362,0.329,0.104,3.148,56,0.818,533,2.605,22.6
OK
DATA,MOTOR_BREAKIN_V3,000001,9402,510,512,0.051,0.000,3.260,0.251,3.009,38,FWD,RUN,0.026,0.077,0.091,0.585,0.329,0.104,3.148,56,0.818,533,2.605,22.7
DATA,MOTOR_BREAKIN_V3,000001,9502,510,511,0.051,0.052,3.315,0.279,3.037,38,FWD,RUN,0.052,0.157,0.052,0.641,0.329,0.104,3.148,56,0.818,533,2.605,22.7
OK
DATA,MOTOR_BREAKIN_V3,000001,9602,509,512,0.078,0.000,3.287,0.279,3.009,37,FWD,RUN,0.039,0.117,0.052,0.362,0.329,0.104,3.148,56,0.818,533,2.605,22.7
DATA,MOTOR_BREAKIN_V3,000001,9702,511,513,0.000,0.000,3.399,0.000,3.399,37,FWD,RUN,0.000,0.000,0.039,0.529,0.329,0.104,3.148,56,0.818,533,2.605,22.7
DATA,MOTOR_BREAKIN_V3,000001,9802,510,512,0.051,0.000,3.092,0.752,2.340,37,FWD,RUN,0.026,0.060,0.039,1.059,0.329,0.104,3.148,56,0.818,533,2.605,22.7
OK
DATA,MOTOR_BREAKIN_V3,000001,9902,510,510,0.051,0.078,3.427,0.362,3.065,50,FWD,RUN,0.065,0.199,0.066,1.198,0.329,0.104,3.148,56,0.818,533,2.605,22.7
OK
DATA,MOTOR_BREAKIN_V3,000001,10001,511,512,0.000,0.000,3.761,0.111,3.650,49,FWD,RUN,0.000,0.000,0.091,0.864,0.329,0.104,3.148,56,0.818,533,2.605,22.7
OK
DATA,MOTOR_BREAKIN_V3,000001,10102,511,512,0.000,0.000,3.065,0.223,2.842,36,FWD,RUN,0.000,0.000,0.078,0.808,0.329,0.104,3.148,56,0.818,533,2.605,22.7
OK
DATA,MOTOR_BREAKIN_V3,000001,10202,509,512,0.078,0.000,3.176,0.195,2.981,39,FWD,RUN,0.039,0.116,0.078,0.613,0.329,0.104,3.148,56,0.818,533,2.605,22.7
DATA,MOTOR_BREAKIN_V3,000001,10302,509,513,0.078,0.000,3.260,0.362,2.897,39,FWD,RUN,0.039,0.113,0.065,0.613,0.329,0.104,3.148,56,0.818,533,2.605,22.7
OK
DATA,MOTOR_BREAKIN_V3,000001,10402,509,513,0.078,0.000,3.092,0.362,2.730,41,FWD,RUN,0.039,0.106,0.039,0.390,0.329,0.104,3.148,56,0.818,533,2.605,22.7
OK
DATA,MOTOR_BREAKIN_V3,000001,10502,509,511,0.078,0.052,3.315,0.418,2.897,46,FWD,RUN,0.065,0.188,0.039,0.195,0.329,0.104,3.148,56,0.818,533,2.605,22.7
OK
DATA,MOTOR_BREAKIN_V3,000001,10602,511,512,0.000,0.000,3.455,0.223,3.232,48,FWD,RUN,0.000,0.000,0.065,0.752,0.329,0.104,3.148,56,0.818,533,2.605,22.7
DATA,MOTOR_BREAKIN_V3,000001,10702,509,511,0.078,0.052,3.427,0.362,3.065,48,FWD,RUN,0.065,0.199,0.065,0.724,0.329,0.104,3.148,56,0.818,533,2.605,22.7
OK
DATA,MOTOR_BREAKIN_V3,000001,10802,509,511,0.078,0.052,3.455,0.418,3.037,47,FWD,RUN,0.065,0.197,0.039,0.669,0.329,0.104,3.148,56,0.818,533,2.605,22.7
OK
DATA,MOTOR_BREAKIN_V3,000001,10902,509,512,0.078,0.000,3.594,0.167,3.427,46,FWD,RUN,0.039,0.133,0.078,0.641,0.329,0.104,3.148,56,0.818,533,2.605,22.7
OK
DATA,MOTOR_BREAKIN_V3,000001,11002,509,512,0.078,0.000,3.204,0.279,2.925,37,FWD,RUN,0.039,0.114,0.078,0.836,0.329,0.104,3.148,56,0.818,533,2.605,22.7
OK
DATA,MOTOR_BREAKIN_V3,000001,11102,510,512,0.051,0.000,3.260,0.279,2.981,39,FWD,RUN,0.026,0.077,0.065,0.251,0.329,0.104,3.148,56,0.818,533,2.605,22.7
DATA,MOTOR_BREAKIN_V3,000001,11202,510,513,0.051,0.000,3.092,0.279,2.814,39,FWD,RUN,0.026,0.072,0.052,0.418,0.329,0.104,3.148,56,0.818,533,2.605,22.7
OK
DATA,MOTOR_BREAKIN_V3,000001,11302,510,513,0.051,0.000,3.455,0.111,3.343,43,FWD,RUN,0.026,0.086,0.026,0.585,0.329,0.104,3.148,56,0.818,533,2.605,22.7
OK
DATA,MOTOR_BREAKIN_V3,000001,11402,510,512,0.051,0.000,3.065,0.251,2.814,36,FWD,RUN,0.026,0.072,0.065,0.529,0.329,0.104,3.148,56,0.818,533,2.605,22.7
OK
DATA,MOTOR_BREAKIN_V3,000001,11502,510,513,0.051,0.000,3.120,0.306,2.814,40,FWD,RUN,0.026,0.072,0.065,0.557,0.329,0.104,3.148,56,0.818,533,2.605,22.7
DATA,MOTOR_BREAKIN_V3,000001,11602,509,511,0.078,0.052,3.092,0.334,2.758,40,FWD,RUN,0.065,0.179,0.052,0.334,0.329,0.104,3.148,56,0.818,533,2.605,22.7
OK
DATA,MOTOR_BREAKIN_V3,000001,11702,509,511,0.078,0.052,3.343,0.334,3.009,45,FWD,RUN,0.065,0.195,0.052,0.780,0.329,0.104,3.148,56,0.818,533,2.605,22.0
DATA,MOTOR_BREAKIN_V3,000001,11802,510,512,0.051,0.000,3.399,0.279,3.120,45,FWD,RUN,0.026,0.080,0.039,0.724,0.329,0.104,3.148,56,0.818,533,2.605,24.3
OK
DATA,MOTOR_BREAKIN_V3,000001,11902,510,513,0.051,0.000,3.260,0.306,2.953,43,FWD,RUN,0.026,0.076,0.026,0.306,0.329,0.104,3.148,56,0.818,533,2.605,22.7
OK
DATA,MOTOR_BREAKIN_V3,000001,12002,511,513,0.000,0.000,3.622,0.056,3.566,44,FWD,RUN,0.000,0.000,0.065,0.752,0.329,0.104,3.148,56,0.818,533,2.605,22.7
OK
DATA,MOTOR_BREAKIN_V3,000001,12102,510,513,0.051,0.000,3.120,0.585,2.535,35,FWD,RUN,0.026,0.065,0.078,1.031,0.329,0.104,3.148,56,0.818,533,2.605,22.7
OK
DATA,MOTOR_BREAKIN_V3,000001,12202,509,512,0.078,0.000,3.148,0.362,2.786,44,FWD,RUN,0.039,0.108,0.078,0.724,0.329,0.104,3.148,56,0.818,533,2.605,22.7
OK
DATA,MOTOR_BREAKIN_V3,000001,12302,508,512,0.104,0.000,3.427,0.724,2.702,48,FWD,RUN,0.052,0.141,0.052,0.724,0.329,0.104,3.148,56,0.818,533,2.605,22.7
OK
DATA,MOTOR_BREAKIN_V3,000001,12402,509,512,0.078,0.000,3.315,0.390,2.925,54,FWD,RUN,0.039,0.114,0.065,0.864,0.329,0.104,3.148,56,0.818,533,2.605,22.7
DATA,MOTOR_BREAKIN_V3,000001,12502,508,511,0.104,0.052,3.677,0.418,3.260,54,FWD,RUN,0.078,0.254,0.091,0.864,0.329,0.104,3.148,56,0.818,533,2.605,22.7
OK
DATA,MOTOR_BREAKIN_V3,000001,12602,509,512,0.078,0.000,3.427,0.390,3.037,49,FWD,RUN,0.039,0.118,0.052,0.613,0.329,0.104,3.148,56,0.818,533,2.605,22.7
OK
DATA,MOTOR_BREAKIN_V3,000001,12702,509,512,0.078,0.000,3.538,0.362,3.176,48,FWD,RUN,0.039,0.124,0.039,0.306,0.329,0.104,3.148,56,0.818,533,2.605,22.7
OK
DATA,MOTOR_BREAKIN_V3,000001,12802,510,512,0.051,0.000,3.677,0.362,3.315,44,FWD,RUN,0.026,0.085,0.052,0.306,0.329,0.104,3.148,56,0.818,533,2.605,22.6
OK
DATA,MOTOR_BREAKIN_V3,000001,12902,510,513,0.051,0.000,3.204,0.223,2.981,38,FWD,RUN,0.026,0.077,0.039,0.362,0.329,0.104,3.148,56,0.818,533,2.605,22.7
DATA,MOTOR_BREAKIN_V3,000001,13002,509,512,0.078,0.000,3.260,0.223,3.037,38,FWD,RUN,0.039,0.118,0.039,0.279,0.329,0.104,3.148,56,0.818,533,2.605,22.7
OK
DATA,MOTOR_BREAKIN_V3,000001,13102,510,512,0.051,0.000,3.092,0.251,2.842,37,FWD,RUN,0.026,0.073,0.052,0.334,0.329,0.104,3.148,56,0.818,533,2.605,22.7
OK
DATA,MOTOR_BREAKIN_V3,000001,13201,509,512,0.078,0.000,3.315,0.279,3.037,40,FWD,RUN,0.039,0.118,0.052,0.390,0.329,0.104,3.148,56,0.818,534,2.610,22.7
OK
DATA,MOTOR_BREAKIN_V3,000001,13302,509,512,0.078,0.000,3.148,0.251,2.897,39,FWD,RUN,0.039,0.113,0.039,0.279,0.329,0.104,3.148,56,0.818,533,2.605,22.7
DATA,MOTOR_BREAKIN_V3,000001,13402,510,513,0.051,0.000,3.092,0.251,2.842,39,FWD,RUN,0.026,0.073,0.039,0.501,0.329,0.104,3.148,56,0.818,533,2.605,22.7
OK
DATA,MOTOR_BREAKIN_V3,000001,13502,509,513,0.078,0.000,3.120,0.334,2.786,42,FWD,RUN,0.039,0.108,0.039,0.474,0.329,0.104,3.148,56,0.818,533,2.605,22.7
OK
DATA,MOTOR_BREAKIN_V3,000001,13602,509,510,0.078,0.078,3.427,0.390,3.037,46,FWD,RUN,0.078,0.237,0.078,0.251,0.329,0.104,3.148,56,0.818,533,2.605,22.7
OK
DATA,MOTOR_BREAKIN_V3,000001,13702,509,512,0.078,0.000,3.232,0.390,2.842,45,FWD,RUN,0.039,0.111,0.052,0.251,0.329,0.104,3.148,56,0.818,533,2.605,22.1
OK
DATA,MOTOR_BREAKIN_V3,000001,13802,509,511,0.078,0.052,3.315,0.418,2.897,48,FWD,RUN,0.065,0.188,0.039,0.724,0.329,0.104,3.148,56,0.818,533,2.605,22.7
OK
DATA,MOTOR_BREAKIN_V3,000001,13902,510,512,0.051,0.000,3.789,0.139,3.650,50,FWD,RUN,0.026,0.094,0.052,0.752,0.329,0.104,3.148,56,0.818,533,2.605,22.7
OK
DATA,MOTOR_BREAKIN_V3,000001,14002,510,512,0.051,0.000,3.092,0.279,2.814,37,FWD,RUN,0.026,0.072,0.078,0.891,0.329,0.104,3.148,56,0.818,533,2.605,22.7
OK
DATA,MOTOR_BREAKIN_V3,000001,14102,510,513,0.051,0.000,3.176,0.306,2.870,41,FWD,RUN,0.026,0.074,0.065,0.891,0.329,0.104,3.148,56,0.818,533,2.605,22.7
OK
DATA,MOTOR_BREAKIN_V3,000001,14202,510,512,0.051,0.000,3.287,0.306,2.981,44,FWD,RUN,0.026,0.077,0.013,0.418,0.329,0.104,3.148,56,0.818,533,2.605,22.6
DATA,MOTOR_BREAKIN_V3,000001,14302,510,510,0.051,0.078,3.315,0.613,2.702,44,FWD,RUN,0.065,0.175,0.039,0.362,0.329,0.104,3.148,56,0.818,533,2.605,22.7
OK
DATA,MOTOR_BREAKIN_V3,000001,14402,509,511,0.078,0.052,3.566,0.362,3.204,50,FWD,RUN,0.065,0.208,0.039,0.501,0.329,0.104,3.148,56,0.818,533,2.605,22.7
OK
DATA,MOTOR_BREAKIN_V3,000001,14502,509,512,0.078,0.000,3.510,0.306,3.204,46,FWD,RUN,0.039,0.125,0.039,0.474,0.329,0.104,3.148,56,0.818,533,2.605,22.7
OK
DATA,MOTOR_BREAKIN_V3,000001,14602,510,512,0.051,0.000,3.510,0.111,3.399,42,FWD,RUN,0.026,0.087,0.052,0.585,0.329,0.104,3.148,56,0.818,533,2.605,22.7
OK
DATA,MOTOR_BREAKIN_V3,000001,14702,510,512,0.051,0.000,3.232,0.334,2.897,35,FWD,RUN,0.026,0.074,0.039,0.641,0.329,0.104,3.148,56,0.818,533,2.605,22.7
OK
DATA,MOTOR_BREAKIN_V3,000001,14802,510,512,0.051,0.000,3.120,0.251,2.870,37,FWD,RUN,0.026,0.074,0.052,0.362,0.329,0.104,3.148,56,0.818,533,2.605,22.7
OK
DATA,MOTOR_BREAKIN_V3,000001,14902,510,511,0.051,0.052,3.120,0.334,2.786,40,FWD,RUN,0.052,0.144,0.052,0.585,0.329,0.104,3.148,56,0.818,533,2.605,22.7
OK
DATA,MOTOR_BREAKIN_V3,000001,15002,508,512,0.104,0.000,3.260,0.279,2.981,44,FWD,RUN,0.052,0.155,0.052,0.585,0.329,0.104,3.148,56,0.818,533,2.605,22.7
DATA,MOTOR_BREAKIN_V3,000001,15102,508,512,0.104,0.000,3.232,0.362,2.870,44,FWD,RUN,0.052,0.150,0.026,0.251,0.329,0.104,3.148,56,0.818,533,2.605,22.7
DATA,MOTOR_BREAKIN_V3,000001,15202,509,511,0.078,0.052,3.315,0.306,3.009,44,FWD,RUN,0.065,0.195,0.065,0.641,0.329,0.104,3.148,56,0.818,533,2.605,22.6
DATA,MOTOR_BREAKIN_V3,000001,15302,509,513,0.078,0.000,3.260,0.362,2.897,44,FWD,RUN,0.039,0.113,0.065,0.641,0.329,0.104,3.148,56,0.818,533,2.605,22.7
OK
DATA,MOTOR_BREAKIN_V3,000001,15402,509,512,0.078,0.000,3.371,0.418,2.953,46,FWD,RUN,0.039,0.115,0.039,0.334,0.329,0.104,3.148,56,0.818,533,2.605,22.7
OK
DATA,MOTOR_BREAKIN_V3,000001,15502,509,511,0.078,0.052,3.594,0.223,3.371,47,FWD,RUN,0.065,0.219,0.052,0.529,0.329,0.104,3.148,56,0.818,533,2.605,22.7
OK
DATA,MOTOR_BREAKIN_V3,000001,15602,510,512,0.051,0.000,3.204,0.306,2.897,40,FWD,RUN,0.026,0.074,0.078,0.474,0.329,0.104,3.148,56,0.818,533,2.605,22.7
OK
DATA,MOTOR_BREAKIN_V3,000001,15702,510,512,0.051,0.000,3.148,0.334,2.814,42,FWD,RUN,0.026,0.072,0.039,0.808,0.329,0.104,3.148,56,0.818,533,2.605,22.7
OK
DATA,MOTOR_BREAKIN_V3,000001,15802,509,512,0.078,0.000,3.232,0.418,2.814,46,FWD,RUN,0.039,0.109,0.013,0.808,0.329,0.104,3.148,56,0.818,533,2.605,22.7
OK
DATA,MOTOR_BREAKIN_V3,000001,15902,509,512,0.078,0.000,3.594,0.334,3.260,50,FWD,RUN,0.039,0.127,0.052,0.446,0.329,0.104,3.148,56,0.818,533,2.605,22.7
OK
DATA,MOTOR_BREAKIN_V3,000001,16002,508,511,0.104,0.052,3.455,0.334,3.120,45,FWD,RUN,0.078,0.244,0.066,0.390,0.329,0.104,3.148,56,0.818,533,2.605,24.3
DATA,MOTOR_BREAKIN_V3,000001,16102,509,511,0.078,0.052,3.371,0.334,3.037,45,FWD,RUN,0.065,0.197,0.066,0.195,0.329,0.104,3.148,56,0.818,533,2.605,24.0
OK
DATA,MOTOR_BREAKIN_V3,000001,16202,510,512,0.051,0.000,3.260,0.362,2.897,44,FWD,RUN,0.026,0.074,0.052,0.529,0.329,0.104,3.148,56,0.818,533,2.605,22.7
OK
DATA,MOTOR_BREAKIN_V3,000001,16302,509,513,0.078,0.000,3.427,0.362,3.065,46,FWD,RUN,0.039,0.119,0.039,0.529,0.329,0.104,3.148,56,0.818,533,2.605,22.7
OK
DATA,MOTOR_BREAKIN_V3,000001,16401,508,511,0.104,0.052,3.399,0.279,3.120,45,FWD,RUN,0.078,0.244,0.052,0.334,0.329,0.104,3.148,56,0.818,533,2.605,24.0
OK
DATA,MOTOR_BREAKIN_V3,000001,16502,510,512,0.051,0.000,3.482,0.223,3.260,43,FWD,RUN,0.026,0.084,0.052,0.501,0.329,0.104,3.148,56,0.818,533,2.605,22.7
OK
DATA,MOTOR_BREAKIN_V3,000001,16602,510,512,0.051,0.000,3.092,0.251,2.842,38,FWD,RUN,0.026,0.073,0.039,0.613,0.329,0.104,3.148,56,0.818,533,2.605,22.7
OK
DATA,MOTOR_BREAKIN_V3,000001,16702,509,512,0.078,0.000,3.260,0.306,2.953,41,FWD,RUN,0.039,0.115,0.052,0.474,0.329,0.104,3.148,56,0.818,533,2.605,22.7
OK
DATA,MOTOR_BREAKIN_V3,000001,16802,510,512,0.051,0.000,3.204,0.334,2.870,42,FWD,RUN,0.026,0.074,0.039,0.446,0.329,0.104,3.148,56,0.818,533,2.605,22.7
OK
DATA,MOTOR_BREAKIN_V3,000001,16902,509,512,0.078,0.000,3.232,0.334,2.897,45,FWD,RUN,0.039,0.113,0.039,0.529,0.329,0.104,3.148,56,0.818,533,2.605,22.7
DATA,MOTOR_BREAKIN_V3,000001,17002,509,512,0.078,0.000,3.371,0.334,3.037,45,FWD,RUN,0.039,0.118,0.078,0.669,0.329,0.104,3.148,56,0.818,533,2.605,22.8
OK
DATA,MOTOR_BREAKIN_V3,000001,17102,509,512,0.078,0.000,3.343,0.306,3.037,44,FWD,RUN,0.039,0.118,0.078,0.585,0.329,0.104,3.148,56,0.818,533,2.605,22.7
OK
DATA,MOTOR_BREAKIN_V3,000001,17202,510,512,0.051,0.000,3.343,0.334,3.009,43,FWD,RUN,0.026,0.077,0.039,0.251,0.329,0.104,3.148,56,0.818,533,2.605,22.3
DATA,MOTOR_BREAKIN_V3,000001,17302,509,513,0.078,0.000,3.343,0.223,3.120,43,FWD,RUN,0.039,0.121,0.039,0.223,0.329,0.104,3.148,56,0.818,533,2.605,22.7
OK
DATA,MOTOR_BREAKIN_V3,000001,17402,510,512,0.051,0.000,3.092,0.334,2.758,41,FWD,RUN,0.026,0.071,0.026,0.390,0.329,0.104,3.148,56,0.818,533,2.605,22.7
OK
DATA,MOTOR_BREAKIN_V3,000001,17502,509,512,0.078,0.000,3.176,0.446,2.730,46,FWD,RUN,0.039,0.106,0.026,0.251,0.329,0.104,3.148,56,0.818,533,2.605,22.7
OK
DATA,MOTOR_BREAKIN_V3,000001,17602,508,512,0.104,0.000,3.566,0.696,2.870,51,FWD,RUN,0.052,0.150,0.066,0.279,0.329,0.104,3.148,56,0.818,533,2.605,22.7
OK
DATA,MOTOR_BREAKIN_V3,000001,17702,507,510,0.131,0.078,3.622,0.418,3.204,54,FWD,RUN,0.104,0.335,0.066,0.390,0.335,0.104,3.204,54,0.818,533,2.605,22.7
DATA,MOTOR_BREAKIN_V3,000001,17802,510,513,0.051,0.000,3.984,0.167,3.817,54,FWD,RUN,0.026,0.098,0.079,0.836,0.335,0.104,3.204,54,0.818,534,2.610,22.7
OK
DATA,MOTOR_BREAKIN_V3,000001,17902,508,511,0.104,0.052,3.622,0.334,3.287,50,FWD,RUN,0.078,0.257,0.079,0.780,0.335,0.104,3.204,54,0.818,533,2.605,22.7
OK
DATA,MOTOR_BREAKIN_V3,000001,18002,509,512,0.078,0.000,3.594,0.279,3.315,44,FWD,RUN,0.039,0.129,0.039,0.195,0.335,0.104,3.204,54,0.818,533,2.605,22.7
OK
DATA,MOTOR_BREAKIN_V3,000001,18102,509,512,0.078,0.000,3.343,0.279,3.065,38,FWD,RUN,0.039,0.119,0.065,0.418,0.335,0.104,3.204,54,0.818,533,2.605,22.7
OK
DATA,MOTOR_BREAKIN_V3,000001,18202,509,513,0.078,0.000,3.260,0.279,2.981,37,FWD,RUN,0.039,0.116,0.052,0.613,0.335,0.104,3.204,54,0.818,533,2.605,22.7
DATA,MOTOR_BREAKIN_V3,000001,18302,511,512,0.000,0.000,3.371,0.028,3.343,37,FWD,RUN,0.000,0.000,0.039,0.613,0.335,0.104,3.204,54,0.818,533,2.605,22.7
OK
DATA,MOTOR_BREAKIN_V3,000001,18402,511,513,0.000,0.000,3.120,0.251,2.870,35,FWD,RUN,0.000,0.000,0.065,0.557,0.335,0.104,3.204,54,0.818,532,2.600,22.7
OK
DATA,MOTOR_BREAKIN_V3,000001,18502,511,512,0.000,0.000,3.120,0.362,2.758,38,FWD,RUN,0.000,0.000,0.065,0.334,0.335,0.104,3.204,54,0.818,533,2.605,22.7
OK
DATA,MOTOR_BREAKIN_V3,000001,18602,509,512,0.078,0.000,3.148,0.390,2.758,43,FWD,RUN,0.039,0.107,0.052,0.223,0.335,0.104,3.204,54,0.818,533,2.605,22.7
OK
DATA,MOTOR_BREAKIN_V3,000001,18702,510,512,0.051,0.000,3.176,0.390,2.786,48,FWD,RUN,0.026,0.072,0.026,0.306,0.335,0.104,3.204,54,0.818,533,2.605,22.7
DATA,MOTOR_BREAKIN_V3,000001,18802,509,511,0.078,0.052,3.371,0.390,2.981,48,FWD,RUN,0.065,0.193,0.052,0.279,0.335,0.104,3.204,54,0.818,533,2.605,22.7
DATA,MOTOR_BREAKIN_V3,000001,18902,509,512,0.078,0.000,3.455,0.334,3.120,48,FWD,RUN,0.039,0.121,0.039,0.306,0.335,0.104,3.204,54,0.818,533,2.605,22.7
OK
DATA,MOTOR_BREAKIN_V3,000001,19002,509,512,0.078,0.000,3.427,0.334,3.092,46,FWD,RUN,0.039,0.120,0.039,0.390,0.335,0.104,3.204,54,0.818,533,2.605,22.7
OK
DATA,MOTOR_BREAKIN_V3,000001,19102,511,513,0.000,0.000,3.594,0.139,3.455,44,FWD,RUN,0.000,0.000,0.065,0.780,0.335,0.104,3.204,54,0.818,533,2.605,22.7
OK
DATA,MOTOR_BREAKIN_V3,000001,19202,510,512,0.051,0.000,2.981,0.223,2.758,35,FWD,RUN,0.026,0.071,0.065,0.836,0.335,0.104,3.204,54,0.818,533,2.605,22.7
OK
DATA,MOTOR_BREAKIN_V3,000001,19302,509,512,0.078,0.000,3.204,0.279,2.925,40,FWD,RUN,0.039,0.114,0.013,0.557,0.335,0.104,3.204,54,0.818,533,2.605,22.7
OK
DATA,MOTOR_BREAKIN_V3,000001,19402,509,512,0.078,0.000,3.287,0.279,3.009,42,FWD,RUN,0.039,0.117,0.026,0.362,0.335,0.104,3.204,54,0.818,533,2.605,22.7
DATA,MOTOR_BREAKIN_V3,000001,19502,509,512,0.078,0.000,3.092,0.362,2.730,42,FWD,RUN,0.039,0.106,0.039,0.279,0.335,0.104,3.204,54,0.818,533,2.605,22.7
OK
DATA,MOTOR_BREAKIN_V3,000001,19601,509,511,0.078,0.052,3.232,0.585,2.647,47,FWD,RUN,0.065,0.172,0.039,0.306,0.335,0.104,3.204,54,0.818,533,2.605,22.7
DATA,MOTOR_BREAKIN_V3,000001,19702,508,512,0.104,0.000,3.455,0.362,3.092,47,FWD,RUN,0.052,0.161,0.026,0.446,0.335,0.104,3.204,54,0.818,533,2.605,22.7
OK
DATA,MOTOR_BREAKIN_V3,000001,19802,509,513,0.078,0.000,3.315,0.334,2.981,45,FWD,RUN,0.039,0.116,0.026,0.501,0.335,0.104,3.204,54,0.818,533,2.605,22.1
DATA,MOTOR_BREAKIN_V3,000001,19902,510,512,0.051,0.000,3.594,0.139,3.455,45,FWD,RUN,0.026,0.089,0.026,0.641,0.335,0.104,3.204,54,0.818,533,2.605,22.7
OK
DATA,MOTOR_BREAKIN_V3,000001,20002,510,512,0.051,0.000,3.120,0.223,2.897,36,FWD,RUN,0.026,0.074,0.052,0.641,0.335,0.104,3.204,54,0.818,533,2.605,22.7
OK
DATA,MOTOR_BREAKIN_V3,000001,20102,511,513,0.000,0.000,3.260,0.139,3.120,38,FWD,RUN,0.000,0.000,0.039,0.529,0.335,0.104,3.204,54,0.818,533,2.605,22.7
OK
DATA,MOTOR_BREAKIN_V3,000001,20202,509,513,0.078,0.000,3.009,0.279,2.730,36,FWD,RUN,0.039,0.106,0.039,0.390,0.335,0.104,3.204,54,0.818,533,2.605,22.7
OK
DATA,MOTOR_BREAKIN_V3,000001,20302,509,512,0.078,0.000,3.065,0.362,2.702,41,FWD,RUN,0.039,0.105,0.039,0.279,0.335,0.104,3.204,54,0.818,533,2.605,22.7
OK
DATA,MOTOR_BREAKIN_V3,000001,20402,509,512,0.078,0.000,3.287,0.418,2.870,47,FWD,RUN,0.039,0.112,0.026,0.501,0.335,0.104,3.204,54,0.818,533,2.605,22.7
OK
DATA,MOTOR_BREAKIN_V3,000001,20502,508,511,0.104,0.052,3.427,0.390,3.037,50,FWD,RUN,0.078,0.237,0.052,0.501,0.335,0.104,3.204,54,0.818,533,2.605,22.7
DATA,MOTOR_BREAKIN_V3,000001,20602,509,512,0.078,0.000,3.622,0.306,3.315,50,FWD,RUN,0.039,0.129,0.079,0.446,0.335,0.104,3.204,54,0.818,533,2.605,22.7
OK
DATA,MOTOR_BREAKIN_V3,000001,20702,510,512,0.051,0.000,3.482,0.279,3.204,44,FWD,RUN,0.026,0.082,0.079,0.557,0.335,0.104,3.204,54,0.818,533,2.605,22.7
OK
DATA,MOTOR_BREAKIN_V3,000001,20802,510,512,0.051,0.000,3.120,0.279,2.842,40,FWD,RUN,0.026,0.073,0.039,0.557,0.335,0.104,3.204,54,0.818,533,2.605,22.7
OK
DATA,MOTOR_BREAKIN_V3,000001,20902,508,512,0.104,0.000,3.120,0.362,2.758,43,FWD,RUN,0.052,0.144,0.026,0.613,0.335,0.104,3.204,54,0.818,533,2.605,22.7
OK
DATA,MOTOR_BREAKIN_V3,000001,21002,509,510,0.078,0.078,3.399,0.418,2.981,48,FWD,RUN,0.078,0.233,0.091,0.669,0.335,0.104,3.204,54,0.818,533,2.605,22.5
DATA,MOTOR_BREAKIN_V3,000001,21102,508,511,0.104,0.052,3.371,0.891,2.479,48,FWD,RUN,0.078,0.194,0.091,0.975,0.335,0.104,3.204,54,0.818,533,2.605,22.6
OK
DATA,MOTOR_BREAKIN_V3,000001,21202,507,510,0.131,0.078,3.705,0.864,2.842,58,FWD,RUN,0.104,0.297,0.079,0.975,0.335,0.104,3.204,54,0.818,533,2.605,22.7
OK
DATA,MOTOR_BREAKIN_V3,000001,21302,507,510,0.131,0.078,3.956,0.501,3.455,61,FWD,RUN,0.104,0.361,0.066,0.864,0.361,0.104,3.455,61,0.818,533,2.605,22.7
OK
DATA,MOTOR_BREAKIN_V3,000001,21402,505,510,0.183,0.078,3.928,0.418,3.510,52,FWD,RUN,0.131,0.460,0.066,0.501,0.460,0.131,3.510,61,0.818,533,2.605,22.7
DATA,MOTOR_BREAKIN_V3,000001,21502,509,511,0.078,0.052,3.761,0.362,3.399,52,FWD,RUN,0.065,0.220,0.066,0.418,0.460,0.131,3.510,61,0.818,533,2.605,22.7
OK
DATA,MOTOR_BREAKIN_V3,000001,21602,508,511,0.104,0.052,3.566,0.557,3.009,44,FWD,RUN,0.078,0.235,0.079,0.585,0.460,0.131,3.510,61,0.818,533,2.605,22.6
DATA,MOTOR_BREAKIN_V3,000001,21702,509,513,0.078,0.000,3.705,0.223,3.482,44,FWD,RUN,0.039,0.135,0.052,0.641,0.460,0.131,3.510,61,0.818,533,2.605,22.7
OK
DATA,MOTOR_BREAKIN_V3,000001,21802,510,513,0.051,0.000,3.315,0.251,3.065,35,FWD,RUN,0.026,0.079,0.039,0.585,0.460,0.131,3.510,61,0.818,533,2.605,22.7
DATA,MOTOR_BREAKIN_V3,000001,21902,510,513,0.051,0.000,3.232,0.167,3.065,35,FWD,RUN,0.026,0.079,0.052,0.306,0.460,0.131,3.510,61,0.818,533,2.605,22.7
DATA,MOTOR_BREAKIN_V3,000001,22002,510,512,0.051,0.000,3.148,0.279,2.870,35,FWD,RUN,0.026,0.074,0.026,0.390,0.460,0.131,3.510,61,0.818,533,2.605,22.7
OK
DATA,MOTOR_BREAKIN_V3,000001,22102,509,513,0.078,0.000,3.092,0.306,2.786,38,FWD,RUN,0.039,0.108,0.013,0.613,0.460,0.131,3.510,61,0.818,533,2.605,22.7
OK
DATA,MOTOR_BREAKIN_V3,000001,22202,509,512,0.078,0.000,3.148,0.362,2.786,42,FWD,RUN,0.039,0.108,0.013,0.613,0.460,0.131,3.510,61,0.818,533,2.605,22.7
OK
DATA,MOTOR_BREAKIN_V3,000001,22302,509,511,0.078,0.052,3.287,0.362,2.925,46,FWD,RUN,0.065,0.190,0.039,0.306,0.460,0.131,3.510,61,0.818,533,2.605,22.7
DATA,MOTOR_BREAKIN_V3,000001,22402,509,512,0.078,0.000,3.343,0.390,2.953,46,FWD,RUN,0.039,0.115,0.066,0.474,0.460,0.131,3.510,61,0.818,533,2.605,22.7
OK
DATA,MOTOR_BREAKIN_V3,000001,22502,509,512,0.078,0.000,3.371,0.418,2.953,47,FWD,RUN,0.039,0.115,0.066,0.418,0.460,0.131,3.510,61,0.818,533,2.605,22.7
OK
DATA,MOTOR_BREAKIN_V3,000001,22602,509,511,0.078,0.052,3.510,0.279,3.232,48,FWD,RUN,0.065,0.210,0.052,0.446,0.460,0.131,3.510,61,0.818,533,2.605,22.7
OK
DATA,MOTOR_BREAKIN_V3,000001,22702,509,512,0.078,0.000,3.232,0.279,2.953,43,FWD,RUN,0.039,0.115,0.066,0.390,0.460,0.131,3.510,61,0.818,533,2.605,22.6
OK
DATA,MOTOR_BREAKIN_V3,000001,22801,509,512,0.078,0.000,3.287,0.306,2.981,44,FWD,RUN,0.039,0.116,0.066,0.306,0.460,0.131,3.510,61,0.818,533,2.605,22.7
DATA,MOTOR_BREAKIN_V3,000001,22902,509,512,0.078,0.000,3.260,0.251,3.009,44,FWD,RUN,0.039,0.117,0.039,0.223,0.460,0.131,3.510,61,0.818,533,2.605,22.7
DATA,MOTOR_BREAKIN_V3,000001,23002,509,512,0.078,0.000,3.287,0.279,3.009,44,FWD,RUN,0.039,0.117,0.039,0.167,0.460,0.131,3.510,61,0.818,533,2.605,22.7
DATA,MOTOR_BREAKIN_V3,000001,23102,508,512,0.104,0.000,3.287,0.306,2.981,44,FWD,RUN,0.052,0.155,0.052,0.223,0.460,0.131,3.510,61,0.818,533,2.605,22.7
DATA,MOTOR_BREAKIN_V3,000001,23202,509,512,0.078,0.000,3.315,0.279,3.037,44,FWD,RUN,0.039,0.118,0.052,0.279,0.460,0.131,3.510,61,0.818,534,2.610,22.7
DATA,MOTOR_BREAKIN_V3,000001,23302,508,511,0.104,0.052,3.315,0.279,3.037,44,FWD,RUN,0.078,0.237,0.052,0.334,0.460,0.131,3.510,61,0.818,533,2.605,22.6
OK
DATA,MOTOR_BREAKIN_V3,000001,23402,509,511,0.078,0.052,3.287,0.223,3.065,43,FWD,RUN,0.065,0.199,0.052,0.251,0.460,0.131,3.510,61,0.818,533,2.605,22.6
OK
DATA,MOTOR_BREAKIN_V3,000001,23502,508,512,0.104,0.000,3.232,0.446,2.786,42,FWD,RUN,0.052,0.145,0.039,0.362,0.460,0.131,3.510,61,0.818,533,2.605,22.6
OK
DATA,MOTOR_BREAKIN_V3,000001,23602,508,512,0.104,0.000,3.371,0.334,3.037,46,FWD,RUN,0.052,0.158,0.052,0.474,0.460,0.131,3.510,61,0.818,533,2.605,22.7
OK
DATA,MOTOR_BREAKIN_V3,000001,23702,509,512,0.078,0.000,3.371,0.223,3.148,45,FWD,RUN,0.039,0.122,0.052,0.418,0.460,0.131,3.510,61,0.818,533,2.605,22.7
OK
DATA,MOTOR_BREAKIN_V3,000001,23802,510,512,0.051,0.000,3.232,0.251,2.981,42,FWD,RUN,0.026,0.077,0.052,0.334,0.460,0.131,3.510,61,0.818,533,2.605,22.3
DATA,MOTOR_BREAKIN_V3,000001,23902,509,511,0.078,0.052,3.287,0.195,3.092,42,FWD,RUN,0.065,0.201,0.052,0.279,0.460,0.131,3.510,61,0.818,533,2.605,22.6
OK
DATA,MOTOR_BREAKIN_V3,000001,24002,509,512,0.078,0.000,3.176,0.279,2.897,40,FWD,RUN,0.039,0.113,0.039,0.279,0.460,0.131,3.510,61,0.818,533,2.605,22.6
OK
DATA,MOTOR_BREAKIN_V3,000001,24102,509,513,0.078,0.000,3.092,0.279,2.814,42,FWD,RUN,0.039,0.109,0.000,0.223,0.460,0.131,3.510,61,0.818,533,2.605,22.7
DATA,MOTOR_BREAKIN_V3,000001,24202,509,512,0.078,0.000,3.232,0.334,2.897,42,FWD,RUN,0.039,0.113,0.026,0.362,0.460,0.131,3.510,61,0.818,533,2.605,22.6
OK
DATA,MOTOR_BREAKIN_V3,000001,24302,509,511,0.078,0.052,3.287,0.334,2.953,44,FWD,RUN,0.065,0.192,0.039,0.334,0.460,0.131,3.510,61,0.818,533,2.605,22.7
OK
DATA,MOTOR_BREAKIN_V3,000001,24402,508,512,0.104,0.000,3.343,0.251,3.092,45,FWD,RUN,0.052,0.161,0.039,0.306,0.460,0.131,3.510,61,0.818,533,2.605,24.3
OK
DATA,MOTOR_BREAKIN_V3,000001,24502,508,512,0.104,0.000,3.232,0.223,3.009,43,FWD,RUN,0.052,0.157,0.039,0.279,0.460,0.131,3.510,61,0.818,533,2.605,22.7
DATA,MOTOR_BREAKIN_V3,000001,24602,509,512,0.078,0.000,3.260,0.223,3.037,43,FWD,RUN,0.039,0.118,0.039,0.306,0.460,0.131,3.510,61,0.818,533,2.605,22.7
OK
DATA,MOTOR_BREAKIN_V3,000001,24702,509,512,0.078,0.000,3.120,0.362,2.758,42,FWD,RUN,0.039,0.107,0.039,0.390,0.460,0.131,3.510,61,0.818,533,2.605,22.7
OK
DATA,MOTOR_BREAKIN_V3,000001,24802,508,510,0.104,0.078,3.343,0.251,3.092,47,FWD,RUN,0.091,0.282,0.066,0.446,0.460,0.131,3.510,61,0.818,533,2.605,22.7
OK
DATA,MOTOR_BREAKIN_V3,000001,24902,508,511,0.104,0.052,3.287,0.223,3.065,45,FWD,RUN,0.078,0.239,0.066,0.418,0.460,0.131,3.510,61,0.818,533,2.605,24.2
OK
DATA,MOTOR_BREAKIN_V3,000001,25002,509,510,0.078,0.078,3.371,0.223,3.148,44,FWD,RUN,0.078,0.246,0.066,0.223,0.460,0.131,3.510,61,0.818,533,2.605,22.7
DATA,MOTOR_BREAKIN_V3,000001,25102,509,511,0.078,0.052,3.343,0.223,3.120,44,FWD,RUN,0.065,0.202,0.066,0.390,0.460,0.131,3.510,61,0.818,533,2.605,22.7
OK
DATA,MOTOR_BREAKIN_V3,000001,25202,508,512,0.104,0.000,3.204,0.306,2.897,42,FWD,RUN,0.052,0.151,0.039,0.390,0.460,0.131,3.510,61,0.818,533,2.605,22.6
OK
DATA,MOTOR_BREAKIN_V3,000001,25302,509,511,0.078,0.052,3.343,0.139,3.204,44,FWD,RUN,0.065,0.208,0.026,0.334,0.460,0.131,3.510,61,0.818,533,2.605,22.7
OK
DATA,MOTOR_BREAKIN_V3,000001,25402,510,512,0.051,0.000,3.148,0.306,2.842,40,FWD,RUN,0.026,0.073,0.039,0.418,0.460,0.131,3.510,61,0.818,533,2.605,22.7
OK
DATA,MOTOR_BREAKIN_V3,000001,25502,508,512,0.104,0.000,3.232,0.167,3.065,43,FWD,RUN,0.052,0.160,0.039,0.390,0.460,0.131,3.510,61,0.818,533,2.605,22.7
OK
DATA,MOTOR_BREAKIN_V3,000001,25602,508,512,0.104,0.000,3.204,0.279,2.925,42,FWD,RUN,0.052,0.152,0.052,0.362,0.460,0.131,3.510,61,0.818,533,2.605,22.7
OK
DATA,MOTOR_BREAKIN_V3,000001,25702,508,511,0.104,0.052,3.315,0.167,3.148,44,FWD,RUN,0.078,0.246,0.052,0.251,0.460,0.131,3.510,61,0.818,533,2.605,22.6
OK
DATA,MOTOR_BREAKIN_V3,000001,25802,509,511,0.078,0.052,3.232,0.167,3.065,41,FWD,RUN,0.065,0.199,0.066,0.251,0.460,0.131,3.510,61,0.818,533,2.605,22.7
OK
DATA,MOTOR_BREAKIN_V3,000001,25902,509,512,0.078,0.000,3.232,0.139,3.092,40,FWD,RUN,0.039,0.120,0.066,0.362,0.460,0.131,3.510,61,0.818,533,2.605,22.7
DATA,MOTOR_BREAKIN_V3,000001,26001,509,512,0.078,0.000,3.204,0.111,3.092,40,FWD,RUN,0.039,0.120,0.039,0.306,0.460,0.131,3.510,61,0.818,533,2.605,22.7
OK
DATA,MOTOR_BREAKIN_V3,000001,26102,510,512,0.051,0.000,3.037,0.251,2.786,38,FWD,RUN,0.026,0.072,0.039,0.390,0.460,0.131,3.510,61,0.818,533,2.605,22.6
OK
DATA,MOTOR_BREAKIN_V3,000001,26202,509,511,0.078,0.052,3.315,0.111,3.204,42,FWD,RUN,0.065,0.208,0.039,0.501,0.460,0.131,3.510,61,0.818,533,2.605,22.7
OK
DATA,MOTOR_BREAKIN_V3,000001,26302,510,512,0.051,0.000,3.092,0.279,2.814,38,FWD,RUN,0.026,0.072,0.039,0.501,0.460,0.131,3.510,61,0.818,533,2.605,22.7
OK
DATA,MOTOR_BREAKIN_V3,000001,26402,509,512,0.078,0.000,3.260,0.223,3.037,42,FWD,RUN,0.039,0.118,0.039,0.251,0.460,0.131,3.510,61,0.818,533,2.605,22.7
OK
DATA,MOTOR_BREAKIN_V3,000001,26502,510,512,0.051,0.000,3.176,0.195,2.981,41,FWD,RUN,0.026,0.077,0.013,0.251,0.460,0.131,3.510,61,0.818,533,2.605,22.7
DATA,MOTOR_BREAKIN_V3,000001,26602,510,512,0.051,0.000,3.176,0.446,2.730,41,FWD,RUN,0.026,0.070,0.013,0.279,0.460,0.131,3.510,61,0.818,533,2.605,22.6
OK
DATA,MOTOR_BREAKIN_V3,000001,26702,509,512,0.078,0.000,3.287,0.279,3.009,46,FWD,RUN,0.039,0.117,0.013,0.279,0.460,0.131,3.510,61,0.818,533,2.605,22.7
DATA,MOTOR_BREAKIN_V3,000001,26802,508,512,0.104,0.000,3.399,0.084,3.315,46,FWD,RUN,0.052,0.173,0.039,0.557,0.460,0.131,3.510,61,0.818,533,2.605,22.7
DATA,MOTOR_BREAKIN_V3,000001,26902,508,512,0.104,0.000,3.371,0.306,3.065,46,FWD,RUN,0.052,0.160,0.039,0.334,0.460,0.131,3.510,61,0.818,533,2.605,22.7
OK
DATA,MOTOR_BREAKIN_V3,000001,27002,509,512,0.078,0.000,3.343,0.306,3.037,45,FWD,RUN,0.039,0.118,0.039,0.334,0.460,0.131,3.510,61,0.818,533,2.605,22.8
OK
DATA,MOTOR_BREAKIN_V3,000001,27102,509,511,0.078,0.052,3.315,0.279,3.037,44,FWD,RUN,0.065,0.197,0.039,0.334,0.460,0.131,3.510,61,0.818,533,2.605,22.7
OK
DATA,MOTOR_BREAKIN_V3,000001,27202,508,511,0.104,0.052,3.232,0.251,2.981,43,FWD,RUN,0.078,0.233,0.039,0.362,0.460,0.131,3.510,61,0.818,533,2.605,22.6
DATA,MOTOR_BREAKIN_V3,000001,27302,509,512,0.078,0.000,3.176,0.251,2.925,43,FWD,RUN,0.039,0.114,0.052,0.362,0.460,0.131,3.510,61,0.818,533,2.605,22.6
OK
DATA,MOTOR_BREAKIN_V3,000001,27402,509,511,0.078,0.052,3.232,0.390,2.842,45,FWD,RUN,0.065,0.184,0.052,0.362,0.460,0.131,3.510,61,0.818,533,2.605,22.3
OK
DATA,MOTOR_BREAKIN_V3,000001,27502,507,510,0.131,0.078,3.371,0.279,3.092,48,FWD,RUN,0.104,0.323,0.066,0.306,0.460,0.131,3.510,61,0.818,533,2.605,22.7
OK
DATA,MOTOR_BREAKIN_V3,000001,27602,508,511,0.104,0.052,3.260,0.446,2.814,46,FWD,RUN,0.078,0.220,0.066,0.334,0.460,0.131,3.510,61,0.818,533,2.605,22.7
DATA,MOTOR_BREAKIN_V3,000001,27702,509,511,0.078,0.052,3.315,0.251,3.065,46,FWD,RUN,0.065,0.199,0.052,0.446,0.460,0.131,3.510,61,0.818,533,2.605,22.7
OK
DATA,MOTOR_BREAKIN_V3,000001,27802,507,512,0.131,0.000,3.510,0.334,3.176,50,FWD,RUN,0.065,0.207,0.066,0.418,0.460,0.131,3.510,61,0.818,533,2.605,22.7
OK
DATA,MOTOR_BREAKIN_V3,000001,27902,508,511,0.104,0.052,3.399,0.223,3.176,46,FWD,RUN,0.078,0.248,0.052,0.306,0.460,0.131,3.510,61,0.818,533,2.605,22.7
OK
DATA,MOTOR_BREAKIN_V3,000001,28002,510,512,0.051,0.000,3.148,0.334,2.814,42,FWD,RUN,0.026,0.072,0.052,0.529,0.460,0.131,3.510,61,0.818,533,2.605,22.7
OK
DATA,MOTOR_BREAKIN_V3,000001,28102,509,511,0.078,0.052,3.482,0.223,3.260,46,FWD,RUN,0.065,0.211,0.052,0.529,0.460,0.131,3.510,61,0.818,533,2.605,22.7
OK
DATA,MOTOR_BREAKIN_V3,000001,28202,509,513,0.078,0.000,3.176,0.418,2.758,41,FWD,RUN,0.039,0.107,0.039,0.501,0.460,0.131,3.510,61,0.818,533,2.605,22.6
OK
DATA,MOTOR_BREAKIN_V3,000001,28302,509,511,0.078,0.052,3.315,0.251,3.065,46,FWD,RUN,0.065,0.199,0.052,0.557,0.460,0.131,3.510,61,0.818,533,2.605,22.7
OK
DATA,MOTOR_BREAKIN_V3,000001,28402,509,511,0.078,0.052,3.315,0.167,3.148,45,FWD,RUN,0.065,0.204,0.052,0.613,0.460,0.131,3.510,61,0.818,533,2.605,22.7
OK
DATA,MOTOR_BREAKIN_V3,000001,28502,509,512,0.078,0.000,3.176,0.195,2.981,42,FWD,RUN,0.039,0.116,0.039,0.362,0.460,0.131,3.510,61,0.818,533,2.605,22.6
DATA,MOTOR_BREAKIN_V3,000001,28602,509,512,0.078,0.000,3.232,0.251,2.981,42,FWD,RUN,0.039,0.116,0.052,0.279,0.460,0.131,3.510,61,0.818,533,2.605,22.7
DATA,MOTOR_BREAKIN_V3,000001,28702,508,512,0.104,0.000,3.232,0.167,3.065,42,FWD,RUN,0.052,0.160,0.039,0.251,0.460,0.131,3.510,61,0.818,533,2.605,22.6
OK
DATA,MOTOR_BREAKIN_V3,000001,28802,509,511,0.078,0.052,3.148,0.362,2.786,41,FWD,RUN,0.065,0.181,0.039,0.279,0.460,0.131,3.510,61,0.818,533,2.605,22.8
OK
DATA,MOTOR_BREAKIN_V3,000001,28902,509,512,0.078,0.000,3.343,0.167,3.176,45,FWD,RUN,0.039,0.124,0.039,0.613,0.460,0.131,3.510,61,0.818,533,2.605,22.7
OK
DATA,MOTOR_BREAKIN_V3,000001,29002,509,512,0.078,0.000,3.092,0.334,2.758,41,FWD,RUN,0.039,0.107,0.039,0.641,0.460,0.131,3.510,61,0.818,533,2.605,22.7
OK
DATA,MOTOR_BREAKIN_V3,000001,29102,508,511,0.104,0.052,3.260,0.390,2.870,46,FWD,RUN,0.078,0.224,0.039,0.501,0.460,0.131,3.510,61,0.818,533,2.605,22.7
OK
DATA,MOTOR_BREAKIN_V3,000001,29201,508,511,0.104,0.052,3.343,0.390,2.953,49,FWD,RUN,0.078,0.231,0.066,0.501,0.460,0.131,3.510,61,0.818,533,2.605,22.7
OK
DATA,MOTOR_BREAKIN_V3,000001,29302,508,511,0.104,0.052,3.482,0.279,3.204,50,FWD,RUN,0.078,0.250,0.066,0.334,0.460,0.131,3.510,61,0.818,533,2.605,22.7
OK
DATA,MOTOR_BREAKIN_V3,000001,29402,509,512,0.078,0.000,3.371,0.195,3.176,46,FWD,RUN,0.039,0.124,0.052,0.195,0.460,0.131,3.510,61,0.818,533,2.605,22.7
OK
DATA,MOTOR_BREAKIN_V3,000001,29502,510,513,0.051,0.000,3.566,0.056,3.510,42,FWD,RUN,0.026,0.090,0.052,0.724,0.460,0.131,3.510,61,0.818,533,2.605,22.7
DATA,MOTOR_BREAKIN_V3,000001,29602,509,512,0.078,0.000,3.287,0.195,3.092,42,FWD,RUN,0.039,0.120,0.039,0.724,0.460,0.131,3.510,61,0.818,533,2.605,22.7
OK
DATA,MOTOR_BREAKIN_V3,000001,29702,509,512,0.078,0.000,3.065,0.390,2.674,40,FWD,RUN,0.039,0.104,0.039,0.446,0.460,0.131,3.510,61,0.818,533,2.605,22.7
OK
DATA,MOTOR_BREAKIN_V3,000001,29802,508,512,0.104,0.000,3.399,0.641,2.758,47,FWD,RUN,0.052,0.144,0.039,0.195,0.460,0.131,3.510,61,0.818,533,2.605,22.7
OK
DATA,MOTOR_BREAKIN_V3,000001,29902,509,511,0.078,0.052,3.622,0.446,3.176,52,FWD,RUN,0.065,0.206,0.052,0.947,0.460,0.131,3.510,61,0.818,533,2.605,22.7
OK
DATA,MOTOR_BREAKIN_V3,000001,30002,509,512,0.078,0.000,3.343,0.446,2.897,48,FWD,RUN,0.039,0.113,0.052,0.669,0.460,0.131,3.510,61,0.818,533,2.605,22.7
OK
DATA,MOTOR_BREAKIN_V3,000001,30102,509,512,0.078,0.000,3.566,0.362,3.204,50,FWD,RUN,0.039,0.125,0.052,0.418,0.460,0.131,3.510,61,0.818,533,2.605,22.7
OK
DATA,MOTOR_BREAKIN_V3,000001,30202,509,511,0.078,0.052,3.343,0.306,3.037,46,FWD,RUN,0.065,0.197,0.052,0.362,0.460,0.131,3.510,61,0.818,533,2.605,22.7
OK
DATA,MOTOR_BREAKIN_V3,000001,30302,509,511,0.078,0.052,3.371,0.362,3.009,45,FWD,RUN,0.065,0.195,0.052,0.474,0.460,0.131,3.510,61,0.818,533,2.605,23.4
DATA,MOTOR_BREAKIN_V3,000001,30402,508,511,0.104,0.052,3.427,0.446,2.981,45,FWD,RUN,0.078,0.233,0.039,0.306,0.460,0.131,3.510,61,0.818,533,2.605,22.7
DATA,MOTOR_BREAKIN_V3,000001,30502,508,510,0.104,0.078,3.343,0.223,3.120,45,FWD,RUN,0.091,0.285,0.052,0.306,0.460,0.131,3.510,61,0.818,533,2.605,22.7
OK
DATA,MOTOR_BREAKIN_V3,000001,30602,509,511,0.078,0.052,3.315,0.139,3.176,43,FWD,RUN,0.065,0.206,0.052,0.362,0.460,0.131,3.510,61,0.818,533,2.605,22.7
