OK
DATA,MOTOR_BREAKIN_V3,000001,31802,509,511,0.080,0.000,3.427,0.334,3.092,46,FWD,RUN,0.040,0.124,0.040,0.418,0.495,0.153,3.232,66,0.787,533,2.605,22.4
OK
STOP,FWD
DATA,MOTOR_BREAKIN_V3,000001,31864,509,510,0.080,0.068,3.260,0.418,2.842,0,FWD,STOP,0.074,0.210,0.074,0.418,0.495,0.153,3.232,66,0.787,533,2.605,22.4
OK
RUN,FWD
OK
OK
DATA,MOTOR_BREAKIN_V3,000001,24,506,510,0.159,0.068,1.867,1.449,0.418,60,FWD,RUN,0.113,0.047,0.113,0.418,0.000,0.000,0.000,0,0.787,534,2.610,22.5
OK
DATA,MOTOR_BREAKIN_V3,000001,125,483,498,0.767,0.385,3.538,1.644,1.894,112,FWD,RUN,0.576,1.091,0.708,1.894,0.000,0.000,0.000,0,0.787,533,2.605,22.4
OK
DATA,MOTOR_BREAKIN_V3,000001,225,469,491,1.137,0.570,4.708,1.226,3.482,120,FWD,RUN,0.853,2.971,0.819,2.897,0.000,0.000,0.000,0,0.787,533,2.605,22.5
OK
DATA,MOTOR_BREAKIN_V3,000001,325,486,499,0.688,0.358,5.488,0.891,4.597,110,FWD,RUN,0.523,2.404,0.410,2.312,0.000,0.000,0.000,0,0.787,533,2.605,22.5
OK
DATA,MOTOR_BREAKIN_V3,000001,425,502,506,0.265,0.173,4.708,0.529,4.179,78,FWD,RUN,0.219,0.916,0.806,1.059,0.000,0.000,0.000,0,0.787,534,2.610,22.5
OK
DATA,MOTOR_BREAKIN_V3,000001,525,508,511,0.106,0.000,4.179,0.390,3.789,54,FWD,RUN,0.053,0.201,0.589,1.059,0.000,0.000,0.000,0,0.787,533,2.605,22.5
OK
DATA,MOTOR_BREAKIN_V3,000001,625,511,512,0.000,0.000,3.845,0.000,3.845,38,FWD,RUN,0.000,0.000,0.206,1.421,0.000,0.000,0.000,0,0.787,534,2.610,22.5
OK
DATA,MOTOR_BREAKIN_V3,000001,725,510,512,0.053,0.000,3.427,0.223,3.204,35,FWD,RUN,0.027,0.086,0.087,1.003,0.000,0.000,0.000,0,0.787,533,2.605,22.5
DATA,MOTOR_BREAKIN_V3,000001,825,510,512,0.053,0.000,3.260,0.223,3.037,35,FWD,RUN,0.027,0.081,0.027,0.864,0.000,0.000,0.000,0,0.787,533,2.605,22.5
DATA,MOTOR_BREAKIN_V3,000001,925,510,512,0.053,0.000,3.120,0.251,2.870,35,FWD,RUN,0.027,0.077,0.027,0.529,0.000,0.000,0.000,0,0.787,533,2.605,22.5
OK
DATA,MOTOR_BREAKIN_V3,000001,1025,510,511,0.053,0.000,3.204,0.306,2.897,38,FWD,RUN,0.027,0.078,0.027,0.251,0.000,0.000,0.000,0,0.787,533,2.605,22.4
OK
DATA,MOTOR_BREAKIN_V3,000001,1125,509,512,0.080,0.000,3.148,0.334,2.814,40,FWD,RUN,0.040,0.112,0.040,0.195,0.000,0.000,0.000,0,0.787,533,2.605,22.4
OK
DATA,MOTOR_BREAKIN_V3,000001,1225,509,511,0.080,0.000,3.176,0.418,2.758,44,FWD,RUN,0.040,0.110,0.074,0.251,0.000,0.000,0.000,0,0.787,533,2.605,22.4
OK
DATA,MOTOR_BREAKIN_V3,000001,1325,508,511,0.106,0.000,3.371,0.474,2.897,49,FWD,RUN,0.053,0.154,0.047,0.390,0.000,0.000,0.000,0,0.787,533,2.605,22.5
OK
DATA,MOTOR_BREAKIN_V3,000001,1425,508,510,0.106,0.068,3.538,0.501,3.037,51,FWD,RUN,0.087,0.264,0.060,0.446,0.000,0.000,0.000,0,0.787,533,2.605,22.5
OK
DATA,MOTOR_BREAKIN_V3,000001,1525,508,510,0.106,0.068,3.510,0.362,3.148,50,FWD,RUN,0.087,0.274,0.047,0.223,0.000,0.000,0.000,0,0.787,533,2.605,22.5
OK
DATA,MOTOR_BREAKIN_V3,000001,1625,509,511,0.080,0.000,3.566,0.306,3.260,47,FWD,RUN,0.040,0.130,0.047,0.529,0.000,0.000,0.000,0,0.787,533,2.605,22.4
DATA,MOTOR_BREAKIN_V3,000001,1725,509,512,0.080,0.000,3.455,0.390,3.065,47,FWD,RUN,0.040,0.122,0.034,0.501,0.000,0.000,0.000,0,0.787,534,2.610,21.8
OK
DATA,MOTOR_BREAKIN_V3,000001,1825,510,512,0.053,0.000,3.315,0.306,3.009,42,FWD,RUN,0.027,0.080,0.026,0.251,0.000,0.000,0.000,0,0.787,533,2.605,22.4
DATA,MOTOR_BREAKIN_V3,000001,1925,510,512,0.053,0.000,3.371,0.223,3.148,42,FWD,RUN,0.027,0.084,0.013,0.306,0.000,0.000,0.000,0,0.787,533,2.605,22.4
OK
DATA,MOTOR_BREAKIN_V3,000001,2025,510,512,0.053,0.000,3.287,0.306,2.981,39,FWD,RUN,0.027,0.080,0.027,0.390,0.000,0.000,0.000,0,0.787,534,2.610,22.4
DATA,MOTOR_BREAKIN_V3,000001,2125,510,511,0.053,0.000,3.204,0.362,2.842,39,FWD,RUN,0.027,0.076,0.027,0.362,0.000,0.000,0.000,0,0.787,534,2.610,22.4
OK
DATA,MOTOR_BREAKIN_V3,000001,2225,511,512,0.000,0.000,3.399,0.223,3.176,42,FWD,RUN,0.000,0.000,0.040,0.390,0.000,0.000,0.000,0,0.787,533,2.605,22.4
OK
DATA,MOTOR_BREAKIN_V3,000001,2325,509,512,0.080,0.000,3.176,0.251,2.925,38,FWD,RUN,0.040,0.117,0.040,0.474,0.000,0.000,0.000,0,0.787,534,2.610,22.4
OK
DATA,MOTOR_BREAKIN_V3,000001,2425,510,511,0.053,0.000,3.204,0.223,2.981,40,FWD,RUN,0.027,0.080,0.040,0.474,0.000,0.000,0.000,0,0.787,533,2.605,22.4
DATA,MOTOR_BREAKIN_V3,000001,2525,510,512,0.053,0.000,3.287,0.362,2.925,40,FWD,RUN,0.027,0.078,0.027,0.334,0.000,0.000,0.000,0,0.787,534,2.610,22.4
OK
DATA,MOTOR_BREAKIN_V3,000001,2625,509,512,0.080,0.000,3.343,0.306,3.037,42,FWD,RUN,0.040,0.121,0.013,0.306,0.000,0.000,0.000,0,0.787,533,2.605,22.4
DATA,MOTOR_BREAKIN_V3,000001,2725,509,512,0.080,0.000,3.232,0.223,3.009,42,FWD,RUN,0.040,0.120,0.013,0.362,0.000,0.000,0.000,0,0.787,533,2.605,22.5
DATA,MOTOR_BREAKIN_V3,000001,2825,509,511,0.080,0.000,3.232,0.195,3.037,42,FWD,RUN,0.040,0.121,0.013,0.251,0.000,0.000,0.000,0,0.787,533,2.605,22.4
OK
DATA,MOTOR_BREAKIN_V3,000001,2925,510,512,0.053,0.000,3.176,0.306,2.870,41,FWD,RUN,0.027,0.077,0.013,0.223,0.000,0.000,0.000,0,0.787,533,2.605,22.3
OK
DATA,MOTOR_BREAKIN_V3,000001,3025,510,511,0.053,0.000,3.287,0.251,3.037,44,FWD,RUN,0.027,0.081,0.013,0.223,0.000,0.000,0.000,0,0.787,533,2.605,22.4
OK
DATA,MOTOR_BREAKIN_V3,000001,3125,509,512,0.080,0.000,3.232,0.251,2.981,43,FWD,RUN,0.040,0.119,0.013,0.223,0.000,0.000,0.000,0,0.787,533,2.605,22.4
DATA,MOTOR_BREAKIN_V3,000001,3224,509,510,0.080,0.068,3.315,0.251,3.065,43,FWD,RUN,0.074,0.226,0.047,0.223,0.226,0.074,3.065,43,0.787,534,2.610,22.4
OK
DATA,MOTOR_BREAKIN_V3,000001,3325,510,511,0.053,0.000,3.232,0.223,3.009,42,FWD,RUN,0.027,0.080,0.047,0.084,0.226,0.074,3.065,43,0.787,533,2.605,22.4
DATA,MOTOR_BREAKIN_V3,000001,3425,509,512,0.080,0.000,3.232,0.251,2.981,42,FWD,RUN,0.040,0.119,0.034,0.139,0.226,0.074,3.065,43,0.787,533,2.605,22.4
DATA,MOTOR_BREAKIN_V3,000001,3525,509,512,0.080,0.000,3.232,0.223,3.009,42,FWD,RUN,0.040,0.120,0.061,0.139,0.226,0.074,3.065,43,0.787,533,2.605,22.4
DATA,MOTOR_BREAKIN_V3,000001,3625,509,511,0.080,0.000,3.287,0.251,3.037,42,FWD,RUN,0.040,0.121,0.061,0.111,0.226,0.074,3.065,43,0.787,534,2.610,22.4
DATA,MOTOR_BREAKIN_V3,000001,3725,510,512,0.053,0.000,3.204,0.223,2.981,42,FWD,RUN,0.027,0.080,0.013,0.223,0.226,0.074,3.065,43,0.787,534,2.610,22.4
DATA,MOTOR_BREAKIN_V3,000001,3825,510,511,0.053,0.000,3.232,0.362,2.870,42,FWD,RUN,0.027,0.077,0.013,0.167,0.226,0.074,3.065,43,0.787,533,2.605,22.4
OK
DATA,MOTOR_BREAKIN_V3,000001,3925,510,510,0.053,0.068,3.287,0.529,2.758,45,FWD,RUN,0.061,0.167,0.034,0.279,0.226,0.074,3.065,43,0.787,534,2.610,23.6
OK
DATA,MOTOR_BREAKIN_V3,000001,4025,509,511,0.080,0.000,3.510,0.362,3.148,50,FWD,RUN,0.040,0.126,0.061,0.919,0.226,0.074,3.065,43,0.787,533,2.605,22.5
OK
DATA,MOTOR_BREAKIN_V3,000001,4125,509,511,0.080,0.000,3.371,0.306,3.065,47,FWD,RUN,0.040,0.122,0.053,0.947,0.226,0.074,3.065,43,0.787,533,2.605,22.5
OK
DATA,MOTOR_BREAKIN_V3,000001,4225,509,510,0.080,0.068,3.371,0.418,2.953,46,FWD,RUN,0.074,0.218,0.047,0.724,0.226,0.074,3.065,43,0.787,534,2.610,22.5
OK
DATA,MOTOR_BREAKIN_V3,000001,4325,508,511,0.106,0.000,3.343,0.362,2.981,47,FWD,RUN,0.053,0.158,0.047,0.696,0.226,0.074,3.065,43,0.787,533,2.605,22.4
DATA,MOTOR_BREAKIN_V3,000001,4425,510,511,0.053,0.000,3.482,0.167,3.315,47,FWD,RUN,0.027,0.089,0.053,0.641,0.226,0.074,3.065,43,0.787,533,2.605,22.5
OK
DATA,MOTOR_BREAKIN_V3,000001,4525,510,512,0.053,0.000,3.315,0.167,3.148,41,FWD,RUN,0.027,0.084,0.053,0.669,0.226,0.074,3.065,43,0.787,534,2.610,22.4
DATA,MOTOR_BREAKIN_V3,000001,4625,509,512,0.080,0.000,3.120,0.334,2.786,41,FWD,RUN,0.040,0.111,0.026,0.557,0.226,0.074,3.065,43,0.787,533,2.605,22.4
OK
DATA,MOTOR_BREAKIN_V3,000001,4725,510,513,0.053,0.000,3.538,0.223,3.315,45,FWD,RUN,0.027,0.089,0.026,0.641,0.226,0.074,3.065,43,0.787,534,2.610,22.5
OK
DATA,MOTOR_BREAKIN_V3,000001,4825,510,513,0.053,0.000,3.092,0.306,2.786,39,FWD,RUN,0.027,0.075,0.053,0.752,0.226,0.074,3.065,43,0.787,533,2.605,22.4
OK
DATA,MOTOR_BREAKIN_V3,000001,4925,510,512,0.053,0.000,3.260,0.446,2.814,43,FWD,RUN,0.027,0.075,0.040,0.641,0.226,0.074,3.065,43,0.787,533,2.605,22.4
OK
DATA,MOTOR_BREAKIN_V3,000001,5025,509,511,0.080,0.000,3.287,0.390,2.897,47,FWD,RUN,0.040,0.116,0.053,0.418,0.226,0.074,3.065,43,0.787,533,2.605,22.5
OK
DATA,MOTOR_BREAKIN_V3,000001,5125,509,511,0.080,0.000,3.399,0.446,2.953,49,FWD,RUN,0.040,0.118,0.087,0.418,0.254,0.087,2.925,49,0.787,533,2.605,22.5
OK
DATA,MOTOR_BREAKIN_V3,000001,5225,509,510,0.080,0.068,3.538,0.474,3.065,50,FWD,RUN,0.074,0.226,0.060,1.170,0.254,0.087,2.925,49,0.787,534,2.610,22.5
OK
DATA,MOTOR_BREAKIN_V3,000001,5325,509,510,0.080,0.068,3.566,0.362,3.204,49,FWD,RUN,0.074,0.236,0.047,1.114,0.254,0.087,2.925,49,0.787,533,2.605,22.5
OK
DATA,MOTOR_BREAKIN_V3,000001,5425,509,512,0.080,0.000,3.343,0.362,2.981,45,FWD,RUN,0.040,0.119,0.047,0.279,0.267,0.087,3.065,49,0.787,534,2.610,24.1
DATA,MOTOR_BREAKIN_V3,000001,5525,509,511,0.080,0.000,3.315,0.390,2.925,45,FWD,RUN,0.040,0.117,0.060,0.390,0.267,0.087,3.065,49,0.787,533,2.605,21.9
OK
DATA,MOTOR_BREAKIN_V3,000001,5625,509,511,0.080,0.000,3.427,0.390,3.037,47,FWD,RUN,0.040,0.121,0.026,0.557,0.267,0.087,3.065,49,0.787,533,2.605,22.5
OK
DATA,MOTOR_BREAKIN_V3,000001,5725,509,511,0.080,0.000,3.455,0.446,3.009,46,FWD,RUN,0.040,0.120,0.000,0.501,0.267,0.087,3.065,49,0.787,533,2.605,22.5
DATA,MOTOR_BREAKIN_V3,000001,5825,510,512,0.053,0.000,3.677,0.223,3.455,46,FWD,RUN,0.027,0.092,0.074,0.501,0.267,0.087,3.065,49,0.787,533,2.605,22.5
OK
DATA,MOTOR_BREAKIN_V3,000001,5925,510,512,0.053,0.000,3.260,0.167,3.092,37,FWD,RUN,0.027,0.083,0.087,0.529,0.276,0.087,3.176,46,0.787,533,2.605,22.5
OK
DATA,MOTOR_BREAKIN_V3,000001,6025,510,513,0.053,0.000,3.315,0.167,3.148,35,FWD,RUN,0.027,0.084,0.060,0.362,0.276,0.087,3.176,46,0.787,533,2.605,22.5
DATA,MOTOR_BREAKIN_V3,000001,6125,510,512,0.053,0.000,3.120,0.167,2.953,35,FWD,RUN,0.027,0.079,0.040,0.390,0.276,0.087,3.176,46,0.787,533,2.605,22.4
OK
DATA,MOTOR_BREAKIN_V3,000001,6225,510,512,0.053,0.000,3.092,0.306,2.786,36,FWD,RUN,0.027,0.075,0.027,0.418,0.276,0.087,3.176,46,0.787,534,2.610,22.4
OK
DATA,MOTOR_BREAKIN_V3,000001,6325,510,512,0.053,0.000,3.148,0.390,2.758,40,FWD,RUN,0.027,0.074,0.027,0.418,0.276,0.087,3.176,46,0.787,533,2.605,22.4
DATA,MOTOR_BREAKIN_V3,000001,6424,510,512,0.053,0.000,3.092,0.334,2.758,40,FWD,RUN,0.027,0.074,0.040,0.223,0.276,0.087,3.176,46,0.787,534,2.610,22.4
OK
DATA,MOTOR_BREAKIN_V3,000001,6525,509,512,0.080,0.000,3.204,0.390,2.814,45,FWD,RUN,0.040,0.112,0.040,0.780,0.276,0.087,3.176,46,0.787,533,2.605,21.8
OK
DATA,MOTOR_BREAKIN_V3,000001,6625,510,512,0.053,0.000,3.761,0.139,3.622,49,FWD,RUN,0.027,0.097,0.061,0.808,0.276,0.087,3.176,46,0.787,534,2.610,22.5
OK
DATA,MOTOR_BREAKIN_V3,000001,6725,509,512,0.080,0.000,3.065,0.279,2.786,37,FWD,RUN,0.040,0.111,0.061,0.836,0.276,0.087,3.176,46,0.787,533,2.605,22.4
OK
DATA,MOTOR_BREAKIN_V3,000001,6825,510,512,0.053,0.000,3.204,0.306,2.897,41,FWD,RUN,0.027,0.078,0.040,0.501,0.276,0.087,3.176,46,0.787,533,2.605,22.4
OK
DATA,MOTOR_BREAKIN_V3,000001,6925,509,511,0.080,0.000,3.287,0.362,2.925,43,FWD,RUN,0.040,0.117,0.040,0.223,0.276,0.087,3.176,46,0.787,534,2.610,22.4
OK
DATA,MOTOR_BREAKIN_V3,000001,7025,510,511,0.053,0.000,3.232,0.390,2.842,45,FWD,RUN,0.027,0.076,0.040,0.195,0.276,0.087,3.176,46,0.787,533,2.605,22.0
OK
DATA,MOTOR_BREAKIN_V3,000001,7125,509,511,0.080,0.000,3.482,0.195,3.287,48,FWD,RUN,0.040,0.131,0.013,0.585,0.276,0.087,3.176,46,0.787,533,2.605,22.4
DATA,MOTOR_BREAKIN_V3,000001,7225,510,512,0.053,0.000,3.622,0.279,3.343,48,FWD,RUN,0.027,0.089,0.013,0.585,0.276,0.087,3.176,46,0.787,534,2.610,22.5
OK
DATA,MOTOR_BREAKIN_V3,000001,7325,509,512,0.080,0.000,3.427,0.279,3.148,41,FWD,RUN,0.040,0.126,0.040,0.446,0.276,0.087,3.176,46,0.787,533,2.605,22.4
OK
DATA,MOTOR_BREAKIN_V3,000001,7425,510,512,0.053,0.000,3.204,0.418,2.786,38,FWD,RUN,0.027,0.075,0.040,0.613,0.276,0.087,3.176,46,0.787,533,2.605,22.4
OK
DATA,MOTOR_BREAKIN_V3,000001,7525,511,512,0.000,0.000,3.482,0.251,3.232,42,FWD,RUN,0.000,0.000,0.040,0.446,0.276,0.087,3.176,46,0.787,531,2.595,22.4
OK
DATA,MOTOR_BREAKIN_V3,000001,7625,511,512,0.000,0.000,3.427,0.084,3.343,37,FWD,RUN,0.000,0.000,0.040,0.529,0.276,0.087,3.176,46,0.787,533,2.605,22.5
OK
DATA,MOTOR_BREAKIN_V3,000001,7725,510,512,0.053,0.000,3.120,0.279,2.842,35,FWD,RUN,0.027,0.076,0.040,0.641,0.276,0.087,3.176,46,0.787,534,2.610,22.4
OK
DATA,MOTOR_BREAKIN_V3,000001,7825,510,512,0.053,0.000,3.065,0.334,2.730,38,FWD,RUN,0.027,0.073,0.027,0.474,0.276,0.087,3.176,46,0.787,533,2.605,22.4
OK
DATA,MOTOR_BREAKIN_V3,000001,7925,510,512,0.053,0.000,3.092,0.390,2.702,43,FWD,RUN,0.027,0.072,0.027,0.474,0.276,0.087,3.176,46,0.787,534,2.610,22.4
OK
DATA,MOTOR_BREAKIN_V3,000001,8025,509,511,0.080,0.000,3.427,0.418,3.009,49,FWD,RUN,0.040,0.120,0.047,0.306,0.276,0.087,3.176,46,0.787,533,2.605,22.5
DATA,MOTOR_BREAKIN_V3,000001,8125,509,512,0.080,0.000,3.455,0.446,3.009,49,FWD,RUN,0.040,0.120,0.047,0.529,0.276,0.087,3.176,46,0.787,533,2.605,22.5
DATA,MOTOR_BREAKIN_V3,000001,8225,509,512,0.080,0.000,3.622,0.418,3.204,49,FWD,RUN,0.040,0.128,0.060,0.474,0.276,0.087,3.176,46,0.787,533,2.605,22.5
OK
DATA,MOTOR_BREAKIN_V3,000001,8325,509,511,0.080,0.000,3.315,0.362,2.953,45,FWD,RUN,0.040,0.118,0.047,0.362,0.276,0.087,3.176,46,0.787,533,2.605,22.3
OK
DATA,MOTOR_BREAKIN_V3,000001,8425,509,512,0.080,0.000,3.343,0.362,2.981,46,FWD,RUN,0.040,0.119,0.074,0.975,0.276,0.087,3.176,46,0.787,533,2.605,22.5
DATA,MOTOR_BREAKIN_V3,000001,8525,509,511,0.080,0.000,3.482,0.306,3.176,46,FWD,RUN,0.040,0.127,0.053,0.975,0.276,0.087,3.176,46,0.787,533,2.605,22.5
OK
DATA,MOTOR_BREAKIN_V3,000001,8625,510,512,0.053,0.000,3.232,0.306,2.925,42,FWD,RUN,0.027,0.078,0.013,0.334,0.276,0.087,3.176,46,0.787,533,2.605,22.4
OK
DATA,MOTOR_BREAKIN_V3,000001,8725,510,511,0.053,0.000,3.260,0.362,2.897,44,FWD,RUN,0.027,0.078,0.040,0.418,0.276,0.087,3.176,46,0.787,533,2.605,22.5
OK
DATA,MOTOR_BREAKIN_V3,000001,8825,510,511,0.053,0.000,3.650,0.251,3.399,46,FWD,RUN,0.027,0.091,0.040,0.724,0.276,0.087,3.176,46,0.787,534,2.610,22.5
OK
DATA,MOTOR_BREAKIN_V3,000001,8925,510,513,0.053,0.000,3.371,0.111,3.260,38,FWD,RUN,0.027,0.087,0.053,0.669,0.276,0.087,3.176,46,0.787,533,2.605,22.4
DATA,MOTOR_BREAKIN_V3,000001,9025,511,512,0.000,0.000,3.120,0.279,2.842,38,FWD,RUN,0.000,0.000,0.053,0.418,0.276,0.087,3.176,46,0.787,533,2.605,22.4
OK
DATA,MOTOR_BREAKIN_V3,000001,9125,510,513,0.053,0.000,3.455,0.251,3.204,41,FWD,RUN,0.027,0.086,0.040,0.613,0.276,0.087,3.176,46,0.787,533,2.605,22.4
OK
DATA,MOTOR_BREAKIN_V3,000001,9225,510,512,0.053,0.000,3.092,0.279,2.814,37,FWD,RUN,0.027,0.075,0.040,0.613,0.276,0.087,3.176,46,0.787,534,2.610,22.4
OK
DATA,MOTOR_BREAKIN_V3,000001,9325,510,512,0.053,0.000,3.176,0.362,2.814,41,FWD,RUN,0.027,0.075,0.013,0.279,0.276,0.087,3.176,46,0.787,533,2.605,22.4
OK
DATA,MOTOR_BREAKIN_V3,000001,9425,509,511,0.080,0.000,3.371,0.418,2.953,45,FWD,RUN,0.040,0.118,0.040,0.557,0.276,0.087,3.176,46,0.787,533,2.605,21.8
OK
DATA,MOTOR_BREAKIN_V3,000001,9525,510,512,0.053,0.000,3.455,0.279,3.176,46,FWD,RUN,0.027,0.085,0.040,0.418,0.276,0.087,3.176,46,0.787,533,2.605,22.5
OK
DATA,MOTOR_BREAKIN_V3,000001,9624,510,513,0.053,0.000,3.622,0.028,3.594,42,FWD,RUN,0.027,0.096,0.060,0.724,0.276,0.087,3.176,46,0.787,534,2.610,22.5
OK
DATA,MOTOR_BREAKIN_V3,000001,9725,510,512,0.053,0.000,3.037,0.279,2.758,35,FWD,RUN,0.027,0.074,0.060,0.836,0.276,0.087,3.176,46,0.787,533,2.605,22.5
DATA,MOTOR_BREAKIN_V3,000001,9825,511,512,0.000,0.000,3.260,0.139,3.120,35,FWD,RUN,0.000,0.000,0.040,0.669,0.276,0.087,3.176,46,0.787,533,2.605,22.5
OK
DATA,MOTOR_BREAKIN_V3,000001,9925,509,511,0.080,0.000,3.232,0.334,2.897,40,FWD,RUN,0.040,0.116,0.040,0.362,0.276,0.087,3.176,46,0.787,533,2.605,22.4
OK
DATA,MOTOR_BREAKIN_V3,000001,10025,510,511,0.053,0.000,3.315,0.306,3.009,42,FWD,RUN,0.027,0.080,0.074,0.446,0.276,0.087,3.176,46,0.787,534,2.610,22.4
DATA,MOTOR_BREAKIN_V3,000001,10125,510,510,0.053,0.068,3.176,0.306,2.870,42,FWD,RUN,0.061,0.174,0.074,0.446,0.276,0.087,3.176,46,0.787,533,2.605,22.4
OK
DATA,MOTOR_BREAKIN_V3,000001,10225,509,512,0.080,0.000,3.176,0.390,2.786,45,FWD,RUN,0.040,0.111,0.034,0.334,0.276,0.087,3.176,46,0.787,533,2.605,22.0
OK
DATA,MOTOR_BREAKIN_V3,000001,10325,509,511,0.080,0.000,3.510,0.390,3.120,49,FWD,RUN,0.040,0.125,0.047,0.362,0.276,0.087,3.176,46,0.787,533,2.605,22.5
OK
DATA,MOTOR_BREAKIN_V3,000001,10425,510,511,0.053,0.000,3.482,0.306,3.176,47,FWD,RUN,0.027,0.085,0.047,0.529,0.276,0.087,3.176,46,0.787,534,2.610,22.5
OK
DATA,MOTOR_BREAKIN_V3,000001,10525,510,511,0.053,0.000,3.371,0.362,3.009,43,FWD,RUN,0.027,0.080,0.026,0.474,0.276,0.087,3.176,46,0.787,533,2.605,22.4
DATA,MOTOR_BREAKIN_V3,000001,10625,510,511,0.053,0.000,3.232,0.334,2.897,43,FWD,RUN,0.027,0.078,0.026,0.474,0.276,0.087,3.176,46,0.787,534,2.610,22.4
OK
DATA,MOTOR_BREAKIN_V3,000001,10725,509,510,0.080,0.068,3.399,0.418,2.981,45,FWD,RUN,0.074,0.220,0.047,0.306,0.276,0.087,3.176,46,0.787,533,2.605,22.0
DATA,MOTOR_BREAKIN_V3,000001,10825,509,512,0.080,0.000,3.399,0.362,3.037,45,FWD,RUN,0.040,0.121,0.047,0.334,0.276,0.087,3.176,46,0.787,533,2.605,22.5
OK
DATA,MOTOR_BREAKIN_V3,000001,10925,510,513,0.053,0.000,3.510,0.223,3.287,44,FWD,RUN,0.027,0.088,0.047,0.251,0.276,0.087,3.176,46,0.787,534,2.610,22.4
OK
DATA,MOTOR_BREAKIN_V3,000001,11025,510,512,0.053,0.000,3.315,0.251,3.065,38,FWD,RUN,0.027,0.082,0.013,0.279,0.276,0.087,3.176,46,0.787,533,2.605,22.4
OK
DATA,MOTOR_BREAKIN_V3,000001,11125,511,513,0.000,0.000,3.287,0.195,3.092,37,FWD,RUN,0.000,0.000,0.040,0.557,0.276,0.087,3.176,46,0.787,533,2.605,22.5
OK
DATA,MOTOR_BREAKIN_V3,000001,11225,510,513,0.053,0.000,2.981,0.251,2.730,35,FWD,RUN,0.027,0.073,0.027,0.362,0.276,0.087,3.176,46,0.787,534,2.610,22.4
OK
DATA,MOTOR_BREAKIN_V3,000001,11325,510,513,0.053,0.000,3.065,0.334,2.730,40,FWD,RUN,0.027,0.073,0.027,0.446,0.276,0.087,3.176,46,0.787,534,2.610,22.4
OK
DATA,MOTOR_BREAKIN_V3,000001,11425,509,511,0.080,0.000,3.232,0.334,2.897,45,FWD,RUN,0.040,0.116,0.074,0.279,0.276,0.087,3.176,46,0.787,533,2.605,22.3
OK
DATA,MOTOR_BREAKIN_V3,000001,11525,509,512,0.080,0.000,3.371,0.390,2.981,47,FWD,RUN,0.040,0.119,0.074,0.251,0.276,0.087,3.176,46,0.787,533,2.605,22.5
DATA,MOTOR_BREAKIN_V3,000001,11625,509,512,0.080,0.000,3.427,0.390,3.037,47,FWD,RUN,0.040,0.121,0.047,0.446,0.284,0.087,3.260,47,0.787,534,2.610,22.5
DATA,MOTOR_BREAKIN_V3,000001,11725,509,511,0.080,0.000,3.482,0.390,3.092,47,FWD,RUN,0.040,0.124,0.060,0.585,0.284,0.087,3.260,47,0.787,533,2.605,22.5
OK
DATA,MOTOR_BREAKIN_V3,000001,11825,508,511,0.106,0.000,3.455,0.418,3.037,45,FWD,RUN,0.053,0.161,0.047,0.585,0.284,0.087,3.260,47,0.787,534,2.610,22.5
OK
DATA,MOTOR_BREAKIN_V3,000001,11925,509,512,0.080,0.000,3.399,0.641,2.758,44,FWD,RUN,0.040,0.110,0.047,0.501,0.284,0.087,3.260,47,0.787,533,2.605,22.4
OK
DATA,MOTOR_BREAKIN_V3,000001,12025,508,511,0.106,0.000,3.538,0.418,3.120,49,FWD,RUN,0.053,0.166,0.060,0.501,0.284,0.087,3.260,47,0.787,534,2.610,22.5
OK
DATA,MOTOR_BREAKIN_V3,000001,12125,509,510,0.080,0.068,3.538,0.306,3.232,47,FWD,RUN,0.074,0.238,0.060,0.223,0.284,0.087,3.260,47,0.787,533,2.605,22.4
OK
DATA,MOTOR_BREAKIN_V3,000001,12225,509,511,0.080,0.000,3.399,0.334,3.065,42,FWD,RUN,0.040,0.122,0.047,0.474,0.284,0.087,3.260,47,0.787,533,2.605,22.4
OK
DATA,MOTOR_BREAKIN_V3,000001,12325,510,511,0.053,0.000,3.120,0.306,2.814,41,FWD,RUN,0.027,0.075,0.074,0.724,0.284,0.087,3.260,47,0.787,533,2.605,22.4
OK
DATA,MOTOR_BREAKIN_V3,000001,12425,510,511,0.053,0.000,3.455,0.139,3.315,45,FWD,RUN,0.027,0.089,0.074,0.724,0.284,0.087,3.260,47,0.787,533,2.605,22.4
DATA,MOTOR_BREAKIN_V3,000001,12525,510,512,0.053,0.000,3.455,0.279,3.176,45,FWD,RUN,0.027,0.085,0.074,0.641,0.284,0.087,3.260,47,0.787,533,2.605,23.2
OK
DATA,MOTOR_BREAKIN_V3,000001,12625,510,512,0.053,0.000,3.343,0.251,3.092,39,FWD,RUN,0.027,0.083,0.026,0.501,0.284,0.087,3.260,47,0.787,533,2.605,22.4
OK
DATA,MOTOR_BREAKIN_V3,000001,12725,510,511,0.053,0.000,3.037,0.279,2.758,37,FWD,RUN,0.027,0.074,0.027,0.501,0.284,0.087,3.260,47,0.787,534,2.610,22.4
OK
DATA,MOTOR_BREAKIN_V3,000001,12824,510,512,0.053,0.000,3.232,0.334,2.897,42,FWD,RUN,0.027,0.078,0.027,0.390,0.284,0.087,3.260,47,0.787,533,2.605,22.4
OK
DATA,MOTOR_BREAKIN_V3,000001,12925,510,512,0.053,0.000,3.120,0.418,2.702,44,FWD,RUN,0.027,0.072,0.027,0.474,0.284,0.087,3.260,47,0.787,533,2.605,22.4
OK
DATA,MOTOR_BREAKIN_V3,000001,13025,508,510,0.106,0.068,3.482,0.418,3.065,50,FWD,RUN,0.087,0.267,0.087,0.724,0.284,0.087,3.260,47,0.787,533,2.605,22.5
OK
DATA,MOTOR_BREAKIN_V3,000001,13125,510,512,0.053,0.000,3.538,0.418,3.120,49,FWD,RUN,0.027,0.083,0.087,0.557,0.284,0.087,3.260,47,0.787,533,2.605,22.5
OK
DATA,MOTOR_BREAKIN_V3,000001,13225,509,510,0.080,0.068,3.482,0.334,3.148,47,FWD,RUN,0.074,0.232,0.074,0.919,0.284,0.087,3.260,47,0.787,534,2.610,22.5
OK
DATA,MOTOR_BREAKIN_V3,000001,13325,510,512,0.053,0.000,3.594,0.306,3.287,44,FWD,RUN,0.027,0.088,0.074,0.947,0.284,0.087,3.260,47,0.787,533,2.605,22.4
OK
DATA,MOTOR_BREAKIN_V3,000001,13425,510,511,0.053,0.000,3.120,0.306,2.814,38,FWD,RUN,0.027,0.075,0.040,0.891,0.284,0.087,3.260,47,0.787,533,2.605,22.4
DATA,MOTOR_BREAKIN_V3,000001,13525,510,512,0.053,0.000,3.176,0.279,2.897,38,FWD,RUN,0.027,0.078,0.027,0.557,0.284,0.087,3.260,47,0.787,534,2.610,22.4
OK
DATA,MOTOR_BREAKIN_V3,000001,13625,510,511,0.053,0.000,3.232,0.279,2.953,40,FWD,RUN,0.027,0.079,0.061,0.251,0.284,0.087,3.260,47,0.787,533,2.605,22.4
OK
DATA,MOTOR_BREAKIN_V3,000001,13725,512,512,0.000,0.000,3.510,0.000,3.510,41,FWD,RUN,0.000,0.000,0.061,0.641,0.284,0.087,3.260,47,0.787,533,2.605,22.4
OK
DATA,MOTOR_BREAKIN_V3,000001,13825,510,512,0.053,0.000,3.065,0.306,2.758,35,FWD,RUN,0.027,0.074,0.040,0.752,0.284,0.087,3.260,47,0.787,533,2.605,22.5
OK
DATA,MOTOR_BREAKIN_V3,000001,13925,509,512,0.080,0.000,3.120,0.306,2.814,40,FWD,RUN,0.040,0.112,0.040,0.167,0.284,0.087,3.260,47,0.787,533,2.605,22.4
OK
DATA,MOTOR_BREAKIN_V3,000001,14025,510,512,0.053,0.000,3.232,0.334,2.897,44,FWD,RUN,0.027,0.078,0.040,0.223,0.284,0.087,3.260,47,0.787,533,2.605,22.5
OK
DATA,MOTOR_BREAKIN_V3,000001,14125,509,511,0.080,0.000,3.371,0.362,3.009,46,FWD,RUN,0.040,0.120,0.061,0.557,0.284,0.087,3.260,47,0.787,533,2.605,22.5
DATA,MOTOR_BREAKIN_V3,000001,14225,509,511,0.080,0.000,3.315,0.334,2.981,46,FWD,RUN,0.040,0.119,0.074,0.418,0.284,0.087,3.260,47,0.787,533,2.605,22.5
DATA,MOTOR_BREAKIN_V3,000001,14325,510,511,0.053,0.000,3.427,0.557,2.870,46,FWD,RUN,0.027,0.077,0.047,0.390,0.284,0.087,3.260,47,0.787,533,2.605,22.5
DATA,MOTOR_BREAKIN_V3,000001,14425,509,511,0.080,0.000,3.399,0.334,3.065,46,FWD,RUN,0.040,0.122,0.060,0.446,0.284,0.087,3.260,47,0.787,533,2.605,22.5
OK
DATA,MOTOR_BREAKIN_V3,000001,14525,509,510,0.080,0.068,3.399,0.334,3.065,45,FWD,RUN,0.074,0.226,0.060,0.306,0.284,0.087,3.260,47,0.787,533,2.605,22.5
OK
DATA,MOTOR_BREAKIN_V3,000001,14625,509,512,0.080,0.000,3.260,0.251,3.009,44,FWD,RUN,0.040,0.120,0.047,0.334,0.284,0.087,3.260,47,0.787,534,2.610,22.4
DATA,MOTOR_BREAKIN_V3,000001,14725,509,511,0.080,0.000,3.232,0.279,2.953,44,FWD,RUN,0.040,0.118,0.013,0.334,0.284,0.087,3.260,47,0.787,533,2.605,22.4
OK
DATA,MOTOR_BREAKIN_V3,000001,14825,509,511,0.080,0.000,3.399,0.251,3.148,45,FWD,RUN,0.040,0.126,0.047,0.251,0.284,0.087,3.260,47,0.787,533,2.605,22.5
OK
DATA,MOTOR_BREAKIN_V3,000001,14925,510,511,0.053,0.000,3.260,0.195,3.065,42,FWD,RUN,0.027,0.082,0.047,0.223,0.284,0.087,3.260,47,0.787,533,2.605,22.4
OK
DATA,MOTOR_BREAKIN_V3,000001,15025,510,512,0.053,0.000,3.120,0.362,2.758,41,FWD,RUN,0.027,0.074,0.013,0.362,0.284,0.087,3.260,47,0.787,533,2.605,22.4
OK
DATA,MOTOR_BREAKIN_V3,000001,15125,509,511,0.080,0.000,3.315,0.251,3.065,46,FWD,RUN,0.040,0.122,0.013,0.306,0.284,0.087,3.260,47,0.787,533,2.605,22.5
OK
DATA,MOTOR_BREAKIN_V3,000001,15225,509,511,0.080,0.000,3.427,0.223,3.204,45,FWD,RUN,0.040,0.128,0.047,0.418,0.284,0.087,3.260,47,0.787,533,2.605,22.5
DATA,MOTOR_BREAKIN_V3,000001,15325,510,511,0.053,0.000,3.315,0.251,3.065,45,FWD,RUN,0.027,0.082,0.047,0.418,0.284,0.087,3.260,47,0.787,533,2.605,22.3
OK
DATA,MOTOR_BREAKIN_V3,000001,15425,509,511,0.080,0.000,3.343,0.167,3.176,44,FWD,RUN,0.040,0.127,0.040,0.195,0.284,0.087,3.260,47,0.787,533,2.605,22.4
OK
DATA,MOTOR_BREAKIN_V3,000001,15525,510,512,0.053,0.000,3.120,0.306,2.814,40,FWD,RUN,0.027,0.075,0.040,0.362,0.284,0.087,3.260,47,0.787,533,2.605,22.4
OK
DATA,MOTOR_BREAKIN_V3,000001,15625,510,512,0.053,0.000,3.371,0.334,3.037,44,FWD,RUN,0.027,0.081,0.027,0.279,0.284,0.087,3.260,47,0.787,534,2.610,22.4
OK
DATA,MOTOR_BREAKIN_V3,000001,15725,509,511,0.080,0.000,3.204,0.223,2.981,43,FWD,RUN,0.040,0.119,0.013,0.279,0.284,0.087,3.260,47,0.787,533,2.605,22.4
DATA,MOTOR_BREAKIN_V3,000001,15825,510,512,0.053,0.000,3.232,0.306,2.925,43,FWD,RUN,0.027,0.078,0.047,0.362,0.284,0.087,3.260,47,0.787,534,2.610,22.4
OK
DATA,MOTOR_BREAKIN_V3,000001,15925,509,511,0.080,0.000,3.315,0.251,3.065,45,FWD,RUN,0.040,0.122,0.047,0.334,0.284,0.087,3.260,47,0.787,533,2.605,23.5
OK
DATA,MOTOR_BREAKIN_V3,000001,16024,509,511,0.080,0.000,3.343,0.167,3.176,44,FWD,RUN,0.040,0.127,0.013,0.390,0.284,0.087,3.260,47,0.787,534,2.610,22.4
OK
DATA,MOTOR_BREAKIN_V3,000001,16125,509,512,0.080,0.000,3.204,0.251,2.953,40,FWD,RUN,0.040,0.118,0.013,0.251,0.284,0.087,3.260,47,0.787,534,2.610,22.4
DATA,MOTOR_BREAKIN_V3,000001,16225,510,512,0.053,0.000,3.148,0.306,2.842,40,FWD,RUN,0.027,0.076,0.040,0.390,0.284,0.087,3.260,47,0.787,533,2.605,22.4
OK
DATA,MOTOR_BREAKIN_V3,000001,16325,509,511,0.080,0.000,3.204,0.251,2.953,41,FWD,RUN,0.040,0.118,0.040,0.279,0.284,0.087,3.260,47,0.787,533,2.605,22.4
OK
DATA,MOTOR_BREAKIN_V3,000001,16425,509,512,0.080,0.000,3.232,0.251,2.981,42,FWD,RUN,0.040,0.119,0.040,0.251,0.284,0.087,3.260,47,0.787,534,2.610,22.4
DATA,MOTOR_BREAKIN_V3,000001,16525,510,511,0.053,0.000,3.232,0.167,3.065,42,FWD,RUN,0.027,0.082,0.034,0.362,0.284,0.087,3.260,47,0.787,533,2.605,22.4
OK
DATA,MOTOR_BREAKIN_V3,000001,16625,509,511,0.080,0.000,3.204,0.223,2.981,41,FWD,RUN,0.040,0.119,0.034,0.306,0.284,0.087,3.260,47,0.787,533,2.605,22.4
DATA,MOTOR_BREAKIN_V3,000001,16725,510,512,0.053,0.000,3.176,0.362,2.814,41,FWD,RUN,0.027,0.075,0.013,0.251,0.284,0.087,3.260,47,0.787,534,2.610,22.4
OK
DATA,MOTOR_BREAKIN_V3,000001,16825,509,511,0.080,0.000,3.399,0.195,3.204,45,FWD,RUN,0.040,0.128,0.013,0.501,0.284,0.087,3.260,47,0.787,534,2.610,22.4
OK
DATA,MOTOR_BREAKIN_V3,000001,16925,509,512,0.080,0.000,3.287,0.111,3.176,41,FWD,RUN,0.040,0.127,0.060,0.501,0.284,0.087,3.260,47,0.787,533,2.605,22.4
OK
DATA,MOTOR_BREAKIN_V3,000001,17025,510,512,0.053,0.000,3.092,0.306,2.786,37,FWD,RUN,0.027,0.075,0.087,0.446,0.284,0.087,3.260,47,0.787,534,2.610,22.5
OK
DATA,MOTOR_BREAKIN_V3,000001,17125,510,512,0.053,0.000,3.176,0.362,2.814,41,FWD,RUN,0.027,0.075,0.027,0.251,0.284,0.087,3.260,47,0.787,534,2.610,22.4
DATA,MOTOR_BREAKIN_V3,000001,17225,509,511,0.080,0.000,3.232,0.251,2.981,41,FWD,RUN,0.040,0.119,0.013,0.306,0.284,0.087,3.260,47,0.787,533,2.605,22.3
DATA,MOTOR_BREAKIN_V3,000001,17325,510,512,0.053,0.000,3.232,0.167,3.065,41,FWD,RUN,0.027,0.082,0.013,0.418,0.284,0.087,3.260,47,0.787,533,2.605,22.4
OK
DATA,MOTOR_BREAKIN_V3,000001,17425,510,511,0.053,0.000,3.120,0.251,2.870,40,FWD,RUN,0.027,0.077,0.027,0.557,0.284,0.087,3.260,47,0.787,533,2.605,22.4
OK
DATA,MOTOR_BREAKIN_V3,000001,17525,509,512,0.080,0.000,3.260,0.279,2.981,43,FWD,RUN,0.040,0.119,0.061,0.390,0.284,0.087,3.260,47,0.787,533,2.605,22.4
DATA,MOTOR_BREAKIN_V3,000001,17625,509,512,0.080,0.000,3.371,0.139,3.232,43,FWD,RUN,0.040,0.129,0.034,0.474,0.284,0.087,3.260,47,0.787,533,2.605,22.4
OK
DATA,MOTOR_BREAKIN_V3,000001,17725,509,512,0.080,0.000,3.120,0.334,2.786,38,FWD,RUN,0.040,0.111,0.047,0.474,0.284,0.087,3.260,47,0.787,533,2.605,22.5
OK
DATA,MOTOR_BREAKIN_V3,000001,17825,510,512,0.053,0.000,3.204,0.306,2.897,42,FWD,RUN,0.027,0.078,0.074,0.418,0.284,0.087,3.260,47,0.787,533,2.605,22.4
OK
DATA,MOTOR_BREAKIN_V3,000001,17925,509,511,0.080,0.000,3.232,0.474,2.758,44,FWD,RUN,0.040,0.110,0.040,0.334,0.284,0.087,3.260,47,0.787,533,2.605,22.4
OK
DATA,MOTOR_BREAKIN_V3,000001,18025,508,510,0.106,0.068,3.427,0.390,3.037,49,FWD,RUN,0.087,0.264,0.087,0.446,0.284,0.087,3.260,47,0.787,533,2.605,22.5
DATA,MOTOR_BREAKIN_V3,000001,18125,509,510,0.080,0.068,3.455,0.474,2.981,49,FWD,RUN,0.074,0.220,0.060,0.418,0.284,0.087,3.260,47,0.787,533,2.605,22.5
DATA,MOTOR_BREAKIN_V3,000001,18225,508,511,0.106,0.000,3.455,0.390,3.065,49,FWD,RUN,0.053,0.163,0.074,0.557,0.284,0.087,3.260,47,0.787,533,2.605,22.5
OK
DATA,MOTOR_BREAKIN_V3,000001,18325,509,511,0.080,0.000,3.455,0.362,3.092,48,FWD,RUN,0.040,0.124,0.087,0.808,0.284,0.087,3.260,47,0.787,533,2.605,22.5
OK
DATA,MOTOR_BREAKIN_V3,000001,18425,509,510,0.080,0.068,3.343,0.362,2.981,46,FWD,RUN,0.074,0.220,0.060,0.418,0.284,0.087,3.260,47,0.787,534,2.610,22.5
DATA,MOTOR_BREAKIN_V3,000001,18525,511,511,0.000,0.000,3.538,0.306,3.232,46,FWD,RUN,0.000,0.000,0.074,0.279,0.284,0.087,3.260,47,0.787,533,2.605,22.5
OK
DATA,MOTOR_BREAKIN_V3,000001,18625,510,511,0.053,0.000,3.176,0.251,2.925,41,FWD,RUN,0.027,0.078,0.074,0.390,0.284,0.087,3.260,47,0.787,534,2.610,22.5
OK
DATA,MOTOR_BREAKIN_V3,000001,18725,511,512,0.000,0.000,3.315,0.334,2.981,43,FWD,RUN,0.000,0.000,0.074,0.279,0.284,0.087,3.260,47,0.787,534,2.610,22.5
DATA,MOTOR_BREAKIN_V3,000001,18825,509,512,0.080,0.000,3.204,0.474,2.730,43,FWD,RUN,0.040,0.109,0.040,0.362,0.284,0.087,3.260,47,0.787,534,2.610,21.8
OK
DATA,MOTOR_BREAKIN_V3,000001,18925,509,511,0.080,0.000,3.455,0.223,3.232,48,FWD,RUN,0.040,0.129,0.040,0.501,0.284,0.087,3.260,47,0.787,534,2.610,22.5
DATA,MOTOR_BREAKIN_V3,000001,19025,509,511,0.080,0.000,3.427,0.223,3.204,48,FWD,RUN,0.040,0.128,0.013,0.446,0.284,0.087,3.260,47,0.787,533,2.605,22.5
OK
DATA,MOTOR_BREAKIN_V3,000001,19125,510,512,0.053,0.000,3.232,0.362,2.870,44,FWD,RUN,0.027,0.077,0.013,0.334,0.284,0.087,3.260,47,0.787,533,2.605,22.4
OK
DATA,MOTOR_BREAKIN_V3,000001,19224,509,511,0.080,0.000,3.399,0.334,3.065,47,FWD,RUN,0.040,0.122,0.013,0.195,0.284,0.087,3.260,47,0.787,533,2.605,22.5
OK
DATA,MOTOR_BREAKIN_V3,000001,19325,509,511,0.080,0.000,3.343,0.390,2.953,46,FWD,RUN,0.040,0.118,0.026,0.446,0.284,0.087,3.260,47,0.787,534,2.610,22.5
OK
DATA,MOTOR_BREAKIN_V3,000001,19425,509,510,0.080,0.068,3.399,0.195,3.204,47,FWD,RUN,0.074,0.236,0.060,0.446,0.284,0.087,3.260,47,0.787,534,2.610,22.5
OK
DATA,MOTOR_BREAKIN_V3,000001,19525,510,511,0.053,0.000,3.287,0.334,2.953,43,FWD,RUN,0.027,0.079,0.087,0.251,0.284,0.087,3.260,47,0.787,534,2.610,21.8
OK
DATA,MOTOR_BREAKIN_V3,000001,19625,509,511,0.080,0.000,3.232,0.306,2.925,44,FWD,RUN,0.040,0.117,0.074,0.251,0.284,0.087,3.260,47,0.787,534,2.610,22.4
OK
DATA,MOTOR_BREAKIN_V3,000001,19725,509,510,0.080,0.068,3.343,0.279,3.065,46,FWD,RUN,0.074,0.226,0.047,0.529,0.284,0.087,3.260,47,0.787,534,2.610,22.5
OK
DATA,MOTOR_BREAKIN_V3,000001,19825,510,512,0.053,0.000,3.343,0.306,3.037,45,FWD,RUN,0.027,0.081,0.047,0.529,0.284,0.087,3.260,47,0.787,533,2.605,22.4
DATA,MOTOR_BREAKIN_V3,000001,19925,509,511,0.080,0.000,3.427,0.223,3.204,45,FWD,RUN,0.040,0.128,0.034,0.251,0.284,0.087,3.260,47,0.787,533,2.605,22.5
OK
DATA,MOTOR_BREAKIN_V3,000001,20025,509,511,0.080,0.000,3.204,0.279,2.925,41,FWD,RUN,0.040,0.117,0.013,0.334,0.284,0.087,3.260,47,0.787,533,2.605,22.4
OK
DATA,MOTOR_BREAKIN_V3,000001,20125,510,512,0.053,0.000,3.315,0.390,2.925,43,FWD,RUN,0.027,0.078,0.040,0.334,0.284,0.087,3.260,47,0.787,533,2.605,22.9
OK
DATA,MOTOR_BREAKIN_V3,000001,20225,510,512,0.053,0.000,3.371,0.334,3.037,45,FWD,RUN,0.027,0.081,0.074,0.390,0.284,0.087,3.260,47,0.787,533,2.605,22.5
OK
DATA,MOTOR_BREAKIN_V3,000001,20325,509,510,0.080,0.068,3.287,0.279,3.009,44,FWD,RUN,0.074,0.222,0.047,0.390,0.284,0.087,3.260,47,0.787,532,2.600,22.4
DATA,MOTOR_BREAKIN_V3,000001,20425,509,511,0.080,0.000,3.260,0.418,2.842,44,FWD,RUN,0.040,0.114,0.047,0.306,0.284,0.087,3.260,47,0.787,532,2.600,22.4
OK
DATA,MOTOR_BREAKIN_V3,000001,20525,510,511,0.053,0.000,3.343,0.390,2.953,47,FWD,RUN,0.027,0.079,0.034,0.306,0.284,0.087,3.260,47,0.787,532,2.600,22.4
OK
DATA,MOTOR_BREAKIN_V3,000001,20625,510,511,0.053,0.000,3.455,0.279,3.176,48,FWD,RUN,0.027,0.085,0.013,0.223,0.284,0.087,3.260,47,0.787,531,2.595,22.4
OK
DATA,MOTOR_BREAKIN_V3,000001,20725,510,511,0.053,0.000,3.287,0.279,3.009,44,FWD,RUN,0.027,0.080,0.013,0.334,0.284,0.087,3.260,47,0.787,531,2.595,22.4
DATA,MOTOR_BREAKIN_V3,000001,20825,510,512,0.053,0.000,3.399,0.251,3.148,44,FWD,RUN,0.027,0.084,0.040,0.418,0.284,0.087,3.260,47,0.787,532,2.600,22.4
OK
DATA,MOTOR_BREAKIN_V3,000001,20925,510,512,0.053,0.000,3.204,0.279,2.925,41,FWD,RUN,0.027,0.078,0.040,0.474,0.284,0.087,3.260,47,0.787,532,2.600,22.4
OK
DATA,MOTOR_BREAKIN_V3,000001,21025,510,512,0.053,0.000,3.371,0.167,3.204,43,FWD,RUN,0.027,0.086,0.013,0.418,0.284,0.087,3.260,47,0.787,532,2.600,22.4
OK
DATA,MOTOR_BREAKIN_V3,000001,21125,510,512,0.053,0.000,3.176,0.279,2.897,39,FWD,RUN,0.027,0.078,0.040,0.390,0.284,0.087,3.260,47,0.787,532,2.600,22.3
OK
DATA,MOTOR_BREAKIN_V3,000001,21225,510,513,0.053,0.000,3.315,0.111,3.204,41,FWD,RUN,0.027,0.086,0.040,0.446,0.284,0.087,3.260,47,0.787,532,2.600,22.4
OK
DATA,MOTOR_BREAKIN_V3,000001,21325,510,512,0.053,0.000,3.092,0.223,2.870,37,FWD,RUN,0.027,0.077,0.013,0.446,0.284,0.087,3.260,47,0.787,533,2.605,22.4
OK
DATA,MOTOR_BREAKIN_V3,000001,21425,511,511,0.000,0.000,3.204,0.306,2.897,40,FWD,RUN,0.000,0.000,0.027,0.223,0.284,0.087,3.260,47,0.787,533,2.605,22.4
OK
DATA,MOTOR_BREAKIN_V3,000001,21525,510,513,0.053,0.000,3.148,0.306,2.842,42,FWD,RUN,0.027,0.076,0.040,0.223,0.284,0.087,3.260,47,0.787,533,2.605,22.3
OK
DATA,MOTOR_BREAKIN_V3,000001,21625,509,511,0.080,0.000,3.315,0.390,2.925,45,FWD,RUN,0.040,0.117,0.013,0.724,0.284,0.087,3.260,47,0.787,533,2.605,22.4
DATA,MOTOR_BREAKIN_V3,000001,21725,509,510,0.080,0.068,3.232,0.390,2.842,45,FWD,RUN,0.074,0.210,0.047,0.641,0.284,0.087,3.260,47,0.787,533,2.605,21.7
OK
DATA,MOTOR_BREAKIN_V3,000001,21825,509,512,0.080,0.000,3.371,0.418,2.953,48,FWD,RUN,0.040,0.118,0.047,0.529,0.284,0.087,3.260,47,0.787,533,2.605,22.3
OK
DATA,MOTOR_BREAKIN_V3,000001,21925,511,511,0.000,0.000,3.650,0.251,3.399,49,FWD,RUN,0.000,0.000,0.074,0.669,0.284,0.087,3.260,47,0.787,532,2.600,22.4
OK
DATA,MOTOR_BREAKIN_V3,000001,22025,510,512,0.053,0.000,3.204,0.334,2.870,41,FWD,RUN,0.027,0.077,0.074,0.641,0.284,0.087,3.260,47,0.787,532,2.600,22.3
OK
DATA,MOTOR_BREAKIN_V3,000001,22125,509,512,0.080,0.000,3.427,0.306,3.120,44,FWD,RUN,0.040,0.125,0.040,0.641,0.284,0.087,3.260,47,0.787,533,2.605,22.3
OK
DATA,MOTOR_BREAKIN_V3,000001,22225,510,512,0.053,0.000,3.427,0.418,3.009,42,FWD,RUN,0.027,0.080,0.040,0.418,0.284,0.087,3.260,47,0.787,533,2.605,22.3
DATA,MOTOR_BREAKIN_V3,000001,22325,510,511,0.053,0.000,3.399,0.306,3.092,42,FWD,RUN,0.027,0.083,0.013,0.306,0.284,0.087,3.260,47,0.787,533,2.605,22.3
OK
DATA,MOTOR_BREAKIN_V3,000001,22424,510,512,0.053,0.000,3.148,0.306,2.842,40,FWD,RUN,0.027,0.076,0.013,0.251,0.284,0.087,3.260,47,0.787,533,2.605,22.3
DATA,MOTOR_BREAKIN_V3,000001,22525,510,512,0.053,0.000,3.148,0.306,2.842,40,FWD,RUN,0.027,0.076,0.040,0.641,0.284,0.087,3.260,47,0.787,533,2.605,22.3
OK
DATA,MOTOR_BREAKIN_V3,000001,22625,510,511,0.053,0.000,3.371,0.279,3.092,43,FWD,RUN,0.027,0.083,0.061,0.641,0.284,0.087,3.260,47,0.787,533,2.605,22.3
OK
DATA,MOTOR_BREAKIN_V3,000001,22725,510,511,0.053,0.000,3.176,0.334,2.842,41,FWD,RUN,0.027,0.076,0.061,0.641,0.284,0.087,3.260,47,0.787,533,2.605,22.3
OK
DATA,MOTOR_BREAKIN_V3,000001,22825,510,512,0.053,0.000,3.482,0.223,3.260,44,FWD,RUN,0.027,0.087,0.040,0.641,0.284,0.087,3.260,47,0.787,533,2.605,22.3
OK
DATA,MOTOR_BREAKIN_V3,000001,22925,510,511,0.053,0.000,3.260,0.223,3.037,39,FWD,RUN,0.027,0.081,0.000,0.501,0.284,0.087,3.260,47,0.787,533,2.605,22.3
OK
DATA,MOTOR_BREAKIN_V3,000001,23025,510,511,0.053,0.000,3.092,0.306,2.786,38,FWD,RUN,0.027,0.075,0.040,0.418,0.284,0.087,3.260,47,0.787,532,2.600,22.3
OK
DATA,MOTOR_BREAKIN_V3,000001,23125,510,513,0.053,0.000,3.315,0.279,3.037,42,FWD,RUN,0.027,0.081,0.040,0.557,0.284,0.087,3.260,47,0.787,532,2.600,22.3
OK
DATA,MOTOR_BREAKIN_V3,000001,23225,510,512,0.053,0.000,3.287,0.306,2.981,41,FWD,RUN,0.027,0.080,0.013,0.557,0.284,0.087,3.260,47,0.787,532,2.600,22.3
DATA,MOTOR_BREAKIN_V3,000001,23325,510,511,0.053,0.000,3.315,0.167,3.148,41,FWD,RUN,0.027,0.084,0.013,0.613,0.284,0.087,3.260,47,0.787,532,2.600,22.3
OK
DATA,MOTOR_BREAKIN_V3,000001,23425,510,512,0.053,0.000,3.232,0.000,3.232,38,FWD,RUN,0.027,0.086,0.013,0.613,0.284,0.087,3.260,47,0.787,532,2.600,22.3
DATA,MOTOR_BREAKIN_V3,000001,23525,510,512,0.053,0.000,3.037,0.334,2.702,38,FWD,RUN,0.027,0.072,0.040,0.529,0.284,0.087,3.260,47,0.787,534,2.610,22.3
OK
DATA,MOTOR_BREAKIN_V3,000001,23625,510,512,0.053,0.000,3.009,0.251,2.758,35,FWD,RUN,0.027,0.074,0.040,0.362,0.284,0.087,3.260,47,0.787,533,2.605,22.3
OK
DATA,MOTOR_BREAKIN_V3,000001,23725,510,512,0.053,0.000,3.148,0.306,2.842,40,FWD,RUN,0.027,0.076,0.040,0.390,0.284,0.087,3.260,47,0.787,532,2.600,22.3
OK
DATA,MOTOR_BREAKIN_V3,000001,23825,509,511,0.080,0.000,3.176,0.362,2.814,43,FWD,RUN,0.040,0.112,0.013,0.195,0.284,0.087,3.260,47,0.787,532,2.600,22.3
OK
DATA,MOTOR_BREAKIN_V3,000001,23925,510,511,0.053,0.000,3.371,0.446,2.925,47,FWD,RUN,0.027,0.078,0.034,0.641,0.284,0.087,3.260,47,0.787,532,2.600,22.3
OK
DATA,MOTOR_BREAKIN_V3,000001,24025,508,510,0.106,0.068,3.482,0.446,3.037,49,FWD,RUN,0.087,0.264,0.060,0.529,0.284,0.087,3.260,47,0.787,531,2.595,22.3
OK
DATA,MOTOR_BREAKIN_V3,000001,24125,509,510,0.080,0.068,3.371,0.390,2.981,48,FWD,RUN,0.074,0.220,0.060,0.641,0.284,0.087,3.260,47,0.787,531,2.595,22.3
DATA,MOTOR_BREAKIN_V3,000001,24225,509,511,0.080,0.000,3.399,0.390,3.009,48,FWD,RUN,0.040,0.120,0.060,0.696,0.284,0.087,3.260,47,0.787,531,2.595,22.3
DATA,MOTOR_BREAKIN_V3,000001,24325,509,510,0.080,0.068,3.677,0.279,3.399,48,FWD,RUN,0.074,0.251,0.047,0.501,0.284,0.087,3.260,47,0.787,531,2.595,22.3
OK
DATA,MOTOR_BREAKIN_V3,000001,24425,510,511,0.053,0.000,3.315,0.279,3.037,40,FWD,RUN,0.027,0.081,0.047,0.390,0.284,0.087,3.260,47,0.787,532,2.600,22.3
DATA,MOTOR_BREAKIN_V3,000001,24525,511,512,0.000,0.000,3.510,0.139,3.371,40,FWD,RUN,0.000,0.000,0.074,0.585,0.284,0.087,3.260,47,0.787,531,2.595,22.3
OK
DATA,MOTOR_BREAKIN_V3,000001,24625,512,511,0.000,0.000,3.315,0.111,3.204,35,FWD,RUN,0.000,0.000,0.047,0.585,0.284,0.087,3.260,47,0.787,531,2.595,22.3
DATA,MOTOR_BREAKIN_V3,000001,24725,510,512,0.053,0.000,3.009,0.223,2.786,35,FWD,RUN,0.027,0.075,0.061,0.418,0.284,0.087,3.260,47,0.787,530,2.590,22.3
OK
DATA,MOTOR_BREAKIN_V3,000001,24825,510,511,0.053,0.000,3.120,0.279,2.842,39,FWD,RUN,0.027,0.076,0.061,0.334,0.284,0.087,3.260,47,0.787,530,2.590,22.3
OK
DATA,MOTOR_BREAKIN_V3,000001,24925,510,512,0.053,0.000,3.148,0.362,2.786,42,FWD,RUN,0.027,0.075,0.040,0.334,0.284,0.087,3.260,47,0.787,531,2.595,22.3
OK
DATA,MOTOR_BREAKIN_V3,000001,25025,510,511,0.053,0.000,3.594,0.306,3.287,46,FWD,RUN,0.027,0.088,0.047,0.501,0.284,0.087,3.260,47,0.787,532,2.600,22.3
OK
DATA,MOTOR_BREAKIN_V3,000001,25125,511,510,0.000,0.068,3.176,0.306,2.870,40,FWD,RUN,0.034,0.097,0.047,0.474,0.284,0.087,3.260,47,0.787,532,2.600,22.2
OK
DATA,MOTOR_BREAKIN_V3,000001,25225,510,511,0.053,0.000,3.232,0.390,2.842,43,FWD,RUN,0.027,0.076,0.074,0.529,0.284,0.087,3.260,47,0.787,532,2.600,22.2
OK
DATA,MOTOR_BREAKIN_V3,000001,25325,510,512,0.053,0.000,3.455,0.362,3.092,46,FWD,RUN,0.027,0.083,0.040,0.752,0.284,0.087,3.260,47,0.787,532,2.600,22.3
DATA,MOTOR_BREAKIN_V3,000001,25425,510,511,0.053,0.000,3.343,0.446,2.897,46,FWD,RUN,0.027,0.078,0.061,0.752,0.284,0.087,3.260,47,0.787,532,2.600,22.3
OK
DATA,MOTOR_BREAKIN_V3,000001,25525,510,512,0.053,0.000,3.399,0.362,3.037,44,FWD,RUN,0.027,0.081,0.034,0.529,0.284,0.087,3.260,47,0.787,533,2.605,22.3
OK
DATA,MOTOR_BREAKIN_V3,000001,25624,510,511,0.053,0.000,3.315,0.390,2.925,43,FWD,RUN,0.027,0.078,0.027,0.891,0.284,0.087,3.260,47,0.787,532,2.600,21.5
OK
DATA,MOTOR_BREAKIN_V3,000001,25725,509,511,0.080,0.000,3.260,0.362,2.897,45,FWD,RUN,0.040,0.116,0.061,1.087,0.284,0.087,3.260,47,0.787,533,2.605,21.6
OK
DATA,MOTOR_BREAKIN_V3,000001,25825,509,512,0.080,0.000,3.427,0.362,3.065,47,FWD,RUN,0.040,0.122,0.034,1.087,0.284,0.087,3.260,47,0.787,533,2.605,22.3
OK
DATA,MOTOR_BREAKIN_V3,000001,25925,509,511,0.080,0.000,3.315,0.390,2.925,46,FWD,RUN,0.040,0.117,0.061,0.780,0.284,0.087,3.260,47,0.787,532,2.600,22.3
OK
DATA,MOTOR_BREAKIN_V3,000001,26025,509,510,0.080,0.068,3.566,0.251,3.315,48,FWD,RUN,0.074,0.245,0.074,0.641,0.284,0.087,3.260,47,0.787,533,2.605,22.2
OK
DATA,MOTOR_BREAKIN_V3,000001,26125,511,512,0.000,0.000,3.622,0.000,3.622,42,FWD,RUN,0.000,0.000,0.074,0.836,0.284,0.087,3.260,47,0.787,534,2.610,22.2
OK
DATA,MOTOR_BREAKIN_V3,000001,26225,511,512,0.000,0.000,3.232,0.362,2.870,35,FWD,RUN,0.000,0.000,0.040,0.808,0.284,0.087,3.260,47,0.787,534,2.610,22.3
OK
DATA,MOTOR_BREAKIN_V3,000001,26325,510,511,0.053,0.000,3.204,0.251,2.953,38,FWD,RUN,0.027,0.079,0.040,0.306,0.284,0.087,3.260,47,0.787,533,2.605,22.2
DATA,MOTOR_BREAKIN_V3,000001,26425,510,511,0.053,0.000,3.204,0.279,2.925,38,FWD,RUN,0.027,0.078,0.027,0.223,0.284,0.087,3.260,47,0.787,533,2.605,22.2
OK
DATA,MOTOR_BREAKIN_V3,000001,26525,511,512,0.000,0.000,3.399,0.195,3.204,40,FWD,RUN,0.000,0.000,0.027,0.474,0.284,0.087,3.260,47,0.787,533,2.605,22.2
OK
DATA,MOTOR_BREAKIN_V3,000001,26625,512,512,0.000,0.000,3.232,0.056,3.176,36,FWD,RUN,0.000,0.000,0.027,0.501,0.284,0.087,3.260,47,0.787,533,2.605,22.2
OK
DATA,MOTOR_BREAKIN_V3,000001,26725,511,512,0.000,0.000,3.037,0.251,2.786,35,FWD,RUN,0.000,0.000,0.027,0.474,0.284,0.087,3.260,47,0.787,533,2.605,22.2
OK
DATA,MOTOR_BREAKIN_V3,000001,26825,510,512,0.053,0.000,3.065,0.362,2.702,39,FWD,RUN,0.027,0.072,0.027,0.195,0.284,0.087,3.260,47,0.787,532,2.600,22.2
OK
DATA,MOTOR_BREAKIN_V3,000001,26925,509,510,0.080,0.068,3.120,0.446,2.674,45,FWD,RUN,0.074,0.197,0.074,0.251,0.284,0.087,3.260,47,0.787,533,2.605,21.5
OK
DATA,MOTOR_BREAKIN_V3,000001,27025,509,512,0.080,0.000,3.594,0.418,3.176,52,FWD,RUN,0.040,0.127,0.047,0.501,0.284,0.087,3.260,47,0.787,532,2.600,22.2
OK
DATA,MOTOR_BREAKIN_V3,000001,27125,509,511,0.080,0.000,3.427,0.390,3.037,48,FWD,RUN,0.040,0.121,0.047,0.724,0.284,0.087,3.260,47,0.787,532,2.600,22.2
OK
DATA,MOTOR_BREAKIN_V3,000001,27225,509,512,0.080,0.000,3.287,0.418,2.870,47,FWD,RUN,0.040,0.115,0.034,0.752,0.284,0.087,3.260,47,0.787,533,2.605,22.2
DATA,MOTOR_BREAKIN_V3,000001,27325,512,513,0.000,0.000,3.789,0.167,3.622,47,FWD,RUN,0.000,0.000,0.053,0.752,0.284,0.087,3.260,47,0.787,533,2.605,22.2
OK
DATA,MOTOR_BREAKIN_V3,000001,27425,511,512,0.000,0.000,3.120,0.195,2.925,35,FWD,RUN,0.000,0.000,0.040,0.724,0.284,0.087,3.260,47,0.787,533,2.605,22.2
OK
DATA,MOTOR_BREAKIN_V3,000001,27525,510,512,0.053,0.000,3.232,0.251,2.981,37,FWD,RUN,0.027,0.080,0.027,0.418,0.284,0.087,3.260,47,0.787,535,2.615,22.1
DATA,MOTOR_BREAKIN_V3,000001,27625,512,512,0.000,0.000,3.120,0.334,2.786,37,FWD,RUN,0.000,0.000,0.027,0.446,0.284,0.087,3.260,47,0.787,538,2.630,22.2
OK
DATA,MOTOR_BREAKIN_V3,000001,27725,509,511,0.080,0.000,3.176,0.557,2.619,41,FWD,RUN,0.040,0.105,0.040,0.613,0.284,0.087,3.260,47,0.787,540,2.639,22.2
OK
DATA,MOTOR_BREAKIN_V3,000001,27825,511,512,0.000,0.000,3.622,0.306,3.315,49,FWD,RUN,0.000,0.000,0.074,0.696,0.284,0.087,3.260,47,0.787,540,2.639,22.2
OK
DATA,MOTOR_BREAKIN_V3,000001,27925,510,511,0.053,0.000,3.343,0.362,2.981,43,FWD,RUN,0.027,0.080,0.074,0.501,0.284,0.087,3.260,47,0.787,540,2.639,21.4
DATA,MOTOR_BREAKIN_V3,000001,28025,511,512,0.000,0.000,3.176,0.390,2.786,43,FWD,RUN,0.000,0.000,0.074,0.585,0.284,0.087,3.260,47,0.787,540,2.639,22.1
OK
DATA,MOTOR_BREAKIN_V3,000001,28125,510,510,0.053,0.068,3.455,0.418,3.037,47,FWD,RUN,0.061,0.184,0.061,0.279,0.284,0.087,3.260,47,0.787,540,2.639,22.2
DATA,MOTOR_BREAKIN_V3,000001,28225,509,511,0.080,0.000,3.455,0.279,3.176,47,FWD,RUN,0.040,0.127,0.061,0.334,0.284,0.087,3.260,47,0.787,540,2.639,22.2
OK
DATA,MOTOR_BREAKIN_V3,000001,28325,510,510,0.053,0.068,3.287,0.390,2.897,43,FWD,RUN,0.061,0.175,0.074,0.390,0.284,0.087,3.260,47,0.787,540,2.639,22.1
OK
DATA,MOTOR_BREAKIN_V3,000001,28425,509,511,0.080,0.000,3.427,0.362,3.065,45,FWD,RUN,0.040,0.122,0.074,0.669,0.284,0.087,3.260,47,0.787,540,2.639,21.4
OK
DATA,MOTOR_BREAKIN_V3,000001,28525,510,512,0.053,0.000,3.315,0.362,2.953,44,FWD,RUN,0.027,0.079,0.061,0.669,0.284,0.087,3.260,47,0.787,540,2.639,22.1
OK
DATA,MOTOR_BREAKIN_V3,000001,28625,511,513,0.000,0.000,3.677,0.195,3.482,45,FWD,RUN,0.000,0.000,0.074,0.557,0.284,0.087,3.260,47,0.787,540,2.639,22.1
OK
DATA,MOTOR_BREAKIN_V3,000001,28725,510,511,0.053,0.000,3.176,0.251,2.925,35,FWD,RUN,0.027,0.078,0.074,0.752,0.284,0.087,3.260,47,0.787,539,2.634,22.1
OK
DATA,MOTOR_BREAKIN_V3,000001,28824,510,512,0.053,0.000,3.176,0.279,2.897,37,FWD,RUN,0.027,0.078,0.074,0.836,0.284,0.087,3.260,47,0.787,539,2.634,22.1
OK
DATA,MOTOR_BREAKIN_V3,000001,28925,510,512,0.053,0.000,3.148,0.418,2.730,39,FWD,RUN,0.027,0.073,0.027,0.446,0.284,0.087,3.260,47,0.787,539,2.634,22.1
DATA,MOTOR_BREAKIN_V3,000001,29025,509,512,0.080,0.000,3.120,0.306,2.814,39,FWD,RUN,0.040,0.112,0.040,0.306,0.284,0.087,3.260,47,0.787,539,2.634,22.0
OK
DATA,MOTOR_BREAKIN_V3,000001,29125,510,511,0.053,0.000,3.204,0.390,2.814,44,FWD,RUN,0.027,0.075,0.013,0.446,0.284,0.087,3.260,47,0.787,539,2.634,22.0
OK
DATA,MOTOR_BREAKIN_V3,000001,29225,509,511,0.080,0.000,3.232,0.474,2.758,48,FWD,RUN,0.040,0.110,0.013,0.474,0.284,0.087,3.260,47,0.787,539,2.634,22.1
OK
DATA,MOTOR_BREAKIN_V3,000001,29325,508,511,0.106,0.000,3.566,0.529,3.037,53,FWD,RUN,0.053,0.161,0.047,0.641,0.284,0.087,3.260,47,0.787,539,2.634,22.1
OK
DATA,MOTOR_BREAKIN_V3,000001,29425,508,510,0.106,0.068,3.566,0.474,3.092,52,FWD,RUN,0.087,0.269,0.047,0.474,0.284,0.087,3.260,47,0.787,538,2.630,22.1
OK
DATA,MOTOR_BREAKIN_V3,000001,29525,509,510,0.080,0.068,3.594,0.390,3.204,50,FWD,RUN,0.074,0.236,0.060,0.306,0.329,0.100,3.287,50,0.787,539,2.634,22.1
OK
DATA,MOTOR_BREAKIN_V3,000001,29625,509,511,0.080,0.000,3.622,0.334,3.287,46,FWD,RUN,0.040,0.131,0.100,0.362,0.329,0.100,3.287,50,0.787,539,2.634,22.0
OK
DATA,MOTOR_BREAKIN_V3,000001,29725,509,512,0.080,0.000,3.427,0.557,2.870,40,FWD,RUN,0.040,0.115,0.074,0.696,0.329,0.100,3.287,50,0.787,539,2.634,22.0
OK
DATA,MOTOR_BREAKIN_V3,000001,29825,510,511,0.053,0.000,3.315,0.334,2.981,43,FWD,RUN,0.027,0.080,0.053,0.669,0.329,0.100,3.287,50,0.787,539,2.634,22.0
DATA,MOTOR_BREAKIN_V3,000001,29925,508,511,0.106,0.000,3.482,0.362,3.120,43,FWD,RUN,0.053,0.166,0.053,0.641,0.329,0.100,3.287,50,0.787,539,2.634,21.9
DATA,MOTOR_BREAKIN_V3,000001,30025,510,512,0.053,0.000,3.371,0.334,3.037,43,FWD,RUN,0.027,0.081,0.053,0.641,0.329,0.100,3.287,50,0.787,539,2.634,22.0
OK
DATA,MOTOR_BREAKIN_V3,000001,30125,510,511,0.053,0.000,3.455,0.306,3.148,42,FWD,RUN,0.027,0.084,0.040,0.585,0.329,0.100,3.287,50,0.787,539,2.634,22.0
OK
DATA,MOTOR_BREAKIN_V3,000001,30225,511,512,0.000,0.000,3.399,0.195,3.204,39,FWD,RUN,0.000,0.000,0.040,0.418,0.329,0.100,3.287,50,0.787,538,2.630,22.0
OK
DATA,MOTOR_BREAKIN_V3,000001,30325,511,512,0.000,0.000,3.343,0.056,3.287,35,FWD,RUN,0.000,0.000,0.040,0.474,0.329,0.100,3.287,50,0.787,539,2.634,22.0
DATA,MOTOR_BREAKIN_V3,000001,30425,510,512,0.053,0.000,3.009,0.251,2.758,35,FWD,RUN,0.027,0.074,0.027,0.529,0.329,0.100,3.287,50,0.787,539,2.634,22.1
OK
DATA,MOTOR_BREAKIN_V3,000001,30525,510,510,0.053,0.068,3.065,0.362,2.702,40,FWD,RUN,0.061,0.164,0.061,0.223,0.329,0.100,3.287,50,0.787,538,2.630,22.0
OK
DATA,MOTOR_BREAKIN_V3,000001,30625,509,511,0.080,0.000,3.287,0.446,2.842,46,FWD,RUN,0.040,0.114,0.061,0.251,0.329,0.100,3.287,50,0.787,539,2.634,22.1
OK
DATA,MOTOR_BREAKIN_V3,000001,30725,508,511,0.106,0.000,3.343,0.501,2.842,49,FWD,RUN,0.053,0.151,0.053,0.474,0.329,0.100,3.287,50,0.787,539,2.634,22.0
OK
DATA,MOTOR_BREAKIN_V3,000001,30825,509,511,0.080,0.000,3.399,0.529,2.870,52,FWD,RUN,0.040,0.115,0.047,0.334,0.329,0.100,3.287,50,0.787,538,2.630,22.1
DATA,MOTOR_BREAKIN_V3,000001,30925,508,510,0.106,0.068,3.622,0.557,3.065,52,FWD,RUN,0.087,0.267,0.060,0.780,0.329,0.100,3.287,50,0.787,539,2.634,22.0
OK
DATA,MOTOR_BREAKIN_V3,000001,31025,509,510,0.080,0.068,3.705,0.446,3.260,51,FWD,RUN,0.074,0.240,0.060,0.613,0.329,0.100,3.287,50,0.787,539,2.634,22.0
OK
DATA,MOTOR_BREAKIN_V3,000001,31125,511,512,0.000,0.000,3.928,0.056,3.872,46,FWD,RUN,0.000,0.000,0.087,0.836,0.329,0.100,3.287,50,0.787,539,2.634,22.0
OK
DATA,MOTOR_BREAKIN_V3,000001,31225,511,512,0.000,0.000,3.510,0.000,3.510,35,FWD,RUN,0.000,0.000,0.074,0.947,0.329,0.100,3.287,50,0.787,539,2.634,22.0
DATA,MOTOR_BREAKIN_V3,000001,31325,511,511,0.000,0.000,3.148,0.251,2.897,35,FWD,RUN,0.000,0.000,0.053,0.613,0.329,0.100,3.287,50,0.787,539,2.634,22.0
OK
DATA,MOTOR_BREAKIN_V3,000001,31425,510,511,0.053,0.000,3.204,0.279,2.925,37,FWD,RUN,0.027,0.078,0.027,0.529,0.329,0.100,3.287,50,0.787,539,2.634,22.0
OK
DATA,MOTOR_BREAKIN_V3,000001,31525,510,511,0.053,0.000,3.148,0.279,2.870,39,FWD,RUN,0.027,0.077,0.027,0.557,0.329,0.100,3.287,50,0.787,538,2.630,22.0
OK
DATA,MOTOR_BREAKIN_V3,000001,31625,510,510,0.053,0.068,3.287,0.334,2.953,42,FWD,RUN,0.061,0.179,0.061,0.474,0.329,0.100,3.287,50,0.787,539,2.634,22.0
DATA,MOTOR_BREAKIN_V3,000001,31725,510,511,0.053,0.000,3.260,0.390,2.870,42,FWD,RUN,0.027,0.077,0.061,0.474,0.329,0.100,3.287,50,0.787,539,2.634,21.9
OK
DATA,MOTOR_BREAKIN_V3,000001,31825,510,510,0.053,0.068,3.371,0.279,3.092,43,FWD,RUN,0.061,0.187,0.047,0.418,0.329,0.100,3.287,50,0.787,539,2.634,22.0
OK
DATA,MOTOR_BREAKIN_V3,000001,31925,510,511,0.053,0.000,3.232,0.334,2.897,41,FWD,RUN,0.027,0.078,0.074,0.446,0.329,0.100,3.287,50,0.787,539,2.634,21.9
