ACS1_ZERO=511.58
ACS2_ZERO=513.44
READY,FWD

========================================
 Mini4WD MOTOR BREAK-IN DEVICE
 MOTOR_BREAKIN_V3
 Firmware : 3.00
========================================
INFO,TYPE=MOTOR,MODEL=MOTOR_BREAKIN_V3,FW=3.00,ID=000001
DATA,MOTOR_BREAKIN_V3,000001,0,513,513,0.000,0.000,0.000,0.028,-0.028,0,FWD,READY,0.000,0.000,0.000,0.000,0.000,0.000,0.000,0,0.000,533,2.605,26.0
DATA,MOTOR_BREAKIN_V3,000001,0,512,514,0.000,0.000,0.028,0.028,0.000,0,FWD,READY,0.000,0.000,0.000,0.056,0.000,0.000,0.000,0,0.000,533,2.605,26.0
DATA,MOTOR_BREAKIN_V3,000001,0,512,514,0.000,0.000,0.000,0.028,-0.028,0,FWD,READY,0.000,0.000,0.000,0.056,0.000,0.000,0.000,0,0.000,533,2.605,26.0
DATA,MOTOR_BREAKIN_V3,000001,0,512,513,0.000,0.000,0.000,0.028,-0.028,0,FWD,READY,0.000,0.000,0.000,0.056,0.000,0.000,0.000,0,0.000,533,2.605,26.0
DATA,MOTOR_BREAKIN_V3,000001,0,512,514,0.000,0.000,0.000,0.028,-0.028,0,FWD,READY,0.000,0.000,0.000,0.056,0.000,0.000,0.000,0,0.000,533,2.605,26.0
DATA,MOTOR_BREAKIN_V3,000001,0,511,513,0.000,0.000,0.000,0.000,0.000,0,FWD,READY,0.000,0.000,0.000,0.056,0.000,0.000,0.000,0,0.000,533,2.605,26.0
DATA,MOTOR_BREAKIN_V3,000001,0,512,514,0.000,0.000,0.000,0.000,0.000,0,FWD,READY,0.000,0.000,0.000,0.056,0.000,0.000,0.000,0,0.000,533,2.605,26.0
DATA,MOTOR_BREAKIN_V3,000001,0,512,513,0.000,0.000,0.028,0.028,0.000,0,FWD,READY,0.000,0.000,0.000,0.056,0.000,0.000,0.000,0,0.000,533,2.605,26.0
DATA,MOTOR_BREAKIN_V3,000001,0,512,512,0.000,0.000,0.000,0.000,0.000,0,FWD,READY,0.000,0.000,0.000,0.056,0.000,0.000,0.000,0,0.000,533,2.605,26.0
DATA,MOTOR_BREAKIN_V3,000001,0,512,513,0.000,0.000,0.000,0.028,-0.028,0,FWD,READY,0.000,0.000,0.000,0.056,0.000,0.000,0.000,0,0.000,533,2.605,26.0
DATA,MOTOR_BREAKIN_V3,000001,0,512,513,0.000,0.000,0.000,0.028,-0.028,0,FWD,READY,0.000,0.000,0.000,0.056,0.000,0.000,0.000,0,0.000,533,2.605,26.0
DATA,MOTOR_BREAKIN_V3,000001,0,511,513,0.000,0.000,0.028,0.028,0.000,0,FWD,READY,0.000,0.000,0.000,0.056,0.000,0.000,0.000,0,0.000,533,2.605,26.0
DATA,MOTOR_BREAKIN_V3,000001,0,511,513,0.000,0.000,0.028,0.028,0.000,0,FWD,READY,0.000,0.000,0.000,0.056,0.000,0.000,0.000,0,0.000,533,2.605,26.0
DATA,MOTOR_BREAKIN_V3,000001,0,511,513,0.000,0.000,0.000,0.028,-0.028,0,FWD,READY,0.000,0.000,0.000,0.056,0.000,0.000,0.000,0,0.000,533,2.605,26.0
DATA,MOTOR_BREAKIN_V3,000001,0,512,514,0.000,0.000,0.028,0.028,0.000,0,FWD,READY,0.000,0.000,0.000,0.028,0.000,0.000,0.000,0,0.000,533,2.605,26.0
DATA,MOTOR_BREAKIN_V3,000001,0,511,513,0.000,0.000,0.000,0.000,0.000,0,FWD,READY,0.000,0.000,0.000,0.028,0.000,0.000,0.000,0,0.000,533,2.605,26.0
DATA,MOTOR_BREAKIN_V3,000001,0,511,514,0.000,0.000,0.028,0.000,0.028,0,FWD,READY,0.000,0.000,0.000,0.056,0.000,0.000,0.000,0,0.000,533,2.605,26.0
DATA,MOTOR_BREAKIN_V3,000001,0,512,513,0.000,0.000,0.028,0.028,0.000,0,FWD,READY,0.000,0.000,0.000,0.056,0.000,0.000,0.000,0,0.000,533,2.605,26.0
DATA,MOTOR_BREAKIN_V3,000001,0,511,513,0.000,0.000,0.028,0.028,0.000,0,FWD,READY,0.000,0.000,0.000,0.056,0.000,0.000,0.000,0,0.000,533,2.605,26.0
DATA,MOTOR_BREAKIN_V3,000001,0,512,514,0.000,0.000,0.028,0.028,0.000,0,FWD,READY,0.000,0.000,0.000,0.056,0.000,0.000,0.000,0,0.000,533,2.605,26.0
DATA,MOTOR_BREAKIN_V3,000001,0,511,514,0.000,0.000,0.028,0.000,0.028,0,FWD,READY,0.000,0.000,0.000,0.028,0.000,0.000,0.000,0,0.000,533,2.605,26.1
DATA,MOTOR_BREAKIN_V3,000001,0,512,513,0.000,0.000,0.000,0.028,-0.028,0,FWD,READY,0.000,0.000,0.000,0.056,0.000,0.000,0.000,0,0.000,533,2.605,26.1
DATA,MOTOR_BREAKIN_V3,000001,0,512,513,0.000,0.000,0.000,0.028,-0.028,0,FWD,READY,0.000,0.000,0.000,0.056,0.000,0.000,0.000,0,0.000,533,2.605,26.1
DATA,MOTOR_BREAKIN_V3,000001,0,512,513,0.000,0.000,0.028,0.028,0.000,0,FWD,READY,0.000,0.000,0.000,0.056,0.000,0.000,0.000,0,0.000,533,2.605,26.0
DATA,MOTOR_BREAKIN_V3,000001,0,512,514,0.000,0.000,0.028,0.000,0.028,0,FWD,READY,0.000,0.000,0.000,0.056,0.000,0.000,0.000,0,0.000,533,2.605,26.1
DATA,MOTOR_BREAKIN_V3,000001,0,512,513,0.000,0.000,0.000,0.000,0.000,0,FWD,READY,0.000,0.000,0.000,0.056,0.000,0.000,0.000,0,0.00000,0.000,0,0.000,533,2.605,26.1
DATA,MOTOR_BREAKIN_V3,000001,144,505,510,0.171,0.091,2.201,1.170,1.031,60,FWD,RUN,0.131,0.135,0.144,1.170,0.000,0.000,0.000,0,0.000,533,2.605,26.1
DATA,MOTOR_BREAKIN_V3,000001,243,506,510,0.144,0.091,2.563,0.947,1.616,60,FWD,RUN,0.118,0.190,0.013,0.975,0.000,0.000,0.000,0,0.000,533,2.605,26.1
OK
DATA,MOTOR_BREAKIN_V3,000001,344,496,505,0.409,0.223,3.650,1.142,2.507,88,FWD,RUN,0.316,0.792,0.211,1.309,0.000,0.000,0.000,0,0.316,533,2.605,26.1
OK
DATA,MOTOR_BREAKIN_V3,000001,444,494,503,0.461,0.276,4.457,1.087,3.371,98,FWD,RUN,0.369,1.243,0.291,1.560,0.000,0.000,0.000,0,0.408,533,2.605,26.1
OK
DATA,MOTOR_BREAKIN_V3,000001,544,500,507,0.303,0.170,5.043,0.641,4.402,91,FWD,RUN,0.237,1.041,0.172,1.811,0.000,0.000,0.000,0,0.408,534,2.610,26.1
OK
DATA,MOTOR_BREAKIN_V3,000001,644,506,510,0.144,0.091,4.179,0.529,3.650,63,FWD,RUN,0.118,0.429,0.317,1.449,0.000,0.000,0.000,0,0.408,533,2.605,26.1
OK
DATA,MOTOR_BREAKIN_V3,000001,744,508,512,0.091,0.000,3.817,0.362,3.455,50,FWD,RUN,0.046,0.158,0.270,1.616,0.000,0.000,0.000,0,0.408,533,2.605,26.1
OK
DATA,MOTOR_BREAKIN_V3,000001,844,509,512,0.065,0.000,3.538,0.251,3.287,41,FWD,RUN,0.033,0.107,0.104,1.059,0.000,0.000,0.000,0,0.408,533,2.605,26.0
OK
DATA,MOTOR_BREAKIN_V3,000001,944,510,513,0.000,0.000,3.315,0.139,3.176,35,FWD,RUN,0.000,0.000,0.078,0.557,0.000,0.000,0.000,0,0.408,533,2.605,26.1
DATA,MOTOR_BREAKIN_V3,000001,1044,510,512,0.000,0.000,3.148,0.223,2.925,35,FWD,RUN,0.000,0.000,0.033,0.529,0.000,0.000,0.000,0,0.408,533,2.605,26.0
DATA,MOTOR_BREAKIN_V3,000001,1144,510,512,0.000,0.000,3.065,0.251,2.814,35,FWD,RUN,0.000,0.000,0.033,0.334,0.000,0.000,0.000,0,0.408,533,2.605,26.1
OK
DATA,MOTOR_BREAKIN_V3,000001,1244,509,512,0.065,0.000,3.065,0.279,2.786,37,FWD,RUN,0.033,0.091,0.033,0.334,0.000,0.000,0.000,0,0.408,533,2.605,26.0
OK
DATA,MOTOR_BREAKIN_V3,000001,1344,509,511,0.065,0.065,3.148,0.334,2.814,41,FWD,RUN,0.065,0.182,0.065,0.223,0.000,0.000,0.000,0,0.408,533,2.605,26.0
OK
DATA,MOTOR_BREAKIN_V3,000001,1444,509,511,0.065,0.065,3.204,0.418,2.786,45,FWD,RUN,0.065,0.181,0.078,0.167,0.000,0.000,0.000,0,0.408,533,2.605,25.7
OK
DATA,MOTOR_BREAKIN_V3,000001,1544,508,511,0.091,0.065,3.343,0.501,2.842,49,FWD,RUN,0.078,0.222,0.078,0.306,0.000,0.000,0.000,0,0.408,533,2.605,26.1
OK
DATA,MOTOR_BREAKIN_V3,000001,1644,507,512,0.118,0.000,3.566,0.446,3.120,52,FWD,RUN,0.059,0.184,0.059,0.334,0.000,0.000,0.000,0,0.408,533,2.605,26.1
OK
DATA,MOTOR_BREAKIN_V3,000001,1744,508,511,0.091,0.065,3.455,0.362,3.092,50,FWD,RUN,0.078,0.241,0.059,0.251,0.000,0.000,0.000,0,0.408,533,2.605,26.1
OK
DATA,MOTOR_BREAKIN_V3,000001,1844,509,512,0.065,0.000,3.455,0.418,3.037,48,FWD,RUN,0.033,0.099,0.059,0.279,0.000,0.000,0.000,0,0.408,533,2.605,26.1
OK
DATA,MOTOR_BREAKIN_V3,000001,1944,509,512,0.065,0.000,3.510,0.362,3.148,47,FWD,RUN,0.033,0.102,0.091,0.251,0.000,0.000,0.000,0,0.408,533,2.605,26.1
DATA,MOTOR_BREAKIN_V3,000001,2044,510,512,0.000,0.000,3.622,0.306,3.315,47,FWD,RUN,0.000,0.000,0.078,0.390,0.000,0.000,0.000,0,0.408,533,2.605,26.1
OK
DATA,MOTOR_BREAKIN_V3,000001,2144,509,511,0.065,0.065,3.427,0.362,3.065,44,FWD,RUN,0.065,0.199,0.065,0.390,0.000,0.000,0.000,0,0.408,533,2.605,26.0
OK
DATA,MOTOR_BREAKIN_V3,000001,2244,509,513,0.065,0.000,3.260,0.362,2.897,43,FWD,RUN,0.033,0.094,0.032,0.279,0.000,0.000,0.000,0,0.408,533,2.605,25.8
OK
DATA,MOTOR_BREAKIN_V3,000001,2344,508,511,0.091,0.065,3.399,0.279,3.120,45,FWD,RUN,0.078,0.244,0.078,0.223,0.000,0.000,0.000,0,0.408,533,2.605,26.1
OK
DATA,MOTOR_BREAKIN_V3,000001,2444,509,511,0.065,0.065,3.399,0.362,3.037,43,FWD,RUN,0.065,0.197,0.078,0.251,0.000,0.000,0.000,0,0.408,533,2.605,26.0
OK
DATA,MOTOR_BREAKIN_V3,000001,2544,509,512,0.065,0.000,3.343,0.306,3.037,42,FWD,RUN,0.033,0.099,0.065,0.334,0.000,0.000,0.000,0,0.408,533,2.605,26.0
OK
DATA,MOTOR_BREAKIN_V3,000001,2644,510,512,0.000,0.000,3.371,0.251,3.120,41,FWD,RUN,0.000,0.000,0.046,0.390,0.000,0.000,0.000,0,0.408,533,2.605,26.0
OK
DATA,MOTOR_BREAKIN_V3,000001,2744,509,512,0.065,0.000,3.232,0.306,2.925,39,FWD,RUN,0.033,0.095,0.033,0.334,0.000,0.000,0.000,0,0.408,533,2.605,26.0
OK
DATA,MOTOR_BREAKIN_V3,000001,2844,509,512,0.065,0.000,3.204,0.390,2.814,41,FWD,RUN,0.033,0.092,0.033,0.223,0.000,0.000,0.000,0,0.408,533,2.605,26.0
OK
DATA,MOTOR_BREAKIN_V3,000001,2944,508,512,0.091,0.000,3.204,0.418,2.786,45,FWD,RUN,0.046,0.127,0.046,0.139,0.000,0.000,0.000,0,0.408,533,2.605,25.5
DATA,MOTOR_BREAKIN_V3,000001,3044,509,512,0.065,0.000,3.287,0.446,2.842,45,FWD,RUN,0.033,0.092,0.046,0.251,0.000,0.000,0.000,0,0.408,533,2.605,25.5
OK
DATA,MOTOR_BREAKIN_V3,000001,3144,508,512,0.091,0.000,3.427,0.418,3.009,48,FWD,RUN,0.046,0.138,0.046,0.306,0.239,0.078,3.065,48,0.408,533,2.605,26.1
DATA,MOTOR_BREAKIN_V3,000001,3244,508,511,0.091,0.065,3.455,0.334,3.120,48,FWD,RUN,0.078,0.244,0.078,0.390,0.244,0.078,3.120,48,0.408,533,2.605,26.1
OK
DATA,MOTOR_BREAKIN_V3,000001,3344,509,512,0.065,0.000,3.399,0.279,3.120,46,FWD,RUN,0.033,0.102,0.078,0.390,0.244,0.078,3.120,48,0.408,533,2.605,26.1
OK
DATA,MOTOR_BREAKIN_V3,000001,3443,509,512,0.065,0.000,3.399,0.418,2.981,44,FWD,RUN,0.033,0.097,0.078,0.167,0.244,0.078,3.120,48,0.408,533,2.605,26.0
DATA,MOTOR_BREAKIN_V3,000001,3544,510,511,0.000,0.065,3.371,0.390,2.981,44,FWD,RUN,0.032,0.096,0.078,0.279,0.244,0.078,3.120,48,0.408,533,2.605,26.0
DATA,MOTOR_BREAKIN_V3,000001,3644,509,512,0.065,0.000,3.399,0.390,3.009,44,FWD,RUN,0.033,0.098,0.046,0.362,0.244,0.078,3.120,48,0.408,533,2.605,26.0
DATA,MOTOR_BREAKIN_V3,000001,3744,509,511,0.065,0.065,3.232,0.362,2.870,44,FWD,RUN,0.065,0.186,0.065,0.501,0.244,0.078,3.120,48,0.408,533,2.605,26.0
OK
DATA,MOTOR_BREAKIN_V3,000001,3844,508,512,0.091,0.000,3.399,0.446,2.953,47,FWD,RUN,0.046,0.135,0.065,0.501,0.244,0.078,3.120,48,0.408,533,2.605,26.0
DATA,MOTOR_BREAKIN_V3,000001,3944,509,512,0.065,0.000,3.482,0.390,3.092,47,FWD,RUN,0.033,0.101,0.059,0.446,0.272,0.091,2.981,47,0.408,533,2.605,26.0
OK
DATA,MOTOR_BREAKIN_V3,000001,4044,508,512,0.091,0.000,3.455,0.390,3.065,48,FWD,RUN,0.046,0.140,0.059,0.446,0.272,0.091,2.981,47,0.408,533,2.605,26.1
OK
DATA,MOTOR_BREAKIN_V3,000001,4144,508,511,0.091,0.065,3.371,0.390,2.981,47,FWD,RUN,0.078,0.233,0.046,0.223,0.272,0.091,2.981,47,0.408,533,2.605,26.1
DATA,MOTOR_BREAKIN_V3,000001,4244,508,511,0.091,0.065,3.566,0.362,3.204,47,FWD,RUN,0.078,0.250,0.046,0.362,0.272,0.091,2.981,47,0.408,533,2.605,26.1
OK
DATA,MOTOR_BREAKIN_V3,000001,4344,509,511,0.065,0.065,3.315,0.279,3.037,43,FWD,RUN,0.065,0.197,0.046,0.362,0.272,0.091,2.981,47,0.408,533,2.605,25.9
OK
DATA,MOTOR_BREAKIN_V3,000001,4444,509,511,0.065,0.065,3.204,0.362,2.842,42,FWD,RUN,0.065,0.184,0.065,0.334,0.272,0.091,2.981,47,0.408,533,2.605,26.0
OK
DATA,MOTOR_BREAKIN_V3,000001,4544,509,511,0.065,0.065,3.510,0.306,3.204,45,FWD,RUN,0.065,0.208,0.065,0.362,0.272,0.091,2.981,47,0.408,533,2.605,27.3
OK
DATA,MOTOR_BREAKIN_V3,000001,4644,509,512,0.065,0.000,3.371,0.195,3.176,41,FWD,RUN,0.033,0.103,0.078,0.334,0.272,0.091,2.981,47,0.408,533,2.605,26.0
OK
DATA,MOTOR_BREAKIN_V3,000001,4744,509,512,0.065,0.000,3.260,0.418,2.842,37,FWD,RUN,0.033,0.092,0.046,0.334,0.272,0.091,2.981,47,0.408,533,2.605,26.0
OK
DATA,MOTOR_BREAKIN_V3,000001,4844,510,512,0.000,0.000,3.120,0.167,2.953,40,FWD,RUN,0.000,0.000,0.078,0.251,0.272,0.091,2.981,47,0.408,533,2.605,26.1
DATA,MOTOR_BREAKIN_V3,000001,4944,510,513,0.000,0.000,3.176,0.334,2.842,40,FWD,RUN,0.000,0.000,0.033,0.251,0.272,0.091,2.981,47,0.408,533,2.605,26.0
OK
DATA,MOTOR_BREAKIN_V3,000001,5044,509,512,0.065,0.000,3.399,0.223,3.176,43,FWD,RUN,0.033,0.103,0.078,0.446,0.272,0.091,2.981,47,0.408,533,2.605,26.0
OK
DATA,MOTOR_BREAKIN_V3,000001,5144,509,513,0.065,0.000,3.120,0.613,2.507,39,FWD,RUN,0.033,0.082,0.078,0.696,0.272,0.091,2.981,47,0.408,533,2.605,26.0
OK
DATA,MOTOR_BREAKIN_V3,000001,5244,509,511,0.065,0.065,3.455,0.418,3.037,49,FWD,RUN,0.065,0.197,0.065,0.529,0.272,0.091,2.981,47,0.408,533,2.605,26.0
OK
DATA,MOTOR_BREAKIN_V3,000001,5344,508,510,0.091,0.091,3.287,0.446,2.842,48,FWD,RUN,0.091,0.259,0.091,0.390,0.272,0.091,2.981,47,0.408,533,2.605,26.0
OK
DATA,MOTOR_BREAKIN_V3,000001,5444,507,510,0.118,0.091,3.594,0.501,3.092,51,FWD,RUN,0.104,0.323,0.072,0.696,0.323,0.104,3.092,51,0.408,533,2.605,26.0
OK
DATA,MOTOR_BREAKIN_V3,000001,5544,509,512,0.065,0.000,3.566,0.390,3.176,49,FWD,RUN,0.033,0.103,0.072,0.501,0.323,0.104,3.092,51,0.408,533,2.605,26.1
OK
DATA,MOTOR_BREAKIN_V3,000001,5644,508,512,0.091,0.000,3.510,0.334,3.176,45,FWD,RUN,0.046,0.145,0.091,0.501,0.323,0.104,3.092,51,0.408,533,2.605,27.2
OK
DATA,MOTOR_BREAKIN_V3,000001,5744,509,513,0.065,0.000,3.566,0.279,3.287,41,FWD,RUN,0.033,0.107,0.091,0.613,0.323,0.104,3.092,51,0.408,533,2.605,26.0
DATA,MOTOR_BREAKIN_V3,000001,5844,510,512,0.000,0.000,3.343,0.279,3.065,41,FWD,RUN,0.000,0.000,0.065,0.613,0.323,0.104,3.092,51,0.408,533,2.605,26.0
OK
DATA,MOTOR_BREAKIN_V3,000001,5944,510,512,0.000,0.000,3.232,0.306,2.925,40,FWD,RUN,0.000,0.000,0.033,0.334,0.323,0.104,3.092,51,0.408,533,2.605,26.0
OK
DATA,MOTOR_BREAKIN_V3,000001,6044,510,512,0.000,0.000,3.260,0.334,2.925,42,FWD,RUN,0.000,0.000,0.065,0.334,0.323,0.104,3.092,51,0.408,533,2.605,26.0
OK
DATA,MOTOR_BREAKIN_V3,000001,6144,508,511,0.091,0.065,3.399,0.251,3.148,44,FWD,RUN,0.078,0.246,0.078,0.334,0.323,0.104,3.092,51,0.408,533,2.605,26.0
OK
DATA,MOTOR_BREAKIN_V3,000001,6244,509,512,0.065,0.000,3.287,0.362,2.925,41,FWD,RUN,0.033,0.095,0.078,0.279,0.323,0.104,3.092,51,0.408,533,2.605,26.0
OK
DATA,MOTOR_BREAKIN_V3,000001,6344,509,512,0.065,0.000,3.427,0.223,3.204,43,FWD,RUN,0.033,0.104,0.065,0.418,0.323,0.104,3.092,51,0.408,533,2.605,26.0
OK
DATA,MOTOR_BREAKIN_V3,000001,6444,508,512,0.091,0.000,3.204,0.223,2.981,39,FWD,RUN,0.046,0.136,0.078,0.418,0.323,0.104,3.092,51,0.408,533,2.605,26.0
DATA,MOTOR_BREAKIN_V3,000001,6544,509,511,0.065,0.065,3.148,0.251,2.897,39,FWD,RUN,0.065,0.188,0.078,0.195,0.323,0.104,3.092,51,0.408,533,2.605,26.0
OK
DATA,MOTOR_BREAKIN_V3,000001,6643,509,512,0.065,0.000,3.092,0.362,2.730,41,FWD,RUN,0.033,0.089,0.065,0.362,0.323,0.104,3.092,51,0.408,533,2.605,26.0
DATA,MOTOR_BREAKIN_V3,000001,6744,509,512,0.065,0.000,3.176,0.362,2.814,41,FWD,RUN,0.033,0.092,0.000,0.362,0.323,0.104,3.092,51,0.408,533,2.605,26.0
OK
DATA,MOTOR_BREAKIN_V3,000001,6844,508,511,0.091,0.065,3.315,0.279,3.037,46,FWD,RUN,0.078,0.237,0.046,0.306,0.323,0.104,3.092,51,0.408,533,2.605,26.1
OK
DATA,MOTOR_BREAKIN_V3,000001,6944,508,511,0.091,0.065,3.315,0.279,3.037,45,FWD,RUN,0.078,0.237,0.046,0.306,0.323,0.104,3.092,51,0.408,533,2.605,25.6
OK
DATA,MOTOR_BREAKIN_V3,000001,7044,508,511,0.091,0.065,3.287,0.334,2.953,44,FWD,RUN,0.078,0.230,0.078,0.529,0.323,0.104,3.092,51,0.408,533,2.605,26.0
OK
DATA,MOTOR_BREAKIN_V3,000001,7144,510,512,0.000,0.000,3.510,0.223,3.287,45,FWD,RUN,0.000,0.000,0.078,0.529,0.323,0.104,3.092,51,0.408,533,2.605,26.1
OK
DATA,MOTOR_BREAKIN_V3,000001,7244,509,512,0.065,0.000,3.232,0.334,2.897,39,FWD,RUN,0.033,0.094,0.078,0.390,0.323,0.104,3.092,51,0.408,533,2.605,26.0
OK
DATA,MOTOR_BREAKIN_V3,000001,7344,509,511,0.065,0.065,3.176,0.334,2.842,41,FWD,RUN,0.065,0.184,0.078,0.418,0.323,0.104,3.092,51,0.408,533,2.605,26.0
OK
DATA,MOTOR_BREAKIN_V3,000001,7444,510,511,0.000,0.065,3.315,0.390,2.925,44,FWD,RUN,0.032,0.095,0.065,0.334,0.323,0.104,3.092,51,0.408,533,2.605,26.0
OK
DATA,MOTOR_BREAKIN_V3,000001,7544,508,512,0.091,0.000,3.315,0.390,2.925,46,FWD,RUN,0.046,0.134,0.091,0.279,0.323,0.104,3.092,51,0.408,533,2.605,26.1
OK
DATA,MOTOR_BREAKIN_V3,000001,7644,509,511,0.065,0.065,3.343,0.390,2.953,48,FWD,RUN,0.065,0.191,0.059,0.279,0.323,0.104,3.092,51,0.408,533,2.605,26.0
DATA,MOTOR_BREAKIN_V3,000001,7744,509,512,0.065,0.000,3.427,0.418,3.009,48,FWD,RUN,0.033,0.098,0.059,0.585,0.323,0.104,3.092,51,0.408,533,2.605,26.1
DATA,MOTOR_BREAKIN_V3,000001,7844,508,512,0.091,0.000,3.510,0.418,3.092,48,FWD,RUN,0.046,0.141,0.059,0.474,0.323,0.104,3.092,51,0.408,533,2.605,26.1
OK
DATA,MOTOR_BREAKIN_V3,000001,7944,509,511,0.065,0.065,3.455,0.334,3.120,46,FWD,RUN,0.065,0.202,0.059,0.279,0.323,0.104,3.092,51,0.408,533,2.605,26.1
OK
DATA,MOTOR_BREAKIN_V3,000001,8044,508,511,0.091,0.065,3.510,0.306,3.204,44,FWD,RUN,0.078,0.250,0.046,0.362,0.323,0.104,3.092,51,0.408,533,2.605,26.1
OK
DATA,MOTOR_BREAKIN_V3,000001,8144,509,512,0.065,0.000,3.371,0.251,3.120,40,FWD,RUN,0.033,0.102,0.078,0.418,0.323,0.104,3.092,51,0.408,533,2.605,26.1
OK
DATA,MOTOR_BREAKIN_V3,000001,8244,509,512,0.065,0.000,3.371,0.111,3.260,38,FWD,RUN,0.033,0.106,0.065,0.557,0.323,0.104,3.092,51,0.408,533,2.605,26.1
OK
DATA,MOTOR_BREAKIN_V3,000001,8344,509,512,0.065,0.000,3.148,0.167,2.981,35,FWD,RUN,0.033,0.097,0.065,0.418,0.323,0.104,3.092,51,0.408,533,2.605,26.1
DATA,MOTOR_BREAKIN_V3,000001,8444,510,513,0.000,0.000,3.009,0.251,2.758,35,FWD,RUN,0.000,0.000,0.033,0.418,0.323,0.104,3.092,51,0.408,533,2.605,26.1
OK
DATA,MOTOR_BREAKIN_V3,000001,8544,509,512,0.065,0.000,3.148,0.334,2.814,40,FWD,RUN,0.033,0.092,0.033,0.306,0.323,0.104,3.092,51,0.408,533,2.605,26.0
DATA,MOTOR_BREAKIN_V3,000001,8644,510,512,0.000,0.000,3.120,0.334,2.786,40,FWD,RUN,0.000,0.000,0.033,0.251,0.323,0.104,3.092,51,0.408,533,2.605,26.0
OK
DATA,MOTOR_BREAKIN_V3,000001,8744,509,511,0.065,0.065,3.315,0.334,2.981,44,FWD,RUN,0.065,0.193,0.078,0.279,0.323,0.104,3.092,51,0.408,533,2.605,26.0
DATA,MOTOR_BREAKIN_V3,000001,8844,510,512,0.000,0.000,3.260,0.362,2.897,44,FWD,RUN,0.000,0.000,0.078,0.139,0.323,0.104,3.092,51,0.408,533,2.605,26.0
OK
DATA,MOTOR_BREAKIN_V3,000001,8944,509,511,0.065,0.065,3.260,0.418,2.842,46,FWD,RUN,0.065,0.184,0.078,0.223,0.323,0.104,3.092,51,0.408,533,2.605,26.1
OK
DATA,MOTOR_BREAKIN_V3,000001,9044,508,511,0.091,0.065,3.455,0.446,3.009,49,FWD,RUN,0.078,0.235,0.046,0.334,0.323,0.104,3.092,51,0.408,533,2.605,26.1
DATA,MOTOR_BREAKIN_V3,000001,9144,509,511,0.065,0.065,3.705,0.251,3.455,49,FWD,RUN,0.065,0.224,0.059,0.529,0.323,0.104,3.092,51,0.408,533,2.605,26.1
OK
DATA,MOTOR_BREAKIN_V3,000001,9244,509,512,0.065,0.000,3.260,0.306,2.953,40,FWD,RUN,0.033,0.096,0.091,0.529,0.323,0.104,3.092,51,0.408,533,2.605,26.1
OK
DATA,MOTOR_BREAKIN_V3,000001,9344,509,512,0.065,0.000,3.343,0.334,3.009,41,FWD,RUN,0.033,0.098,0.078,0.306,0.323,0.104,3.092,51,0.408,533,2.605,26.0
DATA,MOTOR_BREAKIN_V3,000001,9444,509,511,0.065,0.065,3.260,0.279,2.981,41,FWD,RUN,0.065,0.193,0.065,0.334,0.323,0.104,3.092,51,0.408,533,2.605,26.1
DATA,MOTOR_BREAKIN_V3,000001,9544,508,511,0.091,0.065,3.315,0.251,3.065,41,FWD,RUN,0.078,0.239,0.078,0.390,0.323,0.104,3.092,51,0.408,533,2.605,26.1
DATA,MOTOR_BREAKIN_V3,000001,9644,509,512,0.065,0.000,3.148,0.362,2.786,41,FWD,RUN,0.033,0.091,0.078,0.418,0.323,0.104,3.092,51,0.408,533,2.605,26.1
OK
DATA,MOTOR_BREAKIN_V3,000001,9744,509,512,0.065,0.000,3.371,0.362,3.009,45,FWD,RUN,0.033,0.098,0.046,0.390,0.323,0.104,3.092,51,0.408,533,2.605,25.7
DATA,MOTOR_BREAKIN_V3,000001,9843,507,510,0.118,0.091,3.343,0.362,2.981,45,FWD,RUN,0.104,0.311,0.104,0.529,0.323,0.104,3.092,51,0.408,533,2.605,25.8
DATA,MOTOR_BREAKIN_V3,000001,9944,509,511,0.065,0.065,3.399,0.501,2.897,45,FWD,RUN,0.065,0.188,0.104,0.501,0.323,0.104,3.092,51,0.408,533,2.605,26.1
OK
DATA,MOTOR_BREAKIN_V3,000001,10044,509,511,0.065,0.065,3.399,0.390,3.009,47,FWD,RUN,0.065,0.195,0.059,0.557,0.323,0.104,3.092,51,0.408,533,2.605,26.1
DATA,MOTOR_BREAKIN_V3,000001,10144,508,510,0.091,0.091,3.538,0.557,2.981,47,FWD,RUN,0.091,0.272,0.059,0.613,0.323,0.104,3.092,51,0.408,533,2.605,26.1
DATA,MOTOR_BREAKIN_V3,000001,10244,510,512,0.000,0.000,3.677,0.111,3.566,47,FWD,RUN,0.000,0.000,0.091,0.696,0.323,0.104,3.092,51,0.408,533,2.605,26.1
OK
DATA,MOTOR_BREAKIN_V3,000001,10344,510,513,0.000,0.000,3.204,0.195,3.009,36,FWD,RUN,0.000,0.000,0.078,0.585,0.323,0.104,3.092,51,0.408,533,2.605,26.1
DATA,MOTOR_BREAKIN_V3,000001,10444,510,512,0.000,0.000,3.232,0.279,2.953,36,FWD,RUN,0.000,0.000,0.065,0.501,0.323,0.104,3.092,51,0.408,533,2.605,26.1
OK
DATA,MOTOR_BREAKIN_V3,000001,10544,510,512,0.000,0.000,3.120,0.167,2.953,37,FWD,RUN,0.000,0.000,0.065,0.418,0.323,0.104,3.092,51,0.408,533,2.605,26.1
DATA,MOTOR_BREAKIN_V3,000001,10644,509,511,0.065,0.065,3.148,0.223,2.925,37,FWD,RUN,0.065,0.190,0.065,0.446,0.323,0.104,3.092,51,0.408,533,2.605,26.1
OK
DATA,MOTOR_BREAKIN_V3,000001,10744,509,512,0.065,0.000,3.037,0.334,2.702,39,FWD,RUN,0.033,0.088,0.065,0.474,0.323,0.104,3.092,51,0.408,533,2.605,26.1
OK
DATA,MOTOR_BREAKIN_V3,000001,10844,508,512,0.091,0.000,3.232,0.418,2.814,45,FWD,RUN,0.046,0.129,0.046,0.279,0.323,0.104,3.092,51,0.408,533,2.605,25.6
OK
DATA,MOTOR_BREAKIN_V3,000001,10944,508,511,0.091,0.065,3.343,0.474,2.870,49,FWD,RUN,0.078,0.224,0.078,0.362,0.323,0.104,3.092,51,0.408,533,2.605,26.1
OK
DATA,MOTOR_BREAKIN_V3,000001,11044,508,510,0.091,0.091,3.566,0.474,3.092,52,FWD,RUN,0.091,0.282,0.059,0.362,0.323,0.104,3.092,51,0.408,533,2.605,26.1
OK
DATA,MOTOR_BREAKIN_V3,000001,11144,509,512,0.065,0.000,3.705,0.362,3.343,50,FWD,RUN,0.033,0.109,0.059,0.446,0.323,0.104,3.092,51,0.408,533,2.605,26.1
OK
DATA,MOTOR_BREAKIN_V3,000001,11244,509,513,0.065,0.000,3.399,0.223,3.176,43,FWD,RUN,0.033,0.103,0.059,0.474,0.323,0.104,3.092,51,0.408,533,2.605,26.0
OK
DATA,MOTOR_BREAKIN_V3,000001,11344,510,511,0.000,0.065,3.287,0.279,3.009,39,FWD,RUN,0.032,0.097,0.091,0.501,0.323,0.104,3.092,51,0.408,533,2.605,26.1
DATA,MOTOR_BREAKIN_V3,000001,11444,509,512,0.065,0.000,3.315,0.306,3.009,39,FWD,RUN,0.033,0.098,0.033,0.334,0.323,0.104,3.092,51,0.408,533,2.605,26.1
DATA,MOTOR_BREAKIN_V3,000001,11544,510,511,0.000,0.065,3.232,0.251,2.981,39,FWD,RUN,0.032,0.096,0.033,0.557,0.323,0.104,3.092,51,0.408,533,2.605,26.1
DATA,MOTOR_BREAKIN_V3,000001,11644,509,511,0.065,0.065,3.176,0.696,2.479,39,FWD,RUN,0.065,0.161,0.065,0.836,0.323,0.104,3.092,51,0.408,533,2.605,26.1
OK
DATA,MOTOR_BREAKIN_V3,000001,11744,509,512,0.065,0.000,3.482,0.474,3.009,49,FWD,RUN,0.033,0.098,0.078,0.669,0.323,0.104,3.092,51,0.408,533,2.605,26.2
DATA,MOTOR_BREAKIN_V3,000001,11844,508,511,0.091,0.065,3.399,0.446,2.953,49,FWD,RUN,0.078,0.230,0.091,0.362,0.323,0.104,3.092,51,0.408,533,2.605,26.1
OK
DATA,MOTOR_BREAKIN_V3,000001,11944,509,512,0.065,0.000,3.677,0.362,3.315,50,FWD,RUN,0.033,0.108,0.072,0.474,0.323,0.104,3.092,51,0.408,533,2.605,26.1
OK
DATA,MOTOR_BREAKIN_V3,000001,12044,508,510,0.091,0.091,3.371,0.251,3.120,44,FWD,RUN,0.091,0.285,0.072,0.279,0.323,0.104,3.092,51,0.408,533,2.605,26.1
OK
DATA,MOTOR_BREAKIN_V3,000001,12144,509,512,0.065,0.000,3.399,0.167,3.232,42,FWD,RUN,0.033,0.105,0.091,0.306,0.323,0.104,3.092,51,0.408,533,2.605,26.1
OK
DATA,MOTOR_BREAKIN_V3,000001,12244,510,512,0.000,0.000,3.092,0.279,2.814,37,FWD,RUN,0.000,0.000,0.078,0.585,0.323,0.104,3.092,51,0.408,533,2.605,26.1
OK
DATA,MOTOR_BREAKIN_V3,000001,12344,509,512,0.065,0.000,3.260,0.362,2.897,41,FWD,RUN,0.033,0.094,0.065,0.585,0.323,0.104,3.092,51,0.408,533,2.605,26.1
DATA,MOTOR_BREAKIN_V3,000001,12444,510,512,0.000,0.000,3.287,0.306,2.981,41,FWD,RUN,0.000,0.000,0.046,0.362,0.323,0.104,3.092,51,0.408,533,2.605,26.1
OK
DATA,MOTOR_BREAKIN_V3,000001,12544,510,512,0.000,0.000,3.371,0.279,3.092,43,FWD,RUN,0.000,0.000,0.046,0.223,0.323,0.104,3.092,51,0.408,533,2.605,26.1
OK
DATA,MOTOR_BREAKIN_V3,000001,12644,509,512,0.065,0.000,3.260,0.279,2.981,41,FWD,RUN,0.033,0.097,0.065,0.279,0.323,0.104,3.092,51,0.408,533,2.605,26.1
DATA,MOTOR_BREAKIN_V3,000001,12744,509,512,0.065,0.000,3.371,0.223,3.148,41,FWD,RUN,0.033,0.102,0.065,0.362,0.323,0.104,3.092,51,0.408,533,2.605,26.1
OK
DATA,MOTOR_BREAKIN_V3,000001,12844,510,512,0.000,0.000,3.065,0.306,2.758,38,FWD,RUN,0.000,0.000,0.033,0.390,0.323,0.104,3.092,51,0.408,533,2.605,26.1
OK
DATA,MOTOR_BREAKIN_V3,000001,12944,509,512,0.065,0.000,3.260,0.334,2.925,43,FWD,RUN,0.033,0.095,0.065,0.195,0.323,0.104,3.092,51,0.408,533,2.605,26.1
OK
DATA,MOTOR_BREAKIN_V3,000001,13043,509,513,0.065,0.000,3.260,0.362,2.897,45,FWD,RUN,0.033,0.094,0.078,0.279,0.323,0.104,3.092,51,0.408,533,2.605,25.5
OK
DATA,MOTOR_BREAKIN_V3,000001,13144,508,511,0.091,0.065,3.343,0.279,3.065,47,FWD,RUN,0.078,0.239,0.078,0.390,0.323,0.104,3.092,51,0.408,533,2.605,26.1
OK
DATA,MOTOR_BREAKIN_V3,000001,13244,509,510,0.065,0.091,3.287,0.418,2.870,46,FWD,RUN,0.078,0.224,0.046,0.501,0.323,0.104,3.092,51,0.408,533,2.605,26.1
OK
DATA,MOTOR_BREAKIN_V3,000001,13344,508,511,0.091,0.065,3.399,0.446,2.953,49,FWD,RUN,0.078,0.230,0.046,0.418,0.323,0.104,3.092,51,0.408,533,2.605,26.1
DATA,MOTOR_BREAKIN_V3,000001,13444,509,512,0.065,0.000,3.538,0.390,3.148,49,FWD,RUN,0.033,0.102,0.072,0.251,0.323,0.104,3.092,51,0.408,533,2.605,26.1
OK
DATA,MOTOR_BREAKIN_V3,000001,13544,508,512,0.091,0.000,3.455,0.418,3.037,46,FWD,RUN,0.046,0.139,0.072,0.279,0.323,0.104,3.092,51,0.408,533,2.605,26.1
OK
DATA,MOTOR_BREAKIN_V3,000001,13644,509,512,0.065,0.000,3.482,0.446,3.037,45,FWD,RUN,0.033,0.099,0.059,0.279,0.323,0.104,3.092,51,0.408,534,2.610,27.7
OK
DATA,MOTOR_BREAKIN_V3,000001,13744,508,512,0.091,0.000,3.455,0.334,3.120,44,FWD,RUN,0.046,0.143,0.032,0.418,0.323,0.104,3.092,51,0.408,533,2.605,26.1
OK
DATA,MOTOR_BREAKIN_V3,000001,13844,510,513,0.000,0.000,3.204,0.334,2.870,42,FWD,RUN,0.000,0.000,0.078,0.557,0.323,0.104,3.092,51,0.408,533,2.605,26.1
OK
DATA,MOTOR_BREAKIN_V3,000001,13944,509,511,0.065,0.065,3.538,0.418,3.120,45,FWD,RUN,0.065,0.202,0.091,0.418,0.323,0.104,3.092,51,0.408,533,2.605,27.4
OK
DATA,MOTOR_BREAKIN_V3,000001,14044,510,511,0.000,0.065,3.371,0.334,3.037,43,FWD,RUN,0.032,0.098,0.091,0.390,0.323,0.104,3.092,51,0.408,533,2.605,26.1
OK
DATA,MOTOR_BREAKIN_V3,000001,14144,509,512,0.065,0.000,3.455,0.279,3.176,42,FWD,RUN,0.033,0.103,0.033,0.474,0.323,0.104,3.092,51,0.408,533,2.605,26.1
DATA,MOTOR_BREAKIN_V3,000001,14244,509,512,0.065,0.000,3.315,0.362,2.953,42,FWD,RUN,0.033,0.096,0.065,0.780,0.323,0.104,3.092,51,0.408,533,2.605,26.1
OK
DATA,MOTOR_BREAKIN_V3,000001,14344,509,512,0.065,0.000,3.176,0.251,2.925,38,FWD,RUN,0.033,0.095,0.065,0.613,0.323,0.104,3.092,51,0.408,533,2.605,26.0
OK
DATA,MOTOR_BREAKIN_V3,000001,14444,510,512,0.000,0.000,3.204,0.334,2.870,40,FWD,RUN,0.000,0.000,0.033,0.362,0.323,0.104,3.092,51,0.408,533,2.605,26.1
OK
DATA,MOTOR_BREAKIN_V3,000001,14544,509,511,0.065,0.065,3.287,0.362,2.925,43,FWD,RUN,0.065,0.190,0.078,0.390,0.323,0.104,3.092,51,0.408,533,2.605,26.1
OK
DATA,MOTOR_BREAKIN_V3,000001,14644,509,511,0.065,0.065,3.315,0.418,2.897,45,FWD,RUN,0.065,0.188,0.078,0.390,0.323,0.104,3.092,51,0.408,533,2.605,25.6
OK
DATA,MOTOR_BREAKIN_V3,000001,14744,508,511,0.091,0.065,3.371,0.362,3.009,47,FWD,RUN,0.078,0.235,0.046,0.362,0.323,0.104,3.092,51,0.408,533,2.605,26.1
DATA,MOTOR_BREAKIN_V3,000001,14844,509,511,0.065,0.065,3.315,0.446,2.870,47,FWD,RUN,0.065,0.186,0.046,0.501,0.323,0.104,3.092,51,0.408,533,2.605,26.1
OK
DATA,MOTOR_BREAKIN_V3,000001,14944,507,510,0.118,0.091,3.566,0.362,3.204,50,FWD,RUN,0.104,0.335,0.059,0.446,0.335,0.104,3.204,50,0.408,533,2.605,26.1
OK
DATA,MOTOR_BREAKIN_V3,000001,15044,509,512,0.065,0.000,3.427,0.362,3.065,46,FWD,RUN,0.033,0.100,0.072,0.446,0.335,0.104,3.204,50,0.408,533,2.605,26.1
DATA,MOTOR_BREAKIN_V3,000001,15144,508,511,0.091,0.065,3.371,0.279,3.092,46,FWD,RUN,0.078,0.241,0.059,0.446,0.335,0.104,3.204,50,0.408,533,2.605,26.1
OK
DATA,MOTOR_BREAKIN_V3,000001,15244,508,510,0.091,0.091,3.315,0.390,2.925,44,FWD,RUN,0.091,0.267,0.091,0.947,0.335,0.104,3.204,50,0.408,533,2.605,26.1
OK
DATA,MOTOR_BREAKIN_V3,000001,15344,510,512,0.000,0.000,3.566,0.223,3.343,46,FWD,RUN,0.000,0.000,0.091,0.864,0.335,0.104,3.204,50,0.408,533,2.605,26.1
OK
DATA,MOTOR_BREAKIN_V3,000001,15444,509,512,0.065,0.000,3.232,0.362,2.870,39,FWD,RUN,0.033,0.093,0.078,0.752,0.335,0.104,3.204,50,0.408,533,2.605,26.1
OK
DATA,MOTOR_BREAKIN_V3,000001,15544,509,512,0.065,0.000,3.315,0.306,3.009,42,FWD,RUN,0.033,0.098,0.078,0.696,0.335,0.104,3.204,50,0.408,533,2.605,26.1
DATA,MOTOR_BREAKIN_V3,000001,15644,509,512,0.065,0.000,3.120,0.362,2.758,42,FWD,RUN,0.033,0.090,0.078,0.613,0.335,0.104,3.204,50,0.408,533,2.605,26.1
OK
DATA,MOTOR_BREAKIN_V3,000001,15744,508,512,0.091,0.000,3.287,0.390,2.897,47,FWD,RUN,0.046,0.133,0.078,1.059,0.335,0.104,3.204,50,0.408,533,2.605,26.2
OK
DATA,MOTOR_BREAKIN_V3,000001,15844,508,512,0.091,0.000,3.455,0.390,3.065,49,FWD,RUN,0.046,0.140,0.046,0.947,0.335,0.104,3.204,50,0.408,533,2.605,26.2
DATA,MOTOR_BREAKIN_V3,000001,15944,508,512,0.091,0.000,3.482,0.418,3.065,49,FWD,RUN,0.046,0.140,0.078,0.891,0.335,0.104,3.204,50,0.408,533,2.605,26.2
OK
DATA,MOTOR_BREAKIN_V3,000001,16044,508,512,0.091,0.000,3.455,0.306,3.148,48,FWD,RUN,0.046,0.144,0.091,0.780,0.335,0.104,3.204,50,0.408,533,2.605,26.1
OK
DATA,MOTOR_BREAKIN_V3,000001,16144,509,511,0.065,0.065,3.371,0.362,3.009,45,FWD,RUN,0.065,0.195,0.091,0.724,0.335,0.104,3.204,50,0.408,533,2.605,26.2
DATA,MOTOR_BREAKIN_V3,000001,16243,508,512,0.091,0.000,3.427,0.641,2.786,45,FWD,RUN,0.046,0.127,0.078,0.891,0.335,0.104,3.204,50,0.408,533,2.605,26.1
OK
DATA,MOTOR_BREAKIN_V3,000001,16344,508,511,0.091,0.065,3.455,0.390,3.065,49,FWD,RUN,0.078,0.239,0.078,0.891,0.335,0.104,3.204,50,0.408,533,2.605,26.2
OK
DATA,MOTOR_BREAKIN_V3,000001,16444,508,512,0.091,0.000,3.455,0.390,3.065,48,FWD,RUN,0.046,0.140,0.091,0.474,0.335,0.104,3.204,50,0.408,533,2.605,26.2
OK
DATA,MOTOR_BREAKIN_V3,000001,16544,508,512,0.091,0.000,3.399,0.362,3.037,47,FWD,RUN,0.046,0.139,0.091,0.724,0.335,0.104,3.204,50,0.408,533,2.605,26.2
OK
DATA,MOTOR_BREAKIN_V3,000001,16644,509,512,0.065,0.000,3.733,0.000,3.733,46,FWD,RUN,0.033,0.121,0.046,0.696,0.335,0.104,3.204,50,0.408,533,2.605,26.2
OK
DATA,MOTOR_BREAKIN_V3,000001,16744,509,512,0.065,0.000,3.120,0.195,2.925,35,FWD,RUN,0.033,0.095,0.046,1.087,0.335,0.104,3.204,50,0.408,533,2.605,26.1
DATA,MOTOR_BREAKIN_V3,000001,16844,509,512,0.065,0.000,3.037,0.251,2.786,35,FWD,RUN,0.033,0.091,0.078,0.474,0.335,0.104,3.204,50,0.408,533,2.605,26.1
OK
DATA,MOTOR_BREAKIN_V3,000001,16944,509,513,0.065,0.000,3.092,0.557,2.535,37,FWD,RUN,0.033,0.082,0.033,0.474,0.335,0.104,3.204,50,0.408,533,2.605,26.1
OK
DATA,MOTOR_BREAKIN_V3,000001,17044,508,512,0.091,0.000,3.482,0.334,3.148,46,FWD,RUN,0.046,0.144,0.078,0.613,0.335,0.104,3.204,50,0.408,533,2.605,26.1
OK
DATA,MOTOR_BREAKIN_V3,000001,17144,509,512,0.065,0.000,3.232,0.334,2.897,43,FWD,RUN,0.033,0.094,0.078,0.641,0.335,0.104,3.204,50,0.408,533,2.605,26.1
OK
DATA,MOTOR_BREAKIN_V3,000001,17244,509,512,0.065,0.000,3.232,0.418,2.814,45,FWD,RUN,0.033,0.092,0.078,0.641,0.335,0.104,3.204,50,0.408,533,2.605,25.6
OK
DATA,MOTOR_BREAKIN_V3,000001,17344,508,511,0.091,0.065,3.371,0.446,2.925,49,FWD,RUN,0.078,0.228,0.046,0.306,0.335,0.104,3.204,50,0.408,533,2.605,26.2
OK
DATA,MOTOR_BREAKIN_V3,000001,17444,508,510,0.091,0.091,3.566,0.418,3.148,51,FWD,RUN,0.091,0.287,0.091,0.808,0.335,0.104,3.204,50,0.408,533,2.605,26.1
OK
DATA,MOTOR_BREAKIN_V3,000001,17544,507,512,0.118,0.000,3.538,0.306,3.232,48,FWD,RUN,0.059,0.191,0.091,0.752,0.335,0.104,3.204,50,0.408,533,2.605,26.1
OK
DATA,MOTOR_BREAKIN_V3,000001,17644,509,512,0.065,0.000,3.399,0.334,3.065,43,FWD,RUN,0.033,0.100,0.059,0.474,0.335,0.104,3.204,50,0.408,533,2.605,26.1
DATA,MOTOR_BREAKIN_V3,000001,17744,509,512,0.065,0.000,3.427,0.279,3.148,43,FWD,RUN,0.033,0.102,0.078,0.195,0.335,0.104,3.204,50,0.408,533,2.605,26.1
OK
DATA,MOTOR_BREAKIN_V3,000001,17844,509,512,0.065,0.000,3.148,0.334,2.814,42,FWD,RUN,0.033,0.092,0.046,0.418,0.335,0.104,3.204,50,0.408,533,2.605,26.1
OK
DATA,MOTOR_BREAKIN_V3,000001,17944,509,511,0.065,0.065,3.315,0.334,2.981,46,FWD,RUN,0.065,0.193,0.032,0.585,0.335,0.104,3.204,50,0.408,533,2.605,26.1
DATA,MOTOR_BREAKIN_V3,000001,18044,508,512,0.091,0.000,3.399,0.334,3.065,46,FWD,RUN,0.046,0.140,0.032,0.501,0.335,0.104,3.204,50,0.408,533,2.605,26.1
OK
DATA,MOTOR_BREAKIN_V3,000001,18144,508,512,0.091,0.000,3.315,0.390,2.925,45,FWD,RUN,0.046,0.134,0.046,0.529,0.335,0.104,3.204,50,0.408,533,2.605,26.1
OK
DATA,MOTOR_BREAKIN_V3,000001,18244,509,511,0.065,0.065,3.287,0.446,2.842,47,FWD,RUN,0.065,0.184,0.059,0.306,0.335,0.104,3.204,50,0.408,533,2.605,26.1
OK
DATA,MOTOR_BREAKIN_V3,000001,18344,509,512,0.065,0.000,3.538,0.390,3.148,50,FWD,RUN,0.033,0.102,0.072,0.446,0.335,0.104,3.204,50,0.408,533,2.605,26.1
OK
DATA,MOTOR_BREAKIN_V3,000001,18444,508,511,0.091,0.065,3.427,0.334,3.092,47,FWD,RUN,0.078,0.241,0.072,0.864,0.335,0.104,3.204,50,0.408,533,2.605,26.1
OK
DATA,MOTOR_BREAKIN_V3,000001,18544,508,512,0.091,0.000,3.343,0.334,3.009,45,FWD,RUN,0.046,0.138,0.059,0.891,0.335,0.104,3.204,50,0.408,533,2.605,27.1
DATA,MOTOR_BREAKIN_V3,000001,18644,508,512,0.091,0.000,3.399,0.334,3.065,45,FWD,RUN,0.046,0.140,0.046,0.557,0.335,0.104,3.204,50,0.408,533,2.605,26.1
DATA,MOTOR_BREAKIN_V3,000001,18744,509,512,0.065,0.000,3.538,0.251,3.287,45,FWD,RUN,0.033,0.107,0.046,0.362,0.335,0.104,3.204,50,0.408,533,2.605,26.1
OK
DATA,MOTOR_BREAKIN_V3,000001,18844,509,512,0.065,0.000,3.260,0.362,2.897,44,FWD,RUN,0.033,0.094,0.046,1.031,0.335,0.104,3.204,50,0.408,533,2.605,26.1
OK
DATA,MOTOR_BREAKIN_V3,000001,18944,508,512,0.091,0.000,3.566,0.251,3.315,46,FWD,RUN,0.046,0.152,0.059,1.059,0.335,0.104,3.204,50,0.408,533,2.605,26.1
OK
DATA,MOTOR_BREAKIN_V3,000001,19044,510,512,0.000,0.000,3.315,0.418,2.897,40,FWD,RUN,0.000,0.000,0.091,0.529,0.335,0.104,3.204,50,0.408,533,2.605,26.1
OK
DATA,MOTOR_BREAKIN_V3,000001,19144,509,512,0.065,0.000,3.176,0.334,2.842,42,FWD,RUN,0.033,0.092,0.065,0.696,0.335,0.104,3.204,50,0.408,533,2.605,26.1
OK
DATA,MOTOR_BREAKIN_V3,000001,19244,510,512,0.000,0.000,3.315,0.334,2.981,45,FWD,RUN,0.000,0.000,0.078,0.891,0.335,0.104,3.204,50,0.408,533,2.605,27.2
DATA,MOTOR_BREAKIN_V3,000001,19344,509,511,0.065,0.065,3.287,0.279,3.009,45,FWD,RUN,0.065,0.195,0.078,0.669,0.335,0.104,3.204,50,0.408,533,2.605,25.9
DATA,MOTOR_BREAKIN_V3,000001,19443,508,512,0.091,0.000,3.232,0.390,2.842,45,FWD,RUN,0.046,0.130,0.065,0.418,0.335,0.104,3.204,50,0.408,533,2.605,26.0
OK
DATA,MOTOR_BREAKIN_V3,000001,19544,508,510,0.091,0.091,3.399,0.279,3.120,48,FWD,RUN,0.091,0.285,0.059,0.474,0.335,0.104,3.204,50,0.408,533,2.605,26.1
OK
DATA,MOTOR_BREAKIN_V3,000001,19644,510,511,0.000,0.065,3.482,0.501,2.981,46,FWD,RUN,0.032,0.096,0.059,0.334,0.335,0.104,3.204,50,0.408,533,2.605,26.1
DATA,MOTOR_BREAKIN_V3,000001,19744,509,512,0.065,0.000,3.232,0.418,2.814,46,FWD,RUN,0.033,0.092,0.046,0.585,0.335,0.104,3.204,50,0.408,533,2.605,26.1
OK
DATA,MOTOR_BREAKIN_V3,000001,19844,508,511,0.091,0.065,3.510,0.418,3.092,50,FWD,RUN,0.078,0.241,0.059,0.641,0.335,0.104,3.204,50,0.408,533,2.605,26.1
OK
DATA,MOTOR_BREAKIN_V3,000001,19944,509,510,0.065,0.091,3.427,0.418,3.009,48,FWD,RUN,0.078,0.235,0.059,0.446,0.335,0.104,3.204,50,0.408,533,2.605,26.1
DATA,MOTOR_BREAKIN_V3,000001,20044,509,512,0.065,0.000,3.482,0.390,3.092,48,FWD,RUN,0.033,0.101,0.059,0.641,0.335,0.104,3.204,50,0.408,533,2.605,26.1
OK
DATA,MOTOR_BREAKIN_V3,000001,20144,508,511,0.091,0.065,3.455,0.251,3.204,46,FWD,RUN,0.078,0.250,0.059,0.641,0.335,0.104,3.204,50,0.408,533,2.605,26.1
OK
DATA,MOTOR_BREAKIN_V3,000001,20244,508,512,0.091,0.000,3.371,0.362,3.009,42,FWD,RUN,0.046,0.138,0.091,0.780,0.335,0.104,3.204,50,0.408,533,2.605,26.0
DATA,MOTOR_BREAKIN_V3,000001,20344,509,512,0.065,0.000,3.371,0.279,3.092,42,FWD,RUN,0.033,0.101,0.078,0.947,0.335,0.104,3.204,50,0.408,533,2.605,26.1
OK
DATA,MOTOR_BREAKIN_V3,000001,20444,509,512,0.065,0.000,3.315,0.279,3.037,40,FWD,RUN,0.033,0.099,0.065,0.557,0.335,0.104,3.204,50,0.408,533,2.605,26.1
OK
DATA,MOTOR_BREAKIN_V3,000001,20544,509,512,0.065,0.000,3.065,0.306,2.758,39,FWD,RUN,0.033,0.090,0.033,0.752,0.335,0.104,3.204,50,0.408,533,2.605,26.1
DATA,MOTOR_BREAKIN_V3,000001,20644,509,511,0.065,0.065,3.287,0.251,3.037,39,FWD,RUN,0.065,0.197,0.065,1.142,0.335,0.104,3.204,50,0.408,533,2.605,26.1
OK
DATA,MOTOR_BREAKIN_V3,000001,20744,509,513,0.065,0.000,3.092,0.279,2.814,38,FWD,RUN,0.033,0.092,0.065,0.808,0.335,0.104,3.204,50,0.408,533,2.605,26.1
OK
DATA,MOTOR_BREAKIN_V3,000001,20844,508,512,0.091,0.000,3.148,0.418,2.730,42,FWD,RUN,0.046,0.125,0.046,0.446,0.335,0.104,3.204,50,0.408,533,2.605,26.1
OK
DATA,MOTOR_BREAKIN_V3,000001,20944,508,512,0.091,0.000,3.315,0.334,2.981,47,FWD,RUN,0.046,0.136,0.078,0.390,0.335,0.104,3.204,50,0.408,533,2.605,26.1
DATA,MOTOR_BREAKIN_V3,000001,21044,509,512,0.065,0.000,3.566,0.223,3.343,47,FWD,RUN,0.033,0.109,0.059,0.641,0.335,0.104,3.204,50,0.408,533,2.605,26.1
OK
DATA,MOTOR_BREAKIN_V3,000001,21144,509,512,0.065,0.000,3.287,0.362,2.925,40,FWD,RUN,0.033,0.095,0.059,0.669,0.335,0.104,3.204,50,0.408,533,2.605,26.1
OK
DATA,MOTOR_BREAKIN_V3,000001,21244,509,512,0.065,0.000,3.204,0.362,2.842,42,FWD,RUN,0.033,0.092,0.046,0.836,0.335,0.104,3.204,50,0.408,534,2.610,26.1
OK
DATA,MOTOR_BREAKIN_V3,000001,21344,508,512,0.091,0.000,3.176,0.390,2.786,45,FWD,RUN,0.046,0.127,0.013,0.780,0.335,0.104,3.204,50,0.408,533,2.605,25.5
OK
DATA,MOTOR_BREAKIN_V3,000001,21444,509,512,0.065,0.000,3.510,0.334,3.176,49,FWD,RUN,0.033,0.103,0.046,0.752,0.335,0.104,3.204,50,0.408,533,2.605,26.1
DATA,MOTOR_BREAKIN_V3,000001,21544,510,513,0.000,0.000,3.705,0.111,3.594,49,FWD,RUN,0.000,0.000,0.078,0.808,0.335,0.104,3.204,50,0.408,533,2.605,26.1
OK
DATA,MOTOR_BREAKIN_V3,000001,21644,510,513,0.000,0.000,3.065,0.306,2.758,37,FWD,RUN,0.000,0.000,0.078,0.836,0.335,0.104,3.204,50,0.408,533,2.605,26.1
OK
DATA,MOTOR_BREAKIN_V3,000001,21744,509,512,0.065,0.000,3.148,0.418,2.730,42,FWD,RUN,0.033,0.089,0.065,0.696,0.335,0.104,3.204,50,0.408,533,2.605,26.1
OK
DATA,MOTOR_BREAKIN_V3,000001,21844,508,512,0.091,0.000,3.482,0.223,3.260,47,FWD,RUN,0.046,0.149,0.065,0.585,0.335,0.104,3.204,50,0.408,533,2.605,26.1
OK
DATA,MOTOR_BREAKIN_V3,000001,21944,508,511,0.091,0.065,3.399,0.195,3.204,42,FWD,RUN,0.078,0.250,0.046,0.557,0.335,0.104,3.204,50,0.408,533,2.605,26.1
OK
DATA,MOTOR_BREAKIN_V3,000001,22044,509,513,0.065,0.000,3.092,0.223,2.870,38,FWD,RUN,0.033,0.093,0.078,0.390,0.335,0.104,3.204,50,0.408,533,2.605,26.1
OK
DATA,MOTOR_BREAKIN_V3,000001,22144,509,513,0.065,0.000,3.120,0.334,2.786,41,FWD,RUN,0.033,0.091,0.046,0.752,0.335,0.104,3.204,50,0.408,533,2.605,26.1
OK
DATA,MOTOR_BREAKIN_V3,000001,22244,508,511,0.091,0.065,3.176,0.418,2.758,45,FWD,RUN,0.078,0.215,0.078,0.752,0.335,0.104,3.204,50,0.408,533,2.605,25.7
DATA,MOTOR_BREAKIN_V3,000001,22344,508,512,0.091,0.000,3.287,0.362,2.925,45,FWD,RUN,0.046,0.134,0.078,0.306,0.335,0.104,3.204,50,0.408,533,2.605,27.7
OK
DATA,MOTOR_BREAKIN_V3,000001,22444,508,511,0.091,0.065,3.427,0.418,3.009,50,FWD,RUN,0.078,0.235,0.059,0.418,0.335,0.104,3.204,50,0.408,533,2.605,26.1
DATA,MOTOR_BREAKIN_V3,000001,22544,508,512,0.091,0.000,3.538,0.362,3.176,50,FWD,RUN,0.046,0.145,0.046,0.418,0.335,0.104,3.204,50,0.408,533,2.605,26.1
OK
DATA,MOTOR_BREAKIN_V3,000001,22643,508,510,0.091,0.091,3.399,0.279,3.120,46,FWD,RUN,0.091,0.285,0.059,0.195,0.335,0.104,3.204,50,0.408,533,2.605,26.1
OK
DATA,MOTOR_BREAKIN_V3,000001,22744,509,512,0.065,0.000,3.204,0.362,2.842,44,FWD,RUN,0.033,0.092,0.059,0.641,0.335,0.104,3.204,50,0.408,533,2.605,26.0
OK
DATA,MOTOR_BREAKIN_V3,000001,22844,508,512,0.091,0.000,3.455,0.474,2.981,47,FWD,RUN,0.046,0.136,0.078,0.641,0.335,0.104,3.204,50,0.408,533,2.605,26.1
DATA,MOTOR_BREAKIN_V3,000001,22944,508,512,0.091,0.000,3.482,0.696,2.786,47,FWD,RUN,0.046,0.127,0.078,0.669,0.335,0.104,3.204,50,0.408,533,2.605,26.1
OK
DATA,MOTOR_BREAKIN_V3,000001,23044,507,510,0.118,0.091,3.566,0.418,3.148,51,FWD,RUN,0.104,0.329,0.104,0.724,0.335,0.104,3.204,50,0.408,533,2.605,26.1
OK
DATA,MOTOR_BREAKIN_V3,000001,23144,509,512,0.065,0.000,3.455,0.362,3.092,48,FWD,RUN,0.033,0.101,0.104,0.585,0.335,0.104,3.204,50,0.408,533,2.605,26.1
OK
DATA,MOTOR_BREAKIN_V3,000001,23244,509,512,0.065,0.000,3.510,0.251,3.260,46,FWD,RUN,0.033,0.106,0.104,1.087,0.335,0.104,3.204,50,0.408,533,2.605,26.1
DATA,MOTOR_BREAKIN_V3,000001,23344,508,512,0.091,0.000,3.455,0.390,3.065,46,FWD,RUN,0.046,0.140,0.078,1.087,0.335,0.104,3.204,50,0.408,533,2.605,26.1
OK
DATA,MOTOR_BREAKIN_V3,000001,23444,509,511,0.065,0.065,3.315,0.362,2.953,45,FWD,RUN,0.065,0.191,0.078,0.919,0.335,0.104,3.204,50,0.408,533,2.605,26.8
OK
DATA,MOTOR_BREAKIN_V3,000001,23544,509,512,0.065,0.000,3.399,0.446,2.953,46,FWD,RUN,0.033,0.096,0.078,0.891,0.335,0.104,3.204,50,0.408,533,2.605,26.1
OK
DATA,MOTOR_BREAKIN_V3,000001,23644,507,511,0.118,0.065,3.482,0.279,3.204,47,FWD,RUN,0.091,0.292,0.091,0.474,0.335,0.104,3.204,50,0.408,533,2.605,26.1
OK
DATA,MOTOR_BREAKIN_V3,000001,23744,508,512,0.091,0.000,3.287,0.334,2.953,43,FWD,RUN,0.046,0.135,0.091,0.836,0.335,0.104,3.204,50,0.408,533,2.605,26.1
OK
DATA,MOTOR_BREAKIN_V3,000001,23844,508,512,0.091,0.000,3.399,0.334,3.065,44,FWD,RUN,0.046,0.140,0.078,0.864,0.335,0.104,3.204,50,0.408,533,2.605,26.0
OK
DATA,MOTOR_BREAKIN_V3,000001,23944,509,512,0.065,0.000,3.371,0.251,3.120,43,FWD,RUN,0.033,0.102,0.033,0.306,0.335,0.104,3.204,50,0.408,533,2.605,26.0
OK
DATA,MOTOR_BREAKIN_V3,000001,24044,510,512,0.000,0.000,3.260,0.306,2.953,41,FWD,RUN,0.000,0.000,0.078,0.390,0.335,0.104,3.204,50,0.408,533,2.605,26.1
OK
DATA,MOTOR_BREAKIN_V3,000001,24144,508,513,0.091,0.000,3.260,0.279,2.981,42,FWD,RUN,0.046,0.136,0.078,0.446,0.335,0.104,3.204,50,0.408,533,2.605,26.0
DATA,MOTOR_BREAKIN_V3,000001,24244,508,512,0.091,0.000,3.287,0.279,3.009,42,FWD,RUN,0.046,0.138,0.065,0.390,0.335,0.104,3.204,50,0.408,533,2.605,26.1
DATA,MOTOR_BREAKIN_V3,000001,24344,509,512,0.065,0.000,3.204,0.362,2.842,42,FWD,RUN,0.033,0.092,0.065,0.334,0.335,0.104,3.204,50,0.408,533,2.605,26.1
OK
DATA,MOTOR_BREAKIN_V3,000001,24444,509,512,0.065,0.000,3.427,0.362,3.065,45,FWD,RUN,0.033,0.100,0.065,0.362,0.335,0.104,3.204,50,0.408,533,2.605,27.7
OK
DATA,MOTOR_BREAKIN_V3,000001,24544,508,511,0.091,0.065,3.371,0.362,3.009,44,FWD,RUN,0.078,0.235,0.078,0.362,0.335,0.104,3.204,50,0.408,533,2.605,26.1
DATA,MOTOR_BREAKIN_V3,000001,24644,509,512,0.065,0.000,3.315,0.362,2.953,44,FWD,RUN,0.033,0.096,0.046,0.362,0.335,0.104,3.204,50,0.408,533,2.605,26.1
OK
DATA,MOTOR_BREAKIN_V3,000001,24744,509,511,0.065,0.065,3.399,0.390,3.009,45,FWD,RUN,0.065,0.195,0.065,0.306,0.335,0.104,3.204,50,0.408,533,2.605,25.7
DATA,MOTOR_BREAKIN_V3,000001,24844,509,512,0.065,0.000,3.566,0.251,3.315,45,FWD,RUN,0.033,0.108,0.065,0.446,0.335,0.104,3.204,50,0.408,533,2.605,26.4
OK
DATA,MOTOR_BREAKIN_V3,000001,24944,509,511,0.065,0.065,3.260,0.279,2.981,39,FWD,RUN,0.065,0.193,0.032,0.390,0.335,0.104,3.204,50,0.408,533,2.605,26.0
DATA,MOTOR_BREAKIN_V3,000001,25044,509,512,0.065,0.000,3.148,0.306,2.842,39,FWD,RUN,0.033,0.092,0.065,0.306,0.335,0.104,3.204,50,0.408,533,2.605,26.1
OK
DATA,MOTOR_BREAKIN_V3,000001,25144,509,512,0.065,0.000,3.287,0.390,2.897,42,FWD,RUN,0.033,0.094,0.046,0.251,0.335,0.104,3.204,50,0.408,533,2.605,26.0
DATA,MOTOR_BREAKIN_V3,000001,25244,509,513,0.065,0.000,3.120,0.362,2.758,42,FWD,RUN,0.033,0.090,0.033,0.279,0.335,0.104,3.204,50,0.408,533,2.605,26.1
OK
DATA,MOTOR_BREAKIN_V3,000001,25344,507,512,0.118,0.000,3.343,0.418,2.925,47,FWD,RUN,0.059,0.172,0.078,0.557,0.335,0.104,3.204,50,0.408,533,2.605,26.1
OK
DATA,MOTOR_BREAKIN_V3,000001,25444,508,511,0.091,0.065,3.510,0.418,3.092,49,FWD,RUN,0.078,0.241,0.046,0.696,0.335,0.104,3.204,50,0.408,533,2.605,26.1
OK
DATA,MOTOR_BREAKIN_V3,000001,25544,508,511,0.091,0.065,3.371,0.334,3.037,47,FWD,RUN,0.078,0.237,0.046,0.696,0.335,0.104,3.204,50,0.408,533,2.605,26.1
OK
DATA,MOTOR_BREAKIN_V3,000001,25644,510,512,0.000,0.000,3.594,0.195,3.399,46,FWD,RUN,0.000,0.000,0.078,0.529,0.335,0.104,3.204,50,0.408,533,2.605,26.1
OK
DATA,MOTOR_BREAKIN_V3,000001,25744,510,513,0.000,0.000,3.482,0.139,3.343,38,FWD,RUN,0.000,0.000,0.078,0.641,0.335,0.104,3.204,50,0.408,533,2.605,26.1
OK
DATA,MOTOR_BREAKIN_V3,000001,25843,510,513,0.000,0.000,3.092,0.223,2.870,35,FWD,RUN,0.000,0.000,0.046,0.724,0.335,0.104,3.204,50,0.408,533,2.605,26.1
OK
DATA,MOTOR_BREAKIN_V3,000001,25944,509,512,0.065,0.000,3.176,0.334,2.842,38,FWD,RUN,0.033,0.092,0.033,0.362,0.335,0.104,3.204,50,0.408,533,2.605,26.1
OK
DATA,MOTOR_BREAKIN_V3,000001,26044,509,513,0.065,0.000,3.232,0.167,3.065,41,FWD,RUN,0.033,0.100,0.046,0.334,0.335,0.104,3.204,50,0.408,533,2.605,26.1
DATA,MOTOR_BREAKIN_V3,000001,26144,509,512,0.065,0.000,3.176,0.390,2.786,41,FWD,RUN,0.033,0.091,0.046,0.334,0.335,0.104,3.204,50,0.408,533,2.605,26.0
OK
DATA,MOTOR_BREAKIN_V3,000001,26244,509,512,0.065,0.000,3.315,0.418,2.897,45,FWD,RUN,0.033,0.094,0.046,0.390,0.335,0.104,3.204,50,0.408,533,2.605,25.5
OK
DATA,MOTOR_BREAKIN_V3,000001,26344,508,512,0.091,0.000,3.315,0.446,2.870,47,FWD,RUN,0.046,0.131,0.046,0.390,0.335,0.104,3.204,50,0.408,533,2.605,26.1
OK
DATA,MOTOR_BREAKIN_V3,000001,26444,507,510,0.118,0.091,3.482,0.446,3.037,50,FWD,RUN,0.104,0.317,0.104,0.613,0.335,0.104,3.204,50,0.408,533,2.605,26.1
OK
DATA,MOTOR_BREAKIN_V3,000001,26544,507,511,0.118,0.065,3.455,0.501,2.953,49,FWD,RUN,0.091,0.269,0.104,0.557,0.335,0.104,3.204,50,0.408,533,2.605,26.1
OK
DATA,MOTOR_BREAKIN_V3,000001,26644,508,511,0.091,0.065,3.566,0.390,3.176,50,FWD,RUN,0.078,0.248,0.091,0.836,0.335,0.104,3.204,50,0.408,533,2.605,26.1
OK
DATA,MOTOR_BREAKIN_V3,000001,26744,508,511,0.091,0.065,3.427,0.306,3.120,46,FWD,RUN,0.078,0.244,0.078,0.724,0.335,0.104,3.204,50,0.408,533,2.605,26.1
OK
DATA,MOTOR_BREAKIN_V3,000001,26844,508,512,0.091,0.000,3.482,0.362,3.120,44,FWD,RUN,0.046,0.143,0.046,0.669,0.335,0.104,3.204,50,0.408,533,2.605,26.1
OK
DATA,MOTOR_BREAKIN_V3,000001,26944,509,511,0.065,0.065,3.538,0.334,3.204,42,FWD,RUN,0.065,0.208,0.032,0.223,0.335,0.104,3.204,50,0.408,533,2.605,26.1
DATA,MOTOR_BREAKIN_V3,000001,27044,509,513,0.065,0.000,3.287,0.279,3.009,42,FWD,RUN,0.033,0.098,0.065,0.641,0.335,0.104,3.204,50,0.408,533,2.605,26.1
DATA,MOTOR_BREAKIN_V3,000001,27144,509,512,0.065,0.000,3.315,0.223,3.092,42,FWD,RUN,0.033,0.101,0.046,0.808,0.335,0.104,3.204,50,0.408,533,2.605,26.0
OK
DATA,MOTOR_BREAKIN_V3,000001,27244,508,511,0.091,0.065,3.232,0.279,2.953,40,FWD,RUN,0.078,0.230,0.078,0.529,0.335,0.104,3.204,50,0.408,533,2.605,26.1
OK
DATA,MOTOR_BREAKIN_V3,000001,27344,509,512,0.065,0.000,3.232,0.334,2.897,41,FWD,RUN,0.033,0.094,0.078,0.390,0.335,0.104,3.204,50,0.408,533,2.605,26.0
OK
DATA,MOTOR_BREAKIN_V3,000001,27444,509,511,0.065,0.065,3.232,0.362,2.870,43,FWD,RUN,0.065,0.186,0.065,0.641,0.335,0.104,3.204,50,0.408,533,2.605,26.4
OK
DATA,MOTOR_BREAKIN_V3,000001,27544,508,511,0.091,0.065,3.399,0.418,2.981,46,FWD,RUN,0.078,0.233,0.078,0.529,0.335,0.104,3.204,50,0.408,533,2.605,26.1
DATA,MOTOR_BREAKIN_V3,000001,27644,508,511,0.091,0.065,3.371,0.446,2.925,46,FWD,RUN,0.078,0.228,0.046,0.279,0.335,0.104,3.204,50,0.408,533,2.605,26.1
OK
DATA,MOTOR_BREAKIN_V3,000001,27744,507,511,0.118,0.065,3.510,0.669,2.842,48,FWD,RUN,0.091,0.259,0.059,0.279,0.335,0.104,3.204,50,0.408,533,2.605,26.1
DATA,MOTOR_BREAKIN_V3,000001,27844,509,512,0.065,0.000,3.705,0.223,3.482,48,FWD,RUN,0.033,0.113,0.059,0.641,0.335,0.104,3.204,50,0.408,533,2.605,26.1
OK
DATA,MOTOR_BREAKIN_V3,000001,27944,507,511,0.118,0.065,3.566,0.501,3.065,51,FWD,RUN,0.091,0.280,0.091,0.557,0.335,0.104,3.204,50,0.408,533,2.605,26.1
OK
DATA,MOTOR_BREAKIN_V3,000001,28044,508,511,0.091,0.065,3.510,0.474,3.037,50,FWD,RUN,0.078,0.237,0.091,0.474,0.335,0.104,3.204,50,0.408,533,2.605,26.1
OK
DATA,MOTOR_BREAKIN_V3,000001,28144,510,512,0.000,0.000,3.845,0.084,3.761,49,FWD,RUN,0.000,0.000,0.078,0.724,0.335,0.104,3.204,50,0.408,533,2.605,26.1
OK
DATA,MOTOR_BREAKIN_V3,000001,28244,510,513,0.000,0.000,3.092,0.223,2.870,35,FWD,RUN,0.000,0.000,0.091,0.891,0.335,0.104,3.204,50,0.408,533,2.605,26.1
OK
DATA,MOTOR_BREAKIN_V3,000001,28344,508,512,0.091,0.000,3.287,0.279,3.009,38,FWD,RUN,0.046,0.138,0.091,0.418,0.335,0.104,3.204,50,0.408,533,2.605,26.1
DATA,MOTOR_BREAKIN_V3,000001,28444,509,512,0.065,0.000,3.232,0.418,2.814,38,FWD,RUN,0.033,0.092,0.065,0.279,0.335,0.104,3.204,50,0.408,533,2.605,26.0
OK
DATA,MOTOR_BREAKIN_V3,000001,28544,509,512,0.065,0.000,3.371,0.279,3.092,42,FWD,RUN,0.033,0.101,0.065,0.334,0.335,0.104,3.204,50,0.408,533,2.605,26.1
OK
DATA,MOTOR_BREAKIN_V3,000001,28644,508,512,0.091,0.000,3.176,0.334,2.842,40,FWD,RUN,0.046,0.130,0.078,0.334,0.335,0.104,3.204,50,0.408,533,2.605,26.1
OK
DATA,MOTOR_BREAKIN_V3,000001,28744,510,511,0.000,0.065,3.148,0.390,2.758,43,FWD,RUN,0.032,0.089,0.078,0.446,0.335,0.104,3.204,50,0.408,533,2.605,26.1
DATA,MOTOR_BREAKIN_V3,000001,28844,509,512,0.065,0.000,3.315,0.362,2.953,43,FWD,RUN,0.033,0.096,0.078,0.446,0.335,0.104,3.204,50,0.408,533,2.605,26.1
OK
DATA,MOTOR_BREAKIN_V3,000001,28944,509,512,0.065,0.000,3.315,0.362,2.953,44,FWD,RUN,0.033,0.096,0.046,0.641,0.335,0.104,3.204,50,0.408,533,2.605,26.1
OK
DATA,MOTOR_BREAKIN_V3,000001,29043,509,512,0.065,0.000,3.315,0.362,2.953,45,FWD,RUN,0.033,0.096,0.013,0.585,0.335,0.104,3.204,50,0.408,533,2.605,26.1
OK
DATA,MOTOR_BREAKIN_V3,000001,29144,508,512,0.091,0.000,3.399,0.390,3.009,46,FWD,RUN,0.046,0.138,0.046,0.446,0.335,0.104,3.204,50,0.408,533,2.605,26.1
DATA,MOTOR_BREAKIN_V3,000001,29244,508,512,0.091,0.000,3.427,0.362,3.065,46,FWD,RUN,0.046,0.140,0.046,0.474,0.335,0.104,3.204,50,0.408,533,2.605,26.1
OK
DATA,MOTOR_BREAKIN_V3,000001,29344,508,511,0.091,0.065,3.343,0.279,3.065,45,FWD,RUN,0.078,0.239,0.046,0.446,0.335,0.104,3.204,50,0.408,533,2.605,25.8
OK
DATA,MOTOR_BREAKIN_V3,000001,29444,509,512,0.065,0.000,3.427,0.306,3.120,44,FWD,RUN,0.033,0.102,0.078,0.669,0.335,0.104,3.204,50,0.408,533,2.605,26.1
OK
DATA,MOTOR_BREAKIN_V3,000001,29544,509,512,0.065,0.000,3.204,0.334,2.870,42,FWD,RUN,0.033,0.093,0.065,0.669,0.335,0.104,3.204,50,0.408,533,2.605,26.1
OK
DATA,MOTOR_BREAKIN_V3,000001,29644,510,513,0.000,0.000,3.594,0.139,3.455,45,FWD,RUN,0.000,0.000,0.065,0.613,0.335,0.104,3.204,50,0.408,533,2.605,26.1
DATA,MOTOR_BREAKIN_V3,000001,29744,508,512,0.091,0.000,3.315,0.390,2.925,45,FWD,RUN,0.046,0.134,0.065,0.613,0.335,0.104,3.204,50,0.408,533,2.605,25.9
OK
DATA,MOTOR_BREAKIN_V3,000001,29844,509,511,0.065,0.065,3.371,0.390,2.981,47,FWD,RUN,0.065,0.193,0.046,0.446,0.335,0.104,3.204,50,0.408,533,2.605,26.1
DATA,MOTOR_BREAKIN_V3,000001,29944,508,512,0.091,0.000,3.482,0.418,3.065,47,FWD,RUN,0.046,0.140,0.059,0.279,0.335,0.104,3.204,50,0.408,533,2.605,26.1
OK
DATA,MOTOR_BREAKIN_V3,000001,30044,509,511,0.065,0.065,3.315,0.390,2.925,46,FWD,RUN,0.065,0.190,0.059,0.529,0.335,0.104,3.204,50,0.408,533,2.605,26.1
OK
DATA,MOTOR_BREAKIN_V3,000001,30144,509,512,0.065,0.000,3.677,0.251,3.427,48,FWD,RUN,0.033,0.111,0.032,0.529,0.335,0.104,3.204,50,0.408,533,2.605,26.1
OK
DATA,MOTOR_BREAKIN_V3,000001,30244,509,513,0.065,0.000,3.176,0.279,2.897,39,FWD,RUN,0.033,0.094,0.032,0.529,0.335,0.104,3.204,50,0.408,533,2.605,26.1
OK
DATA,MOTOR_BREAKIN_V3,000001,30344,509,513,0.065,0.000,3.371,0.251,3.120,41,FWD,RUN,0.033,0.102,0.065,0.306,0.335,0.104,3.204,50,0.408,533,2.605,26.1
OK
DATA,MOTOR_BREAKIN_V3,000001,30444,509,512,0.065,0.000,3.232,0.306,2.925,39,FWD,RUN,0.033,0.095,0.046,0.557,0.335,0.104,3.204,50,0.408,533,2.605,26.1
OK
DATA,MOTOR_BREAKIN_V3,000001,30544,510,513,0.000,0.000,3.399,0.139,3.260,41,FWD,RUN,0.000,0.000,0.046,0.585,0.335,0.104,3.204,50,0.408,533,2.605,26.1
DATA,MOTOR_BREAKIN_V3,000001,30644,509,512,0.065,0.000,3.287,0.334,2.953,41,FWD,RUN,0.033,0.096,0.033,0.474,0.335,0.104,3.204,50,0.408,533,2.605,26.1
OK
DATA,MOTOR_BREAKIN_V3,000001,30744,509,511,0.065,0.065,3.343,0.390,2.953,42,FWD,RUN,0.065,0.191,0.065,0.334,0.335,0.104,3.204,50,0.408,533,2.605,26.1
OK
DATA,MOTOR_BREAKIN_V3,000001,30844,509,511,0.065,0.065,3.287,0.390,2.897,43,FWD,RUN,0.065,0.188,0.065,0.418,0.335,0.104,3.204,50,0.408,533,2.605,26.1
OK
DATA,MOTOR_BREAKIN_V3,000001,30944,509,513,0.065,0.000,3.482,0.279,3.204,45,FWD,RUN,0.033,0.104,0.065,0.446,0.335,0.104,3.204,50,0.408,533,2.605,27.8
OK
DATA,MOTOR_BREAKIN_V3,000001,31044,510,513,0.000,0.000,3.455,0.139,3.315,41,FWD,RUN,0.000,0.000,0.065,0.474,0.335,0.104,3.204,50,0.408,533,2.605,26.1
OK
DATA,MOTOR_BREAKIN_V3,000001,31144,510,513,0.000,0.000,3.148,0.279,2.870,35,FWD,RUN,0.000,0.000,0.065,0.585,0.335,0.104,3.204,50,0.408,532,2.600,26.1
OK
DATA,MOTOR_BREAKIN_V3,000001,31244,510,512,0.000,0.000,3.092,0.251,2.842,38,FWD,RUN,0.000,0.000,0.033,0.557,0.335,0.104,3.204,50,0.408,533,2.605,26.1
OK
DATA,MOTOR_BREAKIN_V3,000001,31344,509,512,0.065,0.000,3.176,0.251,2.925,41,FWD,RUN,0.033,0.095,0.033,0.418,0.335,0.104,3.204,50,0.408,533,2.605,26.1
OK
DATA,MOTOR_BREAKIN_V3,000001,31444,510,512,0.000,0.000,3.148,0.418,2.730,43,FWD,RUN,0.000,0.000,0.046,0.251,0.335,0.104,3.204,50,0.408,533,2.605,26.1
DATA,MOTOR_BREAKIN_V3,000001,31544,509,512,0.065,0.000,3.176,0.390,2.786,43,FWD,RUN,0.033,0.091,0.046,0.306,0.335,0.104,3.204,50,0.408,533,2.605,26.4
OK
DATA,MOTOR_BREAKIN_V3,000001,31644,509,512,0.065,0.000,3.455,0.251,3.204,47,FWD,RUN,0.033,0.104,0.065,0.557,0.335,0.104,3.204,50,0.408,533,2.605,26.2
OK
DATA,MOTOR_BREAKIN_V3,000001,31744,509,512,0.065,0.000,3.260,0.891,2.368,43,FWD,RUN,0.033,0.077,0.078,0.947,0.335,0.104,3.204,50,0.408,533,2.605,26.1
OK
DATA,MOTOR_BREAKIN_V3,000001,31844,507,511,0.118,0.065,3.455,0.585,2.870,56,FWD,RUN,0.091,0.262,0.104,1.170,0.335,0.104,3.204,50,0.408,533,2.605,26.2
OK
DATA,MOTOR_BREAKIN_V3,000001,31944,506,511,0.144,0.065,3.789,0.474,3.315,59,FWD,RUN,0.104,0.346,0.118,0.696,0.374,0.118,3.176,56,0.408,533,2.605,26.2
