ACS1_ZERO=517.92
ACS2_ZERO=519.04
READY,FWD

========================================
 Mini4WD MOTOR BREAK-IN DEVICE
 MOTOR_BREAKIN_V3
 Firmware : 3.00
========================================
INFO,TYPE=MOTOR,MODEL=MOTOR_BREAKIN_V3,FW=3.00,ID=000001
DATA,MOTOR_BREAKIN_V3,000001,0,517,517,0.000,0.000,8.804,0.167,8.636,0,FWD,READY,0.000,0.000,0.000,0.000,0.000,0.000,0.000,0,0.000,536,2.620,24.4
DATA,MOTOR_BREAKIN_V3,000001,0,518,517,0.000,0.000,15.852,0.251,15.601,0,FWD,READY,0.000,0.000,0.000,8.358,0.000,0.000,0.000,0,0.000,536,2.620,24.5
DATA,MOTOR_BREAKIN_V3,000001,0,518,519,0.000,0.000,14.292,0.251,14.041,0,FWD,READY,0.000,0.000,0.000,8.358,0.000,0.000,0.000,0,0.000,537,2.625,24.6
DATA,MOTOR_BREAKIN_V3,000001,0,518,518,0.000,0.000,13.874,0.279,13.595,0,FWD,READY,0.000,0.000,0.026,4.318,0.000,0.000,0.000,0,0.000,537,2.625,24.6
DATA,MOTOR_BREAKIN_V3,000001,0,519,519,0.000,0.000,14.320,0.306,14.013,0,FWD,READY,0.000,0.000,0.026,1.087,0.000,0.000,0.000,0,0.000,538,2.630,24.6
DATA,MOTOR_BREAKIN_V3,000001,0,519,520,0.000,-0.051,14.626,0.306,14.320,0,FWD,READY,-0.026,-0.367,0.026,0.669,0.000,0.000,0.000,0,0.000,538,2.630,24.7
DATA,MOTOR_BREAKIN_V3,000001,0,518,519,0.000,0.000,14.320,0.279,14.041,0,FWD,READY,0.000,0.000,0.026,0.334,0.000,0.000,0.000,0,0.000,537,2.625,24.6
DATA,MOTOR_BREAKIN_V3,000001,0,517,519,0.000,0.000,14.403,0.223,14.180,0,FWD,READY,0.000,0.000,0.026,0.418,0.000,0.000,0.000,0,0.000,537,2.625,24.6
DATA,MOTOR_BREAKIN_V3,000001,0,517,518,0.000,0.000,14.543,0.223,14.320,0,FWD,READY,0.000,0.000,0.000,0.529,0.000,0.000,0.000,0,0.000,536,2.620,24.5
DATA,MOTOR_BREAKIN_V3,000001,0,517,518,0.000,0.000,14.403,0.251,14.152,0,FWD,READY,0.000,0.000,0.000,0.836,0.000,0.000,0.000,0,0.000,537,2.625,24.5
DATA,MOTOR_BREAKIN_V3,000001,0,518,518,0.000,0.000,14.264,0.223,14.041,0,FWD,READY,0.000,0.000,0.000,0.836,0.000,0.000,0.000,0,0.000,537,2.625,24.5
DATA,MOTOR_BREAKIN_V3,000001,0,518,519,0.000,0.000,14.543,0.279,14.264,0,FWD,READY,0.000,0.000,0.000,0.669,0.000,0.000,0.000,0,0.000,537,2.625,24.5
DATA,MOTOR_BREAKIN_V3,000001,0,518,519,0.000,0.000,14.375,0.279,14.097,0,FWD,READY,0.000,0.000,0.000,0.752,0.000,0.000,0.000,0,0.000,537,2.625,24.6
DATA,MOTOR_BREAKIN_V3,000001,0,518,520,0.000,-0.050,14.348,0.334,14.013,0,FWD,READY,-0.025,-0.354,0.060,0.947,0.000,0.000,0.000,0,0.000,538,2.630,24.7
DATA,MOTOR_BREAKIN_V3,000001,0,519,521,0.000,-0.077,14.598,0.306,14.292,0,FWD,READY,-0.038,-0.548,0.060,0.891,0.000,0.000,0.000,0,0.000,538,2.630,24.6
DATA,MOTOR_BREAKIN_V3,000001,0,518,520,0.000,-0.050,14.403,0.306,14.097,0,FWD,READY,-0.025,-0.353,0.038,1.003,0.000,0.000,0.000,0,0.000,538,2.630,24.6
DATA,MOTOR_BREAKIN_V3,000001,0,519,520,0.000,0.000,13.735,0.306,13.428,0,FWD,READY,0.000,0.000,0.025,1.198,0.000,0.000,0.000,0,0.000,538,2.630,24.6
DATA,MOTOR_BREAKIN_V3,000001,0,519,520,0.000,0.000,14.849,0.362,14.487,0,FWD,READY,0.000,0.000,0.038,1.226,0.000,0.000,0.000,0,0.000,539,2.634,24.7
DATA,MOTOR_BREAKIN_V3,000001,0,521,522,-0.094,-0.102,14.459,0.418,14.041,0,FWD,READY,-0.098,-1.379,0.098,0.641,0.000,0.000,0.000,0,0.000,539,2.634,24.8
DATA,MOTOR_BREAKIN_V3,000001,0,519,521,0.000,-0.075,14.013,0.362,13.651,0,FWD,READY,-0.038,-0.513,0.061,0.919,0.000,0.000,0.000,0,0.000,539,2.634,24.7
DATA,MOTOR_BREAKIN_V3,000001,0,518,519,0.000,0.000,14.905,0.306,14.598,0,FWD,READY,0.000,0.000,0.072,2.201,0.000,0.000,0.000,0,0.000,538,2.630,24.7
DATA,MOTOR_BREAKIN_V3,000001,0,519,520,0.000,0.000,14.097,0.306,13.790,0,FWD,READY,0.000,0.000,0.071,2.674,0.000,0.000,0.000,0,0.000,538,2.630,24.7
DATA,MOTOR_BREAKIN_V3,000001,0,520,520,-0.067,0.000,15.545,0.334,15.211,0,FWD,READY,-0.034,-0.510,0.037,1.811,0.000,0.000,0.000,0,0.000,538,2.630,24.7
DATA,MOTOR_BREAKIN_V3,000001,0,519,519,0.000,0.000,14.013,0.306,13.707,0,FWD,READY,0.000,0.000,0.071,2.452,0.000,0.000,0.000,0,0.000,538,2.630,24.7
DATA,MOTOR_BREAKIN_V3,000001,0,519,519,0.000,0.000,13.846,0.334,13.512,0,FWD,READY,0.000,0.000,0.071,1.087,0.000,0.000,0.000,0,0.000,538,2.630,24.6
DATA,MOTOR_BREAKIN_V3,000001,0,519,520,0.000,0790,60,FWD,RUN,0.224,3.083,0.250,1.477,0.000,0.000,0.000,0,0.000,537,2.625,24.3
DATA,MOTOR_BREAKIN_V3,000001,228,508,512,0.253,0.168,14.320,0.641,13.679,60,FWD,RUN,0.210,2.878,0.066,0.836,0.000,0.000,0.000,0,0.000,536,2.620,24.3
DATA,MOTOR_BREAKIN_V3,000001,328,507,512,0.279,0.168,13.874,0.501,13.372,60,FWD,RUN,0.224,2.990,0.026,0.836,0.000,0.000,0.000,0,0.224,536,2.620,24.3
DATA,MOTOR_BREAKIN_V3,000001,428,508,513,0.253,0.141,14.515,0.501,14.013,60,FWD,RUN,0.197,2.763,0.026,0.836,0.000,0.000,0.000,0,0.224,536,2.620,24.3
DATA,MOTOR_BREAKIN_V3,000001,528,508,513,0.253,0.141,14.208,0.474,13.735,60,FWD,RUN,0.197,2.708,0.040,0.891,0.000,0.000,0.000,0,0.224,536,2.620,24.3
DATA,MOTOR_BREAKIN_V3,000001,628,509,513,0.227,0.141,13.762,1.783,11.979,60,FWD,RUN,0.184,2.204,0.040,2.201,0.000,0.000,0.000,0,0.224,536,2.620,24.3
DATA,MOTOR_BREAKIN_V3,000001,728,510,514,0.200,0.115,14.041,0.446,13.595,60,FWD,RUN,0.158,2.142,0.066,2.257,0.000,0.000,0.000,0,0.224,536,2.620,24.3
DATA,MOTOR_BREAKIN_V3,000001,828,509,514,0.227,0.115,8.079,0.418,7.661,60,FWD,RUN,0.171,1.308,0.053,5.934,0.000,0.000,0.000,0,0.224,536,2.620,24.3
DATA,MOTOR_BREAKIN_V3,000001,928,508,514,0.253,0.115,13.735,3.176,10.559,60,FWD,RUN,0.184,1.942,0.040,6.575,0.000,0.000,0.000,0,0.224,536,2.620,24.3
DATA,MOTOR_BREAKIN_V3,000001,1028,508,513,0.253,0.141,9.416,1.031,8.386,60,FWD,RUN,0.197,1.653,0.040,6.770,0.000,0.000,0.000,0,0.224,536,2.620,24.3
DATA,MOTOR_BREAKIN_V3,000001,1128,508,512,0.253,0.168,13.818,0.390,13.428,60,FWD,RUN,0.210,2.825,0.119,5.043,0.000,0.000,0.000,0,0.224,537,2.625,24.3
DATA,MOTOR_BREAKIN_V3,000001,1228,508,512,0.253,0.168,11.367,0.613,10.754,60,FWD,RUN,0.210,2.262,0.119,4.290,0.000,0.000,0.000,0,0.224,535,2.615,24.3
DATA,MOTOR_BREAKIN_V3,000001,1328,512,515,0.147,0.088,11.589,0.279,11.311,60,FWD,RUN,0.118,1.334,0.092,5.070,0.000,0.000,0.000,0,0.224,536,2.620,24.3
DATA,MOTOR_BREAKIN_V3,000001,1428,509,513,0.227,0.141,8.246,0.362,7.884,60,FWD,RUN,0.184,1.450,0.066,7.661,0.000,0.000,0.000,0,0.224,536,2.620,24.3
DATA,MOTOR_BREAKIN_V3,000001,1528,510,513,0.200,0.141,7.438,0.334,7.104,60,FWD,RUN,0.171,1.213,0.040,7.661,0.000,0.000,0.000,0,0.224,536,2.620,24.3
DATA,MOTOR_BREAKIN_V3,000001,1628,509,514,0.227,0.115,10.057,1.867,8.191,60,FWD,RUN,0.171,1.399,0.119,6.965,0.000,0.000,0.000,0,0.224,536,2.620,24.3
DATA,MOTOR_BREAKIN_V3,000001,1728,509,512,0.227,0.168,5.711,0.334,5.377,60,FWD,RUN,0.197,1.060,0.132,6.853,0.000,0.000,0.000,0,0.224,536,2.620,24.3
DATA,MOTOR_BREAKIN_V3,000001,1828,509,513,0.227,0.141,10.475,0.279,10.196,60,FWD,RUN,0.184,1.876,0.132,6.853,0.000,0.000,0.000,0,0.224,536,2.620,24.3
DATA,MOTOR_BREAKIN_V3,000001,1928,509,514,0.227,0.115,11.589,0.334,11.255,60,FWD,RUN,0.171,1.922,0.106,3.900,0.000,0.000,0.000,0,0.224,536,2.620,24.3
DATA,MOTOR_BREAKIN_V3,000001,2028,513,516,0.121,0.062,7.438,0.418,7.021,60,FWD,RUN,0.091,0.642,0.119,8.079,0.000,0.000,0.000,0,0.224,536,2.620,24.3
DATA,MOTOR_BREAKIN_V3,000001,2128,508,513,0.253,0.141,11.088,0.195,10.893,60,FWD,RUN,0.197,2.148,0.106,8.079,0.000,0.000,0.000,0,0.224,536,2.620,24.3
DATA,MOTOR_BREAKIN_V3,000001,2228,512,515,0.147,0.088,11.506,0.279,11.227,60,FWD,RUN,0.118,1.324,0.106,4.262,0.000,0.000,0.000,0,0.224,536,2.620,24.3
DATA,MOTOR_BREAKIN_V3,000001,2328,509,514,0.227,0.115,9.862,0.334,9.528,60,FWD,RUN,0.171,1.627,0.092,5.906,0.000,0.000,0.000,0,0.224,536,2.620,24.3
DATA,MOTOR_BREAKIN_V3,000001,2428,509,513,0.227,0.141,12.732,0.334,12.397,60,FWD,RUN,0.184,2.281,0.132,6.129,0.000,0.000,0.000,0,0.224,536,2.620,24.3
DATA,MOTOR_BREAKIN_V3,000001,2528,508,514,0.253,0.115,8.079,1.059,7.021,60,FWD,RUN,0.184,1.291,0.132,6.658,0.000,0.000,0.000,0,0.224,536,2.620,24.3
DATA,MOTOR_BREAKIN_V3,000001,2628,510,513,0.200,0.141,8.525,0.306,8.218,60,FWD,RUN,0.171,1.403,0.119,6.658,0.000,0.000,0.000,0,0.224,537,2.625,24.3
DATA,MOTOR_BREAKIN_V3,000001,2728,513,516,0.121,0.062,8.525,0.167,8.358,60,FWD,RUN,0.091,0.765,0.106,3.594,0.000,0.000,0.000,0,0.224,536,2.620,24.3
DATA,MOTOR_BREAKIN_V3,000001,2828,509,514,0.227,0.115,8.915,0.223,8.692,60,FWD,RUN,0.171,1.484,0.119,4.708,0.000,0.000,0.000,0,0.224,536,2.620,24.3
DATA,MOTOR_BREAKIN_V3,000001,2927,515,516,0.068,0.062,9.946,0.195,9.751,60,FWD,RUN,0.065,0.634,0.132,6.101,0.000,0.000,0.000,0,0.224,537,2.625,24.3
DATA,MOTOR_BREAKIN_V3,000001,3028,508,513,0.253,0.141,6.993,0.279,6.714,60,FWD,RUN,0.197,1.324,0.132,6.408,1.988,0.184,10.809,60,0.224,537,2.625,24.3
DATA,MOTOR_BREAKIN_V3,000001,3128,512,515,0.147,0.088,9.918,0.334,9.584,60,FWD,RUN,0.118,1.130,0.079,5.767,1.988,0.184,10.809,60,0.224,536,2.620,24.4
DATA,MOTOR_BREAKIN_V3,000001,3228,509,512,0.227,0.168,13.595,0.334,13.261,60,FWD,RUN,0.197,2.615,0.132,7.271,2.615,0.197,13.261,60,0.224,536,2.620,24.3
DATA,MOTOR_BREAKIN_V3,000001,3328,508,513,0.253,0.141,11.144,0.390,10.754,60,FWD,RUN,0.197,2.120,0.132,6.435,2.615,0.197,13.261,60,0.224,536,2.620,24.3
DATA,MOTOR_BREAKIN_V3,000001,3428,509,514,0.227,0.115,13.094,0.362,12.732,60,FWD,RUN,0.171,2.174,0.106,4.485,2.615,0.197,13.261,60,0.224,536,2.620,24.3
DATA,MOTOR_BREAKIN_V3,000001,3528,508,513,0.253,0.141,12.091,0.362,11.729,60,FWD,RUN,0.197,2.312,0.106,2.702,2.615,0.197,13.261,60,0.224,536,2.620,24.3
DATA,MOTOR_BREAKIN_V3,000001,3628,508,514,0.253,0.115,14.208,0.334,13.874,60,FWD,RUN,0.184,2.552,0.040,4.374,2.615,0.197,13.261,60,0.224,536,2.620,24.3
DATA,MOTOR_BREAKIN_V3,000001,3728,510,513,0.200,0.141,8.553,0.306,8.246,60,FWD,RUN,0.171,1.408,0.066,5.628,2.615,0.197,13.261,60,0.224,536,2.620,24.3
DATA,MOTOR_BREAKIN_V3,000001,3828,512,515,0.147,0.088,10.977,0.195,10.782,60,FWD,RUN,0.118,1.271,0.066,3.399,2.615,0.197,13.261,60,0.224,537,2.625,24.3
DATA,MOTOR_BREAKIN_V3,000001,3928,516,516,0.000,0.062,11.729,0.139,11.589,60,FWD,RUN,0.031,0.359,0.184,2.312,2.615,0.197,13.261,60,0.224,536,2.620,24.3
DATA,MOTOR_BREAKIN_V3,000001,4028,509,513,0.227,0.141,10.196,0.306,9.890,60,FWD,RUN,0.184,1.819,0.184,3.120,2.615,0.197,13.261,60,0.224,536,2.620,24.3
DATA,MOTOR_BREAKIN_V3,000001,4128,510,513,0.200,0.141,11.729,0.334,11.394,60,FWD,RUN,0.171,1.946,0.092,5.126,2.615,0.197,13.261,60,0.224,536,2.620,24.3
DATA,MOTOR_BREAKIN_V3,000001,4228,513,515,0.121,0.088,10.057,0.167,9.890,60,FWD,RUN,0.105,1.035,0.092,5.126,2.615,0.197,13.261,60,0.224,536,2.620,24.3
DATA,MOTOR_BREAKIN_V3,000001,4328,508,513,0.253,0.141,10.336,0.306,10.029,60,FWD,RUN,0.197,1.977,0.163,4.625,2.615,0.197,13.261,60,0.224,536,2.620,24.3
DATA,MOTOR_BREAKIN_V3,000001,4428,510,513,0.200,0.141,7.912,0.334,7.578,60,FWD,RUN,0.171,1.294,0.163,6.853,2.615,0.197,13.261,60,0.224,536,2.620,24.3
DATA,MOTOR_BREAKIN_V3,000001,4528,512,514,0.147,0.115,14.097,0.306,13.790,60,FWD,RUN,0.131,1.808,0.053,6.965,2.615,0.197,13.261,60,0.224,536,2.620,24.3
DATA,MOTOR_BREAKIN_V3,000001,4628,509,514,0.227,0.115,11.868,0.334,11.534,60,FWD,RUN,0.171,1.969,0.053,6.519,2.615,0.197,13.261,60,0.224,536,2.620,24.3
DATA,MOTOR_BREAKIN_V3,000001,4728,509,513,0.227,0.141,11.255,1.198,10.057,60,FWD,RUN,0.184,1.850,0.053,6.519,2.615,0.197,13.261,60,0.224,536,2.620,24.3
DATA,MOTOR_BREAKIN_V3,000001,4828,512,515,0.147,0.088,13.010,0.306,12.704,60,FWD,RUN,0.118,1.498,0.150,6.853,2.615,0.197,13.261,60,0.224,536,2.620,24.4
DATA,MOTOR_BREAKIN_V3,000001,4928,510,513,0.200,0.141,10.364,0.334,10.029,60,FWD,RUN,0.171,1.712,0.150,6.547,2.615,0.197,13.261,60,0.224,536,2.620,24.3
DATA,MOTOR_BREAKIN_V3,000001,5028,508,513,0.253,0.141,9.556,0.418,9.138,60,FWD,RUN,0.197,1.802,0.053,7.522,2.615,0.197,13.261,60,0.224,537,2.625,24.3
DATA,MOTOR_BREAKIN_V3,000001,5128,512,515,0.147,0.088,10.949,0.306,10.642,60,FWD,RUN,0.118,1.255,0.132,7.522,2.615,0.197,13.261,60,0.224,536,2.620,24.3
DATA,MOTOR_BREAKIN_V3,000001,5228,510,514,0.200,0.115,10.113,0.279,9.834,60,FWD,RUN,0.158,1.549,0.132,4.207,2.615,0.197,13.261,60,0.224,536,2.620,24.3
DATA,MOTOR_BREAKIN_V3,000001,5328,508,514,0.253,0.115,10.057,0.891,9.166,60,FWD,RUN,0.184,1.686,0.079,4.875,2.615,0.197,13.261,60,0.224,536,2.620,24.3
DATA,MOTOR_BREAKIN_V3,000001,5428,510,513,0.200,0.141,9.946,0.306,9.639,60,FWD,RUN,0.171,1.646,0.210,7.773,2.615,0.197,13.261,60,0.224,536,2.620,24.3
DATA,MOTOR_BREAKIN_V3,000001,5528,509,513,0.227,0.141,7.132,0.362,6.770,60,FWD,RUN,0.184,1.245,0.184,6.491,2.615,0.197,13.261,60,0.224,536,2.620,24.3
DATA,MOTOR_BREAKIN_V3,000001,5628,515,516,0.068,0.062,11.422,0.223,11.199,60,FWD,RUN,0.065,0.729,0.166,5.739,2.615,0.197,13.261,60,0.224,536,2.620,24.3
DATA,MOTOR_BREAKIN_V3,000001,5728,509,514,0.227,0.115,10.224,0.362,9.862,60,FWD,RUN,0.171,1.684,0.166,4.875,2.615,0.197,13.261,60,0.224,536,2.620,24.3
DATA,MOTOR_BREAKIN_V3,000001,5828,508,513,0.253,0.141,9.862,0.279,9.584,60,FWD,RUN,0.197,1.890,0.132,5.739,2.615,0.197,13.261,60,0.224,536,2.620,24.3
DATA,MOTOR_BREAKIN_V3,000001,5928,509,513,0.227,0.141,14.069,0.279,13.790,60,FWD,RUN,0.184,2.537,0.132,7.466,2.615,0.197,13.261,60,0.224,536,2.620,24.3
DATA,MOTOR_BREAKIN_V3,000001,6028,508,513,0.253,0.141,11.060,0.334,10.726,60,FWD,RUN,0.197,2.115,0.119,7.494,2.615,0.197,13.261,60,0.224,536,2.620,24.3
DATA,MOTOR_BREAKIN_V3,000001,6127,512,515,0.147,0.088,13.400,0.334,13.066,60,FWD,RUN,0.118,1.541,0.119,7.494,2.615,0.197,13.261,60,0.224,536,2.620,24.3
DATA,MOTOR_BREAKIN_V3,000001,6228,510,513,0.200,0.141,8.915,0.306,8.609,60,FWD,RUN,0.171,1.470,0.106,7.438,2.615,0.197,13.261,60,0.224,536,2.620,24.3
DATA,MOTOR_BREAKIN_V3,000001,6328,511,514,0.174,0.115,13.066,0.529,12.537,60,FWD,RUN,0.144,1.809,0.092,7.996,2.615,0.197,13.261,60,0.224,536,2.620,24.3
DATA,MOTOR_BREAKIN_V3,000001,6428,515,516,0.068,0.062,11.673,0.139,11.534,60,FWD,RUN,0.065,0.750,0.106,5.655,2.615,0.197,13.261,60,0.224,536,2.620,24.3
DATA,MOTOR_BREAKIN_V3,000001,6528,508,513,0.253,0.141,10.447,0.334,10.113,60,FWD,RUN,0.197,1.994,0.132,5.655,2.615,0.197,13.261,60,0.224,536,2.620,24.4
DATA,MOTOR_BREAKIN_V3,000001,6628,512,515,0.147,0.088,11.868,0.223,11.645,60,FWD,RUN,0.118,1.373,0.079,5.655,2.615,0.197,13.261,60,0.224,537,2.625,24.3
DATA,MOTOR_BREAKIN_V3,000001,6728,510,514,0.200,0.115,7.438,0.334,7.104,60,FWD,RUN,0.158,1.119,0.066,6.185,2.615,0.197,13.261,60,0.224,537,2.625,24.3
DATA,MOTOR_BREAKIN_V3,000001,6828,515,516,0.068,0.062,10.587,0.139,10.447,60,FWD,RUN,0.065,0.680,0.119,7.745,2.615,0.197,13.261,60,0.224,536,2.620,24.3
DATA,MOTOR_BREAKIN_V3,000001,6928,509,513,0.227,0.141,10.726,0.279,10.447,60,FWD,RUN,0.184,1.922,0.119,5.293,2.615,0.197,13.261,60,0.224,536,2.620,24.3
DATA,MOTOR_BREAKIN_V3,000001,7028,510,514,0.200,0.115,11.004,0.752,10.252,60,FWD,RUN,0.158,1.615,0.106,3.315,2.615,0.197,13.261,60,0.224,536,2.620,24.3
DATA,MOTOR_BREAKIN_V3,000001,7128,509,513,0.227,0.141,9.946,0.362,9.584,60,FWD,RUN,0.184,1.763,0.119,6.240,2.615,0.197,13.261,60,0.224,537,2.625,24.3
DATA,MOTOR_BREAKIN_V3,000001,7228,509,514,0.227,0.115,8.664,0.334,8.330,60,FWD,RUN,0.171,1.422,0.106,6.240,2.615,0.197,13.261,60,0.224,536,2.620,24.3
DATA,MOTOR_BREAKIN_V3,000001,7328,512,515,0.147,0.088,8.692,0.334,8.358,60,FWD,RUN,0.118,0.985,0.106,6.993,2.615,0.197,13.261,60,0.224,536,2.620,24.3
DATA,MOTOR_BREAKIN_V3,000001,7428,510,514,0.200,0.115,7.327,0.251,7.076,60,FWD,RUN,0.158,1.115,0.092,6.993,2.615,0.197,13.261,60,0.224,536,2.620,24.3
DATA,MOTOR_BREAKIN_V3,000001,7528,513,516,0.121,0.062,7.578,0.223,7.355,60,FWD,RUN,0.091,0.673,0.106,5.293,2.615,0.197,13.261,60,0.224,535,2.615,24.3
DATA,MOTOR_BREAKIN_V3,000001,7628,512,515,0.147,0.088,9.611,0.474,9.138,60,FWD,RUN,0.118,1.077,0.106,6.798,2.615,0.197,13.261,60,0.224,536,2.620,24.3
DATA,MOTOR_BREAKIN_V3,000001,7728,515,516,0.068,0.062,12.843,0.195,12.648,60,FWD,RUN,0.065,0.823,0.123,7.076,2.615,0.197,13.261,60,0.224,536,2.620,24.4
DATA,MOTOR_BREAKIN_V3,000001,7828,509,514,0.227,0.115,11.144,1.337,9.806,60,FWD,RUN,0.171,1.674,0.123,6.909,2.615,0.197,13.261,60,0.224,536,2.620,24.3
DATA,MOTOR_BREAKIN_V3,000001,7928,509,513,0.227,0.141,10.837,0.334,10.503,60,FWD,RUN,0.184,1.932,0.119,5.850,2.615,0.197,13.261,60,0.224,536,2.620,24.3
DATA,MOTOR_BREAKIN_V3,000001,8028,509,513,0.227,0.141,9.862,0.334,9.528,60,FWD,RUN,0.184,1.753,0.153,6.686,2.615,0.197,13.261,60,0.224,536,2.620,24.3
DATA,MOTOR_BREAKIN_V3,000001,8128,515,516,0.068,0.062,6.826,0.195,6.630,60,FWD,RUN,0.065,0.431,0.153,6.603,2.615,0.197,13.261,60,0.224,536,2.620,24.3
DATA,MOTOR_BREAKIN_V3,000001,8228,508,513,0.253,0.141,10.196,0.334,9.862,60,FWD,RUN,0.197,1.944,0.163,6.268,2.615,0.197,13.261,60,0.224,536,2.620,24.3
DATA,MOTOR_BREAKIN_V3,000001,8328,509,513,0.227,0.141,8.776,0.334,8.441,60,FWD,RUN,0.184,1.553,0.119,6.268,2.615,0.197,13.261,60,0.224,536,2.620,24.3
DATA,MOTOR_BREAKIN_V3,000001,8428,509,514,0.227,0.115,7.745,0.362,7.383,60,FWD,RUN,0.171,1.261,0.197,6.435,2.615,0.197,13.261,60,0.224,536,2.620,24.3
DATA,MOTOR_BREAKIN_V3,000001,8528,510,514,0.200,0.115,11.673,0.251,11.422,60,FWD,RUN,0.158,1.799,0.197,7.048,2.615,0.197,13.261,60,0.224,536,2.620,24.3
DATA,MOTOR_BREAKIN_V3,000001,8628,509,513,0.227,0.141,6.045,0.362,5.683,60,FWD,RUN,0.184,1.045,0.079,5.878,2.615,0.197,13.261,60,0.224,537,2.625,24.3
DATA,MOTOR_BREAKIN_V3,000001,8728,508,513,0.253,0.141,7.578,0.334,7.243,60,FWD,RUN,0.197,1.428,0.079,5.878,2.615,0.197,13.261,60,0.224,536,2.620,24.4
DATA,MOTOR_BREAKIN_V3,000001,8828,510,514,0.200,0.115,7.160,0.334,6.826,60,FWD,RUN,0.158,1.075,0.092,4.374,2.615,0.197,13.261,60,0.224,536,2.620,24.3
DATA,MOTOR_BREAKIN_V3,000001,8928,510,514,0.200,0.115,10.447,0.306,10.141,60,FWD,RUN,0.158,1.598,0.106,3.315,2.615,0.197,13.261,60,0.224,537,2.625,24.3
DATA,MOTOR_BREAKIN_V3,000001,9028,509,513,0.227,0.141,7.494,0.362,7.132,60,FWD,RUN,0.184,1.312,0.106,5.321,2.615,0.197,13.261,60,0.224,536,2.620,24.3
DATA,MOTOR_BREAKIN_V3,000001,9128,515,516,0.068,0.062,9.974,0.195,9.779,60,FWD,RUN,0.065,0.636,0.119,7.466,2.615,0.197,13.261,60,0.224,536,2.620,24.4
DATA,MOTOR_BREAKIN_V3,000001,9228,512,515,0.147,0.088,11.339,0.195,11.144,60,FWD,RUN,0.118,1.314,0.119,7.466,2.615,0.197,13.261,60,0.224,537,2.625,24.3
DATA,MOTOR_BREAKIN_V3,000001,9327,515,517,0.068,0.000,10.559,0.139,10.419,60,FWD,RUN,0.034,0.355,0.150,9.221,2.615,0.197,13.261,60,0.224,536,2.620,24.3
DATA,MOTOR_BREAKIN_V3,000001,9428,509,513,0.227,0.141,11.283,0.696,10.587,60,FWD,RUN,0.184,1.947,0.163,9.221,2.615,0.197,13.261,60,0.224,536,2.620,24.3
DATA,MOTOR_BREAKIN_V3,000001,9528,510,513,0.200,0.141,4.820,0.279,4.541,60,FWD,RUN,0.171,0.775,0.053,7.856,2.615,0.197,13.261,60,0.224,536,2.620,24.3
DATA,MOTOR_BREAKIN_V3,000001,9628,508,514,0.253,0.115,4.123,1.198,2.925,60,FWD,RUN,0.184,0.538,0.040,10.893,2.615,0.197,13.261,60,0.224,536,2.620,24.3
DATA,MOTOR_BREAKIN_V3,000001,9728,509,513,0.227,0.141,6.519,0.334,6.185,60,FWD,RUN,0.184,1.138,0.026,10.893,2.615,0.197,13.261,60,0.224,536,2.620,24.3
DATA,MOTOR_BREAKIN_V3,000001,9828,509,513,0.227,0.141,10.391,0.279,10.113,60,FWD,RUN,0.184,1.860,0.066,6.018,2.615,0.197,13.261,60,0.224,537,2.625,24.3
DATA,MOTOR_BREAKIN_V3,000001,9928,511,515,0.174,0.088,7.773,0.251,7.522,60,FWD,RUN,0.131,0.986,0.079,4.346,2.615,0.197,13.261,60,0.224,536,2.620,24.3
DATA,MOTOR_BREAKIN_V3,000001,10028,510,514,0.200,0.115,11.757,0.362,11.394,60,FWD,RUN,0.158,1.795,0.066,4.959,2.615,0.197,13.261,60,0.224,536,2.620,24.3
DATA,MOTOR_BREAKIN_V3,000001,10128,509,514,0.227,0.115,10.001,0.390,9.611,60,FWD,RUN,0.171,1.641,0.197,9.333,2.615,0.197,13.261,60,0.224,536,2.620,24.3
DATA,MOTOR_BREAKIN_V3,000001,10228,508,513,0.253,0.141,10.475,0.279,10.196,60,FWD,RUN,0.197,2.010,0.197,9.333,2.615,0.197,13.261,60,0.224,536,2.620,24.4
DATA,MOTOR_BREAKIN_V3,000001,10328,509,514,0.227,0.115,11.924,0.306,11.617,60,FWD,RUN,0.171,1.984,0.163,6.575,2.615,0.197,13.261,60,0.224,536,2.620,24.3
DATA,MOTOR_BREAKIN_V3,000001,10428,508,513,0.253,0.141,6.157,0.334,5.823,60,FWD,RUN,0.197,1.148,0.119,6.491,2.615,0.197,13.261,60,0.224,536,2.620,24.3
DATA,MOTOR_BREAKIN_V3,000001,10528,508,512,0.253,0.168,11.896,0.306,11.589,60,FWD,RUN,0.210,2.438,0.210,5.962,2.615,0.197,13.261,60,0.224,536,2.620,24.3
DATA,MOTOR_BREAKIN_V3,000001,10628,514,516,0.095,0.062,11.589,0.223,11.367,60,FWD,RUN,0.078,0.890,0.210,5.962,2.615,0.197,13.261,60,0.224,536,2.620,24.4
DATA,MOTOR_BREAKIN_V3,000001,10728,509,513,0.227,0.141,11.144,0.362,10.782,60,FWD,RUN,0.184,1.983,0.132,6.296,2.615,0.197,13.261,60,0.224,536,2.620,24.4
DATA,MOTOR_BREAKIN_V3,000001,10828,509,513,0.227,0.141,9.723,0.306,9.416,60,FWD,RUN,0.184,1.732,0.150,6.129,2.615,0.197,13.261,60,0.224,536,2.620,24.4
DATA,MOTOR_BREAKIN_V3,000001,10928,509,513,0.227,0.141,7.216,0.334,6.881,60,FWD,RUN,0.184,1.266,0.176,5.349,2.615,0.197,13.261,60,0.224,536,2.620,24.3
DATA,MOTOR_BREAKIN_V3,000001,11028,509,512,0.227,0.168,9.138,0.362,8.776,60,FWD,RUN,0.197,1.730,0.079,5.878,2.615,0.197,13.261,60,0.224,536,2.620,24.3
DATA,MOTOR_BREAKIN_V3,000001,11128,509,513,0.227,0.141,9.416,0.306,9.110,60,FWD,RUN,0.184,1.676,0.079,5.878,2.615,0.197,13.261,60,0.224,536,2.620,24.3
DATA,MOTOR_BREAKIN_V3,000001,11228,509,513,0.227,0.141,10.113,0.362,9.751,60,FWD,RUN,0.184,1.794,0.184,4.485,2.615,0.197,13.261,60,0.224,536,2.620,24.3
DATA,MOTOR_BREAKIN_V3,000001,11328,508,513,0.253,0.141,10.280,0.780,9.500,60,FWD,RUN,0.197,1.873,0.197,5.349,2.615,0.197,13.261,60,0.224,536,2.620,24.4
DATA,MOTOR_BREAKIN_V3,000001,11428,509,514,0.227,0.115,9.416,0.223,9.194,60,FWD,RUN,0.171,1.570,0.153,4.652,2.615,0.197,13.261,60,0.224,536,2.620,24.3
DATA,MOTOR_BREAKIN_V3,000001,11528,511,513,0.174,0.141,10.085,0.223,9.862,60,FWD,RUN,0.158,1.554,0.119,3.037,2.615,0.197,13.261,60,0.224,536,2.620,24.3
DATA,MOTOR_BREAKIN_V3,000001,11628,514,516,0.095,0.062,10.531,0.195,10.336,60,FWD,RUN,0.078,0.809,0.184,8.581,2.615,0.197,13.261,60,0.224,536,2.620,24.3
DATA,MOTOR_BREAKIN_V3,000001,11728,509,514,0.227,0.115,8.135,0.334,7.801,60,FWD,RUN,0.171,1.332,0.184,8.581,2.615,0.197,13.261,60,0.224,536,2.620,24.4
DATA,MOTOR_BREAKIN_V3,000001,11828,510,515,0.200,0.088,10.475,0.223,10.252,60,FWD,RUN,0.144,1.480,0.184,6.185,2.615,0.197,13.261,60,0.224,536,2.620,24.3
DATA,MOTOR_BREAKIN_V3,000001,11928,509,513,0.227,0.141,4.346,0.362,3.984,60,FWD,RUN,0.184,0.733,0.184,8.720,2.615,0.197,13.261,60,0.224,536,2.620,24.3
DATA,MOTOR_BREAKIN_V3,000001,12028,509,514,0.227,0.115,11.199,0.362,10.837,60,FWD,RUN,0.171,1.850,0.079,6.853,2.615,0.197,13.261,60,0.224,536,2.620,24.3
DATA,MOTOR_BREAKIN_V3,000001,12128,508,513,0.253,0.141,4.513,0.362,4.151,60,FWD,RUN,0.197,0.818,0.163,6.686,2.615,0.197,13.261,60,0.224,536,2.620,24.4
DATA,MOTOR_BREAKIN_V3,000001,12228,509,513,0.227,0.141,10.949,0.306,10.642,60,FWD,RUN,0.184,1.958,0.163,6.993,2.615,0.197,13.261,60,0.224,537,2.625,24.4
DATA,MOTOR_BREAKIN_V3,000001,12328,509,514,0.227,0.115,9.472,0.362,9.110,60,FWD,RUN,0.171,1.555,0.106,6.408,2.615,0.197,13.261,60,0.224,537,2.625,24.3
DATA,MOTOR_BREAKIN_V3,000001,12428,509,514,0.227,0.115,9.528,0.334,9.194,60,FWD,RUN,0.171,1.570,0.106,6.073,2.615,0.197,13.261,60,0.224,536,2.620,24.3
DATA,MOTOR_BREAKIN_V3,000001,12527,510,513,0.200,0.141,4.875,0.390,4.485,60,FWD,RUN,0.171,0.766,0.053,7.188,2.615,0.197,13.261,60,0.224,536,2.620,24.4
DATA,MOTOR_BREAKIN_V3,000001,12628,511,514,0.174,0.115,8.163,0.362,7.801,60,FWD,RUN,0.144,1.126,0.119,7.132,2.615,0.197,13.261,60,0.224,537,2.625,24.3
DATA,MOTOR_BREAKIN_V3,000001,12728,508,513,0.253,0.141,4.959,1.393,3.566,60,FWD,RUN,0.197,0.703,0.132,8.051,2.615,0.197,13.261,60,0.224,536,2.620,24.3
DATA,MOTOR_BREAKIN_V3,000001,12828,515,516,0.068,0.062,10.224,0.223,10.001,60,FWD,RUN,0.065,0.651,0.132,8.163,2.615,0.197,13.261,60,0.224,536,2.620,24.3
DATA,MOTOR_BREAKIN_V3,000001,12928,509,513,0.227,0.141,9.277,0.306,8.971,60,FWD,RUN,0.184,1.650,0.119,6.185,2.615,0.197,13.261,60,0.224,536,2.620,24.4
DATA,MOTOR_BREAKIN_V3,000001,13028,512,514,0.147,0.115,7.578,0.418,7.160,60,FWD,RUN,0.131,0.939,0.106,5.238,2.615,0.197,13.261,60,0.224,536,2.620,24.4
DATA,MOTOR_BREAKIN_V3,000001,13128,512,515,0.147,0.088,7.884,0.334,7.550,60,FWD,RUN,0.118,0.890,0.106,4.374,2.615,0.197,13.261,60,0.224,536,2.620,24.4
DATA,MOTOR_BREAKIN_V3,000001,13228,508,513,0.253,0.141,7.717,0.334,7.383,60,FWD,RUN,0.197,1.456,0.106,4.346,2.615,0.197,13.261,60,0.224,536,2.620,24.4
DATA,MOTOR_BREAKIN_V3,000001,13328,509,513,0.227,0.141,5.962,0.334,5.628,60,FWD,RUN,0.184,1.035,0.197,4.318,2.615,0.197,13.261,60,0.224,536,2.620,24.4
DATA,MOTOR_BREAKIN_V3,000001,13428,514,516,0.095,0.062,11.868,0.167,11.701,60,FWD,RUN,0.078,0.916,0.184,7.717,2.615,0.197,13.261,60,0.224,537,2.625,24.4
DATA,MOTOR_BREAKIN_V3,000001,13528,509,514,0.227,0.115,10.280,0.279,10.001,60,FWD,RUN,0.171,1.708,0.106,7.717,2.615,0.197,13.261,60,0.224,536,2.620,24.4
DATA,MOTOR_BREAKIN_V3,000001,13628,508,513,0.253,0.141,8.302,0.334,7.968,60,FWD,RUN,0.197,1.571,0.106,6.268,2.615,0.197,13.261,60,0.224,536,2.620,24.4
DATA,MOTOR_BREAKIN_V3,000001,13728,509,513,0.227,0.141,5.572,0.362,5.210,60,FWD,RUN,0.184,0.958,0.092,7.132,2.615,0.197,13.261,60,0.224,537,2.625,24.4
DATA,MOTOR_BREAKIN_V3,000001,13828,514,516,0.095,0.062,9.695,0.306,9.389,60,FWD,RUN,0.078,0.735,0.119,7.299,2.615,0.197,13.261,60,0.224,536,2.620,24.4
DATA,MOTOR_BREAKIN_V3,000001,13928,509,513,0.227,0.141,10.977,0.334,10.642,60,FWD,RUN,0.184,1.958,0.119,6.491,2.615,0.197,13.261,60,0.224,536,2.620,24.3
DATA,MOTOR_BREAKIN_V3,000001,14028,512,516,0.147,0.062,9.584,0.306,9.277,60,FWD,RUN,0.105,0.971,0.153,5.460,2.615,0.197,13.261,60,0.224,536,2.620,24.3
DATA,MOTOR_BREAKIN_V3,000001,14128,508,513,0.253,0.141,11.116,0.362,10.754,60,FWD,RUN,0.197,2.120,0.166,5.460,2.615,0.197,13.261,60,0.224,536,2.620,24.3
DATA,MOTOR_BREAKIN_V3,000001,14228,511,515,0.174,0.088,7.717,0.279,7.438,60,FWD,RUN,0.131,0.975,0.106,6.352,2.615,0.197,13.261,60,0.224,537,2.625,24.4
DATA,MOTOR_BREAKIN_V3,000001,14328,508,513,0.253,0.141,12.258,0.390,11.868,60,FWD,RUN,0.197,2.340,0.106,7.466,2.615,0.197,13.261,60,0.224,537,2.625,24.4
DATA,MOTOR_BREAKIN_V3,000001,14428,513,515,0.121,0.088,7.160,0.279,6.881,60,FWD,RUN,0.105,0.720,0.150,8.497,2.615,0.197,13.261,60,0.224,537,2.625,24.4
DATA,MOTOR_BREAKIN_V3,000001,14528,515,517,0.068,0.000,4.792,0.195,4.597,60,FWD,RUN,0.034,0.157,0.150,7.466,2.615,0.197,13.261,60,0.224,536,2.620,24.4
DATA,MOTOR_BREAKIN_V3,000001,14628,510,515,0.200,0.088,6.101,0.390,5.711,60,FWD,RUN,0.144,0.824,0.137,8.107,2.615,0.197,13.261,60,0.224,536,2.620,24.4
DATA,MOTOR_BREAKIN_V3,000001,14728,508,513,0.253,0.141,7.132,0.334,6.798,60,FWD,RUN,0.197,1.340,0.163,8.163,2.615,0.197,13.261,60,0.224,536,2.620,24.3
DATA,MOTOR_BREAKIN_V3,000001,14828,512,515,0.147,0.088,3.900,0.195,3.705,60,FWD,RUN,0.118,0.437,0.197,8.915,2.615,0.197,13.261,60,0.224,536,2.620,24.3
DATA,MOTOR_BREAKIN_V3,000001,14928,510,513,0.200,0.141,10.001,0.306,9.695,60,FWD,RUN,0.171,1.655,0.197,6.185,2.615,0.197,13.261,60,0.224,536,2.620,24.4
DATA,MOTOR_BREAKIN_V3,000001,15028,516,517,0.000,0.000,11.116,0.167,10.949,60,FWD,RUN,0.000,0.000,0.197,4.207,2.615,0.197,13.261,60,0.224,535,2.615,24.4
DATA,MOTOR_BREAKIN_V3,000001,15128,515,517,0.068,0.000,9.862,0.167,9.695,60,FWD,RUN,0.034,0.330,0.197,5.544,2.615,0.197,13.261,60,0.224,536,2.620,24.3
DATA,MOTOR_BREAKIN_V3,000001,15228,509,512,0.227,0.168,10.726,0.334,10.391,60,FWD,RUN,0.197,2.049,0.163,4.987,2.615,0.197,13.261,60,0.224,536,2.620,24.3
DATA,MOTOR_BREAKIN_V3,000001,15328,508,514,0.253,0.115,8.609,0.390,8.218,60,FWD,RUN,0.184,1.512,0.079,4.987,2.615,0.197,13.261,60,0.224,536,2.620,24.3
DATA,MOTOR_BREAKIN_V3,000001,15428,509,513,0.227,0.141,8.553,0.334,8.218,60,FWD,RUN,0.184,1.512,0.079,5.015,2.615,0.197,13.261,60,0.224,537,2.625,24.3
DATA,MOTOR_BREAKIN_V3,000001,15528,509,514,0.227,0.115,9.361,0.362,8.999,60,FWD,RUN,0.171,1.536,0.079,6.408,2.615,0.197,13.261,60,0.224,536,2.620,24.4
DATA,MOTOR_BREAKIN_V3,000001,15628,509,513,0.227,0.141,8.218,0.334,7.884,60,FWD,RUN,0.184,1.450,0.132,5.906,2.615,0.197,13.261,60,0.224,536,2.620,24.3
DATA,MOTOR_BREAKIN_V3,000001,15727,508,513,0.253,0.141,4.848,1.393,3.455,60,FWD,RUN,0.197,0.681,0.150,7.606,2.615,0.197,13.261,60,0.224,537,2.625,24.3
DATA,MOTOR_BREAKIN_V3,000001,15828,509,514,0.227,0.115,6.129,0.362,5.767,60,FWD,RUN,0.171,0.985,0.150,7.606,2.615,0.197,13.261,60,0.224,536,2.620,24.3
DATA,MOTOR_BREAKIN_V3,000001,15928,509,514,0.227,0.115,6.491,0.390,6.101,60,FWD,RUN,0.171,1.042,0.119,6.993,2.615,0.197,13.261,60,0.224,537,2.625,24.4
DATA,MOTOR_BREAKIN_V3,000001,16028,510,515,0.200,0.088,8.831,0.251,8.581,60,FWD,RUN,0.144,1.238,0.066,6.324,2.615,0.197,13.261,60,0.224,536,2.620,24.3
DATA,MOTOR_BREAKIN_V3,000001,16128,510,514,0.200,0.115,8.720,0.279,8.441,60,FWD,RUN,0.158,1.330,0.197,6.519,2.615,0.197,13.261,60,0.224,536,2.620,24.3
DATA,MOTOR_BREAKIN_V3,000001,16228,509,514,0.227,0.115,8.581,0.279,8.302,60,FWD,RUN,0.171,1.418,0.184,6.714,2.615,0.197,13.261,60,0.224,536,2.620,24.4
DATA,MOTOR_BREAKIN_V3,000001,16328,514,517,0.095,0.000,3.984,0.251,3.733,60,FWD,RUN,0.047,0.176,0.150,8.776,2.615,0.197,13.261,60,0.224,537,2.625,24.3
DATA,MOTOR_BREAKIN_V3,000001,16428,508,514,0.253,0.115,10.419,0.390,10.029,60,FWD,RUN,0.184,1.845,0.150,8.776,2.615,0.197,13.261,60,0.224,536,2.620,24.3
DATA,MOTOR_BREAKIN_V3,000001,16528,510,514,0.200,0.115,9.416,0.418,8.999,60,FWD,RUN,0.158,1.418,0.066,5.126,2.615,0.197,13.261,60,0.224,536,2.620,24.3
DATA,MOTOR_BREAKIN_V3,000001,16628,509,513,0.227,0.141,6.742,0.279,6.463,60,FWD,RUN,0.184,1.189,0.040,5.349,2.615,0.197,13.261,60,0.224,537,2.625,24.3
DATA,MOTOR_BREAKIN_V3,000001,16728,509,513,0.227,0.141,9.556,0.306,9.249,60,FWD,RUN,0.184,1.701,0.026,6.185,2.615,0.197,13.261,60,0.224,537,2.625,24.3
DATA,MOTOR_BREAKIN_V3,000001,16828,508,513,0.253,0.141,6.547,0.362,6.185,60,FWD,RUN,0.197,1.219,0.053,3.705,2.615,0.197,13.261,60,0.224,537,2.625,24.3
DATA,MOTOR_BREAKIN_V3,000001,16928,509,514,0.227,0.115,10.977,0.251,10.726,60,FWD,RUN,0.171,1.831,0.066,5.070,2.615,0.197,13.261,60,0.224,537,2.625,24.4
DATA,MOTOR_BREAKIN_V3,000001,17028,509,513,0.227,0.141,8.692,0.390,8.302,60,FWD,RUN,0.184,1.527,0.053,5.070,2.615,0.197,13.261,60,0.224,536,2.620,24.3
DATA,MOTOR_BREAKIN_V3,000001,17128,511,514,0.174,0.115,8.581,0.306,8.274,60,FWD,RUN,0.144,1.194,0.053,3.399,2.615,0.197,13.261,60,0.224,536,2.620,24.3
DATA,MOTOR_BREAKIN_V3,000001,17228,512,516,0.147,0.062,5.098,0.446,4.652,60,FWD,RUN,0.105,0.487,0.197,5.516,2.615,0.197,13.261,60,0.224,536,2.620,24.3
DATA,MOTOR_BREAKIN_V3,000001,17328,509,513,0.227,0.141,9.528,0.306,9.221,60,FWD,RUN,0.184,1.696,0.184,6.491,2.615,0.197,13.261,60,0.224,537,2.625,24.4
DATA,MOTOR_BREAKIN_V3,000001,17428,513,515,0.121,0.088,9.974,0.251,9.723,60,FWD,RUN,0.105,1.018,0.119,6.296,2.615,0.197,13.261,60,0.224,536,2.620,24.3
DATA,MOTOR_BREAKIN_V3,000001,17528,509,513,0.227,0.141,7.828,0.306,7.522,60,FWD,RUN,0.184,1.384,0.132,5.739,2.615,0.197,13.261,60,0.224,536,2.620,24.3
DATA,MOTOR_BREAKIN_V3,000001,17628,510,514,0.200,0.115,9.221,0.306,8.915,60,FWD,RUN,0.158,1.404,0.053,5.878,2.615,0.197,13.261,60,0.224,536,2.620,24.3
DATA,MOTOR_BREAKIN_V3,000001,17728,514,517,0.095,0.000,11.116,0.195,10.921,60,FWD,RUN,0.047,0.516,0.137,4.179,2.615,0.197,13.261,60,0.224,537,2.625,24.3
DATA,MOTOR_BREAKIN_V3,000001,17828,509,514,0.227,0.115,4.597,0.334,4.262,60,FWD,RUN,0.171,0.728,0.184,6.658,2.615,0.197,13.261,60,0.224,537,2.625,24.3
DATA,MOTOR_BREAKIN_V3,000001,17928,510,514,0.200,0.115,9.639,0.279,9.361,60,FWD,RUN,0.158,1.475,0.184,5.516,2.615,0.197,13.261,60,0.224,536,2.620,24.3
DATA,MOTOR_BREAKIN_V3,000001,18028,515,516,0.068,0.062,4.820,0.195,4.625,60,FWD,RUN,0.065,0.301,0.132,4.736,2.615,0.197,13.261,60,0.224,536,2.620,24.3
DATA,MOTOR_BREAKIN_V3,000001,18128,509,514,0.227,0.115,8.079,0.334,7.745,60,FWD,RUN,0.171,1.322,0.132,6.324,2.615,0.197,13.261,60,0.224,536,2.620,24.3
DATA,MOTOR_BREAKIN_V3,000001,18228,509,513,0.227,0.141,5.878,0.362,5.516,60,FWD,RUN,0.184,1.015,0.184,6.101,2.615,0.197,13.261,60,0.224,536,2.620,24.3
DATA,MOTOR_BREAKIN_V3,000001,18328,510,514,0.200,0.115,4.012,0.334,3.677,60,FWD,RUN,0.158,0.579,0.184,7.104,2.615,0.197,13.261,60,0.224,536,2.620,24.3
DATA,MOTOR_BREAKIN_V3,000001,18428,511,514,0.174,0.115,8.079,0.279,7.801,60,FWD,RUN,0.144,1.126,0.184,7.104,2.615,0.197,13.261,60,0.224,536,2.620,24.3
DATA,MOTOR_BREAKIN_V3,000001,18528,509,513,0.227,0.141,9.389,0.362,9.026,60,FWD,RUN,0.184,1.660,0.184,5.990,2.615,0.197,13.261,60,0.224,536,2.620,24.3
DATA,MOTOR_BREAKIN_V3,000001,18628,511,515,0.174,0.088,7.355,0.279,7.076,60,FWD,RUN,0.131,0.928,0.184,6.993,2.615,0.197,13.261,60,0.224,536,2.620,24.3
DATA,MOTOR_BREAKIN_V3,000001,18728,510,514,0.200,0.115,10.336,0.306,10.029,60,FWD,RUN,0.158,1.580,0.184,6.435,2.615,0.197,13.261,60,0.224,536,2.620,24.3
DATA,MOTOR_BREAKIN_V3,000001,18828,515,516,0.068,0.062,9.138,0.223,8.915,60,FWD,RUN,0.065,0.580,0.106,6.435,2.615,0.197,13.261,60,0.224,536,2.620,24.3
DATA,MOTOR_BREAKIN_V3,000001,18927,509,515,0.227,0.088,6.575,0.585,5.990,60,FWD,RUN,0.158,0.944,0.132,4.708,2.615,0.197,13.261,60,0.224,536,2.620,24.3
DATA,MOTOR_BREAKIN_V3,000001,19028,509,513,0.227,0.141,5.962,0.306,5.655,60,FWD,RUN,0.184,1.040,0.092,6.101,2.615,0.197,13.261,60,0.224,536,2.620,24.3
DATA,MOTOR_BREAKIN_V3,000001,19128,509,515,0.227,0.088,8.218,0.279,7.940,60,FWD,RUN,0.158,1.251,0.150,5.433,2.615,0.197,13.261,60,0.224,537,2.625,24.3
DATA,MOTOR_BREAKIN_V3,000001,19228,509,514,0.227,0.115,8.999,0.306,8.692,60,FWD,RUN,0.171,1.484,0.150,4.012,2.615,0.197,13.261,60,0.224,536,2.620,24.3
DATA,MOTOR_BREAKIN_V3,000001,19328,511,514,0.174,0.115,6.185,0.223,5.962,60,FWD,RUN,0.144,0.860,0.119,5.767,2.615,0.197,13.261,60,0.224,536,2.620,24.3
DATA,MOTOR_BREAKIN_V3,000001,19428,510,514,0.200,0.115,5.321,0.334,4.987,60,FWD,RUN,0.158,0.786,0.119,7.271,2.615,0.197,13.261,60,0.224,536,2.620,24.3
DATA,MOTOR_BREAKIN_V3,000001,19528,509,514,0.227,0.115,5.433,0.334,5.098,60,FWD,RUN,0.171,0.870,0.079,8.246,2.615,0.197,13.261,60,0.224,536,2.620,24.3
DATA,MOTOR_BREAKIN_V3,000001,19628,509,514,0.227,0.115,8.609,0.223,8.386,60,FWD,RUN,0.171,1.432,0.079,7.021,2.615,0.197,13.261,60,0.224,537,2.625,24.3
DATA,MOTOR_BREAKIN_V3,000001,19659,515,516,0.068,0.062,11.868,0.362,11.506,60,FWD,RUN,0.065,0.749,0.132,6.853,2.615,0.197,13.261,60,0.224,536,2.620,24.3
DATA,MOTOR_BREAKIN_V3,000001,1275053600,509,514,0.227,0.115,15.239,0.390,14.849,60,FWD,RUN,0.171,2.535,0.132,15.880,3.235,0.158,20.532,60,0.224,536,2.620,24.3
DATA,MOTOR_BREAKIN_V3,000001,1275053700,511,514,0.174,0.115,17.830,0.418,17.412,60,FWD,RUN,0.144,2.513,0.343,9.194,8.331,0.409,20.393,60,0.409,536,2.620,24.3
DATA,MOTOR_BREAKIN_V3,000001,1275053800,510,514,0.200,0.115,14.905,0.223,14.682,60,FWD,RUN,0.158,2.313,1.189,5.711,25.145,1.333,18.861,60,1.333,536,2.620,24.3
DATA,MOTOR_BREAKIN_V3,000001,1275053900,508,514,0.253,0.115,16.883,0.390,16.493,60,FWD,RUN,0.184,3.034,1.176,5.405,25.145,1.333,18.861,60,1.333,537,2.625,24.3
DATA,MOTOR_BREAKIN_V3,000001,1275054000,509,514,0.227,0.115,20.087,0.362,19.724,60,FWD,RUN,0.171,3.368,0.066,4.625,25.145,1.333,18.861,60,1.333,536,2.620,24.3
DATA,MOTOR_BREAKIN_V3,000001,1275054100,512,515,0.147,0.088,17.551,0.279,17.273,60,FWD,RUN,0.118,2.037,0.092,6.519,25.145,1.333,18.861,60,1.333,536,2.620,24.3
DATA,MOTOR_BREAKIN_V3,000001,1275054200,509,513,0.227,0.141,19.390,0.362,19.028,60,FWD,RUN,0.184,3.500,0.092,5.321,25.145,1.333,18.861,60,1.333,536,2.620,24.3
DATA,MOTOR_BREAKIN_V3,000001,1275054300,509,513,0.227,0.141,20.894,0.390,20.504,60,FWD,RUN,0.184,3.772,0.066,4.931,25.145,1.333,18.861,60,1.333,536,2.620,24.3
DATA,MOTOR_BREAKIN_V3,000001,1275054400,509,512,0.227,0.168,16.242,0.251,15.991,60,FWD,RUN,0.197,3.153,0.163,6.380,25.145,1.333,18.861,60,1.333,537,2.625,24.3
DATA,MOTOR_BREAKIN_V3,000001,1275054500,510,514,0.200,0.115,16.270,0.279,15.991,60,FWD,RUN,0.158,2.519,0.163,5.516,25.145,1.333,18.861,60,1.333,536,2.620,24.3
DATA,MOTOR_BREAKIN_V3,000001,1275054600,510,514,0.200,0.115,19.836,0.501,19.334,60,FWD,RUN,0.158,3.046,0.079,6.408,25.145,1.333,18.861,60,1.333,537,2.625,24.4
DATA,MOTOR_BREAKIN_V3,000001,1275054700,509,513,0.227,0.141,21.284,0.334,20.950,60,FWD,RUN,0.184,3.854,0.106,7.717,25.145,1.333,18.861,60,1.333,536,2.620,24.3
DATA,MOTOR_BREAKIN_V3,000001,1275054800,509,514,0.227,0.115,14.682,0.780,13.902,60,FWD,RUN,0.171,2.374,0.106,7.717,25.145,1.333,18.861,60,1.333,537,2.625,24.3
DATA,MOTOR_BREAKIN_V3,000001,1275054900,509,514,0.227,0.115,11.952,0.279,11.673,60,FWD,RUN,0.171,1.993,0.132,9.472,25.145,1.333,18.861,60,1.333,536,2.620,24.3
DATA,MOTOR_BREAKIN_V3,000001,1275055000,510,513,0.200,0.141,19.195,0.334,18.861,60,FWD,RUN,0.171,3.220,0.132,9.472,25.145,1.333,18.861,60,1.333,536,2.620,24.3
DATA,MOTOR_BREAKIN_V3,000001,1275055100,510,513,0.200,0.141,14.905,0.306,14.598,60,FWD,RUN,0.171,2.493,0.123,7.048,25.145,1.333,18.861,60,1.333,536,2.620,24.3
DATA,MOTOR_BREAKIN_V3,000001,1275055200,510,513,0.200,0.141,17.440,0.334,17.106,60,FWD,RUN,0.171,2.921,0.123,7.160,25.145,1.333,18.861,60,1.333,536,2.620,24.3
DATA,MOTOR_BREAKIN_V3,000001,1275055300,516,517,0.000,0.000,16.660,0.195,16.465,60,FWD,RUN,0.000,0.000,0.184,8.358,25.145,1.333,18.861,60,1.333,537,2.625,24.3
DATA,MOTOR_BREAKIN_V3,000001,1275055400,508,514,0.253,0.115,19.223,0.279,18.944,60,FWD,RUN,0.184,3.485,0.184,8.720,25.145,1.333,18.861,60,1.333,537,2.625,24.3
DATA,MOTOR_BREAKIN_V3,000001,1275055500,509,512,0.227,0.168,13.679,0.251,13.428,60,FWD,RUN,0.197,2.648,0.092,7.466,25.145,1.333,18.861,60,1.333,536,2.620,24.3
DATA,MOTOR_BREAKIN_V3,000001,1275055601,510,513,0.200,0.141,21.535,0.390,21.145,60,FWD,RUN,0.171,3.610,0.092,7.717,25.145,1.333,18.861,60,1.333,536,2.620,24.3
DATA,MOTOR_BREAKIN_V3,000001,1275055701,516,516,0.000,0.062,16.270,0.195,16.075,60,FWD,RUN,0.031,0.498,0.153,7.271,25.145,1.333,18.861,60,1.333,536,2.620,24.3
DATA,MOTOR_BREAKIN_V3,000001,1275055801,509,515,0.227,0.088,13.010,0.251,12.760,60,FWD,RUN,0.158,2.010,0.140,7.494,25.145,1.333,18.861,60,1.333,537,2.625,24.3
DATA,MOTOR_BREAKIN_V3,000001,1275055901,510,515,0.200,0.088,17.607,0.362,17.245,60,FWD,RUN,0.144,2.489,0.053,5.906,25.145,1.333,18.861,60,1.333,536,2.620,24.3
DATA,MOTOR_BREAKIN_V3,000001,1275056001,515,516,0.068,0.062,18.944,0.139,18.805,60,FWD,RUN,0.065,1.224,0.132,8.246,25.145,1.333,18.861,60,1.333,537,2.625,24.3
DATA,MOTOR_BREAKIN_V3,000001,1275056101,510,513,0.200,0.141,17.774,0.334,17.440,60,FWD,RUN,0.171,2.978,0.132,5.154,25.145,1.333,18.861,60,1.333,537,2.625,24.4
DATA,MOTOR_BREAKIN_V3,000001,1275056201,515,516,0.068,0.062,17.774,0.223,17.551,60,FWD,RUN,0.065,1.142,0.150,6.018,25.145,1.333,18.861,60,1.333,536,2.620,24.3
DATA,MOTOR_BREAKIN_V3,000001,1275056301,509,513,0.227,0.141,17.468,0.306,17.161,60,FWD,RUN,0.184,3.157,0.150,6.018,25.145,1.333,18.861,60,1.333,536,2.620,24.3
DATA,MOTOR_BREAKIN_V3,000001,1275056401,509,514,0.227,0.115,16.576,0.306,16.270,60,FWD,RUN,0.171,2.778,0.066,5.711,25.145,1.333,18.861,60,1.333,537,2.625,24.3
DATA,MOTOR_BREAKIN_V3,000001,1275056501,509,514,0.227,0.115,18.192,0.362,17.830,60,FWD,RUN,0.171,3.044,0.066,3.789,25.145,1.333,18.861,60,1.333,536,2.620,24.3
DATA,MOTOR_BREAKIN_V3,000001,1275056601,509,514,0.227,0.115,18.916,1.170,17.746,60,FWD,RUN,0.171,3.030,0.040,6.770,25.145,1.333,18.861,60,1.333,536,2.620,24.3
DATA,MOTOR_BREAKIN_V3,000001,1275056701,508,514,0.253,0.115,19.000,0.306,18.694,60,FWD,RUN,0.184,3.439,0.053,6.352,25.145,1.333,18.861,60,1.333,537,2.625,24.3
DATA,MOTOR_BREAKIN_V3,000001,1275056801,511,514,0.174,0.115,19.084,0.223,18.861,60,FWD,RUN,0.144,2.722,0.092,7.299,25.145,1.333,18.861,60,1.333,537,2.625,24.3
DATA,MOTOR_BREAKIN_V3,000001,1275056901,509,514,0.227,0.115,13.902,0.334,13.567,60,FWD,RUN,0.171,2.317,0.092,8.358,25.145,1.333,18.861,60,1.333,536,2.620,24.3
DATA,MOTOR_BREAKIN_V3,000001,1275057001,513,515,0.121,0.088,16.576,0.195,16.381,60,FWD,RUN,0.105,1.715,0.092,8.386,25.145,1.333,18.861,60,1.333,537,2.625,24.3
DATA,MOTOR_BREAKIN_V3,000001,1275057101,509,514,0.227,0.115,17.161,0.334,16.827,60,FWD,RUN,0.171,2.873,0.092,6.603,25.145,1.333,18.861,60,1.333,536,2.620,24.3
DATA,MOTOR_BREAKIN_V3,000001,1275057201,509,513,0.227,0.141,13.595,0.334,13.261,60,FWD,RUN,0.184,2.439,0.092,6.853,25.145,1.333,18.861,60,1.333,537,2.625,24.3
DATA,MOTOR_BREAKIN_V3,000001,1275057301,509,514,0.227,0.115,18.331,0.334,17.997,60,FWD,RUN,0.171,3.073,0.119,6.853,25.145,1.333,18.861,60,1.333,536,2.620,24.3
DATA,MOTOR_BREAKIN_V3,000001,1275057401,509,513,0.227,0.141,13.790,0.306,13.484,60,FWD,RUN,0.184,2.480,0.119,5.628,25.145,1.333,18.861,60,1.333,536,2.620,24.3
DATA,MOTOR_BREAKIN_V3,000001,1275057501,509,513,0.227,0.141,14.598,0.362,14.236,60,FWD,RUN,0.184,2.619,0.184,5.823,25.145,1.333,18.861,60,1.333,536,2.620,24.3
DATA,MOTOR_BREAKIN_V3,000001,1275057601,509,515,0.227,0.088,14.097,0.279,13.818,60,FWD,RUN,0.158,2.177,0.184,6.798,25.145,1.333,18.861,60,1.333,536,2.620,24.3
DATA,MOTOR_BREAKIN_V3,000001,1275057701,508,512,0.253,0.168,17.468,0.390,17.078,60,FWD,RUN,0.210,3.593,0.210,5.823,25.145,1.333,18.861,60,1.333,536,2.620,24.4
DATA,MOTOR_BREAKIN_V3,000001,1275057801,510,514,0.200,0.115,15.713,0.334,15.378,60,FWD,RUN,0.158,2.423,0.210,5.878,25.145,1.333,18.861,60,1.333,536,2.620,24.3
DATA,MOTOR_BREAKIN_V3,000001,1275057901,509,513,0.227,0.141,19.000,0.362,18.638,60,FWD,RUN,0.184,3.429,0.150,6.268,25.145,1.333,18.861,60,1.333,537,2.625,24.3
DATA,MOTOR_BREAKIN_V3,000001,1275058001,509,513,0.227,0.141,15.852,0.306,15.545,60,FWD,RUN,0.184,2.860,0.150,6.268,25.145,1.333,18.861,60,1.333,537,2.625,24.3
DATA,MOTOR_BREAKIN_V3,000001,1275058101,515,516,0.068,0.062,16.660,0.223,16.437,60,FWD,RUN,0.065,1.070,0.119,5.711,25.145,1.333,18.861,60,1.333,537,2.625,24.3
DATA,MOTOR_BREAKIN_V3,000001,1275058201,511,514,0.174,0.115,21.117,0.362,20.755,60,FWD,RUN,0.144,2.995,0.119,7.494,25.145,1.333,18.861,60,1.333,537,2.625,24.3
DATA,MOTOR_BREAKIN_V3,000001,1275058301,515,516,0.068,0.062,16.214,0.195,16.019,60,FWD,RUN,0.065,1.042,0.150,7.494,25.145,1.333,18.861,60,1.333,536,2.620,24.3
DATA,MOTOR_BREAKIN_V3,000001,1275058401,512,514,0.147,0.115,18.081,0.279,17.802,60,FWD,RUN,0.131,2.334,0.150,7.745,25.145,1.333,18.861,60,1.333,536,2.620,24.3
DATA,MOTOR_BREAKIN_V3,000001,1275058502,516,516,0.000,0.062,18.053,0.251,17.802,60,FWD,RUN,0.031,0.552,0.153,6.742,25.145,1.333,18.861,60,1.333,537,2.625,24.3
DATA,MOTOR_BREAKIN_V3,000001,1275058602,510,514,0.200,0.115,14.933,0.362,14.570,60,FWD,RUN,0.158,2.295,0.153,6.463,25.145,1.333,18.861,60,1.333,537,2.625,24.3
DATA,MOTOR_BREAKIN_V3,000001,1275058702,509,512,0.227,0.168,17.384,0.306,17.078,60,FWD,RUN,0.197,3.367,0.423,6.658,25.145,1.333,18.861,60,1.333,536,2.620,24.3
DATA,MOTOR_BREAKIN_V3,000001,1275058802,509,513,0.227,0.141,13.205,0.251,12.955,60,FWD,RUN,0.184,2.383,0.357,9.695,25.145,1.333,18.861,60,1.333,537,2.625,24.3
DATA,MOTOR_BREAKIN_V3,000001,1275058902,510,514,0.200,0.115,18.889,0.306,18.582,60,FWD,RUN,0.158,2.927,0.040,8.999,25.145,1.333,18.861,60,1.333,536,2.620,24.3
DATA,MOTOR_BREAKIN_V3,000001,1275059002,511,515,0.174,0.088,14.208,0.306,13.902,60,FWD,RUN,0.131,1.823,0.291,7.940,25.145,1.333,18.861,60,1.333,536,2.620,24.3
DATA,MOTOR_BREAKIN_V3,000001,1275059102,512,515,0.147,0.088,14.348,0.167,14.180,60,FWD,RUN,0.118,1.672,0.317,5.460,25.145,1.333,18.861,60,1.333,537,2.625,24.3
DATA,MOTOR_BREAKIN_V3,000001,1275059202,516,518,0.000,0.000,16.716,0.195,16.521,60,FWD,RUN,0.000,0.000,0.197,7.661,25.145,1.333,18.861,60,1.333,536,2.620,24.3
DATA,MOTOR_BREAKIN_V3,000001,1275059302,511,514,0.174,0.115,19.501,0.362,19.139,60,FWD,RUN,0.144,2.762,0.488,7.661,25.145,1.333,18.861,60,1.333,536,2.620,24.3
DATA,MOTOR_BREAKIN_V3,000001,1275059402,510,513,0.200,0.141,12.592,0.279,12.314,60,FWD,RUN,0.171,2.103,0.410,6.826,25.145,1.333,18.861,60,1.333,536,2.620,24.3
DATA,MOTOR_BREAKIN_V3,000001,1275059502,510,513,0.200,0.141,14.264,0.306,13.957,60,FWD,RUN,0.171,2.383,0.106,6.129,25.145,1.333,18.861,60,1.333,536,2.620,24.3
DATA,MOTOR_BREAKIN_V3,000001,1275059602,509,513,0.227,0.141,17.691,0.334,17.356,60,FWD,RUN,0.184,3.193,0.106,4.903,25.145,1.333,18.861,60,1.333,537,2.625,24.3
DATA,MOTOR_BREAKIN_V3,000001,1275059702,509,514,0.227,0.115,17.746,0.334,17.412,60,FWD,RUN,0.171,2.973,0.150,5.767,25.145,1.333,18.861,60,1.333,536,2.620,24.3
DATA,MOTOR_BREAKIN_V3,000001,1275059802,509,513,0.227,0.141,12.537,0.306,12.230,60,FWD,RUN,0.184,2.250,0.184,5.182,25.145,1.333,18.861,60,1.333,537,2.625,24.3
DATA,MOTOR_BREAKIN_V3,000001,1275059902,509,514,0.227,0.115,15.991,0.334,15.657,60,FWD,RUN,0.171,2.673,0.461,7.411,25.145,1.333,18.861,60,1.333,536,2.620,24.3
DATA,MOTOR_BREAKIN_V3,000001,1275060002,510,513,0.200,0.141,14.849,0.279,14.570,60,FWD,RUN,0.171,2.488,0.383,7.383,25.145,1.333,18.861,60,1.333,536,2.620,24.3
DATA,MOTOR_BREAKIN_V3,000001,1275060102,513,515,0.121,0.088,15.406,0.334,15.072,60,FWD,RUN,0.105,1.578,0.197,6.324,25.145,1.333,18.861,60,1.333,535,2.615,24.3
DATA,MOTOR_BREAKIN_V3,000001,1275060202,510,514,0.200,0.115,16.130,0.362,15.768,60,FWD,RUN,0.158,2.484,0.475,8.274,25.145,1.333,18.861,60,1.333,536,2.620,24.3
DATA,MOTOR_BREAKIN_V3,000001,1275060302,508,514,0.253,0.115,16.103,0.446,15.657,60,FWD,RUN,0.184,2.880,0.396,8.274,25.145,1.333,18.861,60,1.333,537,2.625,24.3
DATA,MOTOR_BREAKIN_V3,000001,1275060402,511,515,0.174,0.088,14.125,0.306,13.818,60,FWD,RUN,0.131,1.812,0.150,6.491,25.145,1.333,18.861,60,1.333,536,2.620,24.3
DATA,MOTOR_BREAKIN_V3,000001,1275060502,509,513,0.227,0.141,17.774,0.362,17.412,60,FWD,RUN,0.184,3.203,0.441,7.494,25.145,1.333,18.861,60,1.333,537,2.625,24.3
DATA,MOTOR_BREAKIN_V3,000001,1275060602,510,514,0.200,0.115,13.651,0.362,13.289,60,FWD,RUN,0.158,2.093,0.427,8.023,25.145,1.333,18.861,60,1.333,536,2.620,24.3
DATA,MOTOR_BREAKIN_V3,000001,1275060702,510,515,0.200,0.088,19.028,0.306,18.721,60,FWD,RUN,0.144,2.702,0.158,7.327,25.145,1.333,18.861,60,1.333,537,2.625,24.3
DATA,MOTOR_BREAKIN_V3,000001,1275060802,510,513,0.200,0.141,17.106,0.306,16.799,60,FWD,RUN,0.171,2.868,0.475,7.132,25.145,1.333,18.861,60,1.333,536,2.620,24.3
DATA,MOTOR_BREAKIN_V3,000001,1275060902,510,514,0.200,0.115,16.130,0.474,15.657,60,FWD,RUN,0.158,2.467,0.370,8.358,25.145,1.333,18.861,60,1.333,537,2.625,24.3
DATA,MOTOR_BREAKIN_V3,000001,1275061002,509,513,0.227,0.141,12.732,0.306,12.425,60,FWD,RUN,0.184,2.286,0.184,10.141,25.145,1.333,18.861,60,1.333,537,2.625,24.3
DATA,MOTOR_BREAKIN_V3,000001,1275061102,514,516,0.095,0.062,15.323,0.474,14.849,60,FWD,RUN,0.078,1.162,0.184,10.419,25.145,1.333,18.861,60,1.333,536,2.620,24.3
DATA,MOTOR_BREAKIN_V3,000001,1275061202,508,514,0.253,0.115,18.025,0.362,17.663,60,FWD,RUN,0.184,3.249,0.184,6.408,25.145,1.333,18.861,60,1.333,537,2.625,24.3
DATA,MOTOR_BREAKIN_V3,000001,1275061302,509,515,0.227,0.088,16.103,0.362,15.740,60,FWD,RUN,0.158,2.480,0.211,5.795,25.145,1.333,18.861,60,1.333,535,2.615,24.3
DATA,MOTOR_BREAKIN_V3,000001,1275061402,512,515,0.147,0.088,21.034,0.334,20.699,60,FWD,RUN,0.118,2.441,0.329,9.361,25.145,1.333,18.861,60,1.333,536,2.620,24.3
DATA,MOTOR_BREAKIN_V3,000001,1275061502,516,517,0.000,0.000,13.846,0.139,13.707,60,FWD,RUN,0.000,0.000,0.290,9.361,25.145,1.333,18.861,60,1.333,537,2.625,24.3
DATA,MOTOR_BREAKIN_V3,000001,1275061601,510,514,0.200,0.115,20.504,0.306,20.198,60,FWD,RUN,0.158,3.182,0.316,7.383,25.145,1.333,18.861,60,1.333,537,2.625,24.3
DATA,MOTOR_BREAKIN_V3,000001,1275061702,512,514,0.147,0.115,12.537,0.362,12.174,60,FWD,RUN,0.131,1.596,0.316,8.023,25.145,1.333,18.861,60,1.333,536,2.620,24.3
DATA,MOTOR_BREAKIN_V3,000001,1275061802,515,516,0.068,0.062,20.309,0.529,19.780,60,FWD,RUN,0.065,1.287,0.171,7.606,25.145,1.333,18.861,60,1.333,536,2.620,24.3
DATA,MOTOR_BREAKIN_V3,000001,1275061902,509,513,0.227,0.141,13.456,0.362,13.094,60,FWD,RUN,0.184,2.409,0.357,7.355,25.145,1.333,18.861,60,1.333,537,2.625,24.3
DATA,MOTOR_BREAKIN_V3,000001,1275062002,510,514,0.200,0.115,17.440,0.362,17.078,60,FWD,RUN,0.158,2.690,0.330,8.497,25.145,1.333,18.861,60,1.333,536,2.620,24.3
DATA,MOTOR_BREAKIN_V3,000001,1275062102,509,513,0.227,0.141,20.309,0.418,19.891,60,FWD,RUN,0.184,3.659,0.184,8.497,25.145,1.333,18.861,60,1.333,537,2.625,24.3
DATA,MOTOR_BREAKIN_V3,000001,1275062202,510,515,0.200,0.088,13.010,0.251,12.760,60,FWD,RUN,0.144,1.842,0.329,7.996,25.145,1.333,18.861,60,1.333,536,2.620,24.3
DATA,MOTOR_BREAKIN_V3,000001,1275062302,510,514,0.200,0.115,16.326,0.362,15.963,60,FWD,RUN,0.158,2.515,0.329,6.045,25.145,1.333,18.861,60,1.333,537,2.625,24.3
DATA,MOTOR_BREAKIN_V3,000001,1275062402,511,515,0.174,0.088,18.805,0.334,18.471,60,FWD,RUN,0.131,2.422,0.053,5.850,25.145,1.333,18.861,60,1.333,537,2.625,24.3
DATA,MOTOR_BREAKIN_V3,000001,1275062502,509,513,0.227,0.141,18.666,0.390,18.276,60,FWD,RUN,0.184,3.362,0.251,3.343,25.145,1.333,18.861,60,1.333,536,2.620,24.3
DATA,MOTOR_BREAKIN_V3,000001,1275062602,509,514,0.227,0.115,17.523,0.362,17.161,60,FWD,RUN,0.171,2.930,0.316,5.516,25.145,1.333,18.861,60,1.333,537,2.625,24.3
DATA,MOTOR_BREAKIN_V3,000001,1275062702,509,512,0.227,0.168,20.337,0.362,19.975,60,FWD,RUN,0.197,3.938,0.197,6.101,25.145,1.333,18.861,60,1.333,536,2.620,24.3
DATA,MOTOR_BREAKIN_V3,000001,1275062802,510,513,0.200,0.141,18.025,0.390,17.635,60,FWD,RUN,0.171,3.011,0.317,7.076,25.145,1.333,18.861,60,1.333,536,2.620,24.3
DATA,MOTOR_BREAKIN_V3,000001,1275062902,512,514,0.147,0.115,17.886,0.223,17.663,60,FWD,RUN,0.131,2.316,0.343,6.742,25.145,1.333,18.861,60,1.333,536,2.620,24.3
DATA,MOTOR_BREAKIN_V3,000001,1275063002,510,512,0.200,0.168,16.214,0.724,15.490,60,FWD,RUN,0.184,2.849,0.053,6.909,25.145,1.333,18.861,60,1.333,535,2.615,24.3
DATA,MOTOR_BREAKIN_V3,000001,1275063102,509,513,0.227,0.141,13.762,0.334,13.428,60,FWD,RUN,0.184,2.470,0.291,5.767,25.145,1.333,18.861,60,1.333,537,2.625,24.3
DATA,MOTOR_BREAKIN_V3,000001,1275063202,508,513,0.253,0.141,16.743,0.362,16.381,60,FWD,RUN,0.197,3.230,0.427,6.268,25.145,1.333,18.861,60,1.333,537,2.625,24.3
DATA,MOTOR_BREAKIN_V3,000001,1275063302,510,514,0.200,0.115,16.771,0.362,16.409,60,FWD,RUN,0.158,2.585,0.163,6.603,25.145,1.333,18.861,60,1.333,536,2.620,24.3
DATA,MOTOR_BREAKIN_V3,000001,1275063402,508,514,0.253,0.115,14.905,0.362,14.543,60,FWD,RUN,0.184,2.675,0.414,5.739,25.145,1.333,18.861,60,1.333,537,2.625,24.3
DATA,MOTOR_BREAKIN_V3,000001,1275063502,509,514,0.227,0.115,14.208,0.334,13.874,60,FWD,RUN,0.171,2.369,0.414,7.216,25.145,1.333,18.861,60,1.333,537,2.625,24.3
DATA,MOTOR_BREAKIN_V3,000001,1275063602,514,516,0.095,0.062,12.147,0.167,11.979,60,FWD,RUN,0.078,0.938,0.106,9.472,25.145,1.333,18.861,60,1.333,536,2.620,24.3
DATA,MOTOR_BREAKIN_V3,000001,1275063702,509,514,0.227,0.115,14.988,0.501,14.487,60,FWD,RUN,0.171,2.474,0.092,7.912,25.145,1.333,18.861,60,1.333,536,2.620,24.3
DATA,MOTOR_BREAKIN_V3,000001,1275063802,508,513,0.253,0.141,17.189,0.362,16.827,60,FWD,RUN,0.197,3.318,0.092,5.488,25.145,1.333,18.861,60,1.333,536,2.620,24.3
DATA,MOTOR_BREAKIN_V3,000001,1275063902,509,513,0.227,0.141,13.261,0.362,12.899,60,FWD,RUN,0.184,2.373,0.119,5.321,25.145,1.333,18.861,60,1.333,536,2.620,24.3
DATA,MOTOR_BREAKIN_V3,000001,1275064002,515,516,0.068,0.062,18.053,0.139,17.913,60,FWD,RUN,0.065,1.166,0.119,7.076,25.145,1.333,18.861,60,1.333,536,2.620,24.3
DATA,MOTOR_BREAKIN_V3,000001,1275064102,513,515,0.121,0.088,19.000,0.195,18.805,60,FWD,RUN,0.105,1.969,0.106,8.636,25.145,1.333,18.861,60,1.333,537,2.625,24.3
DATA,MOTOR_BREAKIN_V3,000001,1275064202,510,514,0.200,0.115,17.774,0.418,17.356,60,FWD,RUN,0.158,2.734,0.079,8.609,25.145,1.333,18.861,60,1.333,536,2.620,24.3
DATA,MOTOR_BREAKIN_V3,000001,1275064302,510,515,0.200,0.088,15.211,0.223,14.988,60,FWD,RUN,0.144,2.163,0.304,8.441,25.145,1.333,18.861,60,1.333,536,2.620,24.3
DATA,MOTOR_BREAKIN_V3,000001,1275064402,509,514,0.227,0.115,11.896,0.334,11.562,60,FWD,RUN,0.171,1.974,0.414,6.742,25.145,1.333,18.861,60,1.333,537,2.625,24.3
DATA,MOTOR_BREAKIN_V3,000001,1275064502,509,513,0.227,0.141,16.326,0.474,15.852,60,FWD,RUN,0.184,2.916,0.282,6.742,25.145,1.333,18.861,60,1.333,537,2.625,24.3
DATA,MOTOR_BREAKIN_V3,000001,1275064602,510,513,0.200,0.141,19.724,0.334,19.390,60,FWD,RUN,0.171,3.311,0.304,6.853,25.145,1.333,18.861,60,1.333,536,2.620,24.3
DATA,MOTOR_BREAKIN_V3,000001,1275064702,508,513,0.253,0.141,17.245,1.170,16.075,60,FWD,RUN,0.197,3.169,0.317,6.853,25.145,1.333,18.861,60,1.333,537,2.625,24.3
DATA,MOTOR_BREAKIN_V3,000001,1275064801,510,513,0.200,0.141,12.286,0.362,11.924,60,FWD,RUN,0.171,2.036,0.383,7.912,25.145,1.333,18.861,60,1.333,537,2.625,24.3
DATA,MOTOR_BREAKIN_V3,000001,1275064902,510,513,0.200,0.141,13.205,0.362,12.843,60,FWD,RUN,0.171,2.193,0.383,8.999,25.145,1.333,18.861,60,1.333,536,2.620,24.3
DATA,MOTOR_BREAKIN_V3,000001,1275065002,516,517,0.000,0.000,14.988,0.195,14.793,60,FWD,RUN,0.000,0.000,0.197,8.413,25.145,1.333,18.861,60,1.333,537,2.625,24.3
DATA,MOTOR_BREAKIN_V3,000001,1275065102,515,517,0.068,0.000,12.230,0.223,12.007,60,FWD,RUN,0.034,0.409,0.461,8.971,25.145,1.333,18.861,60,1.333,537,2.625,24.3
DATA,MOTOR_BREAKIN_V3,000001,1275065202,509,513,0.227,0.141,13.567,0.390,13.177,60,FWD,RUN,0.184,2.424,0.427,9.584,25.145,1.333,18.861,60,1.333,537,2.625,24.3
DATA,MOTOR_BREAKIN_V3,000001,1275065302,514,515,0.095,0.088,14.375,0.195,14.180,60,FWD,RUN,0.091,1.297,0.150,5.655,25.145,1.333,18.861,60,1.333,537,2.625,24.3
DATA,MOTOR_BREAKIN_V3,000001,1275065402,509,514,0.227,0.115,16.493,0.390,16.103,60,FWD,RUN,0.171,2.749,0.388,9.611,25.145,1.333,18.861,60,1.333,537,2.625,24.3
DATA,MOTOR_BREAKIN_V3,000001,1275065502,509,514,0.227,0.115,15.072,0.334,14.738,60,FWD,RUN,0.171,2.516,0.330,9.333,25.145,1.333,18.861,60,1.333,537,2.625,24.3
DATA,MOTOR_BREAKIN_V3,000001,1275065602,511,515,0.174,0.088,17.078,0.501,16.576,60,FWD,RUN,0.131,2.173,0.106,7.494,25.145,1.333,18.861,60,1.333,537,2.625,24.3
DATA,MOTOR_BREAKIN_V3,000001,1275065702,509,514,0.227,0.115,15.991,0.334,15.657,60,FWD,RUN,0.171,2.673,0.330,6.380,25.145,1.333,18.861,60,1.333,536,2.620,24.3
DATA,MOTOR_BREAKIN_V3,000001,1275065802,513,514,0.121,0.115,17.607,0.306,17.301,60,FWD,RUN,0.118,2.040,0.291,4.402,25.145,1.333,18.861,60,1.333,537,2.625,24.3
DATA,MOTOR_BREAKIN_V3,000001,1275065902,509,513,0.227,0.141,12.982,0.975,12.007,60,FWD,RUN,0.184,2.209,0.106,6.630,25.145,1.333,18.861,60,1.333,536,2.620,24.3
