ACS1_ZERO=512.45
ACS2_ZERO=513.58
READY,FWD

========================================
 Mini4WD MOTOR BREAK-IN DEVICE
 MOTOR_BREAKIN_V3
 Firmware : 3.00
========================================
INFO,TYPE=MOTOR,MODEL=MOTOR_BREAKIN_V3,FW=3.00,ID=000001
DATA,MOTOR_BREAKIN_V3,000001,0,512,514,0.000,0.000,0.000,0.000,0.000,0,FWD,READY,0.000,0.000,0.000,0.000,0.000,0.000,0.000,0,0.000,564,2.757,22.7
DATA,MOTOR_BREAKIN_V3,000001,0,512,514,0.000,0.000,0.000,0.000,0.000,0,FWD,READY,0.000,0.000,0.000,0.000,0.000,0.000,0.000,0,0.000,564,2.757,22.7
DATA,MOTOR_BREAKIN_V3,000001,0,512,514,0.000,0.000,0.000,0.000,0.000,0,FWD,READY,0.000,0.000,0.000,0.000,0.000,0.000,0.000,0,0.000,564,2.757,22.7
DATA,MOTOR_BREAKIN_V3,000001,0,512,514,0.000,0.000,0.000,0.000,0.000,0,FWD,READY,0.000,0.000,0.000,0.000,0.000,0.000,0.000,0,0.000,564,2.757,22.7
DATA,MOTOR_BREAKIN_V3,000001,0,512,514,0.000,0.000,0.000,0.000,0.000,0,FWD,READY,0.000,0.000,0.000,0.000,0.000,0.000,0.000,0,0.000,564,2.757,22.7
DATA,MOTOR_BREAKIN_V3,000001,0,513,514,0.000,0.000,0.000,0.000,0.000,0,FWD,READY,0.000,0.000,0.000,0.000,0.000,0.000,0.000,0,0.000,564,2.757,22.7
DATA,MOTOR_BREAKIN_V3,000001,0,512,513,0.000,0.000,0.000,0.000,0.000,0,FWD,READY,0.000,0.000,0.000,0.000,0.000,0.000,0.000,0,0.000,564,2.757,22.7
DATA,MOTOR_BREAKIN_V3,000001,0,512,513,0.000,0.000,0.000,0.000,0.000,0,FWD,READY,0.000,0.000,0.000,0.000,0.000,0.000,0.000,0,0.000,564,2.757,22.7
DATA,MOTOR_BREAKIN_V3,000001,0,512,514,0.000,0.000,0.000,0.000,0.000,0,FWD,READY,0.000,0.000,0.000,0.000,0.000,0.000,0.000,0,0.000,564,2.757,22.7
DATA,MOTOR_BREAKIN_V3,000001,0,512,514,0.000,0.000,0.000,0.000,0.000,0,FWD,READY,0.000,0.000,0.000,0.000,0.000,0.000,0.000,0,0.000,564,2.757,22.7
DATA,MOTOR_BREAKIN_V3,000001,0,513,514,0.000,0.000,0.000,0.000,0.000,0,FWD,READY,0.000,0.000,0.000,0.000,0.000,0.000,0.000,0,0.000,564,2.757,22.7
DATA,MOTOR_BREAKIN_V3,000001,0,512,514,0.000,0.000,0.000,0.000,0.000,0,FWD,READY,0.000,0.000,0.000,0.000,0.000,0.000,0.000,0,0.000,564,2.757,22.7
DATA,MOTOR_BREAKIN_V3,000001,0,512,512,0.000,0.000,0.000,0.000,0.000,0,FWD,READY,0.000,0.000,0.000,0.000,0.000,0.000,0.000,0,0.000,564,2.757,22.6
DATA,MOTOR_BREAKIN_V3,000001,0,512,513,0.000,0.000,0.000,0.000,0.000,0,FWD,READY,0.000,0.000,0.000,0.000,0.000,0.000,0.000,0,0.000,564,2.757,22.7
DATA,MOTOR_BREAKIN_V3,000001,0,513,514,0.000,0.000,0.000,0.000,0.000,0,FWD,READY,0.000,0.000,0.000,0.000,0.000,0.000,0.000,0,0.000,564,2.757,22.7
DATA,MOTOR_BREAKIN_V3,000001,0,512,514,0.000,0.000,0.000,0.000,0.000,0,FWD,READY,0.000,0.000,0.000,0.000,0.000,0.000,0.000,0,0.000,564,2.757,22.7
DATA,MOTOR_BREAKIN_V3,000001,0,512,513,0.000,0.000,0.000,0.000,0.000,0,FWD,READY,0.000,0.000,0.000,0.000,0.000,0.000,0.000,0,0.000,564,2.757,22.7
DATA,MOTOR_BREAKIN_V3,000001,0,513,513,0.000,0.000,0.000,0.000,0.000,0,FWD,READY,0.000,0.000,0.000,0.000,0.000,0.000,0.000,0,0.000,564,2.757,22.7
DATA,MOTOR_BREAKIN_V3,000001,0,513,513,0.000,0.000,0.000,0.000,0.000,0,FWD,READY,0.000,0.000,0.000,0.000,0.000,0.000,0.000,0,0.000,564,2.757,22.7
DATA,MOTOR_BREAKIN_V3,000001,0,512,514,0.000,0.000,0.000,0.000,0.000,0,FWD,READY,0.000,0.000,0.000,0.000,0.000,0.000,0.000,0,0.000,564,2.757,22.6
DATA,MOTOR_BREAKIN_V3,000001,0,513,514,0.000,0.000,0.000,0.000,0.000,0,FWD,READY,0.000,0.000,0.000,0.000,0.000,0.000,0.000,0,0.000,564,2.757,22.7
DATA,MOTOR_BREAKIN_V3,000001,0,512,515,0.000,0.000,0.000,0.000,0.000,0,FWD,READY,0.000,0.000,0.000,0.000,0.000,0.000,0.000,0,0.000,564,2.757,22.6
DATA,MOTOR_BREAKIN_V3,000001,0,512,514,0.000,0.000,0.000,0.000,0.000,0,FWD,READY,0.000,0.000,0.000,0.000,0.000,0.000,0.000,0,0.000,564,2.757,22.7
DATA,MOTOR_BREAKIN_V3,000001,0,512,513,0.000,0.000,0.000,0.000,0.000,0,FWD,READY,0.000,0.000,0.000,0.000,0.000,0.000,0.000,0,0.000,564,2.757,22.6
DATA,MOTOR_BREAKIN_V3,000001,0,513,514,0.000,0.000,0.000,0.000,0.000,0,FWD,READY,0.000,0.000,0.000,0.000,0.000,0.000,0.000,0,0.000,564,2.757,22.6
DATA,MOTOR_BREAKIN_V3,000001,0,512,514,0.000,0.000,0.000,0.000,0.000,0,FWD,READY,0.000,0.000,0.000,0.000,0.000,0.000,0.000,0,0.000,564,2.0.000,0.000,0,0.000,564,2.757,22.6
DATA,MOTOR_BREAKIN_V3,000001,184,503,508,0.252,0.148,1.672,0.446,1.226,60,FWD,RUN,0.200,0.245,0.226,1.226,0.000,0.000,0.000,0,0.000,563,2.752,22.6
OK
DATA,MOTOR_BREAKIN_V3,000001,284,486,499,0.701,0.385,2.702,0.641,2.062,95,FWD,RUN,0.543,1.120,0.383,1.282,0.000,0.000,0.000,0,0.000,565,2.761,22.6
OK
DATA,MOTOR_BREAKIN_V3,000001,384,470,491,1.124,0.597,3.900,0.752,3.148,114,FWD,RUN,0.860,2.708,0.700,1.867,0.000,0.000,0.000,0,0.887,563,2.752,22.6
OK
DATA,MOTOR_BREAKIN_V3,000001,484,474,493,1.018,0.544,4.820,0.752,4.067,111,FWD,RUN,0.781,3.176,0.423,1.839,0.000,0.000,0.000,0,0.887,564,2.757,22.6
OK
DATA,MOTOR_BREAKIN_V3,000001,584,496,505,0.437,0.227,5.572,0.279,5.293,90,FWD,RUN,0.332,1.756,0.542,1.839,0.000,0.000,0.000,0,0.887,564,2.757,22.6
OK
DATA,MOTOR_BREAKIN_V3,000001,684,510,513,0.067,0.000,5.182,0.000,5.182,44,FWD,RUN,0.033,0.173,0.655,1.337,0.000,0.000,0.000,0,0.887,563,2.752,22.7
OK
DATA,MOTOR_BREAKIN_V3,000001,784,509,511,0.093,0.068,4.597,0.000,4.597,35,FWD,RUN,0.081,0.371,0.345,1.059,0.000,0.000,0.000,0,0.887,562,2.747,22.5
DATA,MOTOR_BREAKIN_V3,000001,884,509,512,0.093,0.000,4.151,0.000,4.151,35,FWD,RUN,0.047,0.193,0.094,0.585,0.000,0.000,0.000,0,0.887,561,2.742,22.7
DATA,MOTOR_BREAKIN_V3,000001,984,509,512,0.093,0.000,3.900,0.000,3.900,35,FWD,RUN,0.047,0.182,0.081,0.919,0.000,0.000,0.000,0,0.887,562,2.747,22.7
DATA,MOTOR_BREAKIN_V3,000001,1037,511,513,0.000,0.000,3.817,0.000,3.817,35,FWD,RUN,0.000,0.000,0.081,0.501,0.000,0.000,0.000,0,0.887,563,2.752,22.7
DATA,MOTOR_BREAKIN_V3,000001,4294952717,473,493,1.044,0.544,4.012,0.139,3.872,35,FWD,RUN,0.794,3.075,0.794,0.446,3.075,0.794,3.872,35,0.887,562,2.747,22.7
DATA,MOTOR_BREAKIN_V3,000001,1151,508,512,0.120,0.000,3.705,0.000,3.705,35,FWD,RUN,0.060,0.222,0.794,0.334,3.075,0.794,3.872,35,0.887,562,2.747,22.7
DATA,MOTOR_BREAKIN_V3,000001,1251,510,511,0.067,0.068,3.510,0.000,3.510,35,FWD,RUN,0.068,0.237,0.794,0.474,3.075,0.794,3.872,35,0.887,562,2.747,22.7
DATA,MOTOR_BREAKIN_V3,000001,1351,509,512,0.093,0.000,3.482,0.000,3.482,35,FWD,RUN,0.047,0.162,0.094,0.167,3.075,0.794,3.872,35,0.887,562,2.747,22.7
DATA,MOTOR_BREAKIN_V3,000001,1451,510,511,0.067,0.068,3.371,0.000,3.371,35,FWD,RUN,0.068,0.228,0.061,0.223,3.075,0.794,3.872,35,0.887,562,2.747,22.7
DATA,MOTOR_BREAKIN_V3,000001,1551,509,512,0.093,0.000,3.399,0.084,3.315,35,FWD,RUN,0.047,0.155,0.061,0.195,3.075,0.794,3.872,35,0.887,562,2.747,22.7
DATA,MOTOR_BREAKIN_V3,000001,1651,509,511,0.093,0.068,3.260,0.000,3.260,35,FWD,RUN,0.081,0.263,0.047,0.139,3.075,0.794,3.872,35,0.887,562,2.747,22.7
DATA,MOTOR_BREAKIN_V3,000001,1751,510,512,0.067,0.000,3.371,0.028,3.343,35,FWD,RUN,0.033,0.112,0.047,0.111,3.075,0.794,3.872,35,0.887,562,2.747,22.7
DATA,MOTOR_BREAKIN_V3,000001,1851,509,512,0.093,0.000,3.343,0.000,3.343,35,FWD,RUN,0.047,0.156,0.047,0.167,3.075,0.794,3.872,35,0.887,561,2.742,22.7
DATA,MOTOR_BREAKIN_V3,000001,1951,509,511,0.093,0.068,3.287,0.000,3.287,35,FWD,RUN,0.081,0.266,0.034,0.167,3.075,0.794,3.872,35,0.887,562,2.747,22.7
DATA,MOTOR_BREAKIN_V3,000001,2051,510,512,0.067,0.000,3.315,0.000,3.315,35,FWD,RUN,0.033,0.111,0.047,0.167,3.075,0.794,3.872,35,0.887,561,2.742,22.7
DATA,MOTOR_BREAKIN_V3,000001,2151,509,511,0.093,0.068,3.315,0.028,3.287,35,FWD,RUN,0.081,0.266,0.047,0.167,3.075,0.794,3.872,35,0.887,562,2.747,22.7
DATA,MOTOR_BREAKIN_V3,000001,2251,509,511,0.093,0.068,3.287,0.028,3.260,35,FWD,RUN,0.081,0.263,0.047,0.195,3.075,0.794,3.872,35,0.887,562,2.747,22.7
DATA,MOTOR_BREAKIN_V3,000001,2351,512,513,0.000,0.000,3.399,0.000,3.399,35,FWD,RUN,0.000,0.000,0.081,0.223,3.075,0.794,3.872,35,0.887,562,2.747,22.7
DATA,MOTOR_BREAKIN_V3,000001,2451,509,512,0.093,0.000,3.343,0.000,3.343,35,FWD,RUN,0.047,0.156,0.081,0.251,3.075,0.794,3.872,35,0.887,562,2.747,22.7
DATA,MOTOR_BREAKIN_V3,000001,2551,509,511,0.093,0.068,3.204,0.028,3.176,35,FWD,RUN,0.081,0.257,0.047,0.223,3.075,0.794,3.872,35,0.887,562,2.747,22.7
DATA,MOTOR_BREAKIN_V3,000001,2651,509,512,0.093,0.000,3.315,0.000,3.315,35,FWD,RUN,0.047,0.155,0.081,0.195,3.075,0.794,3.872,35,0.887,562,2.747,22.8
DATA,MOTOR_BREAKIN_V3,000001,2751,509,511,0.093,0.068,3.120,0.000,3.120,35,FWD,RUN,0.081,0.252,0.081,0.195,3.075,0.794,3.872,35,0.887,562,2.747,22.7
DATA,MOTOR_BREAKIN_V3,000001,2851,509,513,0.093,0.000,3.148,0.028,3.120,35,FWD,RUN,0.047,0.145,0.081,0.223,3.075,0.794,3.872,35,0.887,562,2.747,22.7
DATA,MOTOR_BREAKIN_V3,000001,2951,509,511,0.093,0.068,3.232,0.028,3.204,35,FWD,RUN,0.081,0.259,0.081,0.195,3.075,0.794,3.872,35,0.887,562,2.747,22.7
DATA,MOTOR_BREAKIN_V3,000001,3051,510,511,0.067,0.068,3.120,0.028,3.092,35,FWD,RUN,0.068,0.209,0.081,0.167,3.075,0.794,3.872,35,0.887,562,2.747,22.7
DATA,MOTOR_BREAKIN_V3,000001,3151,510,512,0.067,0.000,3.176,0.028,3.148,35,FWD,RUN,0.033,0.105,0.081,0.167,3.075,0.794,3.872,35,0.887,561,2.742,22.7
DATA,MOTOR_BREAKIN_V3,000001,3251,509,511,0.093,0.068,3.092,0.028,3.065,35,FWD,RUN,0.081,0.248,0.047,0.195,3.075,0.794,3.872,35,0.887,561,2.742,22.7
DATA,MOTOR_BREAKIN_V3,000001,3352,509,511,0.093,0.068,3.120,0.000,3.120,35,FWD,RUN,0.081,0.252,0.047,0.167,3.075,0.794,3.872,35,0.887,562,2.747,22.8
DATA,MOTOR_BREAKIN_V3,000001,3452,509,511,0.093,0.068,3.148,0.000,3.148,35,FWD,RUN,0.081,0.254,0.047,0.139,3.075,0.794,3.872,35,0.887,562,2.747,22.7
DATA,MOTOR_BREAKIN_V3,000001,3552,510,511,0.067,0.068,3.065,0.028,3.037,35,FWD,RUN,0.068,0.205,0.047,0.139,3.075,0.794,3.872,35,0.887,561,2.742,22.8
DATA,MOTOR_BREAKIN_V3,000001,3652,509,512,0.093,0.000,3.120,0.000,3.120,35,FWD,RUN,0.047,0.145,0.047,0.223,3.075,0.794,3.872,35,0.887,562,2.747,22.7
DATA,MOTOR_BREAKIN_V3,000001,3752,509,512,0.093,0.000,3.148,0.056,3.092,35,FWD,RUN,0.047,0.144,0.047,0.195,3.075,0.794,3.872,35,0.887,561,2.742,22.8
DATA,MOTOR_BREAKIN_V3,000001,3852,509,512,0.093,0.000,3.176,0.028,3.148,35,FWD,RUN,0.047,0.147,0.013,0.167,3.075,0.794,3.872,35,0.887,561,2.742,22.8
DATA,MOTOR_BREAKIN_V3,000001,3952,509,512,0.093,0.000,3.120,0.028,3.092,35,FWD,RUN,0.047,0.144,0.047,0.752,3.075,0.794,3.872,35,0.887,562,2.747,22.8
DATA,MOTOR_BREAKIN_V3,000001,4052,510,511,0.067,0.068,3.092,0.028,3.065,35,FWD,RUN,0.068,0.207,0.047,0.696,3.075,0.794,3.872,35,0.887,562,2.747,22.8
DATA,MOTOR_BREAKIN_V3,000001,4152,509,512,0.093,0.000,3.176,0.000,3.176,35,FWD,RUN,0.047,0.148,0.047,0.139,3.075,0.794,3.872,35,0.887,561,2.742,22.7
DATA,MOTOR_BREAKIN_V3,000001,4252,509,511,0.093,0.068,3.148,0.028,3.120,35,FWD,RUN,0.081,0.252,0.047,0.167,3.075,0.794,3.872,35,0.887,562,2.747,22.8
DATA,MOTOR_BREAKIN_V3,000001,4352,509,511,0.093,0.068,3.148,0.028,3.120,35,FWD,RUN,0.081,0.252,0.061,0.167,3.075,0.794,3.872,35,0.887,562,2.747,22.8
DATA,MOTOR_BREAKIN_V3,000001,4452,510,512,0.067,0.000,3.148,0.028,3.120,35,FWD,RUN,0.033,0.104,0.061,0.223,3.075,0.794,3.872,35,0.887,561,2.742,22.8
DATA,MOTOR_BREAKIN_V3,000001,4552,509,512,0.093,0.000,3.148,0.028,3.120,35,FWD,RUN,0.047,0.145,0.061,0.223,3.075,0.794,3.872,35,0.887,561,2.742,22.8
DATA,MOTOR_BREAKIN_V3,000001,4652,509,511,0.093,0.068,3.120,0.000,3.120,35,FWD,RUN,0.081,0.252,0.081,0.418,3.075,0.794,3.872,35,0.887,561,2.742,22.8
DATA,MOTOR_BREAKIN_V3,000001,4752,509,512,0.093,0.000,3.204,0.028,3.176,35,FWD,RUN,0.047,0.148,0.081,0.474,3.075,0.794,3.872,35,0.887,562,2.747,22.8
DATA,MOTOR_BREAKIN_V3,000001,4852,509,512,0.093,0.000,3.148,0.028,3.120,35,FWD,RUN,0.047,0.145,0.047,0.223,3.075,0.794,3.872,35,0.887,562,2.747,22.8
DATA,MOTOR_BREAKIN_V3,000001,4952,509,511,0.093,0.068,3.120,0.000,3.120,35,FWD,RUN,0.081,0.252,0.034,0.139,3.075,0.794,3.872,35,0.887,561,2.742,22.8
DATA,MOTOR_BREAKIN_V3,000001,5052,509,511,0.093,0.068,3.037,0.028,3.009,35,FWD,RUN,0.081,0.243,0.034,0.501,3.075,0.794,3.872,35,0.887,562,2.747,22.8
DATA,MOTOR_BREAKIN_V3,000001,5152,509,512,0.093,0.000,3.037,0.028,3.009,35,FWD,RUN,0.047,0.140,0.047,0.641,3.075,0.794,3.872,35,0.887,561,2.742,22.8
DATA,MOTOR_BREAKIN_V3,000001,5252,510,512,0.067,0.000,3.148,0.028,3.120,35,FWD,RUN,0.033,0.104,0.061,0.501,3.075,0.794,3.872,35,0.887,561,2.742,22.8
DATA,MOTOR_BREAKIN_V3,000001,5352,510,511,0.067,0.068,3.148,0.028,3.120,35,FWD,RUN,0.068,0.211,0.061,0.669,3.075,0.794,3.872,35,0.887,562,2.747,22.8
DATA,MOTOR_BREAKIN_V3,000001,5452,508,511,0.120,0.068,3.120,0.000,3.120,35,FWD,RUN,0.094,0.293,0.061,0.529,3.075,0.794,3.872,35,0.887,562,2.747,22.8
DATA,MOTOR_BREAKIN_V3,000001,5552,509,511,0.093,0.068,3.092,0.028,3.065,35,FWD,RUN,0.081,0.248,0.061,0.223,3.075,0.794,3.872,35,0.887,562,2.747,22.8
DATA,MOTOR_BREAKIN_V3,000001,5652,509,512,0.093,0.000,3.120,0.028,3.092,35,FWD,RUN,0.047,0.144,0.047,0.195,3.075,0.794,3.872,35,0.887,561,2.742,22.8
DATA,MOTOR_BREAKIN_V3,000001,5752,509,512,0.093,0.000,3.037,0.028,3.009,35,FWD,RUN,0.047,0.140,0.061,0.613,3.075,0.794,3.872,35,0.887,561,2.742,22.8
DATA,MOTOR_BREAKIN_V3,000001,5852,509,512,0.093,0.000,3.092,0.028,3.065,35,FWD,RUN,0.047,0.143,0.094,0.641,3.075,0.794,3.872,35,0.887,561,2.742,22.8
DATA,MOTOR_BREAKIN_V3,000001,5952,509,512,0.093,0.000,3.120,0.028,3.092,35,FWD,RUN,0.047,0.144,0.068,0.836,3.075,0.794,3.872,35,0.887,562,2.747,22.8
DATA,MOTOR_BREAKIN_V3,000001,6052,510,512,0.067,0.000,3.315,0.028,3.287,35,FWD,RUN,0.033,0.110,0.081,0.836,3.075,0.794,3.872,35,0.887,561,2.742,22.8
DATA,MOTOR_BREAKIN_V3,000001,6152,510,512,0.067,0.000,3.232,0.000,3.232,35,FWD,RUN,0.033,0.108,0.047,0.306,3.075,0.794,3.872,35,0.887,562,2.747,22.8
DATA,MOTOR_BREAKIN_V3,000001,6252,509,512,0.093,0.000,3.120,0.056,3.065,35,FWD,RUN,0.047,0.143,0.047,0.334,3.075,0.794,3.872,35,0.887,561,2.742,22.8
DATA,MOTOR_BREAKIN_V3,000001,6352,509,512,0.093,0.000,3.092,0.000,3.092,35,FWD,RUN,0.047,0.144,0.047,0.251,3.075,0.794,3.872,35,0.887,562,2.747,22.8
DATA,MOTOR_BREAKIN_V3,000001,6451,510,512,0.067,0.000,3.148,0.028,3.120,35,FWD,RUN,0.033,0.104,0.047,0.334,3.075,0.794,3.872,35,0.887,562,2.747,22.8
DATA,MOTOR_BREAKIN_V3,000001,6552,509,511,0.093,0.068,3.065,0.028,3.037,35,FWD,RUN,0.081,0.245,0.047,0.223,3.075,0.794,3.872,35,0.887,562,2.747,22.8
DATA,MOTOR_BREAKIN_V3,000001,6652,509,511,0.093,0.068,3.120,0.000,3.120,35,FWD,RUN,0.081,0.252,0.047,0.111,3.075,0.794,3.872,35,0.887,561,2.742,22.8
DATA,MOTOR_BREAKIN_V3,000001,6752,508,512,0.120,0.000,3.065,0.028,3.037,35,FWD,RUN,0.060,0.182,0.081,0.752,3.075,0.794,3.872,35,0.887,562,2.747,22.8
DATA,MOTOR_BREAKIN_V3,000001,6852,509,512,0.093,0.000,3.204,0.000,3.204,35,FWD,RUN,0.047,0.149,0.081,0.752,3.075,0.794,3.872,35,0.887,562,2.747,22.8
DATA,MOTOR_BREAKIN_V3,000001,6952,509,512,0.093,0.000,3.148,0.028,3.120,35,FWD,RUN,0.047,0.145,0.081,0.223,3.075,0.794,3.872,35,0.887,562,2.747,22.8
DATA,MOTOR_BREAKIN_V3,000001,7052,509,512,0.093,0.000,3.204,0.000,3.204,35,FWD,RUN,0.047,0.149,0.081,0.306,3.075,0.794,3.872,35,0.887,563,2.752,22.8
DATA,MOTOR_BREAKIN_V3,000001,7152,509,512,0.093,0.000,3.120,0.028,3.092,35,FWD,RUN,0.047,0.144,0.047,0.306,3.075,0.794,3.872,35,0.887,562,2.747,22.8
DATA,MOTOR_BREAKIN_V3,000001,7252,509,511,0.093,0.068,3.120,0.000,3.120,35,FWD,RUN,0.081,0.252,0.047,0.195,3.075,0.794,3.872,35,0.887,561,2.742,22.8
DATA,MOTOR_BREAKIN_V3,000001,7352,509,511,0.093,0.068,3.232,0.000,3.232,35,FWD,RUN,0.081,0.261,0.047,0.864,3.075,0.794,3.872,35,0.887,562,2.747,22.8
DATA,MOTOR_BREAKIN_V3,000001,7452,510,512,0.067,0.000,3.065,0.000,3.065,35,FWD,RUN,0.033,0.102,0.047,0.864,3.075,0.794,3.872,35,0.887,562,2.747,22.8
DATA,MOTOR_BREAKIN_V3,000001,7552,508,512,0.120,0.000,2.981,0.641,2.340,35,FWD,RUN,0.060,0.140,0.047,0.891,3.075,0.794,3.872,35,0.887,562,2.747,22.8
OK
DATA,MOTOR_BREAKIN_V3,000001,7652,510,511,0.067,0.068,3.510,0.056,3.455,48,FWD,RUN,0.068,0.233,0.100,1.114,3.075,0.794,3.872,35,0.887,562,2.747,22.9
OK
DATA,MOTOR_BREAKIN_V3,000001,7752,508,511,0.120,0.068,3.260,0.056,3.204,39,FWD,RUN,0.094,0.301,0.100,0.362,3.075,0.794,3.872,35,0.887,562,2.747,22.9
OK
DATA,MOTOR_BREAKIN_V3,000001,7852,509,511,0.093,0.068,3.343,0.028,3.315,35,FWD,RUN,0.081,0.268,0.074,0.251,3.075,0.794,3.872,35,0.887,562,2.747,22.8
DATA,MOTOR_BREAKIN_V3,000001,7952,509,512,0.093,0.000,3.287,0.028,3.260,35,FWD,RUN,0.047,0.152,0.047,0.084,3.075,0.794,3.872,35,0.887,562,2.747,22.8
DATA,MOTOR_BREAKIN_V3,000001,8052,510,510,0.067,0.095,3.204,0.028,3.176,35,FWD,RUN,0.081,0.257,0.034,0.111,3.075,0.794,3.872,35,0.887,562,2.747,22.9
DATA,MOTOR_BREAKIN_V3,000001,8152,510,512,0.067,0.000,3.204,0.028,3.176,35,FWD,RUN,0.033,0.106,0.081,0.195,3.075,0.794,3.872,35,0.887,562,2.747,22.8
DATA,MOTOR_BREAKIN_V3,000001,8252,509,511,0.093,0.068,3.232,0.000,3.232,35,FWD,RUN,0.081,0.261,0.081,0.223,3.075,0.794,3.872,35,0.887,562,2.747,22.8
DATA,MOTOR_BREAKIN_V3,000001,8352,509,511,0.093,0.068,3.260,0.028,3.232,35,FWD,RUN,0.081,0.261,0.047,0.167,3.075,0.794,3.872,35,0.887,562,2.747,22.8
DATA,MOTOR_BREAKIN_V3,000001,8452,510,512,0.067,0.000,3.260,0.028,3.232,35,FWD,RUN,0.033,0.108,0.047,0.111,3.075,0.794,3.872,35,0.887,562,2.747,22.8
DATA,MOTOR_BREAKIN_V3,000001,8552,509,511,0.093,0.068,3.260,0.000,3.260,35,FWD,RUN,0.081,0.263,0.061,0.084,3.075,0.794,3.872,35,0.887,561,2.742,22.9
DATA,MOTOR_BREAKIN_V3,000001,8652,509,512,0.093,0.000,3.287,0.000,3.287,35,FWD,RUN,0.047,0.153,0.047,0.111,3.075,0.794,3.872,35,0.887,561,2.742,22.9
DATA,MOTOR_BREAKIN_V3,000001,8752,508,512,0.120,0.000,3.287,0.000,3.287,35,FWD,RUN,0.060,0.197,0.034,0.111,3.075,0.794,3.872,35,0.887,562,2.747,22.9
DATA,MOTOR_BREAKIN_V3,000001,8852,509,512,0.093,0.000,3.232,0.028,3.204,35,FWD,RUN,0.047,0.149,0.034,0.139,3.075,0.794,3.872,35,0.887,562,2.747,22.8
DATA,MOTOR_BREAKIN_V3,000001,8952,509,512,0.093,0.000,3.204,0.000,3.204,35,FWD,RUN,0.047,0.149,0.047,0.139,3.075,0.794,3.872,35,0.887,562,2.747,22.9
DATA,MOTOR_BREAKIN_V3,000001,9052,509,512,0.093,0.000,3.260,0.028,3.232,35,FWD,RUN,0.047,0.151,0.034,0.195,3.075,0.794,3.872,35,0.887,562,2.747,22.9
DATA,MOTOR_BREAKIN_V3,000001,9152,510,511,0.067,0.068,3.287,0.000,3.287,35,FWD,RUN,0.068,0.222,0.068,0.195,3.075,0.794,3.872,35,0.887,562,2.747,22.9
DATA,MOTOR_BREAKIN_V3,000001,9252,509,511,0.093,0.068,3.204,0.000,3.204,35,FWD,RUN,0.081,0.259,0.081,0.111,3.075,0.794,3.872,35,0.887,561,2.742,22.9
DATA,MOTOR_BREAKIN_V3,000001,9352,509,512,0.093,0.000,3.287,0.000,3.287,35,FWD,RUN,0.047,0.153,0.047,0.251,3.075,0.794,3.872,35,0.887,562,2.747,22.9
DATA,MOTOR_BREAKIN_V3,000001,9452,509,510,0.093,0.095,3.232,0.000,3.232,35,FWD,RUN,0.094,0.304,0.061,0.195,3.075,0.794,3.872,35,0.887,562,2.747,22.9
DATA,MOTOR_BREAKIN_V3,000001,9552,509,512,0.093,0.000,3.232,0.000,3.232,35,FWD,RUN,0.047,0.151,0.061,0.139,3.075,0.794,3.872,35,0.887,562,2.747,22.9
DATA,MOTOR_BREAKIN_V3,000001,9651,509,512,0.093,0.000,3.287,0.000,3.287,35,FWD,RUN,0.047,0.153,0.047,0.167,3.075,0.794,3.872,35,0.887,561,2.742,22.9
DATA,MOTOR_BREAKIN_V3,000001,9752,509,512,0.093,0.000,3.260,0.000,3.260,35,FWD,RUN,0.047,0.152,0.047,0.167,3.075,0.794,3.872,35,0.887,562,2.747,22.9
DATA,MOTOR_BREAKIN_V3,000001,9852,509,511,0.093,0.068,3.260,0.000,3.260,35,FWD,RUN,0.081,0.263,0.047,0.167,3.075,0.794,3.872,35,0.887,562,2.747,22.9
DATA,MOTOR_BREAKIN_V3,000001,9952,509,512,0.093,0.000,3.260,0.028,3.232,35,FWD,RUN,0.047,0.151,0.047,0.167,3.075,0.794,3.872,35,0.887,562,2.747,22.9
DATA,MOTOR_BREAKIN_V3,000001,10052,510,512,0.067,0.000,3.315,0.028,3.287,35,FWD,RUN,0.033,0.110,0.047,0.139,3.075,0.794,3.872,35,0.887,561,2.742,22.9
DATA,MOTOR_BREAKIN_V3,000001,10152,509,512,0.093,0.000,3.315,0.028,3.287,35,FWD,RUN,0.047,0.153,0.047,0.111,3.075,0.794,3.872,35,0.887,562,2.747,22.9
DATA,MOTOR_BREAKIN_V3,000001,10252,509,511,0.093,0.068,3.260,0.000,3.260,35,FWD,RUN,0.081,0.263,0.047,0.111,3.075,0.794,3.872,35,0.887,562,2.747,22.9
DATA,MOTOR_BREAKIN_V3,000001,10352,509,511,0.093,0.068,3.287,0.000,3.287,35,FWD,RUN,0.081,0.266,0.047,0.139,3.075,0.794,3.872,35,0.887,562,2.747,22.9
DATA,MOTOR_BREAKIN_V3,000001,10452,508,512,0.120,0.000,3.232,0.000,3.232,35,FWD,RUN,0.060,0.193,0.047,0.139,3.075,0.794,3.872,35,0.887,561,2.742,22.9
DATA,MOTOR_BREAKIN_V3,000001,10552,509,512,0.093,0.000,3.287,0.000,3.287,35,FWD,RUN,0.047,0.153,0.047,0.111,3.075,0.794,3.872,35,0.887,562,2.747,22.9
DATA,MOTOR_BREAKIN_V3,000001,10652,510,511,0.067,0.068,3.371,0.000,3.371,35,FWD,RUN,0.068,0.228,0.034,0.111,3.075,0.794,3.872,35,0.887,562,2.747,22.9
DATA,MOTOR_BREAKIN_V3,000001,10752,510,511,0.067,0.068,3.232,0.028,3.204,35,FWD,RUN,0.068,0.217,0.047,0.167,3.075,0.794,3.872,35,0.887,562,2.747,22.9
DATA,MOTOR_BREAKIN_V3,000001,10852,509,512,0.093,0.000,3.315,0.000,3.315,35,FWD,RUN,0.047,0.155,0.047,0.111,3.075,0.794,3.872,35,0.887,562,2.747,22.9
DATA,MOTOR_BREAKIN_V3,000001,10952,511,512,0.000,0.000,3.232,0.000,3.232,35,FWD,RUN,0.000,0.000,0.047,0.084,3.075,0.794,3.872,35,0.887,562,2.747,22.9
DATA,MOTOR_BREAKIN_V3,000001,11052,510,511,0.067,0.068,3.287,0.000,3.287,35,FWD,RUN,0.068,0.222,0.081,0.111,3.075,0.794,3.872,35,0.887,561,2.742,22.9
DATA,MOTOR_BREAKIN_V3,000001,11152,509,511,0.093,0.068,3.315,0.028,3.287,35,FWD,RUN,0.081,0.266,0.047,0.139,3.075,0.794,3.872,35,0.887,562,2.747,22.9
DATA,MOTOR_BREAKIN_V3,000001,11252,509,512,0.093,0.000,3.260,0.000,3.260,35,FWD,RUN,0.047,0.152,0.061,0.167,3.075,0.794,3.872,35,0.887,562,2.747,22.9
DATA,MOTOR_BREAKIN_V3,000001,11352,509,512,0.093,0.000,3.287,0.028,3.260,35,FWD,RUN,0.047,0.152,0.047,0.223,3.075,0.794,3.872,35,0.887,563,2.752,22.9
DATA,MOTOR_BREAKIN_V3,000001,11452,510,512,0.067,0.000,3.315,0.028,3.287,35,FWD,RUN,0.033,0.110,0.034,0.195,3.075,0.794,3.872,35,0.887,562,2.747,22.9
DATA,MOTOR_BREAKIN_V3,000001,11552,510,512,0.067,0.000,3.287,0.000,3.287,35,FWD,RUN,0.033,0.110,0.047,0.167,3.075,0.794,3.872,35,0.887,562,2.747,22.9
DATA,MOTOR_BREAKIN_V3,000001,11652,509,511,0.093,0.068,3.260,0.028,3.232,35,FWD,RUN,0.081,0.261,0.047,0.195,3.075,0.794,3.872,35,0.887,562,2.747,22.9
DATA,MOTOR_BREAKIN_V3,000001,11752,510,512,0.067,0.000,3.204,0.000,3.204,35,FWD,RUN,0.033,0.107,0.047,0.167,3.075,0.794,3.872,35,0.887,562,2.747,22.9
DATA,MOTOR_BREAKIN_V3,000001,11852,510,512,0.067,0.000,3.204,0.000,3.204,35,FWD,RUN,0.033,0.107,0.047,0.111,3.075,0.794,3.872,35,0.887,562,2.747,22.9
DATA,MOTOR_BREAKIN_V3,000001,11952,511,512,0.000,0.000,3.315,0.028,3.287,35,FWD,RUN,0.000,0.000,0.094,0.111,3.075,0.794,3.872,35,0.887,561,2.742,22.9
DATA,MOTOR_BREAKIN_V3,000001,12052,509,512,0.093,0.000,3.315,0.028,3.287,35,FWD,RUN,0.047,0.153,0.094,0.111,3.075,0.794,3.872,35,0.887,562,2.747,22.9
DATA,MOTOR_BREAKIN_V3,000001,12152,509,511,0.093,0.068,3.260,0.000,3.260,35,FWD,RUN,0.081,0.263,0.047,0.056,3.075,0.794,3.872,35,0.887,562,2.747,22.9
DATA,MOTOR_BREAKIN_V3,000001,12252,509,512,0.093,0.000,3.204,0.028,3.176,35,FWD,RUN,0.047,0.148,0.047,0.111,3.075,0.794,3.872,35,0.887,561,2.742,22.9
DATA,MOTOR_BREAKIN_V3,000001,12352,509,511,0.093,0.068,3.204,0.000,3.204,35,FWD,RUN,0.081,0.259,0.047,0.084,3.075,0.794,3.872,35,0.887,562,2.747,22.9
DATA,MOTOR_BREAKIN_V3,000001,12452,509,511,0.093,0.068,3.204,0.028,3.176,35,FWD,RUN,0.081,0.257,0.047,0.111,3.075,0.794,3.872,35,0.887,561,2.742,22.9
DATA,MOTOR_BREAKIN_V3,000001,12552,509,510,0.093,0.095,3.176,0.000,3.176,35,FWD,RUN,0.094,0.299,0.047,0.111,3.075,0.794,3.872,35,0.887,562,2.747,22.9
DATA,MOTOR_BREAKIN_V3,000001,12652,510,511,0.067,0.068,3.232,0.000,3.232,35,FWD,RUN,0.068,0.218,0.061,0.111,3.075,0.794,3.872,35,0.887,562,2.747,22.9
DATA,MOTOR_BREAKIN_V3,000001,12752,509,511,0.093,0.068,3.148,0.028,3.120,35,FWD,RUN,0.081,0.252,0.047,0.167,3.075,0.794,3.872,35,0.887,562,2.747,22.9
DATA,MOTOR_BREAKIN_V3,000001,12851,509,511,0.093,0.068,3.176,0.028,3.148,35,FWD,RUN,0.081,0.254,0.034,0.111,3.075,0.794,3.872,35,0.887,562,2.747,22.9
DATA,MOTOR_BREAKIN_V3,000001,12952,509,511,0.093,0.068,3.204,0.028,3.176,35,FWD,RUN,0.081,0.257,0.047,0.139,3.075,0.794,3.872,35,0.887,562,2.747,22.9
DATA,MOTOR_BREAKIN_V3,000001,13052,509,512,0.093,0.000,3.315,0.000,3.315,35,FWD,RUN,0.047,0.155,0.047,0.167,3.075,0.794,3.872,35,0.887,562,2.747,22.9
DATA,MOTOR_BREAKIN_V3,000001,13152,509,512,0.093,0.000,3.371,0.028,3.343,35,FWD,RUN,0.047,0.156,0.047,0.139,3.075,0.794,3.872,35,0.887,562,2.747,22.9
DATA,MOTOR_BREAKIN_V3,000001,13252,509,512,0.093,0.000,3.343,0.028,3.315,35,FWD,RUN,0.047,0.155,0.047,0.195,3.075,0.794,3.872,35,0.887,562,2.747,22.9
DATA,MOTOR_BREAKIN_V3,000001,13352,509,512,0.093,0.000,3.315,0.000,3.315,35,FWD,RUN,0.047,0.155,0.013,0.167,3.075,0.794,3.872,35,0.887,561,2.742,22.9
DATA,MOTOR_BREAKIN_V3,000001,13452,510,511,0.067,0.068,3.260,0.000,3.260,35,FWD,RUN,0.068,0.220,0.047,0.195,3.075,0.794,3.872,35,0.887,562,2.747,22.9
DATA,MOTOR_BREAKIN_V3,000001,13552,510,512,0.067,0.000,3.260,0.000,3.260,35,FWD,RUN,0.033,0.109,0.047,0.195,3.075,0.794,3.872,35,0.887,561,2.742,22.9
DATA,MOTOR_BREAKIN_V3,000001,13652,509,511,0.093,0.068,3.232,0.000,3.232,35,FWD,RUN,0.081,0.261,0.047,0.084,3.075,0.794,3.872,35,0.887,562,2.747,22.9
DATA,MOTOR_BREAKIN_V3,000001,13752,509,512,0.093,0.000,3.204,0.028,3.176,35,FWD,RUN,0.047,0.148,0.047,0.139,3.075,0.794,3.872,35,0.887,562,2.747,22.9
DATA,MOTOR_BREAKIN_V3,000001,13852,509,513,0.093,0.000,3.343,0.000,3.343,35,FWD,RUN,0.047,0.156,0.047,0.167,3.075,0.794,3.872,35,0.887,562,2.747,22.9
DATA,MOTOR_BREAKIN_V3,000001,13952,509,511,0.093,0.068,3.260,0.000,3.260,35,FWD,RUN,0.081,0.263,0.047,0.111,3.075,0.794,3.872,35,0.887,562,2.747,22.9
DATA,MOTOR_BREAKIN_V3,000001,14052,509,512,0.093,0.000,3.232,0.000,3.232,35,FWD,RUN,0.047,0.151,0.047,0.139,3.075,0.794,3.872,35,0.887,562,2.747,22.9
DATA,MOTOR_BREAKIN_V3,000001,14152,510,512,0.067,0.000,3.343,0.000,3.343,35,FWD,RUN,0.033,0.112,0.047,0.139,3.075,0.794,3.872,35,0.887,562,2.747,22.9
DATA,MOTOR_BREAKIN_V3,000001,14252,509,511,0.093,0.068,3.315,0.028,3.287,35,FWD,RUN,0.081,0.266,0.047,0.084,3.075,0.794,3.872,35,0.887,562,2.747,22.9
DATA,MOTOR_BREAKIN_V3,000001,14352,509,512,0.093,0.000,3.343,0.028,3.315,35,FWD,RUN,0.047,0.155,0.061,0.111,3.075,0.794,3.872,35,0.887,562,2.747,22.9
DATA,MOTOR_BREAKIN_V3,000001,14452,509,513,0.093,0.000,3.287,0.000,3.287,35,FWD,RUN,0.047,0.153,0.061,0.111,3.075,0.794,3.872,35,0.887,562,2.747,22.9
DATA,MOTOR_BREAKIN_V3,000001,14552,509,511,0.093,0.068,3.287,0.028,3.260,35,FWD,RUN,0.081,0.263,0.061,0.111,3.075,0.794,3.872,35,0.887,561,2.742,22.9
DATA,MOTOR_BREAKIN_V3,000001,14652,509,513,0.093,0.000,3.343,0.028,3.315,35,FWD,RUN,0.047,0.155,0.061,0.084,3.075,0.794,3.872,35,0.887,562,2.747,22.9
DATA,MOTOR_BREAKIN_V3,000001,14752,509,512,0.093,0.000,3.371,0.000,3.371,35,FWD,RUN,0.047,0.157,0.047,0.167,3.075,0.794,3.872,35,0.887,561,2.742,22.9
DATA,MOTOR_BREAKIN_V3,000001,14852,510,512,0.067,0.000,3.343,0.028,3.315,35,FWD,RUN,0.033,0.111,0.047,0.167,3.075,0.794,3.872,35,0.887,562,2.747,22.9
DATA,MOTOR_BREAKIN_V3,000001,14952,509,512,0.093,0.000,3.260,0.000,3.260,35,FWD,RUN,0.047,0.152,0.013,0.111,3.075,0.794,3.872,35,0.887,562,2.747,22.9
DATA,MOTOR_BREAKIN_V3,000001,15052,509,512,0.093,0.000,3.260,0.000,3.260,35,FWD,RUN,0.047,0.152,0.013,0.111,3.075,0.794,3.872,35,0.887,562,2.747,22.9
DATA,MOTOR_BREAKIN_V3,000001,15152,509,511,0.093,0.068,3.315,0.028,3.287,35,FWD,RUN,0.081,0.266,0.047,0.167,3.075,0.794,3.872,35,0.887,562,2.747,22.9
DATA,MOTOR_BREAKIN_V3,000001,15252,510,512,0.067,0.000,3.232,0.028,3.204,35,FWD,RUN,0.033,0.107,0.081,0.167,3.075,0.794,3.872,35,0.887,562,2.747,22.9
DATA,MOTOR_BREAKIN_V3,000001,15352,509,511,0.093,0.068,3.371,0.000,3.371,35,FWD,RUN,0.081,0.272,0.081,0.167,3.075,0.794,3.872,35,0.887,561,2.742,22.9
DATA,MOTOR_BREAKIN_V3,000001,15452,509,511,0.093,0.068,3.287,0.000,3.287,35,FWD,RUN,0.081,0.266,0.047,0.167,3.075,0.794,3.872,35,0.887,561,2.742,22.9
DATA,MOTOR_BREAKIN_V3,000001,15552,509,512,0.093,0.000,3.343,0.028,3.315,35,FWD,RUN,0.047,0.155,0.047,0.111,3.075,0.794,3.872,35,0.887,562,2.747,22.9
DATA,MOTOR_BREAKIN_V3,000001,15652,509,513,0.093,0.000,3.260,0.000,3.260,35,FWD,RUN,0.047,0.152,0.047,0.111,3.075,0.794,3.872,35,0.887,562,2.747,22.9
DATA,MOTOR_BREAKIN_V3,000001,15752,509,511,0.093,0.068,3.287,0.084,3.204,35,FWD,RUN,0.081,0.259,0.061,0.251,3.075,0.794,3.872,35,0.887,562,2.747,22.9
DATA,MOTOR_BREAKIN_V3,000001,15852,510,512,0.067,0.000,3.315,0.028,3.287,35,FWD,RUN,0.033,0.110,0.061,0.251,3.075,0.794,3.872,35,0.887,562,2.747,22.9
DATA,MOTOR_BREAKIN_V3,000001,15952,510,511,0.067,0.068,3.287,0.028,3.260,35,FWD,RUN,0.068,0.220,0.047,0.139,3.075,0.794,3.872,35,0.887,562,2.747,22.9
DATA,MOTOR_BREAKIN_V3,000001,16051,509,512,0.093,0.000,3.287,0.000,3.287,35,FWD,RUN,0.047,0.153,0.047,0.167,3.075,0.794,3.872,35,0.887,562,2.747,22.9
DATA,MOTOR_BREAKIN_V3,000001,16152,510,512,0.067,0.000,3.343,0.000,3.343,35,FWD,RUN,0.033,0.112,0.047,0.223,3.075,0.794,3.872,35,0.887,562,2.747,22.9
DATA,MOTOR_BREAKIN_V3,000001,16252,508,511,0.120,0.068,3.232,0.000,3.232,35,FWD,RUN,0.094,0.304,0.061,0.223,3.075,0.794,3.872,35,0.887,562,2.747,22.9
DATA,MOTOR_BREAKIN_V3,000001,16352,509,511,0.093,0.068,3.315,0.028,3.287,35,FWD,RUN,0.081,0.266,0.061,0.167,3.075,0.794,3.872,35,0.887,561,2.742,22.9
DATA,MOTOR_BREAKIN_V3,000001,16452,509,512,0.093,0.000,3.315,0.028,3.287,35,FWD,RUN,0.047,0.153,0.047,0.167,3.075,0.794,3.872,35,0.887,562,2.747,22.9
DATA,MOTOR_BREAKIN_V3,000001,16552,510,512,0.067,0.000,3.204,0.000,3.204,35,FWD,RUN,0.033,0.107,0.013,0.139,3.075,0.794,3.872,35,0.887,562,2.747,22.9
DATA,MOTOR_BREAKIN_V3,000001,16652,509,512,0.093,0.000,3.287,0.028,3.260,35,FWD,RUN,0.047,0.152,0.061,0.167,3.075,0.794,3.872,35,0.887,561,2.742,22.9
DATA,MOTOR_BREAKIN_V3,000001,16752,509,512,0.093,0.000,3.232,0.000,3.232,35,FWD,RUN,0.047,0.151,0.061,0.139,3.075,0.794,3.872,35,0.887,562,2.747,22.9
DATA,MOTOR_BREAKIN_V3,000001,16852,509,511,0.093,0.068,3.287,0.000,3.287,35,FWD,RUN,0.081,0.266,0.047,0.139,3.075,0.794,3.872,35,0.887,562,2.747,22.9
DATA,MOTOR_BREAKIN_V3,000001,16952,510,512,0.067,0.000,3.315,0.028,3.287,35,FWD,RUN,0.033,0.110,0.061,0.139,3.075,0.794,3.872,35,0.887,561,2.742,22.9
DATA,MOTOR_BREAKIN_V3,000001,17052,509,511,0.093,0.068,3.176,0.000,3.176,35,FWD,RUN,0.081,0.257,0.061,0.167,3.075,0.794,3.872,35,0.887,561,2.742,22.9
DATA,MOTOR_BREAKIN_V3,000001,17152,509,511,0.093,0.068,3.260,0.000,3.260,35,FWD,RUN,0.081,0.263,0.047,0.167,3.075,0.794,3.872,35,0.887,562,2.747,22.9
DATA,MOTOR_BREAKIN_V3,000001,17252,510,512,0.067,0.000,3.204,0.028,3.176,35,FWD,RUN,0.033,0.106,0.047,0.139,3.075,0.794,3.872,35,0.887,562,2.747,22.9
DATA,MOTOR_BREAKIN_V3,000001,17352,509,513,0.093,0.000,3.232,0.000,3.232,35,FWD,RUN,0.047,0.151,0.047,0.167,3.075,0.794,3.872,35,0.887,562,2.747,22.9
DATA,MOTOR_BREAKIN_V3,000001,17452,509,511,0.093,0.068,3.232,0.028,3.204,35,FWD,RUN,0.081,0.259,0.047,0.167,3.075,0.794,3.872,35,0.887,562,2.747,22.9
DATA,MOTOR_BREAKIN_V3,000001,17552,509,513,0.093,0.000,3.315,0.028,3.287,35,FWD,RUN,0.047,0.153,0.047,0.167,3.075,0.794,3.872,35,0.887,561,2.742,22.9
DATA,MOTOR_BREAKIN_V3,000001,17652,510,513,0.067,0.000,3.287,0.028,3.260,35,FWD,RUN,0.033,0.109,0.047,0.195,3.075,0.794,3.872,35,0.887,561,2.742,22.9
DATA,MOTOR_BREAKIN_V3,000001,17752,510,512,0.067,0.000,3.204,0.028,3.176,35,FWD,RUN,0.033,0.106,0.047,0.195,3.075,0.794,3.872,35,0.887,562,2.747,22.9
DATA,MOTOR_BREAKIN_V3,000001,17852,509,512,0.093,0.000,3.287,0.056,3.232,35,FWD,RUN,0.047,0.151,0.047,0.167,3.075,0.794,3.872,35,0.887,562,2.747,22.9
DATA,MOTOR_BREAKIN_V3,000001,17952,509,511,0.093,0.068,3.287,0.028,3.260,35,FWD,RUN,0.081,0.263,0.047,0.139,3.075,0.794,3.872,35,0.887,562,2.747,22.9
DATA,MOTOR_BREAKIN_V3,000001,18052,510,511,0.067,0.068,3.343,0.028,3.315,35,FWD,RUN,0.068,0.224,0.047,0.167,3.075,0.794,3.872,35,0.887,561,2.742,22.9
DATA,MOTOR_BREAKIN_V3,000001,18152,510,512,0.067,0.000,3.260,0.000,3.260,35,FWD,RUN,0.033,0.109,0.047,0.139,3.075,0.794,3.872,35,0.887,561,2.742,22.9
DATA,MOTOR_BREAKIN_V3,000001,18252,509,513,0.093,0.000,3.232,0.028,3.204,35,FWD,RUN,0.047,0.149,0.047,0.167,3.075,0.794,3.872,35,0.887,562,2.747,22.9
DATA,MOTOR_BREAKIN_V3,000001,18352,510,512,0.067,0.000,3.343,0.000,3.343,35,FWD,RUN,0.033,0.112,0.047,0.167,3.075,0.794,3.872,35,0.887,563,2.752,22.9
DATA,MOTOR_BREAKIN_V3,000001,18452,510,510,0.067,0.095,3.371,0.028,3.343,35,FWD,RUN,0.081,0.270,0.047,0.111,3.075,0.794,3.872,35,0.887,561,2.742,22.9
DATA,MOTOR_BREAKIN_V3,000001,18552,510,512,0.067,0.000,3.455,0.000,3.455,35,FWD,RUN,0.033,0.115,0.047,0.251,3.075,0.794,3.872,35,0.887,563,2.752,22.9
DATA,MOTOR_BREAKIN_V3,000001,18652,510,512,0.067,0.000,3.287,0.000,3.287,35,FWD,RUN,0.033,0.110,0.047,0.251,3.075,0.794,3.872,35,0.887,561,2.742,22.9
DATA,MOTOR_BREAKIN_V3,000001,18752,510,512,0.067,0.000,3.287,0.000,3.287,35,FWD,RUN,0.033,0.110,0.047,0.111,3.075,0.794,3.872,35,0.887,562,2.747,22.9
DATA,MOTOR_BREAKIN_V3,000001,18852,509,511,0.093,0.068,3.232,0.056,3.176,35,FWD,RUN,0.081,0.257,0.047,0.167,3.075,0.794,3.872,35,0.887,562,2.747,22.9
DATA,MOTOR_BREAKIN_V3,000001,18952,510,511,0.067,0.068,3.232,0.000,3.232,35,FWD,RUN,0.068,0.218,0.081,0.167,3.075,0.794,3.872,35,0.887,562,2.747,22.9
DATA,MOTOR_BREAKIN_V3,000001,19052,509,512,0.093,0.000,3.343,0.028,3.315,35,FWD,RUN,0.047,0.155,0.081,0.195,3.075,0.794,3.872,35,0.887,562,2.747,22.9
DATA,MOTOR_BREAKIN_V3,000001,19152,509,513,0.093,0.000,3.343,0.028,3.315,35,FWD,RUN,0.047,0.155,0.047,0.195,3.075,0.794,3.872,35,0.887,561,2.742,22.9
DATA,MOTOR_BREAKIN_V3,000001,19251,510,512,0.067,0.000,3.427,0.000,3.427,35,FWD,RUN,0.033,0.114,0.013,0.251,3.075,0.794,3.872,35,0.887,562,2.747,22.9
DATA,MOTOR_BREAKIN_V3,000001,19352,510,512,0.067,0.000,3.287,0.028,3.260,35,FWD,RUN,0.033,0.109,0.047,0.251,3.075,0.794,3.872,35,0.887,562,2.747,22.9
DATA,MOTOR_BREAKIN_V3,000001,19452,509,511,0.093,0.068,3.260,0.028,3.232,35,FWD,RUN,0.081,0.261,0.047,0.251,3.075,0.794,3.872,35,0.887,562,2.747,22.9
DATA,MOTOR_BREAKIN_V3,000001,19552,509,511,0.093,0.068,3.232,0.000,3.232,35,FWD,RUN,0.081,0.261,0.047,0.251,3.075,0.794,3.872,35,0.887,561,2.742,22.9
DATA,MOTOR_BREAKIN_V3,000001,19652,509,512,0.093,0.000,3.260,0.028,3.232,35,FWD,RUN,0.047,0.151,0.047,0.167,3.075,0.794,3.872,35,0.887,562,2.747,22.9
DATA,MOTOR_BREAKIN_V3,000001,19752,509,512,0.093,0.000,3.260,0.000,3.260,35,FWD,RUN,0.047,0.152,0.047,0.139,3.075,0.794,3.872,35,0.887,562,2.747,22.9
DATA,MOTOR_BREAKIN_V3,000001,19852,509,512,0.093,0.000,3.343,0.028,3.315,35,FWD,RUN,0.047,0.155,0.047,0.056,3.075,0.794,3.872,35,0.887,562,2.747,22.9
DATA,MOTOR_BREAKIN_V3,000001,19952,510,511,0.067,0.068,3.287,0.000,3.287,35,FWD,RUN,0.068,0.222,0.047,0.195,3.075,0.794,3.872,35,0.887,562,2.747,22.9
DATA,MOTOR_BREAKIN_V3,000001,20052,509,511,0.093,0.068,3.287,0.028,3.260,35,FWD,RUN,0.081,0.263,0.047,0.195,3.075,0.794,3.872,35,0.887,562,2.747,22.9
DATA,MOTOR_BREAKIN_V3,000001,20152,509,511,0.093,0.068,3.371,0.028,3.343,35,FWD,RUN,0.081,0.270,0.047,0.084,3.075,0.794,3.872,35,0.887,562,2.747,22.9
DATA,MOTOR_BREAKIN_V3,000001,20252,509,512,0.093,0.000,3.371,0.028,3.343,35,FWD,RUN,0.047,0.156,0.034,0.111,3.075,0.794,3.872,35,0.887,561,2.742,22.9
DATA,MOTOR_BREAKIN_V3,000001,20352,510,511,0.067,0.068,3.371,0.028,3.343,35,FWD,RUN,0.068,0.226,0.047,0.111,3.075,0.794,3.872,35,0.887,562,2.747,22.9
DATA,MOTOR_BREAKIN_V3,000001,20452,509,512,0.093,0.000,3.287,0.056,3.232,35,FWD,RUN,0.047,0.151,0.047,0.139,3.075,0.794,3.872,35,0.887,562,2.747,22.9
DATA,MOTOR_BREAKIN_V3,000001,20552,509,512,0.093,0.000,3.343,0.000,3.343,35,FWD,RUN,0.047,0.156,0.047,0.139,3.075,0.794,3.872,35,0.887,561,2.742,22.9
DATA,MOTOR_BREAKIN_V3,000001,20652,509,512,0.093,0.000,3.287,0.000,3.287,35,FWD,RUN,0.047,0.153,0.047,0.084,3.075,0.794,3.872,35,0.887,562,2.747,22.9
DATA,MOTOR_BREAKIN_V3,000001,20752,510,512,0.067,0.000,3.204,0.028,3.176,35,FWD,RUN,0.033,0.106,0.047,0.167,3.075,0.794,3.872,35,0.887,562,2.747,22.9
DATA,MOTOR_BREAKIN_V3,000001,20852,510,512,0.067,0.000,3.343,0.000,3.343,35,FWD,RUN,0.033,0.112,0.047,0.167,3.075,0.794,3.872,35,0.887,562,2.747,22.9
DATA,MOTOR_BREAKIN_V3,000001,20952,509,512,0.093,0.000,3.287,0.000,3.287,35,FWD,RUN,0.047,0.153,0.047,0.111,3.075,0.794,3.872,35,0.887,561,2.742,22.9
DATA,MOTOR_BREAKIN_V3,000001,21052,509,511,0.093,0.068,3.260,0.000,3.260,35,FWD,RUN,0.081,0.263,0.047,0.111,3.075,0.794,3.872,35,0.887,561,2.742,22.9
DATA,MOTOR_BREAKIN_V3,000001,21152,509,512,0.093,0.000,3.204,0.028,3.176,35,FWD,RUN,0.047,0.148,0.047,0.139,3.075,0.794,3.872,35,0.887,562,2.747,22.9
DATA,MOTOR_BREAKIN_V3,000001,21252,509,511,0.093,0.068,3.287,0.056,3.232,35,FWD,RUN,0.081,0.261,0.047,0.139,3.075,0.794,3.872,35,0.887,562,2.747,22.9
DATA,MOTOR_BREAKIN_V3,000001,21352,510,512,0.067,0.000,3.287,0.000,3.287,35,FWD,RUN,0.033,0.110,0.047,0.111,3.075,0.794,3.872,35,0.887,561,2.742,22.9
DATA,MOTOR_BREAKIN_V3,000001,21452,509,512,0.093,0.000,3.315,0.028,3.287,35,FWD,RUN,0.047,0.153,0.047,0.111,3.075,0.794,3.872,35,0.887,562,2.747,22.9
DATA,MOTOR_BREAKIN_V3,000001,21552,510,511,0.067,0.068,3.315,0.028,3.287,35,FWD,RUN,0.068,0.222,0.081,0.195,3.075,0.794,3.872,35,0.887,562,2.747,22.9
DATA,MOTOR_BREAKIN_V3,000001,21652,510,512,0.067,0.000,3.176,0.028,3.148,35,FWD,RUN,0.033,0.105,0.081,0.223,3.075,0.794,3.872,35,0.887,562,2.747,22.9
DATA,MOTOR_BREAKIN_V3,000001,21752,509,512,0.093,0.000,3.260,0.028,3.232,35,FWD,RUN,0.047,0.151,0.047,0.139,3.075,0.794,3.872,35,0.887,562,2.747,22.9
DATA,MOTOR_BREAKIN_V3,000001,21852,510,512,0.067,0.000,3.287,0.028,3.260,35,FWD,RUN,0.033,0.109,0.047,0.195,3.075,0.794,3.872,35,0.887,561,2.742,22.9
DATA,MOTOR_BREAKIN_V3,000001,21952,509,513,0.093,0.000,3.204,0.000,3.204,35,FWD,RUN,0.047,0.149,0.047,0.167,3.075,0.794,3.872,35,0.887,562,2.747,22.9
DATA,MOTOR_BREAKIN_V3,000001,22052,509,512,0.093,0.000,3.148,0.056,3.092,35,FWD,RUN,0.047,0.144,0.047,0.167,3.075,0.794,3.872,35,0.887,562,2.747,22.9
DATA,MOTOR_BREAKIN_V3,000001,22152,509,511,0.093,0.068,3.148,0.028,3.120,35,FWD,RUN,0.081,0.252,0.061,0.167,3.075,0.794,3.872,35,0.887,562,2.747,22.9
DATA,MOTOR_BREAKIN_V3,000001,22252,510,511,0.067,0.068,3.120,0.028,3.092,35,FWD,RUN,0.068,0.209,0.061,0.139,3.075,0.794,3.872,35,0.887,562,2.747,22.9
DATA,MOTOR_BREAKIN_V3,000001,22352,509,511,0.093,0.068,3.232,0.028,3.204,35,FWD,RUN,0.081,0.259,0.061,0.223,3.075,0.794,3.872,35,0.887,562,2.747,22.9
DATA,MOTOR_BREAKIN_V3,000001,22451,509,512,0.093,0.000,3.232,0.028,3.204,35,FWD,RUN,0.047,0.149,0.061,0.279,3.075,0.794,3.872,35,0.887,561,2.742,22.9
DATA,MOTOR_BREAKIN_V3,000001,22552,509,512,0.093,0.000,3.176,0.000,3.176,35,FWD,RUN,0.047,0.148,0.047,0.223,3.075,0.794,3.872,35,0.887,562,2.747,22.9
DATA,MOTOR_BREAKIN_V3,000001,22652,509,510,0.093,0.095,3.232,0.028,3.204,35,FWD,RUN,0.094,0.301,0.094,0.223,3.075,0.794,3.872,35,0.887,562,2.747,22.9
DATA,MOTOR_BREAKIN_V3,000001,22752,508,511,0.120,0.068,3.148,0.000,3.148,35,FWD,RUN,0.094,0.296,0.094,0.362,3.075,0.794,3.872,35,0.887,561,2.742,22.9
DATA,MOTOR_BREAKIN_V3,000001,22852,509,511,0.093,0.068,3.148,0.000,3.148,35,FWD,RUN,0.081,0.254,0.061,0.279,3.075,0.794,3.872,35,0.887,561,2.742,22.9
DATA,MOTOR_BREAKIN_V3,000001,22952,509,512,0.093,0.000,3.148,0.028,3.120,35,FWD,RUN,0.047,0.145,0.047,0.139,3.075,0.794,3.872,35,0.887,562,2.747,22.9
DATA,MOTOR_BREAKIN_V3,000001,23052,509,511,0.093,0.068,3.120,0.028,3.092,35,FWD,RUN,0.081,0.250,0.047,0.251,3.075,0.794,3.872,35,0.887,562,2.747,22.9
DATA,MOTOR_BREAKIN_V3,000001,23152,509,511,0.093,0.068,3.204,0.000,3.204,35,FWD,RUN,0.081,0.259,0.047,0.251,3.075,0.794,3.872,35,0.887,562,2.747,22.9
DATA,MOTOR_BREAKIN_V3,000001,23252,509,512,0.093,0.000,3.343,0.000,3.343,35,FWD,RUN,0.047,0.156,0.047,0.251,3.075,0.794,3.872,35,0.887,562,2.747,22.9
DATA,MOTOR_BREAKIN_V3,000001,23352,510,512,0.067,0.000,3.204,0.000,3.204,35,FWD,RUN,0.033,0.107,0.061,0.251,3.075,0.794,3.872,35,0.887,562,2.747,22.9
DATA,MOTOR_BREAKIN_V3,000001,23452,509,512,0.093,0.000,3.315,0.028,3.287,35,FWD,RUN,0.047,0.153,0.034,0.139,3.075,0.794,3.872,35,0.887,562,2.747,22.9
DATA,MOTOR_BREAKIN_V3,000001,23552,509,511,0.093,0.068,3.287,0.056,3.232,35,FWD,RUN,0.081,0.261,0.047,0.139,3.075,0.794,3.872,35,0.887,562,2.747,22.9
DATA,MOTOR_BREAKIN_V3,000001,23652,509,511,0.093,0.068,3.176,0.000,3.176,35,FWD,RUN,0.081,0.257,0.034,0.139,3.075,0.794,3.872,35,0.887,562,2.747,22.9
DATA,MOTOR_BREAKIN_V3,000001,23752,509,512,0.093,0.000,3.287,0.000,3.287,35,FWD,RUN,0.047,0.153,0.047,0.223,3.075,0.794,3.872,35,0.887,562,2.747,22.9
DATA,MOTOR_BREAKIN_V3,000001,23852,509,511,0.093,0.068,3.232,0.000,3.232,35,FWD,RUN,0.081,0.261,0.061,0.167,3.075,0.794,3.872,35,0.887,562,2.747,22.9
DATA,MOTOR_BREAKIN_V3,000001,23952,509,512,0.093,0.000,3.176,0.028,3.148,35,FWD,RUN,0.047,0.147,0.061,0.195,3.075,0.794,3.872,35,0.887,562,2.747,22.9
DATA,MOTOR_BREAKIN_V3,000001,24052,509,512,0.093,0.000,3.232,0.028,3.204,35,FWD,RUN,0.047,0.149,0.047,0.167,3.075,0.794,3.872,35,0.887,562,2.747,22.9
DATA,MOTOR_BREAKIN_V3,000001,24152,509,512,0.093,0.000,3.260,0.000,3.260,35,FWD,RUN,0.047,0.152,0.047,0.111,3.075,0.794,3.872,35,0.887,562,2.747,22.9
DATA,MOTOR_BREAKIN_V3,000001,24252,509,512,0.093,0.000,3.287,0.000,3.287,35,FWD,RUN,0.047,0.153,0.047,0.111,3.075,0.794,3.872,35,0.887,561,2.742,22.9
DATA,MOTOR_BREAKIN_V3,000001,24352,509,511,0.093,0.068,3.287,0.000,3.287,35,FWD,RUN,0.081,0.266,0.047,0.111,3.075,0.794,3.872,35,0.887,561,2.742,22.9
DATA,MOTOR_BREAKIN_V3,000001,24452,509,512,0.093,0.000,3.204,0.028,3.176,35,FWD,RUN,0.047,0.148,0.047,0.111,3.075,0.794,3.872,35,0.887,562,2.747,22.9
DATA,MOTOR_BREAKIN_V3,000001,24552,510,512,0.067,0.000,3.343,0.028,3.315,35,FWD,RUN,0.033,0.111,0.047,0.195,3.075,0.794,3.872,35,0.887,562,2.747,22.9
DATA,MOTOR_BREAKIN_V3,000001,24652,509,511,0.093,0.068,3.204,0.000,3.204,35,FWD,RUN,0.081,0.259,0.047,0.167,3.075,0.794,3.872,35,0.887,561,2.742,22.9
DATA,MOTOR_BREAKIN_V3,000001,24752,510,512,0.067,0.000,3.260,0.028,3.232,35,FWD,RUN,0.033,0.108,0.047,0.111,3.075,0.794,3.872,35,0.887,562,2.747,22.9
DATA,MOTOR_BREAKIN_V3,000001,24852,509,512,0.093,0.000,3.315,0.028,3.287,35,FWD,RUN,0.047,0.153,0.047,0.084,3.075,0.794,3.872,35,0.887,562,2.747,22.9
DATA,MOTOR_BREAKIN_V3,000001,24952,509,512,0.093,0.000,3.260,0.028,3.232,35,FWD,RUN,0.047,0.151,0.047,0.111,3.075,0.794,3.872,35,0.887,562,2.747,22.9
DATA,MOTOR_BREAKIN_V3,000001,25052,510,512,0.067,0.000,3.287,0.000,3.287,35,FWD,RUN,0.033,0.110,0.047,0.167,3.075,0.794,3.872,35,0.887,562,2.747,22.9
DATA,MOTOR_BREAKIN_V3,000001,25152,509,512,0.093,0.000,3.287,0.000,3.287,35,FWD,RUN,0.047,0.153,0.047,0.139,3.075,0.794,3.872,35,0.887,562,2.747,22.9
DATA,MOTOR_BREAKIN_V3,000001,25252,509,512,0.093,0.000,3.315,0.000,3.315,35,FWD,RUN,0.047,0.155,0.047,0.084,3.075,0.794,3.872,35,0.887,562,2.747,22.9
DATA,MOTOR_BREAKIN_V3,000001,25352,509,513,0.093,0.000,3.232,0.000,3.232,35,FWD,RUN,0.047,0.151,0.047,0.111,3.075,0.794,3.872,35,0.887,561,2.742,22.9
DATA,MOTOR_BREAKIN_V3,000001,25452,509,512,0.093,0.000,3.315,0.028,3.287,35,FWD,RUN,0.047,0.153,0.047,0.139,3.075,0.794,3.872,35,0.887,562,2.747,22.9
DATA,MOTOR_BREAKIN_V3,000001,25552,509,512,0.093,0.000,3.232,0.028,3.204,35,FWD,RUN,0.047,0.149,0.061,0.111,3.075,0.794,3.872,35,0.887,561,2.742,22.9
DATA,MOTOR_BREAKIN_V3,000001,25651,509,512,0.093,0.000,3.260,0.028,3.232,35,FWD,RUN,0.047,0.151,0.061,0.139,3.075,0.794,3.872,35,0.887,562,2.747,22.9
DATA,MOTOR_BREAKIN_V3,000001,25752,510,511,0.067,0.068,3.343,0.000,3.343,35,FWD,RUN,0.068,0.226,0.047,0.139,3.075,0.794,3.872,35,0.887,562,2.747,22.9
DATA,MOTOR_BREAKIN_V3,000001,25852,509,511,0.093,0.068,3.315,0.000,3.315,35,FWD,RUN,0.081,0.268,0.047,0.139,3.075,0.794,3.872,35,0.887,562,2.747,22.9
DATA,MOTOR_BREAKIN_V3,000001,25952,509,511,0.093,0.068,3.287,0.000,3.287,35,FWD,RUN,0.081,0.266,0.047,0.111,3.075,0.794,3.872,35,0.887,562,2.747,22.9
DATA,MOTOR_BREAKIN_V3,000001,26052,509,511,0.093,0.068,3.343,0.028,3.315,35,FWD,RUN,0.081,0.268,0.047,0.139,3.075,0.794,3.872,35,0.887,561,2.742,22.9
DATA,MOTOR_BREAKIN_V3,000001,26152,509,512,0.093,0.000,3.371,0.028,3.343,35,FWD,RUN,0.047,0.156,0.047,0.139,3.075,0.794,3.872,35,0.887,561,2.742,22.9
DATA,MOTOR_BREAKIN_V3,000001,26252,510,511,0.067,0.068,3.343,0.000,3.343,35,FWD,RUN,0.068,0.226,0.047,0.167,3.075,0.794,3.872,35,0.887,561,2.742,22.9
DATA,MOTOR_BREAKIN_V3,000001,26352,510,512,0.067,0.000,3.399,0.028,3.371,35,FWD,RUN,0.033,0.113,0.047,0.139,3.075,0.794,3.872,35,0.887,562,2.747,22.9
DATA,MOTOR_BREAKIN_V3,000001,26452,509,513,0.093,0.000,3.315,0.028,3.287,35,FWD,RUN,0.047,0.153,0.047,0.139,3.075,0.794,3.872,35,0.887,562,2.747,22.9
DATA,MOTOR_BREAKIN_V3,000001,26552,509,512,0.093,0.000,3.399,0.028,3.371,35,FWD,RUN,0.047,0.157,0.013,0.139,3.075,0.794,3.872,35,0.887,562,2.747,22.9
DATA,MOTOR_BREAKIN_V3,000001,26652,509,512,0.093,0.000,3.315,0.000,3.315,35,FWD,RUN,0.047,0.155,0.047,0.167,3.075,0.794,3.872,35,0.887,561,2.742,22.9
DATA,MOTOR_BREAKIN_V3,000001,26752,509,512,0.093,0.000,3.343,0.028,3.315,35,FWD,RUN,0.047,0.155,0.047,0.167,3.075,0.794,3.872,35,0.887,562,2.747,22.9
DATA,MOTOR_BREAKIN_V3,000001,26852,509,512,0.093,0.000,3.260,0.000,3.260,35,FWD,RUN,0.047,0.152,0.047,0.111,3.075,0.794,3.872,35,0.887,561,2.742,22.9
DATA,MOTOR_BREAKIN_V3,000001,26952,511,512,0.000,0.000,3.427,0.000,3.427,35,FWD,RUN,0.000,0.000,0.081,0.251,3.075,0.794,3.872,35,0.887,562,2.747,22.9
DATA,MOTOR_BREAKIN_V3,000001,27052,509,511,0.093,0.068,3.343,0.028,3.315,35,FWD,RUN,0.081,0.268,0.081,0.251,3.075,0.794,3.872,35,0.887,561,2.742,22.9
DATA,MOTOR_BREAKIN_V3,000001,27152,510,510,0.067,0.095,3.287,0.000,3.287,35,FWD,RUN,0.081,0.266,0.081,0.111,3.075,0.794,3.872,35,0.887,561,2.742,22.9
DATA,MOTOR_BREAKIN_V3,000001,27252,509,513,0.093,0.000,3.232,0.028,3.204,35,FWD,RUN,0.047,0.149,0.047,0.111,3.075,0.794,3.872,35,0.887,562,2.747,22.9
DATA,MOTOR_BREAKIN_V3,000001,27352,509,512,0.093,0.000,3.287,0.028,3.260,35,FWD,RUN,0.047,0.152,0.047,0.167,3.075,0.794,3.872,35,0.887,562,2.747,22.9
DATA,MOTOR_BREAKIN_V3,000001,27452,510,512,0.067,0.000,3.315,0.028,3.287,35,FWD,RUN,0.033,0.110,0.047,0.251,3.075,0.794,3.872,35,0.887,561,2.742,22.9
DATA,MOTOR_BREAKIN_V3,000001,27552,510,512,0.067,0.000,3.315,0.000,3.315,35,FWD,RUN,0.033,0.111,0.047,0.223,3.075,0.794,3.872,35,0.887,561,2.742,22.9
DATA,MOTOR_BREAKIN_V3,000001,27652,508,512,0.120,0.000,3.232,0.028,3.204,35,FWD,RUN,0.060,0.192,0.047,0.111,3.075,0.794,3.872,35,0.887,561,2.742,22.9
DATA,MOTOR_BREAKIN_V3,000001,27752,509,511,0.093,0.068,3.232,0.000,3.232,35,FWD,RUN,0.081,0.261,0.061,0.139,3.075,0.794,3.872,35,0.887,562,2.747,22.9
DATA,MOTOR_BREAKIN_V3,000001,27852,509,512,0.093,0.000,3.287,0.028,3.260,35,FWD,RUN,0.047,0.152,0.061,0.167,3.075,0.794,3.872,35,0.887,561,2.742,22.9
DATA,MOTOR_BREAKIN_V3,000001,27952,510,512,0.067,0.000,3.232,0.000,3.232,35,FWD,RUN,0.033,0.108,0.047,0.139,3.075,0.794,3.872,35,0.887,561,2.742,22.9
DATA,MOTOR_BREAKIN_V3,000001,28052,510,512,0.067,0.000,3.315,0.028,3.287,35,FWD,RUN,0.033,0.110,0.047,0.111,3.075,0.794,3.872,35,0.887,562,2.747,22.9
DATA,MOTOR_BREAKIN_V3,000001,28152,509,513,0.093,0.000,3.260,0.000,3.260,35,FWD,RUN,0.047,0.152,0.047,0.111,3.075,0.794,3.872,35,0.887,562,2.747,22.9
DATA,MOTOR_BREAKIN_V3,000001,28252,508,511,0.120,0.068,3.315,0.028,3.287,35,FWD,RUN,0.094,0.309,0.047,0.111,3.075,0.794,3.872,35,0.887,562,2.747,22.9
DATA,MOTOR_BREAKIN_V3,000001,28352,510,511,0.067,0.068,3.315,0.028,3.287,35,FWD,RUN,0.068,0.222,0.061,0.111,3.075,0.794,3.872,35,0.887,562,2.747,22.9
DATA,MOTOR_BREAKIN_V3,000001,28452,509,512,0.093,0.000,3.232,0.028,3.204,35,FWD,RUN,0.047,0.149,0.061,0.111,3.075,0.794,3.872,35,0.887,562,2.747,22.9
DATA,MOTOR_BREAKIN_V3,000001,28552,509,511,0.093,0.068,3.232,0.028,3.204,35,FWD,RUN,0.081,0.259,0.034,0.139,3.075,0.794,3.872,35,0.887,561,2.742,22.9
DATA,MOTOR_BREAKIN_V3,000001,28652,509,511,0.093,0.068,3.287,0.000,3.287,35,FWD,RUN,0.081,0.266,0.034,0.111,3.075,0.794,3.872,35,0.887,561,2.742,22.9
DATA,MOTOR_BREAKIN_V3,000001,28752,510,511,0.067,0.068,3.204,0.028,3.176,35,FWD,RUN,0.068,0.215,0.034,0.139,3.075,0.794,3.872,35,0.887,562,2.747,22.9
DATA,MOTOR_BREAKIN_V3,000001,28851,509,511,0.093,0.068,3.287,0.111,3.176,35,FWD,RUN,0.081,0.257,0.047,0.195,3.075,0.794,3.872,35,0.887,562,2.747,22.9
DATA,MOTOR_BREAKIN_V3,000001,28952,509,512,0.093,0.000,3.232,0.028,3.204,35,FWD,RUN,0.047,0.149,0.047,0.195,3.075,0.794,3.872,35,0.887,562,2.747,22.9
DATA,MOTOR_BREAKIN_V3,000001,29052,509,512,0.093,0.000,3.343,0.000,3.343,35,FWD,RUN,0.047,0.156,0.047,0.167,3.075,0.794,3.872,35,0.887,561,2.742,22.9
DATA,MOTOR_BREAKIN_V3,000001,29152,509,511,0.093,0.068,3.315,0.000,3.315,35,FWD,RUN,0.081,0.268,0.047,0.195,3.075,0.794,3.872,35,0.887,562,2.747,22.9
DATA,MOTOR_BREAKIN_V3,000001,29252,510,511,0.067,0.068,3.287,0.028,3.260,35,FWD,RUN,0.068,0.220,0.047,0.195,3.075,0.794,3.872,35,0.887,562,2.747,22.9
DATA,MOTOR_BREAKIN_V3,000001,29352,508,512,0.120,0.000,3.232,0.028,3.204,35,FWD,RUN,0.060,0.192,0.047,0.139,3.075,0.794,3.872,35,0.887,562,2.747,22.9
DATA,MOTOR_BREAKIN_V3,000001,29452,509,512,0.093,0.000,3.204,0.028,3.176,35,FWD,RUN,0.047,0.148,0.034,0.195,3.075,0.794,3.872,35,0.887,561,2.742,22.9
DATA,MOTOR_BREAKIN_V3,000001,29552,509,511,0.093,0.068,3.315,0.000,3.315,35,FWD,RUN,0.081,0.268,0.047,0.195,3.075,0.794,3.872,35,0.887,562,2.747,22.9
DATA,MOTOR_BREAKIN_V3,000001,29652,510,513,0.067,0.000,3.343,0.000,3.343,35,FWD,RUN,0.033,0.112,0.047,0.195,3.075,0.794,3.872,35,0.887,562,2.747,22.9
DATA,MOTOR_BREAKIN_V3,000001,29752,509,512,0.093,0.000,3.260,0.028,3.232,35,FWD,RUN,0.047,0.151,0.061,0.167,3.075,0.794,3.872,35,0.887,562,2.747,22.9
DATA,MOTOR_BREAKIN_V3,000001,29852,509,512,0.093,0.000,3.343,0.028,3.315,35,FWD,RUN,0.047,0.155,0.061,0.139,3.075,0.794,3.872,35,0.887,562,2.747,22.9
DATA,MOTOR_BREAKIN_V3,000001,29952,509,511,0.093,0.068,3.260,0.000,3.260,35,FWD,RUN,0.081,0.263,0.047,0.139,3.075,0.794,3.872,35,0.887,561,2.742,22.9
DATA,MOTOR_BREAKIN_V3,000001,30052,509,512,0.093,0.000,3.232,0.028,3.204,35,FWD,RUN,0.047,0.149,0.034,0.139,3.075,0.794,3.872,35,0.887,562,2.747,22.9
DATA,MOTOR_BREAKIN_V3,000001,30152,510,511,0.067,0.068,3.232,0.028,3.204,35,FWD,RUN,0.068,0.217,0.034,0.139,3.075,0.794,3.872,35,0.887,561,2.742,22.9
DATA,MOTOR_BREAKIN_V3,000001,30252,509,511,0.093,0.068,3.260,0.000,3.260,35,FWD,RUN,0.081,0.263,0.047,0.195,3.075,0.794,3.872,35,0.887,562,2.747,22.9
DATA,MOTOR_BREAKIN_V3,000001,30352,509,512,0.093,0.000,3.315,0.000,3.315,35,FWD,RUN,0.047,0.155,0.061,0.195,3.075,0.794,3.872,35,0.887,562,2.747,22.9
DATA,MOTOR_BREAKIN_V3,000001,30452,509,511,0.093,0.068,3.315,0.000,3.315,35,FWD,RUN,0.081,0.268,0.061,0.111,3.075,0.794,3.872,35,0.887,561,2.742,22.9
DATA,MOTOR_BREAKIN_V3,000001,30552,510,511,0.067,0.068,3.343,0.000,3.343,35,FWD,RUN,0.068,0.226,0.047,0.195,3.075,0.794,3.872,35,0.887,562,2.747,22.9
DATA,MOTOR_BREAKIN_V3,000001,30652,509,512,0.093,0.000,3.232,0.028,3.204,35,FWD,RUN,0.047,0.149,0.068,0.195,3.075,0.794,3.872,35,0.887,562,2.747,22.9
DATA,MOTOR_BREAKIN_V3,000001,30752,509,512,0.093,0.000,3.232,0.028,3.204,35,FWD,RUN,0.047,0.149,0.081,0.223,3.075,0.794,3.872,35,0.887,562,2.747,22.9
DATA,MOTOR_BREAKIN_V3,000001,30852,509,512,0.093,0.000,3.232,0.028,3.204,35,FWD,RUN,0.047,0.149,0.047,0.223,3.075,0.794,3.872,35,0.887,562,2.747,22.9
DATA,MOTOR_BREAKIN_V3,000001,30952,510,512,0.067,0.000,3.371,0.028,3.343,35,FWD,RUN,0.033,0.112,0.061,0.139,3.075,0.794,3.872,35,0.887,561,2.742,22.9
DATA,MOTOR_BREAKIN_V3,000001,31052,509,512,0.093,0.000,3.287,0.000,3.287,35,FWD,RUN,0.047,0.153,0.061,0.167,3.075,0.794,3.872,35,0.887,562,2.747,22.9
DATA,MOTOR_BREAKIN_V3,000001,31152,509,512,0.093,0.000,3.287,0.000,3.287,35,FWD,RUN,0.047,0.153,0.047,0.139,3.075,0.794,3.872,35,0.887,561,2.742,22.9
DATA,MOTOR_BREAKIN_V3,000001,31252,509,512,0.093,0.000,3.204,0.000,3.204,35,FWD,RUN,0.047,0.149,0.047,0.251,3.075,0.794,3.872,35,0.887,562,2.747,22.9
DATA,MOTOR_BREAKIN_V3,000001,31352,509,511,0.093,0.068,3.232,0.028,3.204,35,FWD,RUN,0.081,0.259,0.047,0.251,3.075,0.794,3.872,35,0.887,562,2.747,22.9
DATA,MOTOR_BREAKIN_V3,000001,31452,509,511,0.093,0.068,3.232,0.028,3.204,35,FWD,RUN,0.081,0.259,0.047,0.111,3.075,0.794,3.872,35,0.887,562,2.747,22.9
DATA,MOTOR_BREAKIN_V3,000001,31552,510,512,0.067,0.000,3.343,0.167,3.176,35,FWD,RUN,0.033,0.106,0.047,0.139,3.075,0.794,3.872,35,0.887,562,2.747,22.9
DATA,MOTOR_BREAKIN_V3,000001,31652,509,511,0.093,0.068,3.343,0.028,3.315,35,FWD,RUN,0.081,0.268,0.061,0.195,3.075,0.794,3.872,35,0.887,561,2.742,22.9
DATA,MOTOR_BREAKIN_V3,000001,31752,510,512,0.067,0.000,3.343,0.056,3.287,35,FWD,RUN,0.033,0.110,0.061,0.195,3.075,0.794,3.872,35,0.887,562,2.747,22.9
DATA,MOTOR_BREAKIN_V3,000001,31852,510,511,0.067,0.068,3.204,0.028,3.176,35,FWD,RUN,0.068,0.215,0.047,0.167,3.075,0.794,3.872,35,0.887,562,2.747,22.9
