ACS1_ZERO=514.25
ACS2_ZERO=514.86
READY,FWD

========================================
 Mini4WD MOTOR BREAK-IN DEVICE
 MOTOR_BREAKIN_V3
 Firmware : 3.00
========================================
INFO,TYPE=MOTOR,MODEL=MOTOR_BREAKIN_V3,FW=3.00,ID=000001
DATA,MOTOR_BREAKIN_V3,000001,0,514,515,0.000,0.000,0.056,0.056,0.000,0,FWD,READY,0.000,0.000,0.000,0.000,0.000,0.000,0.000,0,0.000,534,2.610,23.7
DATA,MOTOR_BREAKIN_V3,000001,0,514,515,0.000,0.000,0.056,0.084,-0.028,0,FWD,READY,0.000,0.000,0.000,0.056,0.000,0.000,0.000,0,0.000,534,2.610,23.7
DATA,MOTOR_BREAKIN_V3,000001,0,514,515,0.000,0.000,0.056,0.056,0.000,0,FWD,READY,0.000,0.000,0.000,0.056,0.000,0.000,0.000,0,0.000,534,2.610,23.7
DATA,MOTOR_BREAKIN_V3,000001,0,514,516,0.000,0.000,0.056,0.056,0.000,0,FWD,READY,0.000,0.000,0.000,0.028,0.000,0.000,0.000,0,0.000,534,2.610,23.7
DATA,MOTOR_BREAKIN_V3,000001,0,514,516,0.000,0.000,0.056,0.056,0.000,0,FWD,READY,0.000,0.000,0.000,0.056,0.000,0.000,0.000,0,0.000,534,2.610,23.7
DATA,MOTOR_BREAKIN_V3,000001,0,513,514,0.000,0.000,0.056,0.084,-0.028,0,FWD,READY,0.000,0.000,0.000,0.056,0.000,0.000,0.000,0,0.000,534,2.610,23.7
DATA,MOTOR_BREAKIN_V3,000001,0,514,514,0.000,0.000,0.056,0.056,0.000,0,FWD,READY,0.000,0.000,0.000,0.056,0.000,0.000,0.000,0,0.000,534,2.610,23.7
DATA,MOTOR_BREAKIN_V3,000001,0,514,515,0.000,0.000,0.056,0.056,0.000,0,FWD,READY,0.000,0.000,0.000,0.028,0.000,0.000,0.000,0,0.000,534,2.610,23.7
DATA,MOTOR_BREAKIN_V3,000001,0,514,514,0.000,0.000,0.056,0.056,0.000,0,FWD,READY,0.000,0.000,0.000,0.028,0.000,0.000,0.000,0,0.000,534,2.610,23.7
DATA,MOTOR_BREAKIN_V3,000001,0,514,515,0.000,0.000,0.084,0.084,0.000,0,FWD,READY,0.000,0.000,0.000,0.056,0.000,0.000,0.000,0,0.000,534,2.610,23.7
DATA,MOTOR_BREAKIN_V3,000001,0,514,515,0.000,0.000,0.056,0.056,0.000,0,FWD,READY,0.000,0.000,0.000,0.056,0.000,0.000,0.000,0,0.000,534,2.610,23.7
DATA,MOTOR_BREAKIN_V3,000001,0,515,515,0.000,0.000,0.056,0.056,0.000,0,FWD,READY,0.000,0.000,0.000,0.028,0.000,0.000,0.000,0,0.000,534,2.610,23.7
DATA,MOTOR_BREAKIN_V3,000001,0,514,515,0.000,0.000,0.056,0.056,0.000,0,FWD,READY,0.000,0.000,0.000,0.028,0.000,0.000,0.000,0,0.000,534,2.610,23.7
DATA,MOTOR_BREAKIN_V3,000001,0,514,515,0.000,0.000,0.056,0.056,0.000,0,FWD,READY,0.000,0.000,0.000,0.028,0.000,0.000,0.000,0,0.000,534,2.610,23.7
DATA,MOTOR_BREAKIN_V3,000001,0,514,515,0.000,0.000,0.084,0.056,0.028,0,FWD,READY,0.000,0.000,0.000,0.028,0.000,0.000,0.000,0,0.000,534,2.610,23.7
DATA,MOTOR_BREAKIN_V3,000001,0,514,514,0.000,0.000,0.056,0.084,-0.028,0,FWD,READY,0.000,0.000,0.000,0.056,0.000,0.000,0.000,0,0.000,534,2.610,23.7
DATA,MOTOR_BREAKIN_V3,000001,0,514,515,0.000,0.000,0.056,0.056,0.000,0,FWD,READY,0.000,0.000,0.000,0.056,0.000,0.000,0.000,0,0.000,534,2.610,23.7
DATA,MOTOR_BREAKIN_V3,000001,0,514,515,0.000,0.000,0.056,0.056,0.000,0,FWD,READY,0.000,0.000,0.000,0.056,0.000,0.000,0.000,0,0.000,534,2.610,23.7
DATA,MOTOR_BREAKIN_V3,000001,0,514,515,0.000,0.000,0.056,0.056,0.000,0,FWD,READY,0.000,0.000,0.000,0.056,0.000,0.000,0.000,0,0.000,534,2.610,23.7
DATA,MOTOR_BREAKIN_V3,000001,0,514,516,0.000,0.000,0.056,0.056,0.000,0,FWD,READY,0.000,0.000,0.000,0.056,0.000,0.000,0.000,0,0.000,534,2.610,23.7
DATA,MOTOR_BREAKIN_V3,000001,0,514,515,0.000,0.000,0.084,0.084,0.000,0,FWD,READY,0.000,0.000,0.000,0.056,0.000,0.000,0.000,0,0.000,534,2.610,23.7
DATA,MOTOR_BREAKIN_V3,000001,0,515,514,0.000,0.000,0.084,0.056,0.028,0,FWD,READY,0.000,0.000,0.000,0.056,0.000,0.000,0.000,0,0.000,534,2.610,23.7
DATA,MOTOR_BREAKIN_V3,000001,0,514,514,0.000,0.000,0.056,0.056,0.000,0,FWD,READY,0.000,0.000,0.000,0.056,0.000,0.000,0.000,0,0.000,534,2.610,23.7
DATA,MOTOR_BREAKIN_V3,000001,0,513,514,0.000,0.000,0.084,0.056,0.028,0,FWD,READY,0.000,0.000,0.000,0.028,0.000,0.000,0.000,0,0.000,534,2.610,23.7
DATA,MOTOR_BREAKIN_V3,000001,0,514,514,0.000,0.000,0.084,0.056,0.028,0,FWD,READY,0.000,0.000,0.000,0.028,0.000,0.000,0.000,0,0.000,534,2.610,23.7
DATA,MOTOR_BREAKIN_V3,000001,0,514,515,0.000,0.000,0.056,0.056,0.000,0,FWD,READY,0.000,0.000,0.000,0.028,0.000,0.000,0.000,0,0.000,534,234,2.610,23.7
DATA,MOTOR_BREAKIN_V3,000001,137,508,512,0.160,0.078,2.257,1.226,1.031,60,FWD,RUN,0.119,0.123,0.132,1.031,0.000,0.000,0.000,0,0.000,534,2.610,23.7
DATA,MOTOR_BREAKIN_V3,000001,237,508,511,0.160,0.104,2.535,1.003,1.532,60,FWD,RUN,0.132,0.202,0.026,1.003,0.000,0.000,0.000,0,0.000,534,2.610,23.7
DATA,MOTOR_BREAKIN_V3,000001,337,507,510,0.187,0.130,2.814,0.752,2.062,60,FWD,RUN,0.159,0.327,0.066,0.975,0.000,0.000,0.000,0,0.159,534,2.610,23.7
DATA,MOTOR_BREAKIN_V3,000001,437,508,512,0.160,0.078,3.009,0.780,2.229,60,FWD,RUN,0.119,0.265,0.066,0.752,0.000,0.000,0.000,0,0.159,534,2.610,23.7
DATA,MOTOR_BREAKIN_V3,000001,537,508,512,0.160,0.078,3.260,0.696,2.563,60,FWD,RUN,0.119,0.305,0.040,0.585,0.000,0.000,0.000,0,0.159,534,2.610,23.7
DATA,MOTOR_BREAKIN_V3,000001,637,509,512,0.134,0.078,3.482,0.613,2.870,60,FWD,RUN,0.106,0.303,0.026,0.641,0.000,0.000,0.000,0,0.159,534,2.610,23.7
DATA,MOTOR_BREAKIN_V3,000001,737,509,512,0.134,0.078,3.677,0.501,3.176,60,FWD,RUN,0.106,0.336,0.040,0.613,0.000,0.000,0.000,0,0.159,534,2.610,23.7
DATA,MOTOR_BREAKIN_V3,000001,837,508,512,0.160,0.078,3.789,0.446,3.343,60,FWD,RUN,0.119,0.397,0.040,0.613,0.000,0.000,0.000,0,0.159,534,2.610,23.7
DATA,MOTOR_BREAKIN_V3,000001,937,508,512,0.160,0.078,3.817,0.474,3.343,60,FWD,RUN,0.119,0.397,0.079,1.309,0.000,0.000,0.000,0,0.159,534,2.610,23.7
DATA,MOTOR_BREAKIN_V3,000001,1037,512,513,0.055,0.051,4.012,0.724,3.287,60,FWD,RUN,0.053,0.174,0.079,1.727,0.000,0.000,0.000,0,0.159,534,2.610,23.7
DATA,MOTOR_BREAKIN_V3,000001,1137,508,512,0.160,0.078,3.984,0.362,3.622,60,FWD,RUN,0.119,0.431,0.092,1.477,0.000,0.000,0.000,0,0.159,534,2.610,23.7
DATA,MOTOR_BREAKIN_V3,000001,1237,509,511,0.134,0.104,4.067,0.306,3.761,60,FWD,RUN,0.119,0.447,0.092,1.309,0.000,0.000,0.000,0,0.159,534,2.610,23.7
DATA,MOTOR_BREAKIN_V3,000001,1337,509,512,0.134,0.078,3.956,0.529,3.427,60,FWD,RUN,0.106,0.362,0.053,1.477,0.000,0.000,0.000,0,0.159,534,2.610,23.7
DATA,MOTOR_BREAKIN_V3,000001,1437,509,512,0.134,0.078,4.012,0.446,3.566,60,FWD,RUN,0.106,0.377,0.107,1.616,0.000,0.000,0.000,0,0.159,534,2.610,23.7
DATA,MOTOR_BREAKIN_V3,000001,1537,508,511,0.160,0.104,3.956,0.501,3.455,60,FWD,RUN,0.132,0.456,0.132,0.891,0.000,0.000,0.000,0,0.159,534,2.610,23.7
DATA,MOTOR_BREAKIN_V3,000001,1637,511,513,0.081,0.051,3.956,0.501,3.455,60,FWD,RUN,0.066,0.228,0.132,0.669,0.000,0.000,0.000,0,0.159,534,2.610,23.7
DATA,MOTOR_BREAKIN_V3,000001,1737,510,512,0.107,0.078,4.402,0.223,4.179,60,FWD,RUN,0.092,0.386,0.053,1.059,0.000,0.000,0.000,0,0.159,534,2.610,23.7
DATA,MOTOR_BREAKIN_V3,000001,1837,509,513,0.134,0.051,4.012,0.474,3.538,60,FWD,RUN,0.092,0.327,0.053,1.059,0.000,0.000,0.000,0,0.159,534,2.610,23.8
DATA,MOTOR_BREAKIN_V3,000001,1937,511,513,0.081,0.051,4.151,0.390,3.761,60,FWD,RUN,0.066,0.248,0.066,1.588,0.000,0.000,0.000,0,0.159,534,2.610,23.7
DATA,MOTOR_BREAKIN_V3,000001,2037,508,512,0.160,0.078,3.984,1.003,2.981,60,FWD,RUN,0.119,0.354,0.119,2.062,0.000,0.000,0.000,0,0.159,534,2.610,23.8
DATA,MOTOR_BREAKIN_V3,000001,2137,512,513,0.055,0.051,4.151,0.446,3.705,60,FWD,RUN,0.053,0.196,0.132,1.727,0.000,0.000,0.000,0,0.159,534,2.610,23.7
DATA,MOTOR_BREAKIN_V3,000001,2237,510,513,0.107,0.051,4.235,0.446,3.789,60,FWD,RUN,0.079,0.300,0.132,1.727,0.000,0.000,0.000,0,0.159,534,2.610,23.7
DATA,MOTOR_BREAKIN_V3,000001,2337,512,513,0.055,0.051,4.151,0.362,3.789,60,FWD,RUN,0.053,0.200,0.107,0.752,0.000,0.000,0.000,0,0.159,534,2.610,23.7
DATA,MOTOR_BREAKIN_V3,000001,2436,509,512,0.134,0.078,3.900,0.669,3.232,60,FWD,RUN,0.106,0.342,0.132,1.003,0.000,0.000,0.000,0,0.159,534,2.610,23.8
DATA,MOTOR_BREAKIN_V3,000001,2537,508,511,0.160,0.104,4.012,0.669,3.343,60,FWD,RUN,0.132,0.442,0.132,0.808,0.000,0.000,0.000,0,0.159,534,2.610,23.8
DATA,MOTOR_BREAKIN_V3,000001,2637,509,511,0.134,0.104,4.012,0.474,3.538,60,FWD,RUN,0.119,0.421,0.079,0.669,0.000,0.000,0.000,0,0.159,534,2.610,23.8
DATA,MOTOR_BREAKIN_V3,000001,2737,509,511,0.134,0.104,3.956,0.836,3.120,60,FWD,RUN,0.119,0.371,0.119,1.114,0.000,0.000,0.000,0,0.159,534,2.610,23.8
DATA,MOTOR_BREAKIN_V3,000001,2837,512,513,0.055,0.051,4.318,0.195,4.123,60,FWD,RUN,0.053,0.218,0.119,1.142,0.000,0.000,0.000,0,0.159,534,2.610,23.8
DATA,MOTOR_BREAKIN_V3,000001,2937,510,512,0.107,0.078,4.040,0.752,3.287,60,FWD,RUN,0.092,0.304,0.078,1.087,0.000,0.000,0.000,0,0.159,534,2.610,23.7
DATA,MOTOR_BREAKIN_V3,000001,3037,512,514,0.055,0.000,4.235,0.306,3.928,60,FWD,RUN,0.027,0.107,0.132,1.087,0.460,0.132,3.482,60,0.159,534,2.610,23.8
DATA,MOTOR_BREAKIN_V3,000001,3137,513,513,0.000,0.051,4.179,0.251,3.928,60,FWD,RUN,0.026,0.100,0.132,1.031,0.460,0.132,3.482,60,0.159,534,2.610,23.8
DATA,MOTOR_BREAKIN_V3,000001,3237,508,513,0.160,0.051,4.095,0.529,3.566,60,FWD,RUN,0.106,0.377,0.107,1.337,0.460,0.132,3.482,60,0.159,534,2.610,23.8
DATA,MOTOR_BREAKIN_V3,000001,3337,510,513,0.107,0.051,4.095,0.474,3.622,60,FWD,RUN,0.079,0.287,0.119,1.365,0.460,0.132,3.482,60,0.159,534,2.610,23.8
DATA,MOTOR_BREAKIN_V3,000001,3437,509,512,0.134,0.078,4.179,0.474,3.705,60,FWD,RUN,0.106,0.392,0.132,0.669,0.478,0.132,3.622,60,0.159,534,2.610,23.8
DATA,MOTOR_BREAKIN_V3,000001,3537,509,513,0.134,0.051,4.179,0.446,3.733,60,FWD,RUN,0.092,0.345,0.040,0.613,0.478,0.132,3.622,60,0.159,534,2.610,23.8
DATA,MOTOR_BREAKIN_V3,000001,3637,509,512,0.134,0.078,4.179,0.474,3.705,60,FWD,RUN,0.106,0.392,0.066,1.393,0.504,0.132,3.817,60,0.159,534,2.610,23.8
DATA,MOTOR_BREAKIN_V3,000001,3737,508,512,0.160,0.078,4.095,0.585,3.510,60,FWD,RUN,0.119,0.417,0.105,1.003,0.504,0.132,3.817,60,0.159,534,2.610,23.8
DATA,MOTOR_BREAKIN_V3,000001,3837,509,512,0.134,0.078,4.235,0.501,3.733,60,FWD,RUN,0.106,0.395,0.092,0.724,0.504,0.132,3.817,60,0.159,534,2.610,23.8
DATA,MOTOR_BREAKIN_V3,000001,3937,509,513,0.134,0.051,4.207,0.501,3.705,60,FWD,RUN,0.092,0.343,0.026,0.279,0.504,0.132,3.817,60,0.159,534,2.610,23.8
DATA,MOTOR_BREAKIN_V3,000001,4037,509,513,0.134,0.051,4.374,0.446,3.928,60,FWD,RUN,0.092,0.363,0.040,0.474,0.504,0.132,3.817,60,0.159,534,2.610,23.8
DATA,MOTOR_BREAKIN_V3,000001,4137,510,512,0.107,0.078,4.235,0.446,3.789,60,FWD,RUN,0.092,0.350,0.026,0.529,0.504,0.132,3.817,60,0.159,534,2.610,23.8
DATA,MOTOR_BREAKIN_V3,000001,4237,511,512,0.081,0.078,4.485,0.306,4.179,60,FWD,RUN,0.079,0.331,0.040,0.390,0.504,0.132,3.817,60,0.159,535,2.615,23.8
DATA,MOTOR_BREAKIN_V3,000001,4337,509,512,0.134,0.078,4.457,0.279,4.179,60,FWD,RUN,0.106,0.442,0.040,0.418,0.504,0.132,3.817,60,0.159,534,2.610,23.8
DATA,MOTOR_BREAKIN_V3,000001,4437,508,511,0.160,0.104,4.346,0.446,3.900,60,FWD,RUN,0.132,0.515,0.105,0.669,0.515,0.132,3.900,60,0.159,534,2.610,23.8
DATA,MOTOR_BREAKIN_V3,000001,4537,509,513,0.134,0.051,4.179,0.529,3.650,60,FWD,RUN,0.092,0.337,0.105,0.808,0.515,0.132,3.900,60,0.159,534,2.610,23.8
DATA,MOTOR_BREAKIN_V3,000001,4637,509,513,0.134,0.051,4.541,0.390,4.151,60,FWD,RUN,0.092,0.384,0.040,0.529,0.515,0.132,3.900,60,0.159,534,2.610,23.8
DATA,MOTOR_BREAKIN_V3,000001,4737,509,512,0.134,0.078,4.457,0.334,4.123,60,FWD,RUN,0.106,0.436,0.040,0.529,0.515,0.132,3.900,60,0.159,534,2.610,23.8
DATA,MOTOR_BREAKIN_V3,000001,4837,511,513,0.081,0.051,4.374,0.669,3.705,60,FWD,RUN,0.066,0.245,0.092,0.418,0.515,0.132,3.900,60,0.159,535,2.615,23.8
DATA,MOTOR_BREAKIN_V3,000001,4937,509,512,0.134,0.078,4.290,0.446,3.845,60,FWD,RUN,0.106,0.406,0.092,0.529,0.515,0.132,3.900,60,0.159,534,2.610,23.8
DATA,MOTOR_BREAKIN_V3,000001,5037,509,512,0.134,0.078,4.318,0.446,3.872,60,FWD,RUN,0.106,0.409,0.053,0.529,0.515,0.132,3.900,60,0.159,534,2.610,23.8
DATA,MOTOR_BREAKIN_V3,000001,5137,508,511,0.160,0.104,4.262,0.474,3.789,60,FWD,RUN,0.132,0.501,0.066,0.306,0.515,0.132,3.900,60,0.159,534,2.610,23.8
DATA,MOTOR_BREAKIN_V3,000001,5237,508,511,0.160,0.104,4.235,0.557,3.677,60,FWD,RUN,0.132,0.486,0.053,0.362,0.526,0.132,3.984,60,0.159,534,2.610,23.8
DATA,MOTOR_BREAKIN_V3,000001,5337,511,513,0.081,0.051,4.430,0.390,4.040,60,FWD,RUN,0.066,0.267,0.066,0.362,0.526,0.132,3.984,60,0.159,534,2.610,23.8
DATA,MOTOR_BREAKIN_V3,000001,5437,512,515,0.055,0.000,4.541,0.167,4.374,60,FWD,RUN,0.027,0.119,0.078,0.724,0.526,0.132,3.984,60,0.159,534,2.610,23.8
DATA,MOTOR_BREAKIN_V3,000001,5537,509,512,0.134,0.078,4.318,0.557,3.761,60,FWD,RUN,0.106,0.397,0.078,0.724,0.526,0.132,3.984,60,0.159,534,2.610,23.8
DATA,MOTOR_BREAKIN_V3,000001,5636,509,511,0.134,0.104,4.402,0.446,3.956,60,FWD,RUN,0.119,0.470,0.053,0.557,0.526,0.132,3.984,60,0.159,534,2.610,23.8
DATA,MOTOR_BREAKIN_V3,000001,5737,509,512,0.134,0.078,4.346,0.529,3.817,60,FWD,RUN,0.106,0.403,0.066,0.334,0.526,0.132,3.984,60,0.159,534,2.610,23.8
DATA,MOTOR_BREAKIN_V3,000001,5837,510,512,0.107,0.078,4.597,0.251,4.346,60,FWD,RUN,0.092,0.402,0.053,0.557,0.526,0.132,3.984,60,0.159,534,2.610,23.8
DATA,MOTOR_BREAKIN_V3,000001,5937,508,512,0.160,0.078,4.318,0.362,3.956,60,FWD,RUN,0.119,0.470,0.053,0.557,0.526,0.132,3.984,60,0.159,534,2.610,23.8
DATA,MOTOR_BREAKIN_V3,000001,6037,509,512,0.134,0.078,4.430,0.390,4.040,60,FWD,RUN,0.106,0.427,0.053,0.780,0.526,0.132,3.984,60,0.159,534,2.610,23.8
DATA,MOTOR_BREAKIN_V3,000001,6137,510,513,0.107,0.051,4.485,0.279,4.207,60,FWD,RUN,0.079,0.333,0.040,0.780,0.526,0.132,3.984,60,0.159,534,2.610,23.8
DATA,MOTOR_BREAKIN_V3,000001,6237,509,511,0.134,0.104,4.402,0.474,3.928,60,FWD,RUN,0.119,0.467,0.066,0.501,0.526,0.132,3.984,60,0.159,534,2.610,23.9
DATA,MOTOR_BREAKIN_V3,000001,6337,510,513,0.107,0.051,4.318,0.474,3.845,60,FWD,RUN,0.079,0.305,0.066,0.641,0.526,0.132,3.984,60,0.159,534,2.610,23.9
DATA,MOTOR_BREAKIN_V3,000001,6437,509,511,0.134,0.104,4.318,0.418,3.900,60,FWD,RUN,0.119,0.464,0.092,0.585,0.526,0.132,3.984,60,0.159,534,2.610,23.9
DATA,MOTOR_BREAKIN_V3,000001,6537,509,512,0.134,0.078,4.374,0.585,3.789,60,FWD,RUN,0.106,0.400,0.132,0.724,0.526,0.132,3.984,60,0.159,534,2.610,23.9
DATA,MOTOR_BREAKIN_V3,000001,6637,509,512,0.134,0.078,4.262,0.529,3.733,60,FWD,RUN,0.106,0.395,0.132,0.752,0.526,0.132,3.984,60,0.159,534,2.610,23.8
DATA,MOTOR_BREAKIN_V3,000001,6737,512,513,0.055,0.051,4.318,0.418,3.900,60,FWD,RUN,0.053,0.206,0.106,0.724,0.526,0.132,3.984,60,0.159,534,2.610,23.9
DATA,MOTOR_BREAKIN_V3,000001,6837,511,513,0.081,0.051,4.457,0.279,4.179,60,FWD,RUN,0.066,0.276,0.078,0.641,0.526,0.132,3.984,60,0.159,534,2.610,23.9
DATA,MOTOR_BREAKIN_V3,000001,6937,509,512,0.134,0.078,4.290,0.474,3.817,60,FWD,RUN,0.106,0.403,0.080,0.641,0.526,0.132,3.984,60,0.159,534,2.610,23.9
DATA,MOTOR_BREAKIN_V3,000001,7037,512,513,0.055,0.051,4.430,0.362,4.067,60,FWD,RUN,0.053,0.215,0.080,0.529,0.526,0.132,3.984,60,0.159,534,2.610,23.9
DATA,MOTOR_BREAKIN_V3,000001,7137,509,512,0.134,0.078,4.346,0.362,3.984,60,FWD,RUN,0.106,0.421,0.078,0.474,0.526,0.132,3.984,60,0.159,534,2.610,23.9
DATA,MOTOR_BREAKIN_V3,000001,7237,509,512,0.134,0.078,4.290,0.557,3.733,60,FWD,RUN,0.106,0.395,0.092,0.613,0.526,0.132,3.984,60,0.159,534,2.610,23.9
DATA,MOTOR_BREAKIN_V3,000001,7337,511,513,0.081,0.051,4.513,0.362,4.151,60,FWD,RUN,0.066,0.274,0.093,0.808,0.526,0.132,3.984,60,0.159,534,2.610,23.9
DATA,MOTOR_BREAKIN_V3,000001,7437,511,514,0.081,0.000,4.402,0.306,4.095,60,FWD,RUN,0.040,0.166,0.080,0.780,0.526,0.132,3.984,60,0.159,534,2.610,23.9
DATA,MOTOR_BREAKIN_V3,000001,7537,511,513,0.081,0.051,4.513,0.362,4.151,60,FWD,RUN,0.066,0.274,0.106,0.641,0.526,0.132,3.984,60,0.159,534,2.610,23.9
DATA,MOTOR_BREAKIN_V3,000001,7637,511,513,0.081,0.051,4.513,0.139,4.374,60,FWD,RUN,0.066,0.289,0.106,0.836,0.526,0.132,3.984,60,0.159,534,2.610,23.9
DATA,MOTOR_BREAKIN_V3,000001,7737,512,514,0.055,0.000,4.625,0.279,4.346,60,FWD,RUN,0.027,0.119,0.093,0.724,0.526,0.132,3.984,60,0.159,534,2.610,23.9
DATA,MOTOR_BREAKIN_V3,000001,7837,509,512,0.134,0.078,4.318,0.446,3.872,60,FWD,RUN,0.106,0.409,0.092,0.641,0.526,0.132,3.984,60,0.159,534,2.610,23.9
DATA,MOTOR_BREAKIN_V3,000001,7937,509,512,0.134,0.078,4.402,0.446,3.956,60,FWD,RUN,0.106,0.418,0.066,0.585,0.526,0.132,3.984,60,0.159,534,2.610,23.9
DATA,MOTOR_BREAKIN_V3,000001,8037,510,513,0.107,0.051,4.318,0.474,3.845,60,FWD,RUN,0.079,0.305,0.053,0.669,0.526,0.132,3.984,60,0.159,534,2.610,23.9
DATA,MOTOR_BREAKIN_V3,000001,8137,510,513,0.107,0.051,4.485,0.390,4.095,60,FWD,RUN,0.079,0.325,0.065,0.808,0.526,0.132,3.984,60,0.159,534,2.610,23.9
DATA,MOTOR_BREAKIN_V3,000001,8237,510,513,0.107,0.051,4.541,0.334,4.207,60,FWD,RUN,0.079,0.333,0.078,0.808,0.526,0.132,3.984,60,0.159,534,2.610,23.9
DATA,MOTOR_BREAKIN_V3,000001,8337,509,512,0.134,0.078,4.513,0.306,4.207,60,FWD,RUN,0.106,0.445,0.106,0.724,0.526,0.132,3.984,60,0.159,534,2.610,23.9
DATA,MOTOR_BREAKIN_V3,000001,8437,510,513,0.107,0.051,4.262,0.446,3.817,60,FWD,RUN,0.079,0.303,0.106,0.724,0.526,0.132,3.984,60,0.159,534,2.610,23.9
DATA,MOTOR_BREAKIN_V3,000001,8537,509,512,0.134,0.078,4.290,0.474,3.817,60,FWD,RUN,0.106,0.403,0.053,0.390,0.526,0.132,3.984,60,0.159,534,2.610,23.9
DATA,MOTOR_BREAKIN_V3,000001,8637,511,513,0.081,0.051,4.346,0.362,3.984,60,FWD,RUN,0.066,0.263,0.093,0.696,0.526,0.132,3.984,60,0.159,534,2.610,23.9
DATA,MOTOR_BREAKIN_V3,000001,8737,510,512,0.107,0.078,4.290,0.585,3.705,60,FWD,RUN,0.092,0.343,0.106,0.808,0.526,0.132,3.984,60,0.159,534,2.610,23.9
DATA,MOTOR_BREAKIN_V3,000001,8836,509,512,0.134,0.078,4.374,0.418,3.956,60,FWD,RUN,0.106,0.418,0.106,0.780,0.526,0.132,3.984,60,0.159,534,2.610,23.9
DATA,MOTOR_BREAKIN_V3,000001,8937,512,514,0.055,0.000,4.513,0.251,4.262,60,FWD,RUN,0.027,0.116,0.106,0.613,0.526,0.132,3.984,60,0.159,534,2.610,23.9
DATA,MOTOR_BREAKIN_V3,000001,9037,511,513,0.081,0.051,4.485,0.279,4.207,60,FWD,RUN,0.066,0.278,0.106,0.557,0.526,0.132,3.984,60,0.159,534,2.610,23.9
DATA,MOTOR_BREAKIN_V3,000001,9137,512,514,0.055,0.000,4.374,0.251,4.123,60,FWD,RUN,0.027,0.113,0.078,0.418,0.526,0.132,3.984,60,0.159,534,2.610,23.9
DATA,MOTOR_BREAKIN_V3,000001,9237,510,513,0.107,0.051,4.485,0.418,4.067,60,FWD,RUN,0.079,0.322,0.078,0.808,0.526,0.132,3.984,60,0.159,534,2.610,23.9
DATA,MOTOR_BREAKIN_V3,000001,9337,511,514,0.081,0.000,4.430,0.446,3.984,60,FWD,RUN,0.040,0.161,0.078,0.864,0.526,0.132,3.984,60,0.159,534,2.610,23.9
DATA,MOTOR_BREAKIN_V3,000001,9437,513,514,0.000,0.000,4.764,0.167,4.597,60,FWD,RUN,0.000,0.000,0.092,0.724,0.526,0.132,3.984,60,0.159,534,2.610,23.9
DATA,MOTOR_BREAKIN_V3,000001,9537,510,513,0.107,0.051,4.597,0.195,4.402,60,FWD,RUN,0.079,0.349,0.106,0.808,0.526,0.132,3.984,60,0.159,534,2.610,23.9
DATA,MOTOR_BREAKIN_V3,000001,9637,510,513,0.107,0.051,4.402,0.446,3.956,60,FWD,RUN,0.079,0.314,0.080,0.641,0.526,0.132,3.984,60,0.159,534,2.610,23.9
DATA,MOTOR_BREAKIN_V3,000001,9737,510,513,0.107,0.051,4.457,0.529,3.928,60,FWD,RUN,0.079,0.311,0.067,0.585,0.526,0.132,3.984,60,0.159,534,2.610,23.9
DATA,MOTOR_BREAKIN_V3,000001,9837,509,512,0.134,0.078,4.485,0.334,4.151,60,FWD,RUN,0.106,0.439,0.040,0.334,0.526,0.132,3.984,60,0.159,534,2.610,23.9
DATA,MOTOR_BREAKIN_V3,000001,9937,510,512,0.107,0.078,4.457,0.390,4.067,60,FWD,RUN,0.092,0.376,0.092,0.696,0.526,0.132,3.984,60,0.159,534,2.610,23.9
DATA,MOTOR_BREAKIN_V3,000001,10037,510,513,0.107,0.051,4.485,0.334,4.151,60,FWD,RUN,0.079,0.329,0.092,0.780,0.526,0.132,3.984,60,0.159,534,2.610,23.9
DATA,MOTOR_BREAKIN_V3,000001,10137,510,512,0.107,0.078,4.485,0.446,4.040,60,FWD,RUN,0.092,0.374,0.092,0.474,0.526,0.132,3.984,60,0.159,534,2.610,23.9
DATA,MOTOR_BREAKIN_V3,000001,10237,509,512,0.134,0.078,4.513,0.418,4.095,60,FWD,RUN,0.106,0.433,0.106,0.724,0.526,0.132,3.984,60,0.159,534,2.610,23.9
DATA,MOTOR_BREAKIN_V3,000001,10337,510,514,0.107,0.000,4.430,0.306,4.123,60,FWD,RUN,0.054,0.221,0.106,0.669,0.526,0.132,3.984,60,0.159,534,2.610,23.9
DATA,MOTOR_BREAKIN_V3,000001,10437,509,513,0.134,0.051,4.318,0.390,3.928,60,FWD,RUN,0.092,0.363,0.053,0.585,0.526,0.132,3.984,60,0.159,534,2.610,23.9
DATA,MOTOR_BREAKIN_V3,000001,10537,510,513,0.107,0.051,4.457,0.446,4.012,60,FWD,RUN,0.079,0.318,0.040,0.306,0.526,0.132,3.984,60,0.159,534,2.610,23.9
DATA,MOTOR_BREAKIN_V3,000001,10637,510,512,0.107,0.078,4.485,0.418,4.067,60,FWD,RUN,0.092,0.376,0.026,0.752,0.526,0.132,3.984,60,0.159,534,2.610,23.9
DATA,MOTOR_BREAKIN_V3,000001,10737,510,512,0.107,0.078,4.569,0.362,4.207,60,FWD,RUN,0.092,0.389,0.053,0.975,0.526,0.132,3.984,60,0.159,534,2.610,23.9
DATA,MOTOR_BREAKIN_V3,000001,10837,510,513,0.107,0.051,4.513,0.334,4.179,60,FWD,RUN,0.079,0.331,0.066,0.947,0.526,0.132,3.984,60,0.159,535,2.615,23.9
DATA,MOTOR_BREAKIN_V3,000001,10937,511,513,0.081,0.051,4.346,0.474,3.872,60,FWD,RUN,0.066,0.256,0.079,0.474,0.526,0.132,3.984,60,0.159,534,2.610,23.9
DATA,MOTOR_BREAKIN_V3,000001,11037,509,512,0.134,0.078,4.374,0.501,3.872,60,FWD,RUN,0.106,0.409,0.119,0.474,0.526,0.132,3.984,60,0.159,534,2.610,23.9
DATA,MOTOR_BREAKIN_V3,000001,11137,510,513,0.107,0.051,4.430,0.641,3.789,60,FWD,RUN,0.079,0.300,0.119,0.891,0.526,0.132,3.984,60,0.159,534,2.610,23.9
DATA,MOTOR_BREAKIN_V3,000001,11237,511,513,0.081,0.051,4.625,0.223,4.402,60,FWD,RUN,0.066,0.291,0.106,0.891,0.526,0.132,3.984,60,0.159,534,2.610,23.9
DATA,MOTOR_BREAKIN_V3,000001,11337,510,513,0.107,0.051,4.457,0.474,3.984,60,FWD,RUN,0.079,0.316,0.106,0.613,0.526,0.132,3.984,60,0.159,534,2.610,23.9
DATA,MOTOR_BREAKIN_V3,000001,11437,510,512,0.107,0.078,4.625,0.195,4.430,60,FWD,RUN,0.092,0.410,0.078,0.696,0.526,0.132,3.984,60,0.159,534,2.610,23.9
DATA,MOTOR_BREAKIN_V3,000001,11537,510,513,0.107,0.051,4.430,0.446,3.984,60,FWD,RUN,0.079,0.316,0.065,0.891,0.526,0.132,3.984,60,0.159,534,2.610,23.9
DATA,MOTOR_BREAKIN_V3,000001,11637,509,513,0.134,0.051,4.374,0.641,3.733,60,FWD,RUN,0.092,0.345,0.065,0.724,0.526,0.132,3.984,60,0.159,534,2.610,23.9
DATA,MOTOR_BREAKIN_V3,000001,11737,509,513,0.134,0.051,4.457,0.279,4.179,60,FWD,RUN,0.092,0.386,0.065,0.585,0.526,0.132,3.984,60,0.159,534,2.610,23.9
DATA,MOTOR_BREAKIN_V3,000001,11837,510,512,0.107,0.078,4.457,0.474,3.984,60,FWD,RUN,0.092,0.368,0.066,0.529,0.526,0.132,3.984,60,0.159,534,2.610,23.9
DATA,MOTOR_BREAKIN_V3,000001,11937,511,514,0.081,0.000,4.625,0.223,4.402,60,FWD,RUN,0.040,0.178,0.092,0.613,0.526,0.132,3.984,60,0.159,534,2.610,23.9
DATA,MOTOR_BREAKIN_V3,000001,12036,511,513,0.081,0.051,4.485,0.362,4.123,60,FWD,RUN,0.066,0.272,0.078,0.585,0.526,0.132,3.984,60,0.159,534,2.610,23.9
DATA,MOTOR_BREAKIN_V3,000001,12137,512,514,0.055,0.000,4.541,0.223,4.318,60,FWD,RUN,0.027,0.118,0.106,0.919,0.526,0.132,3.984,60,0.159,534,2.610,23.9
DATA,MOTOR_BREAKIN_V3,000001,12237,510,511,0.107,0.104,4.402,0.501,3.900,60,FWD,RUN,0.106,0.412,0.106,0.919,0.526,0.132,3.984,60,0.159,534,2.610,23.9
DATA,MOTOR_BREAKIN_V3,000001,12337,510,512,0.107,0.078,4.430,0.446,3.984,60,FWD,RUN,0.092,0.368,0.119,0.975,0.526,0.132,3.984,60,0.159,534,2.610,23.9
DATA,MOTOR_BREAKIN_V3,000001,12437,510,513,0.107,0.051,4.346,0.418,3.928,60,FWD,RUN,0.079,0.311,0.119,1.059,0.526,0.132,3.984,60,0.159,534,2.610,23.9
DATA,MOTOR_BREAKIN_V3,000001,12537,509,512,0.134,0.078,4.430,0.446,3.984,60,FWD,RUN,0.106,0.421,0.119,0.669,0.526,0.132,3.984,60,0.159,534,2.610,23.8
DATA,MOTOR_BREAKIN_V3,000001,12637,511,514,0.081,0.000,4.485,0.167,4.318,60,FWD,RUN,0.040,0.175,0.119,0.724,0.526,0.132,3.984,60,0.159,534,2.610,23.9
DATA,MOTOR_BREAKIN_V3,000001,12737,510,512,0.107,0.078,4.457,0.474,3.984,60,FWD,RUN,0.092,0.368,0.106,1.087,0.526,0.132,3.984,60,0.159,534,2.610,23.9
DATA,MOTOR_BREAKIN_V3,000001,12837,508,512,0.160,0.078,4.374,0.418,3.956,60,FWD,RUN,0.119,0.470,0.092,1.087,0.526,0.132,3.984,60,0.159,534,2.610,23.9
DATA,MOTOR_BREAKIN_V3,000001,12937,511,514,0.081,0.000,4.625,0.223,4.402,60,FWD,RUN,0.040,0.178,0.092,0.836,0.526,0.132,3.984,60,0.159,534,2.610,23.9
DATA,MOTOR_BREAKIN_V3,000001,13037,509,512,0.134,0.078,4.346,0.529,3.817,60,FWD,RUN,0.106,0.403,0.078,0.641,0.526,0.132,3.984,60,0.159,534,2.610,24.0
DATA,MOTOR_BREAKIN_V3,000001,13137,511,514,0.081,0.000,4.541,0.390,4.151,60,FWD,RUN,0.040,0.168,0.092,0.418,0.526,0.132,3.984,60,0.159,534,2.610,23.9
DATA,MOTOR_BREAKIN_V3,000001,13237,510,513,0.107,0.051,4.485,0.111,4.374,60,FWD,RUN,0.079,0.347,0.092,0.808,0.526,0.132,3.984,60,0.159,534,2.610,23.9
DATA,MOTOR_BREAKIN_V3,000001,13337,510,513,0.107,0.051,4.457,0.585,3.872,60,FWD,RUN,0.079,0.307,0.106,1.393,0.526,0.132,3.984,60,0.159,534,2.610,23.9
DATA,MOTOR_BREAKIN_V3,000001,13437,510,513,0.107,0.051,4.374,0.418,3.956,60,FWD,RUN,0.079,0.314,0.040,0.891,0.526,0.132,3.984,60,0.159,535,2.615,23.9
DATA,MOTOR_BREAKIN_V3,000001,13537,509,512,0.134,0.078,4.318,0.474,3.845,60,FWD,RUN,0.106,0.406,0.065,0.362,0.526,0.132,3.984,60,0.159,534,2.610,23.9
DATA,MOTOR_BREAKIN_V3,000001,13637,510,512,0.107,0.078,4.374,0.474,3.900,60,FWD,RUN,0.092,0.361,0.065,0.501,0.526,0.132,3.984,60,0.159,534,2.610,23.9
DATA,MOTOR_BREAKIN_V3,000001,13737,512,514,0.055,0.000,4.457,0.362,4.095,60,FWD,RUN,0.027,0.112,0.078,0.808,0.526,0.132,3.984,60,0.159,534,2.610,23.9
DATA,MOTOR_BREAKIN_V3,000001,13837,511,513,0.081,0.051,4.569,0.334,4.235,60,FWD,RUN,0.066,0.280,0.106,0.780,0.526,0.132,3.984,60,0.159,534,2.610,23.9
DATA,MOTOR_BREAKIN_V3,000001,13937,509,513,0.134,0.051,4.513,0.279,4.235,60,FWD,RUN,0.092,0.392,0.092,0.752,0.526,0.132,3.984,60,0.159,534,2.610,23.9
DATA,MOTOR_BREAKIN_V3,000001,14037,511,513,0.081,0.051,4.513,0.251,4.262,60,FWD,RUN,0.066,0.282,0.092,0.641,0.526,0.132,3.984,60,0.159,535,2.615,24.0
DATA,MOTOR_BREAKIN_V3,000001,14137,510,514,0.107,0.000,4.513,0.390,4.123,60,FWD,RUN,0.054,0.221,0.106,0.641,0.526,0.132,3.984,60,0.159,534,2.610,24.0
DATA,MOTOR_BREAKIN_V3,000001,14237,509,513,0.134,0.051,4.402,0.474,3.928,60,FWD,RUN,0.092,0.363,0.078,0.585,0.526,0.132,3.984,60,0.159,534,2.610,24.0
DATA,MOTOR_BREAKIN_V3,000001,14337,510,512,0.107,0.078,4.457,0.501,3.956,60,FWD,RUN,0.092,0.366,0.040,0.474,0.526,0.132,3.984,60,0.159,534,2.610,24.0
DATA,MOTOR_BREAKIN_V3,000001,14437,513,514,0.000,0.000,4.820,0.139,4.680,60,FWD,RUN,0.000,0.000,0.106,0.891,0.526,0.132,3.984,60,0.159,534,2.610,23.9
DATA,MOTOR_BREAKIN_V3,000001,14537,514,514,0.000,0.000,4.764,0.111,4.652,60,FWD,RUN,0.000,0.000,0.092,0.669,0.526,0.132,3.984,60,0.159,534,2.610,23.9
DATA,MOTOR_BREAKIN_V3,000001,14637,512,514,0.055,0.000,4.485,0.167,4.318,60,FWD,RUN,0.027,0.118,0.092,0.641,0.526,0.132,3.984,60,0.159,534,2.610,23.9
DATA,MOTOR_BREAKIN_V3,000001,14737,510,513,0.107,0.051,4.402,0.279,4.123,60,FWD,RUN,0.079,0.327,0.106,0.529,0.526,0.132,3.984,60,0.159,534,2.610,23.9
DATA,MOTOR_BREAKIN_V3,000001,14837,511,513,0.081,0.051,4.625,0.251,4.374,60,FWD,RUN,0.066,0.289,0.078,0.947,0.526,0.132,3.984,60,0.159,534,2.610,23.9
DATA,MOTOR_BREAKIN_V3,000001,14937,510,513,0.107,0.051,4.402,0.362,4.040,60,FWD,RUN,0.079,0.320,0.066,0.947,0.526,0.132,3.984,60,0.159,534,2.610,24.0
DATA,MOTOR_BREAKIN_V3,000001,15037,510,513,0.107,0.051,4.402,0.446,3.956,60,FWD,RUN,0.079,0.314,0.119,1.031,0.526,0.132,3.984,60,0.159,534,2.610,23.9
DATA,MOTOR_BREAKIN_V3,000001,15137,509,512,0.134,0.078,4.374,0.418,3.956,60,FWD,RUN,0.106,0.418,0.119,0.864,0.526,0.132,3.984,60,0.159,534,2.610,24.0
DATA,MOTOR_BREAKIN_V3,000001,15236,511,513,0.081,0.051,4.513,0.334,4.179,60,FWD,RUN,0.066,0.276,0.132,0.418,0.526,0.132,3.984,60,0.159,534,2.610,23.9
DATA,MOTOR_BREAKIN_V3,000001,15337,510,513,0.107,0.051,4.346,0.529,3.817,60,FWD,RUN,0.079,0.303,0.132,1.003,0.526,0.132,3.984,60,0.159,534,2.610,23.9
DATA,MOTOR_BREAKIN_V3,000001,15437,511,514,0.081,0.000,4.513,0.306,4.207,60,FWD,RUN,0.040,0.170,0.106,1.003,0.526,0.132,3.984,60,0.159,534,2.610,23.9
DATA,MOTOR_BREAKIN_V3,000001,15537,509,512,0.134,0.078,4.513,0.279,4.235,60,FWD,RUN,0.106,0.448,0.119,1.003,0.526,0.132,3.984,60,0.159,534,2.610,23.9
DATA,MOTOR_BREAKIN_V3,000001,15637,510,512,0.107,0.078,4.569,0.362,4.207,60,FWD,RUN,0.092,0.389,0.119,1.003,0.526,0.132,3.984,60,0.159,534,2.610,23.9
DATA,MOTOR_BREAKIN_V3,000001,15737,512,514,0.055,0.000,4.541,0.195,4.346,60,FWD,RUN,0.027,0.119,0.092,0.585,0.526,0.132,3.984,60,0.159,534,2.610,24.0
DATA,MOTOR_BREAKIN_V3,000001,15837,509,513,0.134,0.051,4.457,0.139,4.318,60,FWD,RUN,0.092,0.399,0.092,0.696,0.526,0.132,3.984,60,0.159,534,2.610,24.0
DATA,MOTOR_BREAKIN_V3,000001,15937,509,511,0.134,0.104,4.402,0.669,3.733,60,FWD,RUN,0.119,0.444,0.119,0.641,0.526,0.132,3.984,60,0.159,534,2.610,24.0
DATA,MOTOR_BREAKIN_V3,000001,16037,512,514,0.055,0.000,4.457,0.334,4.123,60,FWD,RUN,0.027,0.113,0.119,0.613,0.526,0.132,3.984,60,0.159,534,2.610,23.9
DATA,MOTOR_BREAKIN_V3,000001,16137,510,514,0.107,0.000,4.513,0.362,4.151,60,FWD,RUN,0.054,0.223,0.092,0.669,0.526,0.132,3.984,60,0.159,534,2.610,24.0
DATA,MOTOR_BREAKIN_V3,000001,16237,510,512,0.107,0.078,4.430,0.669,3.761,60,FWD,RUN,0.092,0.348,0.065,0.585,0.526,0.132,3.984,60,0.159,534,2.610,23.9
DATA,MOTOR_BREAKIN_V3,000001,16337,512,513,0.055,0.051,4.485,0.362,4.123,60,FWD,RUN,0.053,0.218,0.078,0.501,0.526,0.132,3.984,60,0.159,534,2.610,24.0
DATA,MOTOR_BREAKIN_V3,000001,16437,510,513,0.107,0.051,4.457,0.306,4.151,60,FWD,RUN,0.079,0.329,0.092,0.529,0.526,0.132,3.984,60,0.159,534,2.610,24.0
DATA,MOTOR_BREAKIN_V3,000001,16537,510,513,0.107,0.051,4.513,0.418,4.095,60,FWD,RUN,0.079,0.325,0.092,0.780,0.526,0.132,3.984,60,0.159,534,2.610,24.0
DATA,MOTOR_BREAKIN_V3,000001,16637,510,513,0.107,0.051,4.430,0.390,4.040,60,FWD,RUN,0.079,0.320,0.053,0.474,0.526,0.132,3.984,60,0.159,534,2.610,24.0
DATA,MOTOR_BREAKIN_V3,000001,16737,509,512,0.134,0.078,4.318,0.529,3.789,60,FWD,RUN,0.106,0.400,0.106,0.808,0.526,0.132,3.984,60,0.159,534,2.610,24.0
DATA,MOTOR_BREAKIN_V3,000001,16837,510,512,0.107,0.078,4.402,0.557,3.845,60,FWD,RUN,0.092,0.356,0.119,0.808,0.526,0.132,3.984,60,0.159,534,2.610,24.0
DATA,MOTOR_BREAKIN_V3,000001,16937,511,513,0.081,0.051,4.430,0.362,4.067,60,FWD,RUN,0.066,0.269,0.053,0.669,0.526,0.132,3.984,60,0.159,534,2.610,24.0
DATA,MOTOR_BREAKIN_V3,000001,17037,510,514,0.107,0.000,4.597,0.056,4.541,60,FWD,RUN,0.054,0.244,0.052,1.003,0.526,0.132,3.984,60,0.159,534,2.610,24.0
DATA,MOTOR_BREAKIN_V3,000001,17137,510,513,0.107,0.051,4.430,0.474,3.956,60,FWD,RUN,0.079,0.314,0.106,0.696,0.526,0.132,3.984,60,0.159,534,2.610,24.0
DATA,MOTOR_BREAKIN_V3,000001,17237,509,512,0.134,0.078,4.430,0.362,4.067,60,FWD,RUN,0.106,0.430,0.106,0.641,0.526,0.132,3.984,60,0.159,534,2.610,24.0
DATA,MOTOR_BREAKIN_V3,000001,17337,510,513,0.107,0.051,4.457,0.529,3.928,60,FWD,RUN,0.079,0.311,0.106,0.696,0.526,0.132,3.984,60,0.159,534,2.610,23.9
DATA,MOTOR_BREAKIN_V3,000001,17437,509,512,0.134,0.078,4.430,0.669,3.761,60,FWD,RUN,0.106,0.397,0.106,0.891,0.526,0.132,3.984,60,0.159,534,2.610,23.9
DATA,MOTOR_BREAKIN_V3,000001,17537,511,513,0.081,0.051,4.569,0.334,4.235,60,FWD,RUN,0.066,0.280,0.106,0.864,0.526,0.132,3.984,60,0.159,534,2.610,24.0
DATA,MOTOR_BREAKIN_V3,000001,17637,510,512,0.107,0.078,4.374,0.418,3.956,60,FWD,RUN,0.092,0.366,0.106,1.059,0.526,0.132,3.984,60,0.159,534,2.610,24.0
DATA,MOTOR_BREAKIN_V3,000001,17737,509,512,0.134,0.078,4.485,0.334,4.151,60,FWD,RUN,0.106,0.439,0.013,0.585,0.526,0.132,3.984,60,0.159,534,2.610,24.0
DATA,MOTOR_BREAKIN_V3,000001,17837,509,511,0.134,0.104,4.318,0.585,3.733,60,FWD,RUN,0.119,0.444,0.053,0.752,0.526,0.132,3.984,60,0.159,534,2.610,24.0
DATA,MOTOR_BREAKIN_V3,000001,17937,509,513,0.134,0.051,4.457,0.390,4.067,60,FWD,RUN,0.092,0.376,0.078,0.919,0.526,0.132,3.984,60,0.159,534,2.610,24.0
DATA,MOTOR_BREAKIN_V3,000001,18037,510,512,0.107,0.078,4.402,0.362,4.040,60,FWD,RUN,0.092,0.374,0.052,0.613,0.526,0.132,3.984,60,0.159,534,2.610,24.0
DATA,MOTOR_BREAKIN_V3,000001,18137,510,513,0.107,0.051,4.457,0.306,4.151,60,FWD,RUN,0.079,0.329,0.053,0.362,0.526,0.132,3.984,60,0.159,534,2.610,24.0
DATA,MOTOR_BREAKIN_V3,000001,18237,511,513,0.081,0.051,4.374,0.334,4.040,60,FWD,RUN,0.066,0.267,0.078,0.418,0.526,0.132,3.984,60,0.159,534,2.610,23.9
DATA,MOTOR_BREAKIN_V3,000001,18337,510,513,0.107,0.051,4.597,0.334,4.262,60,FWD,RUN,0.079,0.338,0.092,0.418,0.526,0.132,3.984,60,0.159,534,2.610,23.9
DATA,MOTOR_BREAKIN_V3,000001,18436,510,512,0.107,0.078,4.318,0.529,3.789,60,FWD,RUN,0.092,0.350,0.078,0.501,0.526,0.132,3.984,60,0.159,534,2.610,24.0
DATA,MOTOR_BREAKIN_V3,000001,18537,510,513,0.107,0.051,4.402,0.446,3.956,60,FWD,RUN,0.079,0.314,0.026,0.501,0.526,0.132,3.984,60,0.159,534,2.610,24.0
DATA,MOTOR_BREAKIN_V3,000001,18637,509,513,0.134,0.051,4.374,0.474,3.900,60,FWD,RUN,0.092,0.361,0.026,0.613,0.526,0.132,3.984,60,0.159,534,2.610,24.0
DATA,MOTOR_BREAKIN_V3,000001,18737,509,513,0.134,0.051,4.402,0.864,3.538,60,FWD,RUN,0.092,0.327,0.053,0.696,0.526,0.132,3.984,60,0.159,534,2.610,24.0
DATA,MOTOR_BREAKIN_V3,000001,18837,510,512,0.107,0.078,4.457,0.446,4.012,60,FWD,RUN,0.092,0.371,0.053,1.087,0.526,0.132,3.984,60,0.159,534,2.610,24.0
DATA,MOTOR_BREAKIN_V3,000001,18937,510,513,0.107,0.051,4.457,0.390,4.067,60,FWD,RUN,0.079,0.322,0.053,1.087,0.526,0.132,3.984,60,0.159,534,2.610,24.0
DATA,MOTOR_BREAKIN_V3,000001,19037,511,513,0.081,0.051,4.513,0.306,4.207,60,FWD,RUN,0.066,0.278,0.106,0.836,0.526,0.132,3.984,60,0.159,534,2.610,24.0
DATA,MOTOR_BREAKIN_V3,000001,19137,510,513,0.107,0.051,4.374,0.306,4.067,60,FWD,RUN,0.079,0.322,0.132,0.891,0.545,0.132,4.123,60,0.159,534,2.610,24.0
DATA,MOTOR_BREAKIN_V3,000001,19237,510,513,0.107,0.051,4.485,0.362,4.123,60,FWD,RUN,0.079,0.327,0.105,0.780,0.545,0.132,4.123,60,0.159,534,2.610,24.0
DATA,MOTOR_BREAKIN_V3,000001,19337,512,514,0.055,0.000,4.652,0.111,4.541,60,FWD,RUN,0.027,0.124,0.092,0.780,0.545,0.132,4.123,60,0.159,534,2.610,23.9
DATA,MOTOR_BREAKIN_V3,000001,19437,510,513,0.107,0.051,4.513,0.334,4.179,60,FWD,RUN,0.079,0.331,0.065,0.613,0.545,0.132,4.123,60,0.159,534,2.610,24.0
DATA,MOTOR_BREAKIN_V3,000001,19537,510,513,0.107,0.051,4.485,0.279,4.207,60,FWD,RUN,0.079,0.333,0.079,0.557,0.545,0.132,4.123,60,0.159,534,2.610,24.0
DATA,MOTOR_BREAKIN_V3,000001,19637,508,512,0.160,0.078,4.541,0.418,4.123,60,FWD,RUN,0.119,0.490,0.119,0.501,0.545,0.132,4.123,60,0.159,534,2.610,24.0
DATA,MOTOR_BREAKIN_V3,000001,19737,513,514,0.000,0.000,4.708,0.279,4.430,60,FWD,RUN,0.000,0.000,0.119,0.501,0.545,0.132,4.123,60,0.159,534,2.610,24.0
DATA,MOTOR_BREAKIN_V3,000001,19837,512,513,0.055,0.051,4.680,0.390,4.290,60,FWD,RUN,0.053,0.227,0.106,0.529,0.545,0.132,4.123,60,0.159,534,2.610,24.0
DATA,MOTOR_BREAKIN_V3,000001,19937,509,512,0.134,0.078,4.374,0.390,3.984,60,FWD,RUN,0.106,0.421,0.106,1.170,0.545,0.132,4.123,60,0.159,534,2.610,24.0
DATA,MOTOR_BREAKIN_V3,000001,20037,509,513,0.134,0.051,4.457,0.390,4.067,60,FWD,RUN,0.092,0.376,0.078,1.170,0.545,0.132,4.123,60,0.159,534,2.610,23.9
DATA,MOTOR_BREAKIN_V3,000001,20137,509,512,0.134,0.078,4.374,0.390,3.984,60,FWD,RUN,0.106,0.421,0.078,0.585,0.545,0.132,4.123,60,0.159,534,2.610,24.0
DATA,MOTOR_BREAKIN_V3,000001,20237,510,513,0.107,0.051,4.597,0.362,4.235,60,FWD,RUN,0.079,0.336,0.065,0.446,0.545,0.132,4.123,60,0.159,534,2.610,24.0
DATA,MOTOR_BREAKIN_V3,000001,20337,511,512,0.081,0.078,4.569,0.418,4.151,60,FWD,RUN,0.079,0.329,0.078,0.390,0.545,0.132,4.123,60,0.159,535,2.615,23.9
DATA,MOTOR_BREAKIN_V3,000001,20437,510,512,0.107,0.078,4.457,0.418,4.040,60,FWD,RUN,0.092,0.374,0.078,0.362,0.545,0.132,4.123,60,0.159,534,2.610,24.0
DATA,MOTOR_BREAKIN_V3,000001,20537,509,512,0.134,0.078,4.402,0.446,3.956,60,FWD,RUN,0.106,0.418,0.065,0.362,0.545,0.132,4.123,60,0.159,534,2.610,24.0
DATA,MOTOR_BREAKIN_V3,000001,20637,508,512,0.160,0.078,4.346,0.613,3.733,60,FWD,RUN,0.119,0.444,0.065,0.474,0.545,0.132,4.123,60,0.159,534,2.610,24.0
DATA,MOTOR_BREAKIN_V3,000001,20737,509,512,0.134,0.078,4.402,0.390,4.012,60,FWD,RUN,0.106,0.424,0.040,0.501,0.545,0.132,4.123,60,0.159,534,2.610,23.9
DATA,MOTOR_BREAKIN_V3,000001,20837,509,512,0.134,0.078,4.346,0.446,3.900,60,FWD,RUN,0.106,0.412,0.052,0.808,0.545,0.132,4.123,60,0.159,534,2.610,23.9
DATA,MOTOR_BREAKIN_V3,000001,20937,508,511,0.160,0.104,4.485,0.501,3.984,60,FWD,RUN,0.132,0.526,0.132,0.752,0.545,0.132,4.123,60,0.159,534,2.610,24.0
DATA,MOTOR_BREAKIN_V3,000001,21037,510,513,0.107,0.051,4.290,0.418,3.872,60,FWD,RUN,0.079,0.307,0.132,0.557,0.545,0.132,4.123,60,0.159,534,2.610,24.0
DATA,MOTOR_BREAKIN_V3,000001,21137,514,514,0.000,0.000,4.652,0.251,4.402,60,FWD,RUN,0.000,0.000,0.106,0.529,0.545,0.132,4.123,60,0.159,534,2.610,23.9
DATA,MOTOR_BREAKIN_V3,000001,21237,510,513,0.107,0.051,4.652,0.306,4.346,60,FWD,RUN,0.079,0.344,0.106,0.613,0.545,0.132,4.123,60,0.159,534,2.610,23.9
DATA,MOTOR_BREAKIN_V3,000001,21337,512,514,0.055,0.000,4.625,0.279,4.346,60,FWD,RUN,0.027,0.119,0.106,0.641,0.545,0.132,4.123,60,0.159,534,2.610,24.0
DATA,MOTOR_BREAKIN_V3,000001,21437,510,512,0.107,0.078,4.430,0.696,3.733,60,FWD,RUN,0.092,0.345,0.106,0.919,0.545,0.132,4.123,60,0.159,534,2.610,23.9
DATA,MOTOR_BREAKIN_V3,000001,21537,513,514,0.000,0.000,4.680,0.139,4.541,60,FWD,RUN,0.000,0.000,0.106,0.919,0.545,0.132,4.123,60,0.159,534,2.610,24.0
DATA,MOTOR_BREAKIN_V3,000001,21636,508,512,0.160,0.078,4.457,0.362,4.095,60,FWD,RUN,0.119,0.487,0.119,0.613,0.545,0.132,4.123,60,0.159,534,2.610,24.0
DATA,MOTOR_BREAKIN_V3,000001,21737,510,513,0.107,0.051,4.430,0.334,4.095,60,FWD,RUN,0.079,0.325,0.119,0.724,0.545,0.132,4.123,60,0.159,534,2.610,24.0
DATA,MOTOR_BREAKIN_V3,000001,21837,511,514,0.081,0.000,4.792,0.111,4.680,60,FWD,RUN,0.040,0.190,0.106,1.059,0.545,0.132,4.123,60,0.159,534,2.610,24.0
DATA,MOTOR_BREAKIN_V3,000001,21937,509,513,0.134,0.051,4.457,0.306,4.151,60,FWD,RUN,0.092,0.384,0.065,1.059,0.545,0.132,4.123,60,0.159,534,2.610,24.0
DATA,MOTOR_BREAKIN_V3,000001,22037,509,512,0.134,0.078,4.262,0.474,3.789,60,FWD,RUN,0.106,0.400,0.078,0.362,0.545,0.132,4.123,60,0.159,534,2.610,23.9
DATA,MOTOR_BREAKIN_V3,000001,22137,508,512,0.160,0.078,4.485,0.418,4.067,60,FWD,RUN,0.119,0.484,0.092,0.418,0.545,0.132,4.123,60,0.159,534,2.610,24.0
DATA,MOTOR_BREAKIN_V3,000001,22237,510,513,0.107,0.051,4.402,0.501,3.900,60,FWD,RUN,0.079,0.309,0.119,0.919,0.545,0.132,4.123,60,0.159,534,2.610,23.9
DATA,MOTOR_BREAKIN_V3,000001,22337,513,515,0.000,0.000,4.820,0.111,4.708,60,FWD,RUN,0.000,0.000,0.106,1.087,0.545,0.132,4.123,60,0.159,534,2.610,23.9
DATA,MOTOR_BREAKIN_V3,000001,22437,509,512,0.134,0.078,4.262,0.474,3.789,60,FWD,RUN,0.106,0.400,0.106,1.003,0.545,0.132,4.123,60,0.159,534,2.610,23.9
DATA,MOTOR_BREAKIN_V3,000001,22537,509,513,0.134,0.051,4.457,0.418,4.040,60,FWD,RUN,0.092,0.374,0.065,0.418,0.545,0.132,4.123,60,0.159,534,2.610,24.0
DATA,MOTOR_BREAKIN_V3,000001,22637,510,512,0.107,0.078,4.541,0.334,4.207,60,FWD,RUN,0.092,0.389,0.092,0.613,0.545,0.132,4.123,60,0.159,534,2.610,24.0
DATA,MOTOR_BREAKIN_V3,000001,22737,510,512,0.107,0.078,4.513,0.418,4.095,60,FWD,RUN,0.092,0.379,0.106,0.613,0.545,0.132,4.123,60,0.159,534,2.610,24.0
DATA,MOTOR_BREAKIN_V3,000001,22837,510,514,0.107,0.000,4.513,0.251,4.262,60,FWD,RUN,0.054,0.229,0.078,0.780,0.545,0.132,4.123,60,0.159,534,2.610,23.9
DATA,MOTOR_BREAKIN_V3,000001,22937,511,514,0.081,0.000,4.569,0.279,4.290,60,FWD,RUN,0.040,0.174,0.078,0.947,0.545,0.132,4.123,60,0.159,534,2.610,23.9
DATA,MOTOR_BREAKIN_V3,000001,23037,509,512,0.134,0.078,4.485,0.334,4.151,60,FWD,RUN,0.106,0.439,0.065,0.613,0.545,0.132,4.123,60,0.159,534,2.610,23.9
DATA,MOTOR_BREAKIN_V3,000001,23137,511,513,0.081,0.051,4.457,0.139,4.318,60,FWD,RUN,0.066,0.285,0.106,0.724,0.545,0.132,4.123,60,0.159,534,2.610,23.9
DATA,MOTOR_BREAKIN_V3,000001,23237,509,513,0.134,0.051,4.485,0.529,3.956,60,FWD,RUN,0.092,0.366,0.106,0.641,0.545,0.132,4.123,60,0.159,534,2.610,24.0
DATA,MOTOR_BREAKIN_V3,000001,23337,510,514,0.107,0.000,4.485,0.641,3.845,60,FWD,RUN,0.054,0.206,0.066,0.446,0.545,0.132,4.123,60,0.159,534,2.610,24.0
DATA,MOTOR_BREAKIN_V3,000001,23437,510,512,0.107,0.078,4.457,0.474,3.984,60,FWD,RUN,0.092,0.368,0.066,0.390,0.545,0.132,4.123,60,0.159,534,2.610,23.9
DATA,MOTOR_BREAKIN_V3,000001,23537,511,514,0.081,0.000,4.625,0.111,4.513,60,FWD,RUN,0.040,0.183,0.092,0.641,0.545,0.132,4.123,60,0.159,534,2.610,24.0
DATA,MOTOR_BREAKIN_V3,000001,23637,509,512,0.134,0.078,4.513,0.390,4.123,60,FWD,RUN,0.106,0.436,0.106,0.529,0.545,0.132,4.123,60,0.159,534,2.610,23.9
DATA,MOTOR_BREAKIN_V3,000001,23737,508,512,0.160,0.078,4.346,0.669,3.677,60,FWD,RUN,0.119,0.437,0.092,0.557,0.545,0.132,4.123,60,0.159,534,2.610,23.9
DATA,MOTOR_BREAKIN_V3,000001,23837,509,512,0.134,0.078,4.457,0.334,4.123,60,FWD,RUN,0.106,0.436,0.119,0.724,0.545,0.132,4.123,60,0.159,534,2.610,23.9
DATA,MOTOR_BREAKIN_V3,000001,23937,511,513,0.081,0.051,4.569,0.334,4.235,60,FWD,RUN,0.066,0.280,0.106,0.529,0.545,0.132,4.123,60,0.159,534,2.610,24.0
DATA,MOTOR_BREAKIN_V3,000001,24037,512,514,0.055,0.000,4.708,0.111,4.597,60,FWD,RUN,0.027,0.125,0.078,0.724,0.545,0.132,4.123,60,0.159,534,2.610,23.9
DATA,MOTOR_BREAKIN_V3,000001,24137,509,513,0.134,0.051,4.402,0.418,3.984,60,FWD,RUN,0.092,0.368,0.078,0.669,0.545,0.132,4.123,60,0.159,534,2.610,23.9
DATA,MOTOR_BREAKIN_V3,000001,24237,511,512,0.081,0.078,4.569,0.306,4.262,60,FWD,RUN,0.079,0.338,0.078,0.474,0.545,0.132,4.123,60,0.159,534,2.610,23.9
DATA,MOTOR_BREAKIN_V3,000001,24337,509,512,0.134,0.078,4.513,0.334,4.179,60,FWD,RUN,0.106,0.442,0.078,0.836,0.545,0.132,4.123,60,0.159,534,2.610,23.9
DATA,MOTOR_BREAKIN_V3,000001,24437,511,513,0.081,0.051,4.597,0.223,4.374,60,FWD,RUN,0.066,0.289,0.053,0.836,0.545,0.132,4.123,60,0.159,534,2.610,24.0
DATA,MOTOR_BREAKIN_V3,000001,24537,510,512,0.107,0.078,4.430,0.334,4.095,60,FWD,RUN,0.092,0.379,0.040,0.585,0.545,0.132,4.123,60,0.159,534,2.610,23.9
DATA,MOTOR_BREAKIN_V3,000001,24637,509,512,0.134,0.078,4.513,0.334,4.179,60,FWD,RUN,0.106,0.442,0.106,0.557,0.545,0.132,4.123,60,0.159,535,2.615,23.9
DATA,MOTOR_BREAKIN_V3,000001,24737,510,512,0.107,0.078,4.402,0.446,3.956,60,FWD,RUN,0.092,0.366,0.106,0.585,0.545,0.132,4.123,60,0.159,534,2.610,24.0
DATA,MOTOR_BREAKIN_V3,000001,24836,512,514,0.055,0.000,4.680,0.362,4.318,60,FWD,RUN,0.027,0.118,0.065,0.641,0.545,0.132,4.123,60,0.159,534,2.610,24.0
DATA,MOTOR_BREAKIN_V3,000001,24937,510,513,0.107,0.051,4.569,0.390,4.179,60,FWD,RUN,0.079,0.331,0.078,0.446,0.545,0.132,4.123,60,0.159,534,2.610,23.9
DATA,MOTOR_BREAKIN_V3,000001,25037,509,512,0.134,0.078,4.625,0.390,4.235,60,FWD,RUN,0.106,0.448,0.078,0.641,0.545,0.132,4.123,60,0.159,534,2.610,24.0
DATA,MOTOR_BREAKIN_V3,000001,25137,510,512,0.107,0.078,4.402,0.474,3.928,60,FWD,RUN,0.092,0.363,0.078,0.641,0.545,0.132,4.123,60,0.159,534,2.610,24.0
DATA,MOTOR_BREAKIN_V3,000001,25237,511,513,0.081,0.051,4.569,0.251,4.318,60,FWD,RUN,0.066,0.285,0.078,0.418,0.545,0.132,4.123,60,0.159,534,2.610,23.9
DATA,MOTOR_BREAKIN_V3,000001,25337,512,514,0.055,0.000,4.625,0.334,4.290,60,FWD,RUN,0.027,0.117,0.078,0.446,0.545,0.132,4.123,60,0.159,534,2.610,23.9
DATA,MOTOR_BREAKIN_V3,000001,25437,509,512,0.134,0.078,4.457,0.446,4.012,60,FWD,RUN,0.106,0.424,0.078,0.418,0.545,0.132,4.123,60,0.159,534,2.610,24.0
DATA,MOTOR_BREAKIN_V3,000001,25537,511,512,0.081,0.078,4.541,0.195,4.346,60,FWD,RUN,0.079,0.344,0.053,0.585,0.545,0.132,4.123,60,0.159,534,2.610,23.9
DATA,MOTOR_BREAKIN_V3,000001,25637,510,512,0.107,0.078,4.457,0.306,4.151,60,FWD,RUN,0.092,0.384,0.040,0.585,0.545,0.132,4.123,60,0.159,534,2.610,23.9
DATA,MOTOR_BREAKIN_V3,000001,25737,510,513,0.107,0.051,4.402,0.362,4.040,60,FWD,RUN,0.079,0.320,0.053,0.501,0.545,0.132,4.123,60,0.159,534,2.610,24.0
DATA,MOTOR_BREAKIN_V3,000001,25837,510,513,0.107,0.051,4.346,0.501,3.845,60,FWD,RUN,0.079,0.305,0.106,0.613,0.545,0.132,4.123,60,0.159,534,2.610,23.9
DATA,MOTOR_BREAKIN_V3,000001,25937,510,512,0.107,0.078,4.569,0.390,4.179,60,FWD,RUN,0.092,0.386,0.106,0.529,0.545,0.132,4.123,60,0.159,534,2.610,24.0
DATA,MOTOR_BREAKIN_V3,000001,26037,509,512,0.134,0.078,4.513,0.251,4.262,60,FWD,RUN,0.106,0.450,0.065,0.613,0.545,0.132,4.123,60,0.159,534,2.610,23.9
DATA,MOTOR_BREAKIN_V3,000001,26137,509,512,0.134,0.078,4.402,0.362,4.040,60,FWD,RUN,0.106,0.427,0.078,0.669,0.545,0.132,4.123,60,0.159,534,2.610,23.9
DATA,MOTOR_BREAKIN_V3,000001,26237,510,513,0.107,0.051,4.485,0.390,4.095,60,FWD,RUN,0.079,0.325,0.078,0.501,0.545,0.132,4.123,60,0.159,534,2.610,23.9
DATA,MOTOR_BREAKIN_V3,000001,26337,511,513,0.081,0.051,4.597,0.223,4.374,60,FWD,RUN,0.066,0.289,0.078,0.446,0.545,0.132,4.123,60,0.159,534,2.610,23.9
DATA,MOTOR_BREAKIN_V3,000001,26437,510,512,0.107,0.078,4.513,0.334,4.179,60,FWD,RUN,0.092,0.386,0.119,0.891,0.545,0.132,4.123,60,0.159,534,2.610,23.9
DATA,MOTOR_BREAKIN_V3,000001,26537,508,512,0.160,0.078,4.346,0.446,3.900,60,FWD,RUN,0.119,0.464,0.119,0.891,0.545,0.132,4.123,60,0.159,534,2.610,23.9
DATA,MOTOR_BREAKIN_V3,000001,26637,510,513,0.107,0.051,4.457,0.474,3.984,60,FWD,RUN,0.079,0.316,0.066,0.474,0.545,0.132,4.123,60,0.159,534,2.610,23.9
DATA,MOTOR_BREAKIN_V3,000001,26737,509,513,0.134,0.051,4.374,0.474,3.900,60,FWD,RUN,0.092,0.361,0.065,0.474,0.545,0.132,4.123,60,0.159,534,2.610,23.9
DATA,MOTOR_BREAKIN_V3,000001,26837,513,514,0.000,0.000,4.931,0.111,4.820,60,FWD,RUN,0.000,0.000,0.106,0.919,0.545,0.132,4.123,60,0.159,534,2.610,23.9
DATA,MOTOR_BREAKIN_V3,000001,26937,510,513,0.107,0.051,4.569,0.306,4.262,60,FWD,RUN,0.079,0.338,0.106,0.864,0.545,0.132,4.123,60,0.159,534,2.610,23.9
DATA,MOTOR_BREAKIN_V3,000001,27037,509,512,0.134,0.078,4.374,0.557,3.817,60,FWD,RUN,0.106,0.403,0.078,0.529,0.545,0.132,4.123,60,0.159,534,2.610,23.9
DATA,MOTOR_BREAKIN_V3,000001,27137,509,513,0.134,0.051,4.430,0.446,3.984,60,FWD,RUN,0.092,0.368,0.078,0.529,0.545,0.132,4.123,60,0.159,534,2.610,24.0
DATA,MOTOR_BREAKIN_V3,000001,27237,511,513,0.081,0.051,4.652,0.418,4.235,60,FWD,RUN,0.066,0.280,0.092,0.613,0.545,0.132,4.123,60,0.159,534,2.610,23.9
DATA,MOTOR_BREAKIN_V3,000001,27337,511,514,0.081,0.000,4.569,0.418,4.151,60,FWD,RUN,0.040,0.168,0.119,0.780,0.545,0.132,4.123,60,0.159,534,2.610,23.9
DATA,MOTOR_BREAKIN_V3,000001,27437,510,513,0.107,0.051,4.457,0.585,3.872,60,FWD,RUN,0.079,0.307,0.078,0.557,0.545,0.132,4.123,60,0.159,534,2.610,24.0
DATA,MOTOR_BREAKIN_V3,000001,27537,509,512,0.134,0.078,4.430,0.446,3.984,60,FWD,RUN,0.106,0.421,0.052,0.501,0.545,0.132,4.123,60,0.159,534,2.610,23.9
DATA,MOTOR_BREAKIN_V3,000001,27637,512,514,0.055,0.000,4.569,0.390,4.179,60,FWD,RUN,0.027,0.114,0.106,0.724,0.545,0.132,4.123,60,0.159,534,2.610,23.9
DATA,MOTOR_BREAKIN_V3,000001,27737,512,514,0.055,0.000,4.541,0.306,4.235,60,FWD,RUN,0.027,0.116,0.092,0.613,0.545,0.132,4.123,60,0.159,534,2.610,23.9
DATA,MOTOR_BREAKIN_V3,000001,27837,511,514,0.081,0.000,4.402,0.474,3.928,60,FWD,RUN,0.040,0.159,0.065,0.669,0.545,0.132,4.123,60,0.159,534,2.610,23.9
DATA,MOTOR_BREAKIN_V3,000001,27937,510,512,0.107,0.078,4.402,0.446,3.956,60,FWD,RUN,0.092,0.366,0.052,0.474,0.545,0.132,4.123,60,0.159,534,2.610,23.9
DATA,MOTOR_BREAKIN_V3,000001,28036,510,512,0.107,0.078,4.318,0.529,3.789,60,FWD,RUN,0.092,0.350,0.040,0.529,0.545,0.132,4.123,60,0.159,534,2.610,23.9
DATA,MOTOR_BREAKIN_V3,000001,28137,511,513,0.081,0.051,4.430,0.306,4.123,60,FWD,RUN,0.066,0.272,0.078,0.669,0.545,0.132,4.123,60,0.159,534,2.610,23.9
DATA,MOTOR_BREAKIN_V3,000001,28237,509,513,0.134,0.051,4.374,0.529,3.845,60,FWD,RUN,0.092,0.356,0.078,0.613,0.545,0.132,4.123,60,0.159,534,2.610,23.9
DATA,MOTOR_BREAKIN_V3,000001,28337,511,513,0.081,0.051,4.597,0.334,4.262,60,FWD,RUN,0.066,0.282,0.040,0.613,0.545,0.132,4.123,60,0.159,534,2.610,23.9
DATA,MOTOR_BREAKIN_V3,000001,28437,510,512,0.107,0.078,4.513,0.362,4.151,60,FWD,RUN,0.092,0.384,0.026,0.446,0.545,0.132,4.123,60,0.159,534,2.610,23.9
DATA,MOTOR_BREAKIN_V3,000001,28537,510,513,0.107,0.051,4.513,0.390,4.123,60,FWD,RUN,0.079,0.327,0.052,0.334,0.545,0.132,4.123,60,0.159,534,2.610,23.9
DATA,MOTOR_BREAKIN_V3,000001,28637,511,514,0.081,0.000,4.541,0.418,4.123,60,FWD,RUN,0.040,0.167,0.078,0.306,0.545,0.132,4.123,60,0.159,534,2.610,23.9
DATA,MOTOR_BREAKIN_V3,000001,28737,510,514,0.107,0.000,4.569,0.390,4.179,60,FWD,RUN,0.054,0.224,0.078,0.306,0.545,0.132,4.123,60,0.159,534,2.610,23.9
DATA,MOTOR_BREAKIN_V3,000001,28837,509,512,0.134,0.078,4.430,0.306,4.123,60,FWD,RUN,0.106,0.436,0.065,0.334,0.545,0.132,4.123,60,0.159,534,2.610,23.9
DATA,MOTOR_BREAKIN_V3,000001,28937,511,514,0.081,0.000,4.569,0.251,4.318,60,FWD,RUN,0.040,0.175,0.078,0.306,0.545,0.132,4.123,60,0.159,534,2.610,23.9
DATA,MOTOR_BREAKIN_V3,000001,29037,512,513,0.055,0.051,4.652,0.167,4.485,60,FWD,RUN,0.053,0.237,0.078,0.641,0.545,0.132,4.123,60,0.159,534,2.610,23.9
DATA,MOTOR_BREAKIN_V3,000001,29137,509,512,0.134,0.078,4.430,0.418,4.012,60,FWD,RUN,0.106,0.424,0.053,0.641,0.545,0.132,4.123,60,0.159,534,2.610,23.9
DATA,MOTOR_BREAKIN_V3,000001,29237,510,513,0.107,0.051,4.485,0.474,4.012,60,FWD,RUN,0.079,0.318,0.065,0.390,0.545,0.132,4.123,60,0.159,534,2.610,23.9
DATA,MOTOR_BREAKIN_V3,000001,29337,511,513,0.081,0.051,4.541,0.418,4.123,60,FWD,RUN,0.066,0.272,0.067,0.390,0.545,0.132,4.123,60,0.159,534,2.610,23.9
DATA,MOTOR_BREAKIN_V3,000001,29437,510,513,0.107,0.051,4.541,0.390,4.151,60,FWD,RUN,0.079,0.329,0.080,0.529,0.545,0.132,4.123,60,0.159,534,2.610,23.9
DATA,MOTOR_BREAKIN_V3,000001,29537,510,513,0.107,0.051,4.513,0.529,3.984,60,FWD,RUN,0.079,0.316,0.078,0.418,0.545,0.132,4.123,60,0.159,534,2.610,23.9
DATA,MOTOR_BREAKIN_V3,000001,29637,513,514,0.000,0.000,4.792,0.195,4.597,60,FWD,RUN,0.000,0.000,0.106,0.641,0.545,0.132,4.123,60,0.159,534,2.610,23.9
DATA,MOTOR_BREAKIN_V3,000001,29737,510,514,0.107,0.000,4.374,0.864,3.510,60,FWD,RUN,0.054,0.189,0.106,1.087,0.545,0.132,4.123,60,0.159,534,2.610,23.9
DATA,MOTOR_BREAKIN_V3,000001,29837,509,512,0.134,0.078,4.374,0.474,3.900,60,FWD,RUN,0.106,0.412,0.065,0.752,0.545,0.132,4.123,60,0.159,534,2.610,23.9
DATA,MOTOR_BREAKIN_V3,000001,29937,509,512,0.134,0.078,4.318,0.613,3.705,60,FWD,RUN,0.106,0.392,0.106,0.696,0.545,0.132,4.123,60,0.159,534,2.610,23.9
DATA,MOTOR_BREAKIN_V3,000001,30037,510,512,0.107,0.078,4.430,0.390,4.040,60,FWD,RUN,0.092,0.374,0.106,0.696,0.545,0.132,4.123,60,0.159,534,2.610,23.9
DATA,MOTOR_BREAKIN_V3,000001,30137,510,512,0.107,0.078,4.569,0.251,4.318,60,FWD,RUN,0.092,0.399,0.052,0.362,0.545,0.132,4.123,60,0.159,534,2.610,23.9
DATA,MOTOR_BREAKIN_V3,000001,30237,509,511,0.134,0.104,4.457,0.446,4.012,60,FWD,RUN,0.119,0.477,0.066,0.669,0.545,0.132,4.123,60,0.159,534,2.610,23.9
DATA,MOTOR_BREAKIN_V3,000001,30337,510,513,0.107,0.051,4.402,0.501,3.900,60,FWD,RUN,0.079,0.309,0.119,0.724,0.545,0.132,4.123,60,0.159,534,2.610,23.9
DATA,MOTOR_BREAKIN_V3,000001,30437,512,513,0.055,0.051,4.485,0.223,4.262,60,FWD,RUN,0.053,0.225,0.119,0.696,0.545,0.132,4.123,60,0.159,534,2.610,23.9
DATA,MOTOR_BREAKIN_V3,000001,30537,511,514,0.081,0.000,4.485,0.390,4.095,60,FWD,RUN,0.040,0.166,0.119,0.696,0.545,0.132,4.123,60,0.159,534,2.610,23.9
DATA,MOTOR_BREAKIN_V3,000001,30637,509,512,0.134,0.078,4.374,0.501,3.872,60,FWD,RUN,0.106,0.409,0.106,0.641,0.545,0.132,4.123,60,0.159,534,2.610,23.9
DATA,MOTOR_BREAKIN_V3,000001,30737,513,513,0.000,0.051,4.569,0.334,4.235,60,FWD,RUN,0.026,0.108,0.080,0.529,0.545,0.132,4.123,60,0.159,534,2.610,23.9
DATA,MOTOR_BREAKIN_V3,000001,30837,510,512,0.107,0.078,4.541,0.362,4.179,60,FWD,RUN,0.092,0.386,0.080,0.390,0.545,0.132,4.123,60,0.159,534,2.610,23.9
DATA,MOTOR_BREAKIN_V3,000001,30937,508,512,0.160,0.078,4.457,0.501,3.956,60,FWD,RUN,0.119,0.470,0.093,0.474,0.545,0.132,4.123,60,0.159,534,2.610,23.9
DATA,MOTOR_BREAKIN_V3,000001,31037,509,512,0.134,0.078,4.430,0.362,4.067,60,FWD,RUN,0.106,0.430,0.132,0.724,0.545,0.132,4.123,60,0.159,534,2.610,23.9
DATA,MOTOR_BREAKIN_V3,000001,31137,512,514,0.055,0.000,4.457,0.306,4.151,60,FWD,RUN,0.027,0.113,0.132,1.087,0.545,0.132,4.123,60,0.159,534,2.610,23.9
DATA,MOTOR_BREAKIN_V3,000001,31236,510,513,0.107,0.051,4.680,0.139,4.541,60,FWD,RUN,0.079,0.360,0.065,1.087,0.545,0.132,4.123,60,0.159,534,2.610,23.9
DATA,MOTOR_BREAKIN_V3,000001,31337,510,513,0.107,0.051,4.569,0.418,4.151,60,FWD,RUN,0.079,0.329,0.092,0.975,0.545,0.132,4.123,60,0.159,534,2.610,23.9
DATA,MOTOR_BREAKIN_V3,000001,31437,509,512,0.134,0.078,4.485,0.334,4.151,60,FWD,RUN,0.106,0.439,0.106,0.975,0.545,0.132,4.123,60,0.159,534,2.610,23.9
DATA,MOTOR_BREAKIN_V3,000001,31537,510,512,0.107,0.078,4.485,0.501,3.984,60,FWD,RUN,0.092,0.368,0.053,0.808,0.545,0.132,4.123,60,0.159,534,2.610,23.9
DATA,MOTOR_BREAKIN_V3,000001,31637,510,513,0.107,0.051,4.430,0.446,3.984,60,FWD,RUN,0.079,0.316,0.053,0.808,0.545,0.132,4.123,60,0.159,534,2.610,23.9
DATA,MOTOR_BREAKIN_V3,000001,31737,510,512,0.107,0.078,4.625,0.223,4.402,60,FWD,RUN,0.092,0.407,0.026,0.613,0.545,0.132,4.123,60,0.159,534,2.610,23.9
DATA,MOTOR_BREAKIN_V3,000001,31837,509,513,0.134,0.051,4.430,0.195,4.235,60,FWD,RUN,0.092,0.392,0.078,0.613,0.545,0.132,4.123,60,0.159,534,2.610,23.9
DATA,MOTOR_BREAKIN_V3,000001,31937,513,514,0.000,0.000,4.708,0.111,4.597,60,FWD,RUN,0.000,0.000,0.119,0.780,0.545,0.132,4.123,60,0.159,534,2.610,23.9
