ACS1_ZERO=512.06
ACS2_ZERO=513.12
READY,FWD

========================================
 Mini4WD MOTOR BREAK-IN DEVICE
 MOTOR_BREAKIN_V3
 Firmware : 3.00
========================================
INFO,TYPE=MOTOR,MODEL=MOTOR_BREAKIN_V3,FW=3.00,ID=000001
DATA,MOTOR_BREAKIN_V3,000001,0,512,513,0.000,0.000,0.000,0.028,-0.028,0,FWD,READY,0.000,0.000,0.000,0.000,0.000,0.000,0.000,0,0.000,533,2.605,22.9
DATA,MOTOR_BREAKIN_V3,000001,0,512,514,0.000,0.000,0.000,0.028,-0.028,0,FWD,READY,0.000,0.000,0.000,0.028,0.000,0.000,0.000,0,0.000,533,2.605,22.9
DATA,MOTOR_BREAKIN_V3,000001,0,511,514,0.000,0.000,0.028,0.000,0.028,0,FWD,READY,0.000,0.000,0.000,0.056,0.000,0.000,0.000,0,0.000,533,2.605,22.9
DATA,MOTOR_BREAKIN_V3,000001,0,512,514,0.000,0.000,0.000,0.000,0.000,0,FWD,READY,0.000,0.000,0.000,0.056,0.000,0.000,0.000,0,0.000,533,2.605,22.9
DATA,MOTOR_BREAKIN_V3,000001,0,512,514,0.000,0.000,0.000,0.000,0.000,0,FWD,READY,0.000,0.000,0.000,0.056,0.000,0.000,0.000,0,0.000,533,2.605,22.9
DATA,MOTOR_BREAKIN_V3,000001,0,512,515,0.000,0.000,0.000,0.000,0.000,0,FWD,READY,0.000,0.000,0.000,0.028,0.000,0.000,0.000,0,0.000,533,2.605,22.9
DATA,MOTOR_BREAKIN_V3,000001,0,512,513,0.000,0.000,0.000,0.000,0.000,0,FWD,READY,0.000,0.000,0.000,0.028,0.000,0.000,0.000,0,0.000,533,2.605,22.9
DATA,MOTOR_BREAKIN_V3,000001,0,513,513,0.000,0.000,0.000,0.000,0.000,0,FWD,READY,0.000,0.000,0.000,0.056,0.000,0.000,0.000,0,0.000,533,2.605,22.9
DATA,MOTOR_BREAKIN_V3,000001,0,511,514,0.000,0.000,0.000,0.000,0.000,0,FWD,READY,0.000,0.000,0.000,0.056,0.000,0.000,0.000,0,0.000,533,2.605,22.9
DATA,MOTOR_BREAKIN_V3,000001,0,512,513,0.000,0.000,0.000,0.000,0.000,0,FWD,READY,0.000,0.000,0.000,0.056,0.000,0.000,0.000,0,0.000,533,2.605,22.9
DATA,MOTOR_BREAKIN_V3,000001,0,513,513,0.000,0.000,0.000,0.000,0.000,0,FWD,READY,0.000,0.000,0.000,0.056,0.000,0.000,0.000,0,0.000,533,2.605,22.9
DATA,MOTOR_BREAKIN_V3,000001,0,512,513,0.000,0.000,0.000,0.000,0.000,0,FWD,READY,0.000,0.000,0.000,0.056,0.000,0.000,0.000,0,0.000,533,2.605,22.9
DATA,MOTOR_BREAKIN_V3,000001,0,512,513,0.000,0.000,0.028,0.000,0.028,0,FWD,READY,0.000,0.000,0.000,0.056,0.000,0.000,0.000,0,0.000,533,2.605,22.9
DATA,MOTOR_BREAKIN_V3,000001,0,512,513,0.000,0.000,0.000,0.000,0.000,0,FWD,READY,0.000,0.000,0.000,0.056,0.000,0.000,0.000,0,0.000,533,2.605,22.9
DATA,MOTOR_BREAKIN_V3,000001,0,512,513,0.000,0.000,0.028,0.000,0.028,0,FWD,READY,0.000,0.000,0.000,0.056,0.000,0.000,0.000,0,0.000,533,2.605,22.9
DATA,MOTOR_BREAKIN_V3,000001,0,512,513,0.000,0.000,0.028,0.000,0.028,0,FWD,READY,0.000,0.000,0.000,0.028,0.000,0.000,0.000,0,0.000,533,2.605,22.9
DATA,MOTOR_BREAKIN_V3,000001,0,511,513,0.000,0.000,0.000,0.000,0.000,0,FWD,READY,0.000,0.000,0.000,0.028,0.000,0.000,0.000,0,0.000,533,2.605,22.9
DATA,MOTOR_BREAKIN_V3,000001,0,512,513,0.000,0.000,0.028,0.000,0.028,0,FWD,READY,0.000,0.000,0.000,0.056,0.000,0.000,0.000,0,0.000,533,2.605,22.9
DATA,MOTOR_BREAKIN_V3,000001,0,512,514,0.000,0.000,0.000,0.000,0.000,0,FWD,READY,0.000,0.000,0.000,0.056,0.000,0.000,0.000,0,0.000,533,2.605,22.9
DATA,MOTOR_BREAKIN_V3,000001,0,512,513,0.000,0.000,0.028,0.000,0.028,0,FWD,READY,0.000,0.000,0.000,0.056,0.000,0.000,0.000,0,0.000,533,2.605,22.9
DATA,MOTOR_BREAKIN_V3,000001,0,512,513,0.000,0.000,0.000,0.000,0.000,0,FWD,READY,0.000,0.000,0.000,0.056,0.000,0.000,0.000,0,0.000,533,2.605,22.9
DATA,MOTOR_BREAKIN_V3,000001,0,513,513,0.000,0.000,0.000,0.000,0.000,0,FWD,READY,0.000,0.000,0.000,0.056,0.000,0.000,0.000,0,0.000,533,2.605,22.9
DATA,MOTOR_BREAKIN_V3,000001,0,512,514,0.000,0.000,0.000,0.000,0.000,0,FWD,READY,0.000,0.000,0.000,0.028,0.000,0.000,0.000,0,0.000,533,2.605,22.9
DATA,MOTOR_BREAKIN_V3,000001,0,512,513,0.000,0.000,0.000,0.000,0.000,0,FWD,READY,0.000,0.000,0.000,0.056,0.000,0.000,0.000,0,0.000,533,2.605,22.9
DATA,MOTOR_BREAKIN_V3,000001,0,512,513,0.000,0.000,0.000,0.000,0.000,0,FWD,READY,0.000,0.000,0.000,0.056,0.000,0.000,0.000,0,0.000,533,2.605,22.9
DATA,MOTOR_BREAKIN_V3,000001,0,512,513,0.000,0.000,0.028,0.000,0.028,0,FWD,READY,0.000,0.000,0.000,0.056,0.000,0.000,0.000,0,0.000,50.724,0.000,0.000,0.000,0,0.000,533,2.605,22.9
DATA,MOTOR_BREAKIN_V3,000001,181,507,510,0.128,0.087,2.340,1.031,1.309,60,FWD,RUN,0.108,0.141,0.147,1.309,0.000,0.000,0.000,0,0.000,533,2.605,22.9
OK
DATA,MOTOR_BREAKIN_V3,000001,281,495,504,0.445,0.245,3.566,1.142,2.424,94,FWD,RUN,0.345,0.837,0.343,1.504,0.000,0.000,0.000,0,0.000,533,2.605,22.9
OK
DATA,MOTOR_BREAKIN_V3,000001,381,490,500,0.578,0.351,4.569,1.170,3.399,106,FWD,RUN,0.464,1.578,0.370,1.978,0.000,0.000,0.000,0,0.477,533,2.605,22.9
OK
DATA,MOTOR_BREAKIN_V3,000001,481,499,506,0.340,0.192,5.126,0.696,4.430,98,FWD,RUN,0.266,1.178,0.238,1.950,0.000,0.000,0.000,0,0.504,533,2.605,22.9
OK
DATA,MOTOR_BREAKIN_V3,000001,581,507,511,0.128,0.060,4.513,0.585,3.928,69,FWD,RUN,0.094,0.370,0.410,1.532,0.000,0.000,0.000,0,0.504,533,2.605,22.9
OK
DATA,MOTOR_BREAKIN_V3,000001,681,508,510,0.102,0.087,4.179,0.306,3.872,50,FWD,RUN,0.094,0.365,0.264,1.114,0.000,0.000,0.000,0,0.504,533,2.605,22.9
DATA,MOTOR_BREAKIN_V3,000001,781,509,511,0.076,0.060,3.817,0.279,3.538,50,FWD,RUN,0.068,0.240,0.136,0.752,0.000,0.000,0.000,0,0.504,533,2.605,22.9
OK
DATA,MOTOR_BREAKIN_V3,000001,881,509,512,0.076,0.000,3.650,0.223,3.427,39,FWD,RUN,0.038,0.129,0.068,0.752,0.000,0.000,0.000,0,0.504,533,2.605,22.9
OK
DATA,MOTOR_BREAKIN_V3,000001,981,510,512,0.000,0.000,3.287,0.195,3.092,35,FWD,RUN,0.000,0.000,0.038,0.529,0.000,0.000,0.000,0,0.504,533,2.605,22.9
DATA,MOTOR_BREAKIN_V3,000001,1081,510,512,0.000,0.000,3.120,0.223,2.897,35,FWD,RUN,0.000,0.000,0.038,0.613,0.000,0.000,0.000,0,0.504,533,2.605,22.9
OK
DATA,MOTOR_BREAKIN_V3,000001,1181,510,512,0.000,0.000,3.176,0.223,2.953,37,FWD,RUN,0.000,0.000,0.000,0.390,0.000,0.000,0.000,0,0.504,533,2.605,22.9
OK
DATA,MOTOR_BREAKIN_V3,000001,1281,510,512,0.000,0.000,3.092,0.306,2.786,38,FWD,RUN,0.000,0.000,0.030,0.362,0.000,0.000,0.000,0,0.504,533,2.605,22.9
OK
DATA,MOTOR_BREAKIN_V3,000001,1381,510,512,0.000,0.000,3.148,0.279,2.870,42,FWD,RUN,0.000,0.000,0.038,0.334,0.000,0.000,0.000,0,0.504,533,2.605,22.8
OK
DATA,MOTOR_BREAKIN_V3,000001,1481,509,511,0.076,0.060,3.260,0.418,2.842,45,FWD,RUN,0.068,0.193,0.068,0.139,0.000,0.000,0.000,0,0.504,533,2.605,22.9
OK
DATA,MOTOR_BREAKIN_V3,000001,1581,509,512,0.076,0.000,3.232,0.390,2.842,48,FWD,RUN,0.038,0.107,0.068,0.279,0.000,0.000,0.000,0,0.504,533,2.605,22.3
DATA,MOTOR_BREAKIN_V3,000001,1681,509,511,0.076,0.060,3.399,0.474,2.925,48,FWD,RUN,0.068,0.199,0.068,0.501,0.000,0.000,0.000,0,0.504,533,2.605,22.9
OK
DATA,MOTOR_BREAKIN_V3,000001,1781,507,511,0.128,0.060,3.455,0.362,3.092,50,FWD,RUN,0.094,0.292,0.094,0.529,0.000,0.000,0.000,0,0.504,533,2.605,22.9
OK
DATA,MOTOR_BREAKIN_V3,000001,1881,509,510,0.076,0.087,3.399,0.390,3.009,48,FWD,RUN,0.081,0.244,0.094,0.390,0.000,0.000,0.000,0,0.504,533,2.605,22.9
DATA,MOTOR_BREAKIN_V3,000001,1981,510,512,0.000,0.000,3.705,0.251,3.455,48,FWD,RUN,0.000,0.000,0.094,0.446,0.000,0.000,0.000,0,0.504,533,2.605,22.9
OK
DATA,MOTOR_BREAKIN_V3,000001,2081,510,513,0.000,0.000,3.371,0.223,3.148,39,FWD,RUN,0.000,0.000,0.068,0.501,0.000,0.000,0.000,0,0.504,533,2.605,22.9
OK
DATA,MOTOR_BREAKIN_V3,000001,2181,510,512,0.000,0.000,3.176,0.362,2.814,36,FWD,RUN,0.000,0.000,0.068,0.780,0.000,0.000,0.000,0,0.504,533,2.605,22.9
OK
DATA,MOTOR_BREAKIN_V3,000001,2281,509,512,0.076,0.000,3.204,0.279,2.925,40,FWD,RUN,0.038,0.110,0.038,0.780,0.000,0.000,0.000,0,0.504,533,2.605,22.9
OK
DATA,MOTOR_BREAKIN_V3,000001,2381,510,511,0.000,0.060,3.120,0.334,2.786,42,FWD,RUN,0.030,0.084,0.038,0.418,0.000,0.000,0.000,0,0.504,533,2.605,22.9
OK
DATA,MOTOR_BREAKIN_V3,000001,2481,509,511,0.076,0.060,3.204,0.390,2.814,46,FWD,RUN,0.068,0.191,0.068,0.390,0.000,0.000,0.000,0,0.504,533,2.605,22.9
DATA,MOTOR_BREAKIN_V3,000001,2581,508,511,0.102,0.060,3.315,0.334,2.981,46,FWD,RUN,0.081,0.242,0.043,0.306,0.000,0.000,0.000,0,0.504,533,2.605,22.9
DATA,MOTOR_BREAKIN_V3,000001,2681,508,511,0.102,0.060,3.315,0.474,2.842,46,FWD,RUN,0.081,0.230,0.043,0.167,0.000,0.000,0.000,0,0.504,533,2.605,22.9
OK
DATA,MOTOR_BREAKIN_V3,000001,2781,509,512,0.076,0.000,3.343,0.446,2.897,49,FWD,RUN,0.038,0.109,0.043,0.418,0.000,0.000,0.000,0,0.504,533,2.605,22.9
OK
DATA,MOTOR_BREAKIN_V3,000001,2881,508,511,0.102,0.060,3.594,0.474,3.120,51,FWD,RUN,0.081,0.253,0.043,0.501,0.000,0.000,0.000,0,0.504,533,2.605,22.9
OK
DATA,MOTOR_BREAKIN_V3,000001,2981,509,510,0.076,0.087,3.622,0.139,3.482,49,FWD,RUN,0.081,0.282,0.081,0.613,0.000,0.000,0.000,0,0.504,533,2.605,22.9
OK
DATA,MOTOR_BREAKIN_V3,000001,3080,510,513,0.000,0.000,3.371,0.223,3.148,39,FWD,RUN,0.000,0.000,0.081,0.557,0.216,0.068,3.176,49,0.504,533,2.605,22.9
OK
DATA,MOTOR_BREAKIN_V3,000001,3181,509,512,0.076,0.000,3.260,0.279,2.981,36,FWD,RUN,0.038,0.113,0.068,0.279,0.216,0.068,3.176,49,0.504,533,2.605,22.9
DATA,MOTOR_BREAKIN_V3,000001,3281,510,512,0.000,0.000,3.204,0.167,3.037,36,FWD,RUN,0.000,0.000,0.038,0.362,0.216,0.068,3.176,49,0.504,533,2.605,22.9
OK
DATA,MOTOR_BREAKIN_V3,000001,3381,510,513,0.000,0.000,3.065,0.223,2.842,35,FWD,RUN,0.000,0.000,0.038,0.446,0.216,0.068,3.176,49,0.504,533,2.605,22.9
DATA,MOTOR_BREAKIN_V3,000001,3481,510,513,0.000,0.000,2.953,0.223,2.730,35,FWD,RUN,0.000,0.000,0.038,0.251,0.216,0.068,3.176,49,0.504,533,2.605,22.9
OK
DATA,MOTOR_BREAKIN_V3,000001,3581,510,511,0.000,0.060,3.065,0.334,2.730,40,FWD,RUN,0.030,0.082,0.038,0.279,0.216,0.068,3.176,49,0.504,533,2.605,22.9
OK
DATA,MOTOR_BREAKIN_V3,000001,3681,509,512,0.076,0.000,3.260,0.418,2.842,45,FWD,RUN,0.038,0.107,0.081,0.279,0.228,0.081,2.814,40,0.504,533,2.605,22.9
OK
DATA,MOTOR_BREAKIN_V3,000001,3781,508,512,0.102,0.000,3.371,0.362,3.009,48,FWD,RUN,0.051,0.153,0.081,0.529,0.233,0.081,2.870,48,0.504,533,2.605,22.9
DATA,MOTOR_BREAKIN_V3,000001,3881,508,512,0.102,0.000,3.287,0.446,2.842,48,FWD,RUN,0.051,0.145,0.081,0.836,0.251,0.081,3.092,48,0.504,533,2.605,22.9
OK
DATA,MOTOR_BREAKIN_V3,000001,3981,509,510,0.076,0.087,3.538,0.446,3.092,51,FWD,RUN,0.081,0.251,0.094,0.752,0.286,0.094,3.037,51,0.504,533,2.605,22.9
OK
DATA,MOTOR_BREAKIN_V3,000001,4081,508,511,0.102,0.060,3.510,0.306,3.204,49,FWD,RUN,0.081,0.260,0.057,0.390,0.297,0.094,3.148,51,0.504,533,2.605,22.9
OK
DATA,MOTOR_BREAKIN_V3,000001,4181,509,511,0.076,0.060,3.399,0.334,3.065,45,FWD,RUN,0.068,0.208,0.057,0.362,0.297,0.094,3.148,51,0.504,533,2.605,22.9
DATA,MOTOR_BREAKIN_V3,000001,4281,509,512,0.076,0.000,3.566,0.251,3.315,45,FWD,RUN,0.038,0.125,0.051,0.334,0.297,0.094,3.148,51,0.504,533,2.605,22.9
OK
DATA,MOTOR_BREAKIN_V3,000001,4381,509,512,0.076,0.000,3.343,0.306,3.037,44,FWD,RUN,0.038,0.115,0.081,0.362,0.297,0.094,3.148,51,0.504,533,2.605,22.9
OK
DATA,MOTOR_BREAKIN_V3,000001,4481,510,512,0.000,0.000,3.594,0.223,3.371,43,FWD,RUN,0.000,0.000,0.068,0.446,0.297,0.094,3.148,51,0.504,533,2.605,22.9
OK
DATA,MOTOR_BREAKIN_V3,000001,4581,510,513,0.000,0.000,3.092,0.223,2.870,36,FWD,RUN,0.000,0.000,0.068,0.501,0.297,0.094,3.148,51,0.504,533,2.605,22.9
OK
DATA,MOTOR_BREAKIN_V3,000001,4681,510,511,0.000,0.060,3.148,0.251,2.897,39,FWD,RUN,0.030,0.087,0.038,0.334,0.297,0.094,3.148,51,0.504,533,2.605,22.9
OK
DATA,MOTOR_BREAKIN_V3,000001,4781,510,512,0.000,0.000,3.176,0.306,2.870,41,FWD,RUN,0.000,0.000,0.038,0.223,0.297,0.094,3.148,51,0.504,533,2.605,22.9
OK
DATA,MOTOR_BREAKIN_V3,000001,4881,510,513,0.000,0.000,3.287,0.306,2.981,44,FWD,RUN,0.000,0.000,0.038,0.251,0.297,0.094,3.148,51,0.504,533,2.605,22.9
DATA,MOTOR_BREAKIN_V3,000001,4981,509,511,0.076,0.060,3.427,0.251,3.176,44,FWD,RUN,0.068,0.216,0.068,0.418,0.297,0.094,3.148,51,0.504,533,2.605,22.8
OK
DATA,MOTOR_BREAKIN_V3,000001,5081,510,513,0.000,0.000,3.343,0.195,3.148,40,FWD,RUN,0.000,0.000,0.081,0.334,0.297,0.094,3.148,51,0.504,533,2.605,22.9
OK
DATA,MOTOR_BREAKIN_V3,000001,5181,510,512,0.000,0.000,3.176,0.251,2.925,37,FWD,RUN,0.000,0.000,0.081,0.306,0.297,0.094,3.148,51,0.504,533,2.605,22.9
DATA,MOTOR_BREAKIN_V3,000001,5281,510,513,0.000,0.000,3.260,0.139,3.120,37,FWD,RUN,0.000,0.000,0.068,0.501,0.297,0.094,3.148,51,0.504,533,2.605,22.9
OK
DATA,MOTOR_BREAKIN_V3,000001,5381,510,512,0.000,0.000,3.037,0.251,2.786,35,FWD,RUN,0.000,0.000,0.068,0.696,0.297,0.094,3.148,51,0.504,533,2.605,22.9
OK
DATA,MOTOR_BREAKIN_V3,000001,5481,510,512,0.000,0.000,3.037,0.279,2.758,39,FWD,RUN,0.000,0.000,0.068,0.696,0.297,0.094,3.148,51,0.504,533,2.605,22.9
OK
DATA,MOTOR_BREAKIN_V3,000001,5581,509,512,0.076,0.000,3.204,0.362,2.842,44,FWD,RUN,0.038,0.107,0.068,0.279,0.297,0.094,3.148,51,0.504,533,2.605,22.9
OK
DATA,MOTOR_BREAKIN_V3,000001,5681,509,511,0.076,0.060,3.287,0.474,2.814,47,FWD,RUN,0.068,0.191,0.081,0.390,0.297,0.094,3.148,51,0.504,533,2.605,22.9
OK
DATA,MOTOR_BREAKIN_V3,000001,5781,508,510,0.102,0.087,3.427,0.362,3.065,51,FWD,RUN,0.094,0.289,0.070,0.474,0.341,0.108,3.176,51,0.504,533,2.605,22.9
OK
DATA,MOTOR_BREAKIN_V3,000001,5881,508,511,0.102,0.060,3.482,0.390,3.092,50,FWD,RUN,0.081,0.251,0.108,0.418,0.341,0.108,3.176,51,0.504,533,2.605,22.9
OK
DATA,MOTOR_BREAKIN_V3,000001,5981,509,512,0.076,0.000,3.455,0.334,3.120,48,FWD,RUN,0.038,0.118,0.094,0.390,0.341,0.108,3.176,51,0.504,533,2.605,22.9
OK
DATA,MOTOR_BREAKIN_V3,000001,6081,509,512,0.076,0.000,3.566,0.613,2.953,46,FWD,RUN,0.038,0.112,0.081,0.418,0.341,0.108,3.176,51,0.504,533,2.605,22.9
DATA,MOTOR_BREAKIN_V3,000001,6181,509,512,0.076,0.000,3.371,0.362,3.009,46,FWD,RUN,0.038,0.114,0.038,0.334,0.341,0.108,3.176,51,0.504,533,2.605,22.9
DATA,MOTOR_BREAKIN_V3,000001,6280,509,512,0.076,0.000,3.427,0.279,3.148,46,FWD,RUN,0.038,0.119,0.081,0.279,0.341,0.108,3.176,51,0.504,534,2.610,22.9
OK
DATA,MOTOR_BREAKIN_V3,000001,6381,510,511,0.000,0.060,3.315,0.279,3.037,43,FWD,RUN,0.030,0.091,0.081,0.446,0.341,0.108,3.176,51,0.504,533,2.605,22.9
OK
DATA,MOTOR_BREAKIN_V3,000001,6481,509,512,0.076,0.000,3.427,0.334,3.092,42,FWD,RUN,0.038,0.117,0.068,0.474,0.341,0.108,3.176,51,0.504,533,2.605,22.9
OK
DATA,MOTOR_BREAKIN_V3,000001,6581,510,512,0.000,0.000,3.510,0.195,3.315,40,FWD,RUN,0.000,0.000,0.068,0.390,0.341,0.108,3.176,51,0.504,533,2.605,22.9
OK
DATA,MOTOR_BREAKIN_V3,000001,6681,511,513,0.000,0.000,3.315,0.056,3.260,35,FWD,RUN,0.000,0.000,0.068,0.501,0.341,0.108,3.176,51,0.504,533,2.605,22.9
DATA,MOTOR_BREAKIN_V3,000001,6781,510,513,0.000,0.000,3.037,0.223,2.814,35,FWD,RUN,0.000,0.000,0.068,0.446,0.341,0.108,3.176,51,0.504,533,2.605,22.9
OK
DATA,MOTOR_BREAKIN_V3,000001,6881,510,511,0.000,0.060,3.065,0.334,2.730,39,FWD,RUN,0.030,0.082,0.068,0.501,0.341,0.108,3.176,51,0.504,533,2.605,22.9
OK
DATA,MOTOR_BREAKIN_V3,000001,6981,509,511,0.076,0.060,3.176,0.390,2.786,44,FWD,RUN,0.068,0.189,0.068,0.557,0.341,0.108,3.176,51,0.504,533,2.605,22.8
DATA,MOTOR_BREAKIN_V3,000001,7081,509,512,0.076,0.000,3.232,0.279,2.953,44,FWD,RUN,0.038,0.112,0.068,0.669,0.341,0.108,3.176,51,0.504,533,2.605,22.9
OK
DATA,MOTOR_BREAKIN_V3,000001,7181,509,511,0.076,0.060,3.371,0.390,2.981,48,FWD,RUN,0.068,0.202,0.051,0.613,0.341,0.108,3.176,51,0.504,533,2.605,22.9
DATA,MOTOR_BREAKIN_V3,000001,7281,508,511,0.102,0.060,3.510,0.306,3.204,48,FWD,RUN,0.081,0.260,0.043,0.474,0.341,0.108,3.176,51,0.504,533,2.605,22.9
OK
DATA,MOTOR_BREAKIN_V3,000001,7381,510,512,0.000,0.000,3.343,0.418,2.925,44,FWD,RUN,0.000,0.000,0.081,0.279,0.341,0.108,3.176,51,0.504,533,2.605,22.8
OK
DATA,MOTOR_BREAKIN_V3,000001,7481,509,510,0.076,0.087,3.455,0.613,2.842,46,FWD,RUN,0.081,0.230,0.081,0.724,0.341,0.108,3.176,51,0.504,533,2.605,22.9
OK
DATA,MOTOR_BREAKIN_V3,000001,7581,509,511,0.076,0.060,3.399,0.446,2.953,49,FWD,RUN,0.068,0.200,0.064,0.724,0.341,0.108,3.176,51,0.504,533,2.605,22.9
OK
DATA,MOTOR_BREAKIN_V3,000001,7681,510,512,0.000,0.000,3.677,0.306,3.371,50,FWD,RUN,0.000,0.000,0.094,0.529,0.341,0.108,3.176,51,0.504,533,2.605,22.9
OK
DATA,MOTOR_BREAKIN_V3,000001,7781,510,512,0.000,0.000,3.677,0.000,3.677,43,FWD,RUN,0.000,0.000,0.081,0.808,0.341,0.108,3.176,51,0.504,533,2.605,22.9
OK
DATA,MOTOR_BREAKIN_V3,000001,7881,510,512,0.000,0.000,3.232,0.251,2.981,35,FWD,RUN,0.000,0.000,0.081,0.696,0.341,0.108,3.176,51,0.504,533,2.605,22.9
DATA,MOTOR_BREAKIN_V3,000001,7981,512,513,0.000,0.000,3.371,0.000,3.371,35,FWD,RUN,0.000,0.000,0.068,0.446,0.341,0.108,3.176,51,0.504,533,2.605,22.9
DATA,MOTOR_BREAKIN_V3,000001,8081,510,512,0.000,0.000,2.953,0.223,2.730,35,FWD,RUN,0.000,0.000,0.038,0.641,0.341,0.108,3.176,51,0.504,533,2.605,22.9
DATA,MOTOR_BREAKIN_V3,000001,8181,510,512,0.000,0.000,3.065,0.195,2.870,35,FWD,RUN,0.000,0.000,0.038,0.306,0.341,0.108,3.176,51,0.504,533,2.605,22.9
OK
DATA,MOTOR_BREAKIN_V3,000001,8281,509,511,0.076,0.060,3.037,0.306,2.730,38,FWD,RUN,0.068,0.185,0.068,0.334,0.341,0.108,3.176,51,0.504,533,2.605,22.9
OK
DATA,MOTOR_BREAKIN_V3,000001,8381,509,512,0.076,0.000,3.120,0.362,2.758,43,FWD,RUN,0.038,0.104,0.068,0.362,0.341,0.108,3.176,51,0.504,533,2.605,22.8
OK
DATA,MOTOR_BREAKIN_V3,000001,8481,507,510,0.128,0.087,3.455,0.362,3.092,48,FWD,RUN,0.108,0.332,0.108,0.529,0.341,0.108,3.176,51,0.504,533,2.605,22.9
OK
DATA,MOTOR_BREAKIN_V3,000001,8581,509,512,0.076,0.000,3.260,0.390,2.870,46,FWD,RUN,0.038,0.108,0.108,0.696,0.341,0.108,3.176,51,0.504,533,2.605,22.9
OK
DATA,MOTOR_BREAKIN_V3,000001,8681,509,512,0.076,0.000,3.705,0.167,3.538,49,FWD,RUN,0.038,0.134,0.081,0.696,0.341,0.108,3.176,51,0.504,533,2.605,22.9
OK
DATA,MOTOR_BREAKIN_V3,000001,8781,510,512,0.000,0.000,3.315,0.251,3.065,38,FWD,RUN,0.000,0.000,0.081,0.696,0.341,0.108,3.176,51,0.504,533,2.605,22.9
OK
DATA,MOTOR_BREAKIN_V3,000001,8881,509,512,0.076,0.000,3.260,0.223,3.037,37,FWD,RUN,0.038,0.115,0.068,0.501,0.341,0.108,3.176,51,0.504,533,2.605,22.9
OK
DATA,MOTOR_BREAKIN_V3,000001,8981,510,512,0.000,0.000,3.120,0.251,2.870,36,FWD,RUN,0.000,0.000,0.038,0.251,0.341,0.108,3.176,51,0.504,533,2.605,22.9
DATA,MOTOR_BREAKIN_V3,000001,9081,509,512,0.076,0.000,3.037,0.251,2.786,36,FWD,RUN,0.038,0.105,0.038,0.167,0.341,0.108,3.176,51,0.504,533,2.605,22.9
OK
DATA,MOTOR_BREAKIN_V3,000001,9181,510,512,0.000,0.000,3.009,0.306,2.702,39,FWD,RUN,0.000,0.000,0.038,0.390,0.341,0.108,3.176,51,0.504,533,2.605,22.9
OK
DATA,MOTOR_BREAKIN_V3,000001,9281,510,511,0.000,0.060,3.315,0.362,2.953,45,FWD,RUN,0.030,0.089,0.068,0.390,0.341,0.108,3.176,51,0.504,533,2.605,22.3
OK
DATA,MOTOR_BREAKIN_V3,000001,9381,509,511,0.076,0.060,3.427,0.334,3.092,46,FWD,RUN,0.068,0.210,0.081,0.390,0.341,0.108,3.176,51,0.504,533,2.605,22.9
OK
DATA,MOTOR_BREAKIN_V3,000001,9480,508,511,0.102,0.060,3.399,0.223,3.176,44,FWD,RUN,0.081,0.258,0.081,0.529,0.341,0.108,3.176,51,0.504,533,2.605,22.9
OK
DATA,MOTOR_BREAKIN_V3,000001,9581,509,512,0.076,0.000,3.204,0.251,2.953,40,FWD,RUN,0.038,0.112,0.081,0.557,0.341,0.108,3.176,51,0.504,533,2.605,22.9
OK
DATA,MOTOR_BREAKIN_V3,000001,9681,509,511,0.076,0.060,3.204,0.251,2.953,41,FWD,RUN,0.068,0.200,0.081,0.641,0.341,0.108,3.176,51,0.504,533,2.605,22.9
OK
DATA,MOTOR_BREAKIN_V3,000001,9781,508,512,0.102,0.000,3.399,0.111,3.287,42,FWD,RUN,0.051,0.168,0.068,0.585,0.341,0.108,3.176,51,0.504,533,2.605,22.9
OK
DATA,MOTOR_BREAKIN_V3,000001,9881,509,513,0.076,0.000,3.037,0.251,2.786,36,FWD,RUN,0.038,0.105,0.030,0.501,0.341,0.108,3.176,51,0.504,533,2.605,22.9
OK
DATA,MOTOR_BREAKIN_V3,000001,9981,509,512,0.076,0.000,3.120,0.279,2.842,40,FWD,RUN,0.038,0.107,0.030,0.279,0.341,0.108,3.176,51,0.504,533,2.605,22.9
DATA,MOTOR_BREAKIN_V3,000001,10081,510,511,0.000,0.060,3.204,0.223,2.981,40,FWD,RUN,0.030,0.090,0.068,0.251,0.341,0.108,3.176,51,0.504,533,2.605,22.9
DATA,MOTOR_BREAKIN_V3,000001,10181,508,512,0.102,0.000,3.287,0.306,2.981,40,FWD,RUN,0.051,0.152,0.068,0.223,0.341,0.108,3.176,51,0.504,533,2.605,22.9
DATA,MOTOR_BREAKIN_V3,000001,10281,509,512,0.076,0.000,3.176,0.279,2.897,40,FWD,RUN,0.038,0.109,0.051,0.223,0.341,0.108,3.176,51,0.504,533,2.605,22.9
OK
DATA,MOTOR_BREAKIN_V3,000001,10381,508,512,0.102,0.000,3.176,0.279,2.897,42,FWD,RUN,0.051,0.148,0.068,0.251,0.341,0.108,3.176,51,0.504,533,2.605,22.9
OK
DATA,MOTOR_BREAKIN_V3,000001,10481,508,511,0.102,0.060,3.260,0.251,3.009,44,FWD,RUN,0.081,0.244,0.043,0.167,0.341,0.108,3.176,51,0.504,533,2.605,22.8
DATA,MOTOR_BREAKIN_V3,000001,10581,509,511,0.076,0.060,3.343,0.139,3.204,44,FWD,RUN,0.068,0.218,0.043,0.334,0.341,0.108,3.176,51,0.504,533,2.605,22.8
OK
DATA,MOTOR_BREAKIN_V3,000001,10681,509,512,0.076,0.000,3.092,0.334,2.758,40,FWD,RUN,0.038,0.104,0.081,0.446,0.341,0.108,3.176,51,0.504,533,2.605,22.9
OK
DATA,MOTOR_BREAKIN_V3,000001,10781,508,512,0.102,0.000,3.455,0.251,3.204,45,FWD,RUN,0.051,0.163,0.081,0.446,0.341,0.108,3.176,51,0.504,533,2.605,23.7
OK
DATA,MOTOR_BREAKIN_V3,000001,10881,509,512,0.076,0.000,3.287,0.251,3.037,41,FWD,RUN,0.038,0.115,0.094,0.529,0.341,0.108,3.176,51,0.504,533,2.605,22.8
DATA,MOTOR_BREAKIN_V3,000001,10981,510,512,0.000,0.000,3.148,0.195,2.953,41,FWD,RUN,0.000,0.000,0.094,0.641,0.341,0.108,3.176,51,0.504,533,2.605,22.8
OK
DATA,MOTOR_BREAKIN_V3,000001,11081,508,511,0.102,0.060,3.260,0.251,3.009,42,FWD,RUN,0.081,0.244,0.081,0.390,0.341,0.108,3.176,51,0.504,533,2.605,22.8
DATA,MOTOR_BREAKIN_V3,000001,11181,509,511,0.076,0.060,3.204,0.334,2.870,42,FWD,RUN,0.068,0.195,0.081,0.557,0.341,0.108,3.176,51,0.504,533,2.605,22.9
OK
DATA,MOTOR_BREAKIN_V3,000001,11281,508,512,0.102,0.000,3.371,0.251,3.120,45,FWD,RUN,0.051,0.159,0.081,0.390,0.341,0.108,3.176,51,0.504,533,2.605,22.9
OK
DATA,MOTOR_BREAKIN_V3,000001,11381,509,512,0.076,0.000,3.232,0.251,2.981,43,FWD,RUN,0.038,0.113,0.043,0.279,0.341,0.108,3.176,51,0.504,533,2.605,22.4
DATA,MOTOR_BREAKIN_V3,000001,11481,509,511,0.076,0.060,3.287,0.251,3.037,43,FWD,RUN,0.068,0.206,0.043,0.167,0.341,0.108,3.176,51,0.504,533,2.605,22.9
OK
DATA,MOTOR_BREAKIN_V3,000001,11581,509,511,0.076,0.060,3.232,0.306,2.925,42,FWD,RUN,0.068,0.199,0.068,0.223,0.341,0.108,3.176,51,0.504,533,2.605,22.8
OK
DATA,MOTOR_BREAKIN_V3,000001,11681,508,512,0.102,0.000,3.260,0.418,2.842,44,FWD,RUN,0.051,0.145,0.068,0.251,0.341,0.108,3.176,51,0.504,533,2.605,22.9
OK
DATA,MOTOR_BREAKIN_V3,000001,11781,509,511,0.076,0.060,3.287,0.362,2.925,47,FWD,RUN,0.068,0.199,0.043,0.306,0.341,0.108,3.176,51,0.504,533,2.605,22.9
DATA,MOTOR_BREAKIN_V3,000001,11881,509,512,0.076,0.000,3.371,0.529,2.842,47,FWD,RUN,0.038,0.107,0.057,0.474,0.341,0.108,3.176,51,0.504,533,2.605,22.9
OK
DATA,MOTOR_BREAKIN_V3,000001,11981,509,512,0.076,0.000,3.566,0.279,3.287,50,FWD,RUN,0.038,0.124,0.057,0.557,0.341,0.108,3.176,51,0.504,533,2.605,22.9
OK
DATA,MOTOR_BREAKIN_V3,000001,12081,509,512,0.076,0.000,3.260,0.306,2.953,44,FWD,RUN,0.038,0.112,0.043,0.557,0.341,0.108,3.176,51,0.504,533,2.605,22.9
OK
DATA,MOTOR_BREAKIN_V3,000001,12181,509,511,0.076,0.060,3.343,0.279,3.065,45,FWD,RUN,0.068,0.208,0.070,0.613,0.341,0.108,3.176,51,0.504,533,2.605,22.9
OK
DATA,MOTOR_BREAKIN_V3,000001,12281,509,512,0.076,0.000,3.287,0.306,2.981,44,FWD,RUN,0.038,0.113,0.070,0.613,0.341,0.108,3.176,51,0.504,533,2.605,22.9
DATA,MOTOR_BREAKIN_V3,000001,12381,509,512,0.076,0.000,3.371,0.334,3.037,44,FWD,RUN,0.038,0.115,0.043,0.251,0.341,0.108,3.176,51,0.504,533,2.605,22.9
OK
DATA,MOTOR_BREAKIN_V3,000001,12481,509,512,0.076,0.000,3.204,0.251,2.953,43,FWD,RUN,0.038,0.112,0.030,0.251,0.341,0.108,3.176,51,0.504,533,2.605,22.9
OK
DATA,MOTOR_BREAKIN_V3,000001,12581,508,511,0.102,0.060,3.287,0.279,3.009,44,FWD,RUN,0.081,0.244,0.043,0.167,0.341,0.108,3.176,51,0.504,533,2.605,22.9
DATA,MOTOR_BREAKIN_V3,000001,12680,509,511,0.076,0.060,3.232,0.223,3.009,44,FWD,RUN,0.068,0.204,0.043,0.334,0.341,0.108,3.176,51,0.504,533,2.605,22.9
DATA,MOTOR_BREAKIN_V3,000001,12781,509,512,0.076,0.000,3.260,0.362,2.897,44,FWD,RUN,0.038,0.109,0.081,0.418,0.341,0.108,3.176,51,0.504,533,2.605,22.9
DATA,MOTOR_BREAKIN_V3,000001,12881,508,512,0.102,0.000,3.232,0.529,2.702,44,FWD,RUN,0.051,0.138,0.068,0.501,0.341,0.108,3.176,51,0.504,533,2.605,22.9
OK
DATA,MOTOR_BREAKIN_V3,000001,12981,508,512,0.102,0.000,3.455,0.418,3.037,50,FWD,RUN,0.051,0.155,0.057,0.696,0.341,0.108,3.176,51,0.504,533,2.605,22.9
OK
DATA,MOTOR_BREAKIN_V3,000001,13081,509,511,0.076,0.060,3.566,0.139,3.427,49,FWD,RUN,0.068,0.233,0.057,0.585,0.341,0.108,3.176,51,0.504,533,2.605,22.9
OK
DATA,MOTOR_BREAKIN_V3,000001,13181,509,513,0.076,0.000,3.092,0.306,2.786,40,FWD,RUN,0.038,0.105,0.094,0.641,0.341,0.108,3.176,51,0.504,533,2.605,22.9
OK
DATA,MOTOR_BREAKIN_V3,000001,13281,509,512,0.076,0.000,3.343,0.529,2.814,44,FWD,RUN,0.038,0.106,0.094,0.251,0.341,0.108,3.176,51,0.504,533,2.605,22.9
OK
DATA,MOTOR_BREAKIN_V3,000001,13381,508,511,0.102,0.060,3.427,0.501,2.925,48,FWD,RUN,0.081,0.237,0.081,0.306,0.341,0.108,3.176,51,0.504,533,2.605,22.9
OK
DATA,MOTOR_BREAKIN_V3,000001,13481,509,510,0.076,0.087,3.510,0.362,3.148,50,FWD,RUN,0.081,0.255,0.043,0.362,0.341,0.108,3.176,51,0.504,533,2.605,22.9
OK
DATA,MOTOR_BREAKIN_V3,000001,13581,509,511,0.076,0.060,3.371,0.474,2.897,47,FWD,RUN,0.068,0.197,0.040,0.557,0.359,0.108,3.343,50,0.504,533,2.605,22.9
OK
DATA,MOTOR_BREAKIN_V3,000001,13681,508,511,0.102,0.060,3.455,0.501,2.953,49,FWD,RUN,0.081,0.239,0.108,0.641,0.359,0.108,3.343,50,0.504,533,2.605,22.9
DATA,MOTOR_BREAKIN_V3,000001,13781,508,511,0.102,0.060,3.510,0.279,3.232,49,FWD,RUN,0.081,0.262,0.081,0.613,0.359,0.108,3.343,50,0.504,533,2.605,22.9
OK
DATA,MOTOR_BREAKIN_V3,000001,13881,509,511,0.076,0.060,3.287,0.251,3.037,44,FWD,RUN,0.068,0.206,0.081,0.501,0.359,0.108,3.343,50,0.504,533,2.605,22.9
OK
DATA,MOTOR_BREAKIN_V3,000001,13981,509,512,0.076,0.000,3.176,0.334,2.842,43,FWD,RUN,0.038,0.107,0.068,0.474,0.359,0.108,3.343,50,0.504,533,2.605,22.9
OK
DATA,MOTOR_BREAKIN_V3,000001,14081,509,511,0.076,0.060,3.315,0.279,3.037,46,FWD,RUN,0.068,0.206,0.030,0.251,0.359,0.108,3.343,50,0.504,533,2.605,22.9
OK
DATA,MOTOR_BREAKIN_V3,000001,14181,509,512,0.076,0.000,3.287,0.334,2.953,45,FWD,RUN,0.038,0.112,0.057,0.223,0.359,0.108,3.343,50,0.504,533,2.605,22.9
OK
DATA,MOTOR_BREAKIN_V3,000001,14281,509,511,0.076,0.060,3.371,0.334,3.037,46,FWD,RUN,0.068,0.206,0.057,0.223,0.359,0.108,3.343,50,0.504,533,2.605,22.9
OK
DATA,MOTOR_BREAKIN_V3,000001,14381,509,510,0.076,0.087,3.371,0.334,3.037,45,FWD,RUN,0.081,0.246,0.043,0.529,0.359,0.108,3.343,50,0.504,533,2.605,22.9
OK
DATA,MOTOR_BREAKIN_V3,000001,14481,509,511,0.076,0.060,3.315,0.446,2.870,44,FWD,RUN,0.068,0.195,0.030,0.529,0.359,0.108,3.343,50,0.504,533,2.605,22.9
OK
DATA,MOTOR_BREAKIN_V3,000001,14581,508,511,0.102,0.060,3.427,0.390,3.037,47,FWD,RUN,0.081,0.246,0.013,0.501,0.359,0.108,3.343,50,0.504,533,2.605,22.9
DATA,MOTOR_BREAKIN_V3,000001,14681,509,511,0.076,0.060,3.427,0.223,3.204,47,FWD,RUN,0.068,0.218,0.043,0.585,0.359,0.108,3.343,50,0.504,533,2.605,22.9
OK
DATA,MOTOR_BREAKIN_V3,000001,14781,509,511,0.076,0.060,3.204,0.362,2.842,43,FWD,RUN,0.068,0.193,0.081,0.390,0.359,0.108,3.343,50,0.504,533,2.605,22.3
OK
DATA,MOTOR_BREAKIN_V3,000001,14881,509,511,0.076,0.060,3.455,0.279,3.176,46,FWD,RUN,0.068,0.216,0.068,0.418,0.359,0.108,3.343,50,0.504,533,2.605,22.9
OK
DATA,MOTOR_BREAKIN_V3,000001,14981,509,512,0.076,0.000,3.148,0.362,2.786,42,FWD,RUN,0.038,0.105,0.068,0.529,0.359,0.108,3.343,50,0.504,533,2.605,22.8
OK
DATA,MOTOR_BREAKIN_V3,000001,15081,510,513,0.000,0.000,3.566,0.056,3.510,46,FWD,RUN,0.000,0.000,0.068,0.752,0.359,0.108,3.343,50,0.504,533,2.605,22.9
OK
DATA,MOTOR_BREAKIN_V3,000001,15181,510,512,0.000,0.000,3.065,0.251,2.814,36,FWD,RUN,0.000,0.000,0.081,0.724,0.359,0.108,3.343,50,0.504,533,2.605,22.8
OK
DATA,MOTOR_BREAKIN_V3,000001,15281,508,512,0.102,0.000,3.120,0.279,2.842,40,FWD,RUN,0.051,0.145,0.081,0.418,0.359,0.108,3.343,50,0.504,533,2.605,22.9
OK
DATA,MOTOR_BREAKIN_V3,000001,15381,510,512,0.000,0.000,3.343,0.251,3.092,43,FWD,RUN,0.000,0.000,0.068,0.390,0.359,0.108,3.343,50,0.504,533,2.605,24.1
OK
DATA,MOTOR_BREAKIN_V3,000001,15481,510,512,0.000,0.000,3.120,0.334,2.786,41,FWD,RUN,0.000,0.000,0.068,0.418,0.359,0.108,3.343,50,0.504,533,2.605,22.9
DATA,MOTOR_BREAKIN_V3,000001,15581,509,512,0.076,0.000,3.176,0.334,2.842,41,FWD,RUN,0.038,0.107,0.081,0.446,0.359,0.108,3.343,50,0.504,533,2.605,22.9
OK
DATA,MOTOR_BREAKIN_V3,000001,15681,511,512,0.000,0.000,3.371,0.251,3.120,44,FWD,RUN,0.000,0.000,0.081,0.446,0.359,0.108,3.343,50,0.504,533,2.605,22.8
OK
DATA,MOTOR_BREAKIN_V3,000001,15781,509,511,0.076,0.060,3.204,0.334,2.870,42,FWD,RUN,0.068,0.195,0.068,0.306,0.359,0.108,3.343,50,0.504,533,2.605,22.9
OK
DATA,MOTOR_BREAKIN_V3,000001,15880,509,510,0.076,0.087,3.204,0.390,2.814,45,FWD,RUN,0.081,0.228,0.081,0.362,0.359,0.108,3.343,50,0.504,533,2.605,22.2
OK
DATA,MOTOR_BREAKIN_V3,000001,15981,508,510,0.102,0.087,3.371,0.334,3.037,49,FWD,RUN,0.094,0.286,0.094,0.446,0.359,0.108,3.343,50,0.504,533,2.605,22.9
OK
DATA,MOTOR_BREAKIN_V3,000001,16081,508,511,0.102,0.060,3.482,0.279,3.204,48,FWD,RUN,0.081,0.260,0.094,0.557,0.359,0.108,3.343,50,0.504,533,2.605,22.9
OK
DATA,MOTOR_BREAKIN_V3,000001,16181,510,512,0.000,0.000,3.538,0.195,3.343,44,FWD,RUN,0.000,0.000,0.094,0.501,0.359,0.108,3.343,50,0.504,533,2.605,22.7
DATA,MOTOR_BREAKIN_V3,000001,16281,509,511,0.076,0.060,3.287,0.279,3.009,44,FWD,RUN,0.068,0.204,0.108,0.557,0.359,0.108,3.343,50,0.504,533,2.605,22.9
DATA,MOTOR_BREAKIN_V3,000001,16381,510,511,0.000,0.060,3.176,0.362,2.814,44,FWD,RUN,0.030,0.085,0.108,0.362,0.359,0.108,3.343,50,0.504,533,2.605,22.9
OK
DATA,MOTOR_BREAKIN_V3,000001,16481,510,511,0.000,0.060,3.455,0.279,3.176,48,FWD,RUN,0.030,0.096,0.068,0.362,0.359,0.108,3.343,50,0.504,533,2.605,22.9
OK
DATA,MOTOR_BREAKIN_V3,000001,16581,509,511,0.076,0.060,3.232,0.306,2.925,44,FWD,RUN,0.068,0.199,0.081,0.641,0.359,0.108,3.343,50,0.504,533,2.605,22.9
OK
DATA,MOTOR_BREAKIN_V3,000001,16681,509,512,0.076,0.000,3.315,0.334,2.981,46,FWD,RUN,0.038,0.113,0.081,0.780,0.359,0.108,3.343,50,0.504,533,2.605,22.9
DATA,MOTOR_BREAKIN_V3,000001,16781,508,510,0.102,0.087,3.287,0.306,2.981,46,FWD,RUN,0.094,0.281,0.057,0.557,0.359,0.108,3.343,50,0.504,533,2.605,22.9
DATA,MOTOR_BREAKIN_V3,000001,16881,509,512,0.076,0.000,3.343,0.334,3.009,46,FWD,RUN,0.038,0.114,0.057,0.501,0.359,0.108,3.343,50,0.504,533,2.605,22.9
DATA,MOTOR_BREAKIN_V3,000001,16981,509,512,0.076,0.000,3.315,0.306,3.009,46,FWD,RUN,0.038,0.114,0.057,0.557,0.359,0.108,3.343,50,0.504,533,2.605,22.9
DATA,MOTOR_BREAKIN_V3,000001,17081,509,512,0.076,0.000,3.315,0.585,2.730,46,FWD,RUN,0.038,0.103,0.057,0.529,0.359,0.108,3.343,50,0.504,533,2.605,22.9
OK
DATA,MOTOR_BREAKIN_V3,000001,17181,509,512,0.076,0.000,3.427,0.251,3.176,51,FWD,RUN,0.038,0.120,0.043,0.529,0.359,0.108,3.343,50,0.504,533,2.605,22.9
DATA,MOTOR_BREAKIN_V3,000001,17281,509,512,0.076,0.000,3.566,0.446,3.120,51,FWD,RUN,0.038,0.118,0.043,0.279,0.359,0.108,3.343,50,0.504,533,2.605,22.9
OK
DATA,MOTOR_BREAKIN_V3,000001,17381,509,511,0.076,0.060,3.482,0.362,3.120,49,FWD,RUN,0.068,0.212,0.043,0.306,0.359,0.108,3.343,50,0.504,533,2.605,22.9
OK
DATA,MOTOR_BREAKIN_V3,000001,17481,508,510,0.102,0.087,3.538,0.390,3.148,47,FWD,RUN,0.094,0.297,0.094,0.334,0.359,0.108,3.343,50,0.504,533,2.605,22.9
OK
DATA,MOTOR_BREAKIN_V3,000001,17581,509,510,0.076,0.087,3.427,0.334,3.092,44,FWD,RUN,0.081,0.251,0.094,0.251,0.359,0.108,3.343,50,0.504,533,2.605,22.9
OK
DATA,MOTOR_BREAKIN_V3,000001,17681,510,512,0.000,0.000,3.343,0.251,3.092,42,FWD,RUN,0.000,0.000,0.081,0.641,0.359,0.108,3.343,50,0.504,533,2.605,22.9
OK
DATA,MOTOR_BREAKIN_V3,000001,17781,510,512,0.000,0.000,3.399,0.223,3.176,40,FWD,RUN,0.000,0.000,0.068,0.696,0.359,0.108,3.343,50,0.504,533,2.605,22.9
OK
DATA,MOTOR_BREAKIN_V3,000001,17881,510,512,0.000,0.000,3.065,0.251,2.814,36,FWD,RUN,0.000,0.000,0.068,0.474,0.359,0.108,3.343,50,0.504,533,2.605,22.9
OK
DATA,MOTOR_BREAKIN_V3,000001,17981,509,511,0.076,0.060,3.232,0.251,2.981,40,FWD,RUN,0.068,0.202,0.068,0.362,0.359,0.108,3.343,50,0.504,533,2.605,22.9
DATA,MOTOR_BREAKIN_V3,000001,18081,510,513,0.000,0.000,3.176,0.279,2.897,40,FWD,RUN,0.000,0.000,0.068,0.306,0.359,0.108,3.343,50,0.504,533,2.605,22.9
DATA,MOTOR_BREAKIN_V3,000001,18181,511,513,0.000,0.000,3.343,0.111,3.232,40,FWD,RUN,0.000,0.000,0.068,0.418,0.359,0.108,3.343,50,0.504,533,2.605,22.9
OK
DATA,MOTOR_BREAKIN_V3,000001,18281,509,510,0.076,0.087,3.176,0.334,2.842,42,FWD,RUN,0.081,0.230,0.081,0.446,0.359,0.108,3.343,50,0.504,533,2.605,22.9
OK
DATA,MOTOR_BREAKIN_V3,000001,18381,508,511,0.102,0.060,3.232,0.390,2.842,45,FWD,RUN,0.081,0.230,0.081,0.418,0.359,0.108,3.343,50,0.504,533,2.605,22.3
OK
DATA,MOTOR_BREAKIN_V3,000001,18481,508,512,0.102,0.000,3.427,0.418,3.009,48,FWD,RUN,0.051,0.153,0.043,0.501,0.359,0.108,3.343,50,0.504,533,2.605,22.9
DATA,MOTOR_BREAKIN_V3,000001,18581,509,510,0.076,0.087,3.399,0.557,2.842,48,FWD,RUN,0.081,0.230,0.030,0.501,0.359,0.108,3.343,50,0.504,533,2.605,22.9
OK
DATA,MOTOR_BREAKIN_V3,000001,18681,508,511,0.102,0.060,3.455,0.446,3.009,51,FWD,RUN,0.081,0.244,0.043,0.501,0.359,0.108,3.343,50,0.504,533,2.605,22.9
DATA,MOTOR_BREAKIN_V3,000001,18781,509,511,0.076,0.060,3.705,0.251,3.455,51,FWD,RUN,0.068,0.235,0.070,0.474,0.359,0.108,3.343,50,0.504,533,2.605,22.9
OK
DATA,MOTOR_BREAKIN_V3,000001,18881,509,512,0.076,0.000,3.371,0.362,3.009,42,FWD,RUN,0.038,0.114,0.108,0.641,0.359,0.108,3.343,50,0.504,533,2.605,22.9
DATA,MOTOR_BREAKIN_V3,000001,18981,510,512,0.000,0.000,3.204,0.306,2.897,42,FWD,RUN,0.000,0.000,0.081,0.696,0.359,0.108,3.343,50,0.504,533,2.605,22.9
OK
DATA,MOTOR_BREAKIN_V3,000001,19080,509,512,0.076,0.000,3.315,0.306,3.009,44,FWD,RUN,0.038,0.114,0.068,0.362,0.359,0.108,3.343,50,0.504,533,2.605,22.9
DATA,MOTOR_BREAKIN_V3,000001,19181,509,512,0.076,0.000,3.343,0.641,2.702,44,FWD,RUN,0.038,0.102,0.068,0.696,0.359,0.108,3.343,50,0.504,533,2.605,22.9
DATA,MOTOR_BREAKIN_V3,000001,19281,509,512,0.076,0.000,3.399,0.334,3.065,44,FWD,RUN,0.038,0.116,0.081,0.696,0.359,0.108,3.343,50,0.504,533,2.605,22.9
OK
DATA,MOTOR_BREAKIN_V3,000001,19381,509,512,0.076,0.000,3.399,0.279,3.120,43,FWD,RUN,0.038,0.118,0.081,0.167,0.359,0.108,3.343,50,0.504,533,2.605,22.9
OK
DATA,MOTOR_BREAKIN_V3,000001,19481,509,511,0.076,0.060,3.343,0.167,3.176,41,FWD,RUN,0.068,0.216,0.068,0.306,0.359,0.108,3.343,50,0.504,533,2.605,22.9
OK
DATA,MOTOR_BREAKIN_V3,000001,19581,509,511,0.076,0.060,3.232,0.223,3.009,37,FWD,RUN,0.068,0.204,0.068,0.362,0.359,0.108,3.343,50,0.504,533,2.605,22.9
DATA,MOTOR_BREAKIN_V3,000001,19681,510,512,0.000,0.000,3.120,0.251,2.870,37,FWD,RUN,0.000,0.000,0.068,0.418,0.359,0.108,3.343,50,0.504,533,2.605,22.9
OK
DATA,MOTOR_BREAKIN_V3,000001,19781,509,512,0.076,0.000,3.120,0.306,2.814,40,FWD,RUN,0.038,0.106,0.068,0.529,0.359,0.108,3.343,50,0.504,533,2.605,22.9
OK
DATA,MOTOR_BREAKIN_V3,000001,19881,509,512,0.076,0.000,3.287,0.334,2.953,44,FWD,RUN,0.038,0.112,0.068,0.251,0.359,0.108,3.343,50,0.504,533,2.605,22.9
OK
DATA,MOTOR_BREAKIN_V3,000001,19981,509,511,0.076,0.060,3.260,0.306,2.953,45,FWD,RUN,0.068,0.200,0.068,0.306,0.359,0.108,3.343,50,0.504,533,2.605,22.9
OK
DATA,MOTOR_BREAKIN_V3,000001,20081,508,512,0.102,0.000,3.343,0.418,2.925,46,FWD,RUN,0.051,0.149,0.081,0.084,0.359,0.108,3.343,50,0.504,533,2.605,22.9
DATA,MOTOR_BREAKIN_V3,000001,20181,509,511,0.076,0.060,3.427,0.529,2.897,46,FWD,RUN,0.068,0.197,0.081,0.139,0.359,0.108,3.343,50,0.504,533,2.605,22.9
OK
DATA,MOTOR_BREAKIN_V3,000001,20281,508,512,0.102,0.000,3.399,0.306,3.092,48,FWD,RUN,0.051,0.158,0.081,0.251,0.359,0.108,3.343,50,0.504,533,2.605,22.9
OK
DATA,MOTOR_BREAKIN_V3,000001,20381,510,510,0.000,0.087,3.315,0.390,2.925,46,FWD,RUN,0.043,0.127,0.043,0.167,0.359,0.108,3.343,50,0.504,533,2.605,22.9
OK
DATA,MOTOR_BREAKIN_V3,000001,20481,509,511,0.076,0.060,3.482,0.474,3.009,48,FWD,RUN,0.068,0.204,0.043,0.474,0.359,0.108,3.343,50,0.504,532,2.600,22.9
DATA,MOTOR_BREAKIN_V3,000001,20581,508,512,0.102,0.000,3.510,0.418,3.092,48,FWD,RUN,0.051,0.158,0.043,0.474,0.359,0.108,3.343,50,0.504,533,2.605,22.9
OK
DATA,MOTOR_BREAKIN_V3,000001,20681,509,512,0.076,0.000,3.566,0.362,3.204,46,FWD,RUN,0.038,0.121,0.081,0.780,0.359,0.108,3.343,50,0.504,533,2.605,22.9
OK
DATA,MOTOR_BREAKIN_V3,000001,20781,509,511,0.076,0.060,3.343,0.279,3.065,42,FWD,RUN,0.068,0.208,0.081,0.752,0.359,0.108,3.343,50,0.504,533,2.605,22.9
OK
DATA,MOTOR_BREAKIN_V3,000001,20881,509,512,0.076,0.000,3.315,0.279,3.037,41,FWD,RUN,0.038,0.115,0.030,0.418,0.359,0.108,3.343,50,0.504,533,2.605,22.9
OK
DATA,MOTOR_BREAKIN_V3,000001,20981,510,511,0.000,0.060,3.343,0.306,3.037,40,FWD,RUN,0.030,0.091,0.068,0.418,0.359,0.108,3.343,50,0.504,533,2.605,22.9
DATA,MOTOR_BREAKIN_V3,000001,21081,509,512,0.076,0.000,3.315,0.306,3.009,40,FWD,RUN,0.038,0.114,0.038,0.390,0.359,0.108,3.343,50,0.504,533,2.605,22.9
OK
DATA,MOTOR_BREAKIN_V3,000001,21181,509,512,0.076,0.000,3.260,0.251,3.009,39,FWD,RUN,0.038,0.114,0.068,0.279,0.359,0.108,3.343,50,0.504,533,2.605,22.9
DATA,MOTOR_BREAKIN_V3,000001,21281,509,512,0.076,0.000,3.204,0.279,2.925,39,FWD,RUN,0.038,0.110,0.068,0.251,0.359,0.108,3.343,50,0.504,533,2.605,22.9
OK
DATA,MOTOR_BREAKIN_V3,000001,21381,509,511,0.076,0.060,3.120,0.362,2.758,41,FWD,RUN,0.068,0.187,0.068,0.390,0.359,0.108,3.343,50,0.504,533,2.605,22.9
OK
DATA,MOTOR_BREAKIN_V3,000001,21481,509,512,0.076,0.000,3.538,0.195,3.343,46,FWD,RUN,0.038,0.126,0.068,0.585,0.359,0.108,3.343,50,0.504,533,2.605,22.9
OK
DATA,MOTOR_BREAKIN_V3,000001,21581,510,512,0.000,0.000,3.260,0.223,3.037,39,FWD,RUN,0.000,0.000,0.081,0.557,0.359,0.108,3.343,50,0.504,533,2.605,22.9
OK
DATA,MOTOR_BREAKIN_V3,000001,21681,511,512,0.000,0.000,3.037,0.306,2.730,38,FWD,RUN,0.000,0.000,0.081,0.418,0.359,0.108,3.343,50,0.504,533,2.605,22.9
OK
DATA,MOTOR_BREAKIN_V3,000001,21781,509,511,0.076,0.060,3.315,0.334,2.981,43,FWD,RUN,0.068,0.202,0.068,0.362,0.359,0.108,3.343,50,0.504,533,2.605,22.8
DATA,MOTOR_BREAKIN_V3,000001,21881,509,512,0.076,0.000,3.315,0.362,2.953,43,FWD,RUN,0.038,0.112,0.068,0.279,0.359,0.108,3.343,50,0.504,533,2.605,22.9
OK
DATA,MOTOR_BREAKIN_V3,000001,21981,509,512,0.076,0.000,3.315,0.613,2.702,44,FWD,RUN,0.038,0.102,0.068,0.362,0.359,0.108,3.343,50,0.504,536,2.620,22.9
DATA,MOTOR_BREAKIN_V3,000001,22081,509,512,0.076,0.000,3.315,0.529,2.786,44,FWD,RUN,0.038,0.105,0.043,0.334,0.359,0.108,3.343,50,0.504,533,2.605,22.8
OK
DATA,MOTOR_BREAKIN_V3,000001,22181,508,512,0.102,0.000,3.482,0.306,3.176,48,FWD,RUN,0.051,0.162,0.081,0.390,0.359,0.108,3.343,50,0.504,533,2.605,22.9
OK
DATA,MOTOR_BREAKIN_V3,000001,22280,509,511,0.076,0.060,3.260,0.362,2.897,44,FWD,RUN,0.068,0.197,0.081,0.529,0.359,0.108,3.343,50,0.504,533,2.605,22.9
OK
DATA,MOTOR_BREAKIN_V3,000001,22381,509,511,0.076,0.060,3.427,0.474,2.953,46,FWD,RUN,0.068,0.200,0.043,0.585,0.359,0.108,3.343,50,0.504,533,2.605,22.9
OK
DATA,MOTOR_BREAKIN_V3,000001,22481,508,511,0.102,0.060,3.343,0.334,3.009,47,FWD,RUN,0.081,0.244,0.057,0.836,0.359,0.108,3.343,50,0.504,533,2.605,22.9
DATA,MOTOR_BREAKIN_V3,000001,22581,508,511,0.102,0.060,3.427,0.362,3.065,47,FWD,RUN,0.081,0.249,0.026,0.836,0.359,0.108,3.343,50,0.504,533,2.605,22.9
OK
DATA,MOTOR_BREAKIN_V3,000001,22681,509,511,0.076,0.060,3.315,0.390,2.925,46,FWD,RUN,0.068,0.199,0.057,0.334,0.359,0.108,3.343,50,0.504,533,2.605,22.9
OK
DATA,MOTOR_BREAKIN_V3,000001,22781,508,511,0.102,0.060,3.399,0.390,3.009,48,FWD,RUN,0.081,0.244,0.043,0.279,0.359,0.108,3.343,50,0.504,533,2.605,22.9
DATA,MOTOR_BREAKIN_V3,000001,22881,509,512,0.076,0.000,3.455,0.195,3.260,48,FWD,RUN,0.038,0.123,0.043,0.362,0.359,0.108,3.343,50,0.504,533,2.605,22.9
DATA,MOTOR_BREAKIN_V3,000001,22981,509,511,0.076,0.060,3.371,0.557,2.814,48,FWD,RUN,0.068,0.191,0.043,0.446,0.359,0.108,3.343,50,0.504,533,2.605,22.9
OK
DATA,MOTOR_BREAKIN_V3,000001,23081,509,512,0.076,0.000,3.622,0.334,3.287,52,FWD,RUN,0.038,0.124,0.057,0.641,0.359,0.108,3.343,50,0.504,533,2.605,22.9
OK
DATA,MOTOR_BREAKIN_V3,000001,23181,510,511,0.000,0.060,3.343,0.251,3.092,46,FWD,RUN,0.030,0.093,0.108,0.613,0.359,0.108,3.343,50,0.504,533,2.605,22.9
OK
DATA,MOTOR_BREAKIN_V3,000001,23281,509,510,0.076,0.087,3.315,0.279,3.037,44,FWD,RUN,0.081,0.246,0.108,0.529,0.359,0.108,3.343,50,0.504,533,2.605,22.8
OK
DATA,MOTOR_BREAKIN_V3,000001,23381,509,511,0.076,0.060,3.232,0.334,2.897,43,FWD,RUN,0.068,0.197,0.043,0.334,0.359,0.108,3.343,50,0.504,533,2.605,22.9
OK
DATA,MOTOR_BREAKIN_V3,000001,23481,509,511,0.076,0.060,3.315,0.362,2.953,45,FWD,RUN,0.068,0.200,0.043,0.223,0.359,0.108,3.343,50,0.504,533,2.605,22.9
OK
DATA,MOTOR_BREAKIN_V3,000001,23581,508,511,0.102,0.060,3.315,0.279,3.037,46,FWD,RUN,0.081,0.246,0.043,0.223,0.359,0.108,3.343,50,0.504,533,2.605,22.9
OK
DATA,MOTOR_BREAKIN_V3,000001,23681,509,510,0.076,0.087,3.315,0.279,3.037,45,FWD,RUN,0.081,0.246,0.043,0.279,0.359,0.108,3.343,50,0.504,533,2.605,24.0
OK
DATA,MOTOR_BREAKIN_V3,000001,23781,508,511,0.102,0.060,3.315,0.279,3.037,44,FWD,RUN,0.081,0.246,0.043,0.306,0.359,0.108,3.343,50,0.504,533,2.605,22.9
DATA,MOTOR_BREAKIN_V3,000001,23881,510,511,0.000,0.060,3.399,0.279,3.120,44,FWD,RUN,0.030,0.094,0.064,0.362,0.359,0.108,3.343,50,0.504,533,2.605,22.9
OK
DATA,MOTOR_BREAKIN_V3,000001,23981,508,511,0.102,0.060,3.399,0.306,3.092,42,FWD,RUN,0.081,0.251,0.064,0.223,0.359,0.108,3.343,50,0.504,533,2.605,22.8
OK
DATA,MOTOR_BREAKIN_V3,000001,24081,510,512,0.000,0.000,3.176,0.223,2.953,40,FWD,RUN,0.000,0.000,0.081,0.251,0.359,0.108,3.343,50,0.504,533,2.605,22.8
OK
DATA,MOTOR_BREAKIN_V3,000001,24181,509,512,0.076,0.000,3.260,0.390,2.870,41,FWD,RUN,0.038,0.108,0.068,0.195,0.359,0.108,3.343,50,0.504,533,2.605,22.8
OK
DATA,MOTOR_BREAKIN_V3,000001,24281,509,512,0.076,0.000,3.287,0.251,3.037,44,FWD,RUN,0.038,0.115,0.094,0.223,0.359,0.108,3.343,50,0.504,533,2.605,22.8
OK
DATA,MOTOR_BREAKIN_V3,000001,24381,508,511,0.102,0.060,3.260,0.362,2.897,43,FWD,RUN,0.081,0.235,0.094,0.362,0.359,0.108,3.343,50,0.504,533,2.605,22.9
OK
DATA,MOTOR_BREAKIN_V3,000001,24481,508,511,0.102,0.060,3.343,0.362,2.981,45,FWD,RUN,0.081,0.242,0.043,0.446,0.359,0.108,3.343,50,0.504,533,2.605,22.9
DATA,MOTOR_BREAKIN_V3,000001,24581,508,511,0.102,0.060,3.343,0.390,2.953,45,FWD,RUN,0.081,0.239,0.043,0.334,0.359,0.108,3.343,50,0.504,533,2.605,22.9
OK
DATA,MOTOR_BREAKIN_V3,000001,24681,508,510,0.102,0.087,3.343,0.223,3.120,46,FWD,RUN,0.094,0.294,0.057,0.362,0.359,0.108,3.343,50,0.504,533,2.605,22.9
DATA,MOTOR_BREAKIN_V3,000001,24781,508,510,0.102,0.087,3.371,0.334,3.037,46,FWD,RUN,0.094,0.286,0.057,0.279,0.359,0.108,3.343,50,0.504,533,2.605,22.9
OK
DATA,MOTOR_BREAKIN_V3,000001,24881,508,510,0.102,0.087,3.315,0.223,3.092,45,FWD,RUN,0.094,0.292,0.057,0.223,0.359,0.108,3.343,50,0.504,533,2.605,22.9
OK
DATA,MOTOR_BREAKIN_V3,000001,24981,508,511,0.102,0.060,3.260,0.306,2.953,43,FWD,RUN,0.081,0.239,0.057,0.306,0.359,0.108,3.343,50,0.504,533,2.605,23.8
OK
DATA,MOTOR_BREAKIN_V3,000001,25081,509,511,0.076,0.060,3.287,0.167,3.120,44,FWD,RUN,0.068,0.212,0.043,0.306,0.359,0.108,3.343,50,0.504,533,2.605,22.8
OK
DATA,MOTOR_BREAKIN_V3,000001,25181,510,512,0.000,0.000,3.204,0.279,2.925,42,FWD,RUN,0.000,0.000,0.068,0.279,0.359,0.108,3.343,50,0.504,533,2.605,22.9
OK
DATA,MOTOR_BREAKIN_V3,000001,25281,508,510,0.102,0.087,3.287,0.223,3.065,44,FWD,RUN,0.094,0.289,0.094,0.501,0.359,0.108,3.343,50,0.504,533,2.605,22.9
OK
DATA,MOTOR_BREAKIN_V3,000001,25381,509,511,0.076,0.060,3.260,0.306,2.953,43,FWD,RUN,0.068,0.200,0.057,0.474,0.359,0.108,3.343,50,0.504,533,2.605,22.8
OK
DATA,MOTOR_BREAKIN_V3,000001,25480,508,511,0.102,0.060,3.287,0.306,2.981,44,FWD,RUN,0.081,0.242,0.057,0.167,0.359,0.108,3.343,50,0.504,533,2.605,22.9
DATA,MOTOR_BREAKIN_V3,000001,25581,509,511,0.076,0.060,3.260,0.362,2.897,44,FWD,RUN,0.068,0.197,0.043,0.195,0.359,0.108,3.343,50,0.504,533,2.605,22.9
DATA,MOTOR_BREAKIN_V3,000001,25681,509,511,0.076,0.060,3.315,0.279,3.037,44,FWD,RUN,0.068,0.206,0.057,0.195,0.359,0.108,3.343,50,0.504,533,2.605,22.9
OK
DATA,MOTOR_BREAKIN_V3,000001,25781,508,511,0.102,0.060,3.371,0.195,3.176,46,FWD,RUN,0.081,0.258,0.057,0.167,0.359,0.108,3.343,50,0.504,533,2.605,22.9
OK
DATA,MOTOR_BREAKIN_V3,000001,25881,510,512,0.000,0.000,3.176,0.362,2.814,42,FWD,RUN,0.000,0.000,0.094,0.390,0.359,0.108,3.343,50,0.504,533,2.605,22.8
OK
DATA,MOTOR_BREAKIN_V3,000001,25981,509,510,0.076,0.087,3.482,0.223,3.260,46,FWD,RUN,0.081,0.264,0.094,0.474,0.359,0.108,3.343,50,0.504,533,2.605,22.9
OK
DATA,MOTOR_BREAKIN_V3,000001,26081,509,512,0.076,0.000,3.176,0.306,2.870,41,FWD,RUN,0.038,0.108,0.094,0.418,0.359,0.108,3.343,50,0.504,533,2.605,22.7
OK
DATA,MOTOR_BREAKIN_V3,000001,26181,508,511,0.102,0.060,3.315,0.195,3.120,44,FWD,RUN,0.081,0.253,0.081,0.251,0.359,0.108,3.343,50,0.504,533,2.605,22.9
OK
DATA,MOTOR_BREAKIN_V3,000001,26281,509,512,0.076,0.000,3.204,0.334,2.870,42,FWD,RUN,0.038,0.108,0.081,0.251,0.359,0.108,3.343,50,0.504,533,2.605,22.9
OK
DATA,MOTOR_BREAKIN_V3,000001,26381,508,511,0.102,0.060,3.315,0.195,3.120,45,FWD,RUN,0.081,0.253,0.043,0.251,0.359,0.108,3.343,50,0.504,533,2.605,22.9
OK
DATA,MOTOR_BREAKIN_V3,000001,26481,509,511,0.076,0.060,3.287,0.223,3.065,43,FWD,RUN,0.068,0.208,0.043,0.279,0.359,0.108,3.343,50,0.504,533,2.605,22.4
OK
DATA,MOTOR_BREAKIN_V3,000001,26581,509,512,0.076,0.000,3.204,0.306,2.897,42,FWD,RUN,0.038,0.109,0.051,0.334,0.359,0.108,3.343,50,0.504,533,2.605,22.8
DATA,MOTOR_BREAKIN_V3,000001,26681,509,513,0.076,0.000,3.204,0.390,2.814,42,FWD,RUN,0.038,0.106,0.038,0.279,0.359,0.108,3.343,50,0.504,533,2.605,22.8
OK
DATA,MOTOR_BREAKIN_V3,000001,26781,509,511,0.076,0.060,3.427,0.279,3.148,46,FWD,RUN,0.068,0.214,0.057,0.418,0.359,0.108,3.343,50,0.504,533,2.605,22.9
OK
DATA,MOTOR_BREAKIN_V3,000001,26881,508,511,0.102,0.060,3.232,0.279,2.953,43,FWD,RUN,0.081,0.239,0.057,0.251,0.359,0.108,3.343,50,0.504,533,2.605,22.9
OK
DATA,MOTOR_BREAKIN_V3,000001,26981,508,512,0.102,0.000,3.315,0.279,3.037,44,FWD,RUN,0.051,0.155,0.043,0.418,0.359,0.108,3.343,50,0.504,533,2.605,22.9
OK
DATA,MOTOR_BREAKIN_V3,000001,27081,510,512,0.000,0.000,3.287,0.195,3.092,43,FWD,RUN,0.000,0.000,0.068,0.418,0.359,0.108,3.343,50,0.504,533,2.605,22.9
OK
DATA,MOTOR_BREAKIN_V3,000001,27181,509,512,0.076,0.000,3.148,0.223,2.925,41,FWD,RUN,0.038,0.110,0.081,0.223,0.359,0.108,3.343,50,0.504,533,2.605,22.7
OK
DATA,MOTOR_BREAKIN_V3,000001,27281,510,511,0.000,0.060,3.260,0.251,3.009,43,FWD,RUN,0.030,0.091,0.081,0.251,0.359,0.108,3.343,50,0.504,533,2.605,22.9
DATA,MOTOR_BREAKIN_V3,000001,27381,511,511,0.000,0.060,3.315,0.167,3.148,43,FWD,RUN,0.030,0.095,0.081,0.501,0.359,0.108,3.343,50,0.504,533,2.605,22.9
OK
DATA,MOTOR_BREAKIN_V3,000001,27481,509,511,0.076,0.060,3.065,0.418,2.647,40,FWD,RUN,0.068,0.180,0.081,0.557,0.359,0.108,3.343,50,0.504,533,2.605,22.9
DATA,MOTOR_BREAKIN_V3,000001,27581,510,512,0.000,0.000,3.120,0.279,2.842,40,FWD,RUN,0.000,0.000,0.068,0.557,0.359,0.108,3.343,50,0.504,533,2.605,22.9
OK
DATA,MOTOR_BREAKIN_V3,000001,27681,509,511,0.076,0.060,3.204,0.362,2.842,43,FWD,RUN,0.068,0.193,0.068,0.334,0.359,0.108,3.343,50,0.504,533,2.605,22.9
OK
DATA,MOTOR_BREAKIN_V3,000001,27781,510,511,0.000,0.060,3.399,0.223,3.176,46,FWD,RUN,0.030,0.096,0.038,0.501,0.359,0.108,3.343,50,0.504,533,2.605,22.9
OK
DATA,MOTOR_BREAKIN_V3,000001,27881,508,511,0.102,0.060,3.148,0.390,2.758,42,FWD,RUN,0.081,0.224,0.081,0.557,0.359,0.108,3.343,50,0.504,533,2.605,22.9
OK
DATA,MOTOR_BREAKIN_V3,000001,27981,510,511,0.000,0.060,3.455,0.139,3.315,47,FWD,RUN,0.030,0.100,0.081,0.557,0.359,0.108,3.343,50,0.504,533,2.605,22.9
OK
DATA,MOTOR_BREAKIN_V3,000001,28081,509,512,0.076,0.000,3.176,0.223,2.953,41,FWD,RUN,0.038,0.112,0.094,0.474,0.359,0.108,3.343,50,0.504,533,2.605,22.8
OK
DATA,MOTOR_BREAKIN_V3,000001,28181,508,512,0.102,0.000,3.204,0.306,2.897,42,FWD,RUN,0.051,0.148,0.094,0.585,0.359,0.108,3.343,50,0.504,533,2.605,22.9
OK
DATA,MOTOR_BREAKIN_V3,000001,28281,509,511,0.076,0.060,3.315,0.223,3.092,44,FWD,RUN,0.068,0.210,0.068,0.334,0.359,0.108,3.343,50,0.504,533,2.605,22.9
OK
DATA,MOTOR_BREAKIN_V3,000001,28381,510,511,0.000,0.060,3.176,0.334,2.842,42,FWD,RUN,0.030,0.086,0.068,0.390,0.359,0.108,3.343,50,0.504,533,2.605,22.9
DATA,MOTOR_BREAKIN_V3,000001,28481,509,512,0.076,0.000,3.204,0.251,2.953,42,FWD,RUN,0.038,0.112,0.068,0.334,0.359,0.108,3.343,50,0.504,533,2.605,22.9
OK
DATA,MOTOR_BREAKIN_V3,000001,28581,509,511,0.076,0.060,3.287,0.223,3.065,43,FWD,RUN,0.068,0.208,0.068,0.334,0.359,0.108,3.343,50,0.504,533,2.605,24.3
OK
DATA,MOTOR_BREAKIN_V3,000001,28680,509,512,0.076,0.000,3.287,0.111,3.176,42,FWD,RUN,0.038,0.120,0.068,0.390,0.359,0.108,3.343,50,0.504,533,2.605,22.9
OK
DATA,MOTOR_BREAKIN_V3,000001,28781,510,512,0.000,0.000,3.092,0.279,2.814,38,FWD,RUN,0.000,0.000,0.068,0.418,0.359,0.108,3.343,50,0.504,533,2.605,22.9
OK
DATA,MOTOR_BREAKIN_V3,000001,28881,509,512,0.076,0.000,3.343,0.139,3.204,42,FWD,RUN,0.038,0.121,0.068,0.474,0.359,0.108,3.343,50,0.504,533,2.605,22.9
OK
DATA,MOTOR_BREAKIN_V3,000001,28981,510,511,0.000,0.060,3.092,0.223,2.870,38,FWD,RUN,0.030,0.086,0.038,0.529,0.359,0.108,3.343,50,0.504,533,2.605,22.9
OK
DATA,MOTOR_BREAKIN_V3,000001,29081,510,512,0.000,0.000,3.176,0.279,2.897,41,FWD,RUN,0.000,0.000,0.038,0.279,0.359,0.108,3.343,50,0.504,533,2.605,22.9
OK
DATA,MOTOR_BREAKIN_V3,000001,29181,510,512,0.000,0.000,3.176,0.390,2.786,43,FWD,RUN,0.000,0.000,0.068,0.501,0.359,0.108,3.343,50,0.504,533,2.605,22.9
DATA,MOTOR_BREAKIN_V3,000001,29281,509,512,0.076,0.000,3.176,0.362,2.814,43,FWD,RUN,0.038,0.106,0.068,0.696,0.359,0.108,3.343,50,0.504,533,2.605,22.9
OK
DATA,MOTOR_BREAKIN_V3,000001,29381,509,512,0.076,0.000,3.427,0.279,3.148,47,FWD,RUN,0.038,0.119,0.068,0.557,0.359,0.108,3.343,50,0.504,533,2.605,22.9
OK
DATA,MOTOR_BREAKIN_V3,000001,29481,509,511,0.076,0.060,3.287,0.334,2.953,44,FWD,RUN,0.068,0.200,0.081,0.501,0.359,0.108,3.343,50,0.504,533,2.605,22.8
OK
DATA,MOTOR_BREAKIN_V3,000001,29581,509,511,0.076,0.060,3.343,0.139,3.204,45,FWD,RUN,0.068,0.218,0.081,0.557,0.359,0.108,3.343,50,0.504,533,2.605,22.9
OK
DATA,MOTOR_BREAKIN_V3,000001,29681,509,511,0.076,0.060,3.148,0.334,2.814,41,FWD,RUN,0.068,0.191,0.068,0.529,0.359,0.108,3.343,50,0.504,533,2.605,22.9
OK
DATA,MOTOR_BREAKIN_V3,000001,29781,509,512,0.076,0.000,3.287,0.279,3.009,45,FWD,RUN,0.038,0.114,0.068,0.641,0.359,0.108,3.343,50,0.504,533,2.605,22.6
DATA,MOTOR_BREAKIN_V3,000001,29881,509,512,0.076,0.000,3.260,0.334,2.925,45,FWD,RUN,0.038,0.110,0.081,0.752,0.359,0.108,3.343,50,0.504,533,2.605,23.3
OK
DATA,MOTOR_BREAKIN_V3,000001,29981,508,511,0.102,0.060,3.343,0.334,3.009,47,FWD,RUN,0.081,0.244,0.094,0.585,0.359,0.108,3.343,50,0.504,533,2.605,22.9
DATA,MOTOR_BREAKIN_V3,000001,30081,508,511,0.102,0.060,3.371,0.279,3.092,47,FWD,RUN,0.081,0.251,0.094,0.362,0.359,0.108,3.343,50,0.504,533,2.605,22.9
OK
DATA,MOTOR_BREAKIN_V3,000001,30181,509,510,0.076,0.087,3.371,0.362,3.009,45,FWD,RUN,0.081,0.244,0.064,0.279,0.359,0.108,3.343,50,0.504,533,2.605,22.9
DATA,MOTOR_BREAKIN_V3,000001,30281,508,511,0.102,0.060,3.343,0.195,3.148,45,FWD,RUN,0.081,0.255,0.064,0.334,0.359,0.108,3.343,50,0.504,533,2.605,22.9
OK
DATA,MOTOR_BREAKIN_V3,000001,30381,509,511,0.076,0.060,3.287,0.084,3.204,42,FWD,RUN,0.068,0.218,0.094,0.362,0.359,0.108,3.343,50,0.504,533,2.605,22.9
OK
DATA,MOTOR_BREAKIN_V3,000001,30481,509,512,0.076,0.000,3.065,0.306,2.758,38,FWD,RUN,0.038,0.104,0.068,0.446,0.359,0.108,3.343,50,0.504,533,2.605,22.9
OK
DATA,MOTOR_BREAKIN_V3,000001,30581,509,512,0.076,0.000,3.204,0.223,2.981,43,FWD,RUN,0.038,0.113,0.068,0.474,0.359,0.108,3.343,50,0.504,533,2.605,22.7
DATA,MOTOR_BREAKIN_V3,000001,30681,508,511,0.102,0.060,3.176,0.279,2.897,43,FWD,RUN,0.081,0.235,0.081,0.474,0.359,0.108,3.343,50,0.504,533,2.605,22.8
OK
DATA,MOTOR_BREAKIN_V3,000001,30781,508,512,0.102,0.000,3.287,0.223,3.065,45,FWD,RUN,0.051,0.156,0.051,0.362,0.359,0.108,3.343,50,0.504,533,2.605,23.6
OK
DATA,MOTOR_BREAKIN_V3,000001,30881,509,511,0.076,0.060,3.287,0.223,3.065,44,FWD,RUN,0.068,0.208,0.030,0.306,0.359,0.108,3.343,50,0.504,533,2.605,22.9
OK
DATA,MOTOR_BREAKIN_V3,000001,30981,509,511,0.076,0.060,3.260,0.279,2.981,43,FWD,RUN,0.068,0.202,0.081,0.279,0.359,0.108,3.343,50,0.504,533,2.605,22.9
DATA,MOTOR_BREAKIN_V3,000001,31081,509,511,0.076,0.060,3.260,0.167,3.092,43,FWD,RUN,0.068,0.210,0.081,0.139,0.359,0.108,3.343,50,0.504,533,2.605,22.9
DATA,MOTOR_BREAKIN_V3,000001,31181,509,511,0.076,0.060,3.176,0.223,2.953,43,FWD,RUN,0.068,0.200,0.081,0.223,0.359,0.108,3.343,50,0.504,533,2.605,22.8
OK
DATA,MOTOR_BREAKIN_V3,000001,31281,509,512,0.076,0.000,3.176,0.223,2.953,41,FWD,RUN,0.038,0.112,0.068,0.279,0.359,0.108,3.343,50,0.504,533,2.605,22.9
OK
DATA,MOTOR_BREAKIN_V3,000001,31381,509,512,0.076,0.000,3.260,0.223,3.037,42,FWD,RUN,0.038,0.115,0.068,0.279,0.359,0.108,3.343,50,0.504,533,2.605,22.9
OK
DATA,MOTOR_BREAKIN_V3,000001,31481,509,512,0.076,0.000,3.148,0.195,2.953,41,FWD,RUN,0.038,0.112,0.081,0.279,0.359,0.108,3.343,50,0.504,533,2.605,22.9
OK
DATA,MOTOR_BREAKIN_V3,000001,31581,508,512,0.102,0.000,3.176,0.223,2.953,42,FWD,RUN,0.051,0.151,0.081,0.279,0.359,0.108,3.343,50,0.504,533,2.605,22.9
OK
DATA,MOTOR_BREAKIN_V3,000001,31681,509,511,0.076,0.060,3.260,0.251,3.009,43,FWD,RUN,0.068,0.204,0.068,0.306,0.359,0.108,3.343,50,0.504,533,2.605,24.4
DATA,MOTOR_BREAKIN_V3,000001,31781,509,511,0.076,0.060,3.260,0.223,3.037,43,FWD,RUN,0.068,0.206,0.068,0.223,0.359,0.108,3.343,50,0.504,533,2.605,22.9
OK
DATA,MOTOR_BREAKIN_V3,000001,31880,509,512,0.076,0.000,3.260,0.139,3.120,42,FWD,RUN,0.038,0.118,0.068,0.251,0.359,0.108,3.343,50,0.504,533,2.605,22.9
