ACS1_ZERO=513.01
ACS2_ZERO=513.91
READY,FWD

========================================
 Mini4WD MOTOR BREAK-IN DEVICE
 MOTOR_BREAKIN_V3
 Firmware : 3.00
========================================
INFO,TYPE=MOTOR,MODEL=MOTOR_BREAKIN_V3,FW=3.00,ID=000001
DATA,MOTOR_BREAKIN_V3,000001,0,513,514,0.000,0.000,0.000,0.000,0.000,0,FWD,READY,0.000,0.000,0.000,0.000,0.000,0.000,0.000,0,0.000,558,2.727,24.3
DATA,MOTOR_BREAKIN_V3,000001,0,513,513,0.000,0.000,0.000,0.000,0.000,0,FWD,READY,0.000,0.000,0.000,0.000,0.000,0.000,0.000,0,0.000,558,2.727,24.3
DATA,MOTOR_BREAKIN_V3,000001,0,513,514,0.000,0.000,0.000,0.000,0.000,0,FWD,READY,0.000,0.000,0.000,0.000,0.000,0.000,0.000,0,0.000,558,2.727,24.3
DATA,MOTOR_BREAKIN_V3,000001,0,513,513,0.000,0.000,0.000,0.000,0.000,0,FWD,READY,0.000,0.000,0.000,0.000,0.000,0.000,0.000,0,0.000,558,2.727,24.3
DATA,MOTOR_BREAKIN_V3,000001,0,513,514,0.000,0.000,0.000,0.000,0.000,0,FWD,READY,0.000,0.000,0.000,0.000,0.000,0.000,0.000,0,0.000,558,2.727,24.3
DATA,MOTOR_BREAKIN_V3,000001,0,513,514,0.000,0.000,0.000,0.000,0.000,0,FWD,READY,0.000,0.000,0.000,0.000,0.000,0.000,0.000,0,0.000,558,2.727,24.3
DATA,MOTOR_BREAKIN_V3,000001,0,513,514,0.000,0.000,0.000,0.000,0.000,0,FWD,READY,0.000,0.000,0.000,0.000,0.000,0.000,0.000,0,0.000,558,2.727,24.3
DATA,MOTOR_BREAKIN_V3,000001,0,513,513,0.000,0.000,0.000,0.000,0.000,0,FWD,READY,0.000,0.000,0.000,0.000,0.000,0.000,0.000,0,0.000,558,2.727,24.3
DATA,MOTOR_BREAKIN_V3,000001,0,513,514,0.000,0.000,0.000,0.000,0.000,0,FWD,READY,0.000,0.000,0.000,0.000,0.000,0.000,0.000,0,0.000,558,2.727,24.3
DATA,MOTOR_BREAKIN_V3,000001,0,513,513,0.000,0.000,0.000,0.000,0.000,0,FWD,READY,0.000,0.000,0.000,0.000,0.000,0.000,0.000,0,0.000,558,2.727,24.3
DATA,MOTOR_BREAKIN_V3,000001,0,512,513,0.000,0.000,0.000,0.000,0.000,0,FWD,READY,0.000,0.000,0.000,0.000,0.000,0.000,0.000,0,0.000,558,2.727,24.3
DATA,MOTOR_BREAKIN_V3,000001,0,513,513,0.000,0.000,0.000,0.000,0.000,0,FWD,READY,0.000,0.000,0.000,0.000,0.000,0.000,0.000,0,0.000,558,2.727,24.3
DATA,MOTOR_BREAKIN_V3,000001,0,513,513,0.000,0.000,0.000,0.000,0.000,0,FWD,READY,0.000,0.000,0.000,0.000,0.000,0.000,0.000,0,0.000,558,2.727,24.3
DATA,MOTOR_BREAKIN_V3,000001,0,514,514,0.000,0.000,0.000,0.000,0.000,0,FWD,READY,0.000,0.000,0.000,0.000,0.000,0.000,0.000,0,0.000,558,2.727,24.3
DATA,MOTOR_BREAKIN_V3,000001,0,513,513,0.000,0.000,0.000,0.000,0.000,0,FWD,READY,0.000,0.000,0.000,0.000,0.000,0.000,0.000,0,0.000,558,2.727,24.3
DATA,MOTOR_BREAKIN_V3,000001,0,513,514,0.000,0.000,0.000,0.000,0.000,0,FWD,READY,0.000,0.000,0.000,0.000,0.000,0.000,0.000,0,0.000,558,2.727,24.3
DATA,MOTOR_BREAKIN_V3,000001,0,512,514,0.000,0.000,0.000,0.000,0.000,0,FWD,READY,0.000,0.000,0.000,0.000,0.000,0.000,0.000,0,0.000,558,2.727,24.3
DATA,MOTOR_BREAKIN_V3,000001,0,513,514,0.000,0.000,0.000,0.000,0.000,0,FWD,READY,0.000,0.000,0.000,0.000,0.000,0.000,0.000,0,0.000,558,2.727,24.3
DATA,MOTOR_BREAKIN_V3,000001,0,513,514,0.000,0.000,0.000,0.000,0.000,0,FWD,READY,0.000,0.000,0.000,0.000,0.000,0.000,0.000,0,0.000,558,2.727,24.3
DATA,MOTOR_BREAKIN_V3,000001,0,513,514,0.000,0.000,0.000,0.000,0.000,0,FWD,READY,0.000,0.000,0.000,0.000,0.000,0.000,0.000,0,0.000,558,2.727,24.3
DATA,MOTOR_BREAKIN_V3,000001,0,512,514,0.000,0.000,0.000,0.000,0.000,0,FWD,READY,0.000,0.000,0.000,0.000,0.000,0.000,0.000,0,0.000,558,2.727,24.2
DATA,MOTOR_BREAKIN_V3,000001,0,513,514,0.000,0.000,0.000,0.000,0.000,0,FWD,READY,0.000,0.000,0.000,0.000,0.000,0.000,0.000,0,0.000,558,2.727,24.2
DATA,MOTOR_BREAKIN_V3,000001,0,513,513,0.000,0.000,0.000,0.000,0.000,0,FWD,READY,0.000,0.000,0.000,0.000,0.000,0.000,0.000,0,0.000,558,2.727,24.2
DATA,MOTOR_BREAKIN_V3,000001,0,513,514,0.000,0.000,0.000,0.000,0.000,0,FWD,READY,0.000,0.000,0.000,0.000,0.000,0.000,0.000,0,0.000,558,2.727,24.3
DATA,MOTOR_BREAKIN_V3,000001,0,512,513,0.000,0.000,0.000,0.000,0.000,0,FWD,READY,0.000,0.000,0.000,0.000,0.000,0.000,0.000,0,0.000,558,2.727,24.2
DATA,MOTOR_BREAKIN_V3,000001,0,512,514,0.000,0.000,0.000,0.000,0.000,0,FWD,READY,0.000,0.000,0.000,0.000,0.000,0.000,0.000,0,0.000,558,000001,118,504,508,0.237,0.156,1.421,0.641,0.780,60,FWD,RUN,0.197,0.153,0.210,0.780,0.000,0.000,0.000,0,0.000,559,2.732,24.2
DATA,MOTOR_BREAKIN_V3,000001,218,503,508,0.263,0.156,1.672,0.446,1.226,60,FWD,RUN,0.210,0.257,0.026,0.808,0.000,0.000,0.000,0,0.000,558,2.727,24.2
OK
DATA,MOTOR_BREAKIN_V3,000001,318,488,499,0.659,0.394,2.758,0.669,2.089,95,FWD,RUN,0.527,1.101,0.357,1.226,0.000,0.000,0.000,0,0.527,558,2.727,24.1
OK
DATA,MOTOR_BREAKIN_V3,000001,418,474,493,1.029,0.553,3.872,0.780,3.092,113,FWD,RUN,0.791,2.446,0.700,1.755,0.000,0.000,0.000,0,0.870,558,2.727,24.2
OK
DATA,MOTOR_BREAKIN_V3,000001,518,476,495,0.976,0.500,4.569,0.641,3.928,111,FWD,RUN,0.738,2.899,0.410,1.616,0.000,0.000,0.000,0,0.870,557,2.722,24.1
OK
DATA,MOTOR_BREAKIN_V3,000001,618,491,501,0.580,0.341,4.597,0.474,4.123,92,FWD,RUN,0.461,1.900,0.449,1.226,0.000,0.000,0.000,0,0.870,558,2.727,24.1
OK
DATA,MOTOR_BREAKIN_V3,000001,718,502,507,0.290,0.183,4.625,0.251,4.374,70,FWD,RUN,0.236,1.033,0.542,0.529,0.000,0.000,0.000,0,0.870,558,2.727,24.2
OK
DATA,MOTOR_BREAKIN_V3,000001,818,508,511,0.131,0.077,4.235,0.028,4.207,43,FWD,RUN,0.104,0.438,0.330,0.334,0.000,0.000,0.000,0,0.870,558,2.727,24.0
OK
DATA,MOTOR_BREAKIN_V3,000001,918,509,513,0.105,0.000,3.900,0.000,3.900,35,FWD,RUN,0.052,0.204,0.184,0.557,0.000,0.000,0.000,0,0.870,558,2.727,24.1
DATA,MOTOR_BREAKIN_V3,000001,1018,509,511,0.105,0.077,3.622,0.028,3.594,35,FWD,RUN,0.091,0.326,0.052,0.724,0.000,0.000,0.000,0,0.870,558,2.727,24.1
DATA,MOTOR_BREAKIN_V3,000001,1118,510,512,0.078,0.051,3.538,0.028,3.510,35,FWD,RUN,0.064,0.226,0.052,0.501,0.000,0.000,0.000,0,0.870,557,2.722,24.1
DATA,MOTOR_BREAKIN_V3,000001,1218,509,512,0.105,0.051,3.287,0.028,3.260,35,FWD,RUN,0.078,0.253,0.039,0.251,0.000,0.000,0.000,0,0.870,557,2.722,24.1
DATA,MOTOR_BREAKIN_V3,000001,1319,509,512,0.105,0.051,3.092,0.028,3.065,35,FWD,RUN,0.078,0.238,0.025,0.306,0.000,0.000,0.000,0,0.870,557,2.722,24.1
DATA,MOTOR_BREAKIN_V3,000001,1419,508,512,0.131,0.051,2.953,0.028,2.925,35,FWD,RUN,0.091,0.266,0.026,0.223,0.000,0.000,0.000,0,0.870,558,2.727,24.1
OK
DATA,MOTOR_BREAKIN_V3,000001,1519,509,512,0.105,0.051,2.897,0.084,2.814,37,FWD,RUN,0.078,0.218,0.039,0.306,0.000,0.000,0.000,0,0.870,558,2.727,24.1
OK
DATA,MOTOR_BREAKIN_V3,000001,1619,508,511,0.131,0.077,2.897,0.111,2.786,41,FWD,RUN,0.104,0.290,0.052,0.167,0.000,0.000,0.000,0,0.870,557,2.722,24.0
OK
DATA,MOTOR_BREAKIN_V3,000001,1719,507,511,0.157,0.077,2.897,0.111,2.786,45,FWD,RUN,0.117,0.327,0.065,0.167,0.000,0.000,0.000,0,0.870,557,2.722,23.9
OK
DATA,MOTOR_BREAKIN_V3,000001,1819,507,510,0.157,0.103,2.981,0.167,2.814,49,FWD,RUN,0.130,0.367,0.053,0.167,0.000,0.000,0.000,0,0.870,556,2.717,24.1
OK
DATA,MOTOR_BREAKIN_V3,000001,1919,507,509,0.157,0.130,3.065,0.195,2.870,53,FWD,RUN,0.144,0.412,0.053,0.167,0.000,0.000,0.000,0,0.870,558,2.727,24.2
DATA,MOTOR_BREAKIN_V3,000001,2019,506,509,0.184,0.130,3.176,0.139,3.037,53,FWD,RUN,0.157,0.476,0.053,0.223,0.000,0.000,0.000,0,0.870,558,2.727,24.1
OK
DATA,MOTOR_BREAKIN_V3,000001,2119,506,510,0.184,0.103,3.260,0.195,3.065,52,FWD,RUN,0.144,0.440,0.026,0.195,0.000,0.000,0.000,0,0.870,557,2.722,24.1
OK
DATA,MOTOR_BREAKIN_V3,000001,2219,506,510,0.184,0.103,3.315,0.167,3.148,51,FWD,RUN,0.144,0.452,0.026,0.167,0.000,0.000,0.000,0,0.870,557,2.722,24.1
OK
DATA,MOTOR_BREAKIN_V3,000001,2319,507,511,0.157,0.077,3.287,0.111,3.176,48,FWD,RUN,0.117,0.372,0.040,0.167,0.000,0.000,0.000,0,0.870,557,2.722,24.1
OK
DATA,MOTOR_BREAKIN_V3,000001,2419,509,510,0.105,0.103,3.204,0.084,3.120,44,FWD,RUN,0.104,0.325,0.040,0.139,0.000,0.000,0.000,0,0.870,557,2.722,24.0
OK
DATA,MOTOR_BREAKIN_V3,000001,2519,508,511,0.131,0.077,3.148,0.111,3.037,42,FWD,RUN,0.104,0.316,0.013,0.167,0.000,0.000,0.000,0,0.870,557,2.722,24.0
OK
DATA,MOTOR_BREAKIN_V3,000001,2619,508,512,0.131,0.051,3.120,0.111,3.009,41,FWD,RUN,0.091,0.273,0.040,0.139,0.000,0.000,0.000,0,0.870,557,2.722,24.0
DATA,MOTOR_BREAKIN_V3,000001,2719,509,511,0.105,0.077,2.953,0.084,2.870,41,FWD,RUN,0.091,0.261,0.052,0.195,0.000,0.000,0.000,0,0.870,557,2.722,24.0
OK
DATA,MOTOR_BREAKIN_V3,000001,2819,509,511,0.105,0.077,2.953,0.111,2.842,44,FWD,RUN,0.091,0.258,0.065,0.167,0.000,0.000,0.000,0,0.870,557,2.722,24.0
DATA,MOTOR_BREAKIN_V3,000001,2919,508,510,0.131,0.103,3.009,0.139,2.870,44,FWD,RUN,0.117,0.336,0.040,0.111,0.000,0.000,0.000,0,0.870,557,2.722,24.0
OK
DATA,MOTOR_BREAKIN_V3,000001,3019,508,510,0.131,0.103,3.037,0.167,2.870,47,FWD,RUN,0.117,0.336,0.040,0.167,0.336,0.117,2.870,47,0.870,557,2.722,24.1
OK
DATA,MOTOR_BREAKIN_V3,000001,3119,507,510,0.157,0.103,3.148,0.167,2.981,50,FWD,RUN,0.130,0.389,0.053,0.195,0.432,0.144,3.009,50,0.870,557,2.722,24.1
DATA,MOTOR_BREAKIN_V3,000001,3219,506,510,0.184,0.103,3.204,0.195,3.009,50,FWD,RUN,0.144,0.432,0.040,0.139,0.432,0.144,3.009,50,0.870,557,2.722,24.1
DATA,MOTOR_BREAKIN_V3,000001,3319,506,510,0.184,0.103,3.260,0.167,3.092,50,FWD,RUN,0.144,0.444,0.026,0.195,0.444,0.144,3.092,50,0.870,557,2.722,24.1
OK
DATA,MOTOR_BREAKIN_V3,000001,3419,507,510,0.157,0.103,3.343,0.139,3.204,48,FWD,RUN,0.130,0.418,0.026,0.111,0.444,0.144,3.092,50,0.870,558,2.727,24.1
OK
DATA,MOTOR_BREAKIN_V3,000001,3519,508,511,0.131,0.077,3.120,0.111,3.009,44,FWD,RUN,0.104,0.313,0.026,0.195,0.444,0.144,3.092,50,0.870,557,2.722,24.1
DATA,MOTOR_BREAKIN_V3,000001,3619,508,511,0.131,0.077,3.176,0.111,3.065,44,FWD,RUN,0.104,0.319,0.026,0.167,0.444,0.144,3.092,50,0.870,557,2.722,23.9
OK
DATA,MOTOR_BREAKIN_V3,000001,3719,508,511,0.131,0.077,3.176,0.111,3.065,43,FWD,RUN,0.104,0.319,0.040,0.056,0.444,0.144,3.092,50,0.870,557,2.722,24.0
DATA,MOTOR_BREAKIN_V3,000001,3819,509,510,0.105,0.103,3.204,0.139,3.065,43,FWD,RUN,0.104,0.319,0.040,0.139,0.444,0.144,3.092,50,0.870,558,2.727,24.0
OK
DATA,MOTOR_BREAKIN_V3,000001,3919,508,510,0.131,0.103,3.037,0.111,2.925,42,FWD,RUN,0.117,0.343,0.040,0.195,0.444,0.144,3.092,50,0.870,557,2.722,24.0
OK
DATA,MOTOR_BREAKIN_V3,000001,4019,509,511,0.105,0.077,3.120,0.111,3.009,44,FWD,RUN,0.091,0.273,0.040,0.139,0.444,0.144,3.092,50,0.870,557,2.722,24.0
DATA,MOTOR_BREAKIN_V3,000001,4119,508,512,0.131,0.051,3.120,0.139,2.981,44,FWD,RUN,0.091,0.271,0.053,0.139,0.444,0.144,3.092,50,0.870,557,2.722,24.0
DATA,MOTOR_BREAKIN_V3,000001,4219,509,512,0.105,0.051,2.981,0.139,2.842,44,FWD,RUN,0.078,0.221,0.053,0.195,0.444,0.144,3.092,50,0.870,557,2.722,23.9
OK
DATA,MOTOR_BREAKIN_V3,000001,4319,507,510,0.157,0.103,3.037,0.139,2.897,47,FWD,RUN,0.130,0.378,0.053,0.167,0.444,0.144,3.092,50,0.870,557,2.722,24.1
OK
DATA,MOTOR_BREAKIN_V3,000001,4418,506,511,0.184,0.077,3.232,0.195,3.037,49,FWD,RUN,0.130,0.396,0.040,0.195,0.444,0.144,3.092,50,0.870,557,2.722,24.1
OK
DATA,MOTOR_BREAKIN_V3,000001,4519,507,510,0.157,0.103,3.148,0.139,3.009,48,FWD,RUN,0.130,0.393,0.026,0.139,0.444,0.144,3.092,50,0.870,558,2.727,24.1
DATA,MOTOR_BREAKIN_V3,000001,4619,507,510,0.157,0.103,3.315,0.167,3.148,48,FWD,RUN,0.130,0.411,0.013,0.251,0.444,0.144,3.092,50,0.870,558,2.727,24.1
DATA,MOTOR_BREAKIN_V3,000001,4719,507,510,0.157,0.103,3.315,0.139,3.176,48,FWD,RUN,0.130,0.414,0.013,0.111,0.444,0.144,3.092,50,0.870,558,2.727,24.1
OK
DATA,MOTOR_BREAKIN_V3,000001,4819,507,511,0.157,0.077,3.204,0.111,3.092,44,FWD,RUN,0.117,0.363,0.026,0.195,0.444,0.144,3.092,50,0.870,558,2.727,23.9
OK
DATA,MOTOR_BREAKIN_V3,000001,4919,508,512,0.131,0.051,3.148,0.084,3.065,42,FWD,RUN,0.091,0.278,0.040,0.167,0.444,0.144,3.092,50,0.870,557,2.722,24.0
OK
DATA,MOTOR_BREAKIN_V3,000001,5019,509,511,0.105,0.077,3.148,0.111,3.037,41,FWD,RUN,0.091,0.276,0.040,0.195,0.444,0.144,3.092,50,0.870,557,2.722,23.9
OK
DATA,MOTOR_BREAKIN_V3,000001,5119,509,511,0.105,0.077,3.037,0.111,2.925,40,FWD,RUN,0.091,0.266,0.026,0.223,0.444,0.144,3.092,50,0.870,556,2.717,24.1
OK
DATA,MOTOR_BREAKIN_V3,000001,5219,508,511,0.131,0.077,3.092,0.111,2.981,42,FWD,RUN,0.104,0.310,0.026,0.195,0.444,0.144,3.092,50,0.870,557,2.722,24.0
DATA,MOTOR_BREAKIN_V3,000001,5319,508,511,0.131,0.077,3.037,0.111,2.925,42,FWD,RUN,0.104,0.304,0.053,0.195,0.444,0.144,3.092,50,0.870,556,2.717,23.9
OK
DATA,MOTOR_BREAKIN_V3,000001,5419,508,510,0.131,0.103,3.009,0.084,2.925,44,FWD,RUN,0.117,0.343,0.053,0.167,0.444,0.144,3.092,50,0.870,557,2.722,24.0
OK
DATA,MOTOR_BREAKIN_V3,000001,5519,508,512,0.131,0.051,3.065,0.111,2.953,46,FWD,RUN,0.091,0.268,0.026,0.111,0.444,0.144,3.092,50,0.870,558,2.727,24.1
DATA,MOTOR_BREAKIN_V3,000001,5619,508,510,0.131,0.103,3.092,0.139,2.953,46,FWD,RUN,0.117,0.346,0.040,0.167,0.444,0.144,3.092,50,0.870,557,2.722,24.0
OK
DATA,MOTOR_BREAKIN_V3,000001,5719,507,510,0.157,0.103,3.065,0.139,2.925,47,FWD,RUN,0.130,0.382,0.040,0.195,0.444,0.144,3.092,50,0.870,558,2.727,24.0
OK
DATA,MOTOR_BREAKIN_V3,000001,5819,507,510,0.157,0.103,3.120,0.167,2.953,49,FWD,RUN,0.130,0.385,0.026,0.167,0.444,0.144,3.092,50,0.870,557,2.722,24.0
OK
DATA,MOTOR_BREAKIN_V3,000001,5919,506,511,0.184,0.077,3.287,0.167,3.120,50,FWD,RUN,0.130,0.407,0.013,0.167,0.444,0.144,3.092,50,0.870,557,2.722,24.0
OK
DATA,MOTOR_BREAKIN_V3,000001,6019,507,510,0.157,0.103,3.176,0.139,3.037,48,FWD,RUN,0.130,0.396,0.013,0.139,0.444,0.144,3.092,50,0.870,557,2.722,24.0
OK
DATA,MOTOR_BREAKIN_V3,000001,6119,508,510,0.131,0.103,3.287,0.111,3.176,47,FWD,RUN,0.117,0.372,0.013,0.223,0.444,0.144,3.092,50,0.870,557,2.722,24.1
OK
DATA,MOTOR_BREAKIN_V3,000001,6219,508,510,0.131,0.103,3.204,0.084,3.120,43,FWD,RUN,0.117,0.366,0.013,0.167,0.444,0.144,3.092,50,0.870,557,2.722,23.9
OK
DATA,MOTOR_BREAKIN_V3,000001,6319,508,511,0.131,0.077,3.204,0.084,3.120,41,FWD,RUN,0.104,0.325,0.053,0.195,0.444,0.144,3.092,50,0.870,558,2.727,23.9
OK
DATA,MOTOR_BREAKIN_V3,000001,6419,508,512,0.131,0.051,3.120,0.056,3.065,39,FWD,RUN,0.091,0.278,0.040,0.111,0.444,0.144,3.092,50,0.870,558,2.727,23.9
DATA,MOTOR_BREAKIN_V3,000001,6519,508,511,0.131,0.077,3.065,0.084,2.981,39,FWD,RUN,0.104,0.310,0.026,0.195,0.444,0.144,3.092,50,0.870,557,2.722,23.9
DATA,MOTOR_BREAKIN_V3,000001,6619,509,511,0.105,0.077,2.925,0.084,2.842,39,FWD,RUN,0.091,0.258,0.026,0.167,0.444,0.144,3.092,50,0.870,556,2.717,23.9
OK
DATA,MOTOR_BREAKIN_V3,000001,6719,508,510,0.131,0.103,3.037,0.111,2.925,42,FWD,RUN,0.117,0.343,0.040,0.111,0.444,0.144,3.092,50,0.870,557,2.722,23.9
OK
DATA,MOTOR_BREAKIN_V3,000001,6819,509,511,0.105,0.077,3.037,0.139,2.897,44,FWD,RUN,0.091,0.263,0.040,0.084,0.444,0.144,3.092,50,0.870,557,2.722,23.9
OK
DATA,MOTOR_BREAKIN_V3,000001,6919,508,510,0.131,0.103,3.037,0.139,2.897,46,FWD,RUN,0.117,0.340,0.026,0.028,0.444,0.144,3.092,50,0.870,557,2.722,24.0
OK
DATA,MOTOR_BREAKIN_V3,000001,7019,507,510,0.157,0.103,3.092,0.139,2.953,48,FWD,RUN,0.130,0.385,0.053,0.084,0.444,0.144,3.092,50,0.870,556,2.717,24.0
OK
DATA,MOTOR_BREAKIN_V3,000001,7119,507,510,0.157,0.103,3.204,0.195,3.009,49,FWD,RUN,0.130,0.393,0.040,0.167,0.444,0.144,3.092,50,0.870,557,2.722,24.0
DATA,MOTOR_BREAKIN_V3,000001,7219,507,510,0.157,0.103,3.260,0.195,3.065,49,FWD,RUN,0.130,0.400,0.026,0.251,0.444,0.144,3.092,50,0.870,558,2.727,24.0
OK
DATA,MOTOR_BREAKIN_V3,000001,7319,507,510,0.157,0.103,3.232,0.139,3.092,48,FWD,RUN,0.130,0.403,0.040,0.195,0.456,0.144,3.176,49,0.870,558,2.727,24.0
DATA,MOTOR_BREAKIN_V3,000001,7419,507,510,0.157,0.103,3.315,0.139,3.176,48,FWD,RUN,0.130,0.414,0.040,0.139,0.456,0.144,3.176,49,0.870,557,2.722,24.0
OK
DATA,MOTOR_BREAKIN_V3,000001,7519,507,510,0.157,0.103,3.315,0.139,3.176,46,FWD,RUN,0.130,0.414,0.026,0.139,0.456,0.144,3.176,49,0.870,558,2.727,24.0
OK
DATA,MOTOR_BREAKIN_V3,000001,7618,509,512,0.105,0.051,3.204,0.111,3.092,42,FWD,RUN,0.078,0.240,0.053,0.139,0.456,0.144,3.176,49,0.870,557,2.722,23.9
OK
DATA,MOTOR_BREAKIN_V3,000001,7719,508,512,0.131,0.051,3.120,0.084,3.037,40,FWD,RUN,0.091,0.276,0.026,0.139,0.456,0.144,3.176,49,0.870,557,2.722,24.0
OK
DATA,MOTOR_BREAKIN_V3,000001,7819,509,511,0.105,0.077,3.037,0.084,2.953,39,FWD,RUN,0.091,0.268,0.013,0.279,0.456,0.144,3.176,49,0.870,558,2.727,24.0
OK
DATA,MOTOR_BREAKIN_V3,000001,7919,508,511,0.131,0.077,3.092,0.084,3.009,40,FWD,RUN,0.104,0.313,0.040,0.167,0.456,0.144,3.176,49,0.870,557,2.722,24.0
DATA,MOTOR_BREAKIN_V3,000001,8019,508,512,0.131,0.051,3.009,0.084,2.925,40,FWD,RUN,0.091,0.266,0.040,0.195,0.456,0.144,3.176,49,0.870,557,2.722,24.0
OK
DATA,MOTOR_BREAKIN_V3,000001,8119,508,511,0.131,0.077,2.981,0.084,2.897,42,FWD,RUN,0.104,0.301,0.026,0.111,0.456,0.144,3.176,49,0.870,557,2.722,23.9
OK
DATA,MOTOR_BREAKIN_V3,000001,8219,508,510,0.131,0.103,2.981,0.111,2.870,44,FWD,RUN,0.117,0.336,0.040,0.167,0.456,0.144,3.176,49,0.870,556,2.717,23.9
OK
DATA,MOTOR_BREAKIN_V3,000001,8319,508,511,0.131,0.077,3.009,0.111,2.897,47,FWD,RUN,0.104,0.301,0.053,0.167,0.456,0.144,3.176,49,0.870,558,2.727,24.0
DATA,MOTOR_BREAKIN_V3,000001,8419,507,509,0.157,0.130,3.120,0.167,2.953,47,FWD,RUN,0.144,0.424,0.053,0.195,0.456,0.144,3.176,49,0.870,557,2.722,24.0
OK
DATA,MOTOR_BREAKIN_V3,000001,8519,506,509,0.184,0.130,3.204,0.167,3.037,48,FWD,RUN,0.157,0.476,0.053,0.139,0.476,0.157,3.037,48,0.870,558,2.727,24.0
OK
DATA,MOTOR_BREAKIN_V3,000001,8619,507,511,0.157,0.077,3.204,0.139,3.065,47,FWD,RUN,0.117,0.359,0.053,0.084,0.476,0.157,3.037,48,0.870,557,2.722,24.0
OK
DATA,MOTOR_BREAKIN_V3,000001,8719,507,511,0.157,0.077,3.204,0.139,3.065,46,FWD,RUN,0.117,0.359,0.053,0.111,0.476,0.157,3.037,48,0.870,557,2.722,24.0
OK
DATA,MOTOR_BREAKIN_V3,000001,8819,508,510,0.131,0.103,3.120,0.139,2.981,45,FWD,RUN,0.117,0.350,0.026,0.167,0.476,0.157,3.037,48,0.870,557,2.722,23.8
DATA,MOTOR_BREAKIN_V3,000001,8919,508,510,0.131,0.103,3.120,0.139,2.981,45,FWD,RUN,0.117,0.350,0.040,0.167,0.476,0.157,3.037,48,0.870,557,2.722,23.9
DATA,MOTOR_BREAKIN_V3,000001,9019,507,510,0.157,0.103,3.260,0.111,3.148,45,FWD,RUN,0.130,0.411,0.040,0.167,0.476,0.157,3.037,48,0.870,557,2.722,24.0
OK
DATA,MOTOR_BREAKIN_V3,000001,9119,508,511,0.131,0.077,3.176,0.056,3.120,42,FWD,RUN,0.104,0.325,0.040,0.084,0.476,0.157,3.037,48,0.870,558,2.727,23.8
OK
DATA,MOTOR_BREAKIN_V3,000001,9219,509,512,0.105,0.051,3.176,0.084,3.092,40,FWD,RUN,0.078,0.240,0.040,0.111,0.476,0.157,3.037,48,0.870,557,2.722,24.0
DATA,MOTOR_BREAKIN_V3,000001,9319,508,511,0.131,0.077,3.120,0.195,2.925,40,FWD,RUN,0.104,0.304,0.040,0.251,0.476,0.157,3.037,48,0.870,558,2.727,23.9
OK
DATA,MOTOR_BREAKIN_V3,000001,9419,509,511,0.105,0.077,3.009,0.084,2.925,38,FWD,RUN,0.091,0.266,0.040,0.139,0.476,0.157,3.037,48,0.870,558,2.727,24.0
OK
DATA,MOTOR_BREAKIN_V3,000001,9519,508,512,0.131,0.051,2.953,0.084,2.870,40,FWD,RUN,0.091,0.261,0.040,0.167,0.476,0.157,3.037,48,0.870,558,2.727,23.8
OK
DATA,MOTOR_BREAKIN_V3,000001,9619,508,511,0.131,0.077,3.037,0.139,2.897,43,FWD,RUN,0.104,0.301,0.052,0.111,0.476,0.157,3.037,48,0.870,557,2.722,23.8
OK
DATA,MOTOR_BREAKIN_V3,000001,9719,507,510,0.157,0.103,3.092,0.167,2.925,45,FWD,RUN,0.130,0.382,0.065,0.056,0.476,0.157,3.037,48,0.870,557,2.722,23.8
OK
DATA,MOTOR_BREAKIN_V3,000001,9819,507,510,0.157,0.103,3.148,0.139,3.009,47,FWD,RUN,0.130,0.393,0.040,0.139,0.476,0.157,3.037,48,0.870,558,2.727,24.0
DATA,MOTOR_BREAKIN_V3,000001,9919,507,510,0.157,0.103,3.176,0.167,3.009,47,FWD,RUN,0.130,0.393,0.040,0.167,0.476,0.157,3.037,48,0.870,557,2.722,24.0
DATA,MOTOR_BREAKIN_V3,000001,10019,508,510,0.131,0.103,3.232,0.167,3.065,47,FWD,RUN,0.117,0.359,0.026,0.139,0.476,0.157,3.037,48,0.870,557,2.722,24.0
OK
DATA,MOTOR_BREAKIN_V3,000001,10119,508,510,0.131,0.103,3.148,0.139,3.009,46,FWD,RUN,0.117,0.353,0.026,0.111,0.476,0.157,3.037,48,0.870,557,2.722,24.0
DATA,MOTOR_BREAKIN_V3,000001,10219,507,511,0.157,0.077,3.343,0.139,3.204,46,FWD,RUN,0.117,0.376,0.026,0.195,0.476,0.157,3.037,48,0.870,558,2.727,23.9
OK
DATA,MOTOR_BREAKIN_V3,000001,10319,506,511,0.184,0.077,3.315,0.139,3.176,42,FWD,RUN,0.130,0.414,0.026,0.167,0.476,0.157,3.037,48,0.870,557,2.722,24.0
DATA,MOTOR_BREAKIN_V3,000001,10419,508,510,0.131,0.103,3.260,0.111,3.148,42,FWD,RUN,0.117,0.369,0.040,0.139,0.476,0.157,3.037,48,0.870,558,2.727,23.8
OK
DATA,MOTOR_BREAKIN_V3,000001,10519,509,511,0.105,0.077,3.009,0.084,2.925,39,FWD,RUN,0.091,0.266,0.040,0.223,0.476,0.157,3.037,48,0.870,557,2.722,24.0
OK
DATA,MOTOR_BREAKIN_V3,000001,10619,508,511,0.131,0.077,3.065,0.084,2.981,41,FWD,RUN,0.104,0.310,0.040,0.195,0.476,0.157,3.037,48,0.870,557,2.722,24.0
DATA,MOTOR_BREAKIN_V3,000001,10719,508,512,0.131,0.051,3.092,0.111,2.981,41,FWD,RUN,0.091,0.271,0.040,0.139,0.476,0.157,3.037,48,0.870,557,2.722,23.8
DATA,MOTOR_BREAKIN_V3,000001,10818,508,511,0.131,0.077,3.037,0.111,2.925,41,FWD,RUN,0.104,0.304,0.026,0.111,0.476,0.157,3.037,48,0.870,558,2.727,23.8
OK
DATA,MOTOR_BREAKIN_V3,000001,10919,508,512,0.131,0.051,2.925,0.139,2.786,43,FWD,RUN,0.091,0.253,0.040,0.195,0.476,0.157,3.037,48,0.870,557,2.722,23.8
OK
DATA,MOTOR_BREAKIN_V3,000001,11019,507,510,0.157,0.103,3.176,0.167,3.009,47,FWD,RUN,0.130,0.393,0.040,0.223,0.476,0.157,3.037,48,0.870,557,2.722,23.9
DATA,MOTOR_BREAKIN_V3,000001,11119,507,510,0.157,0.103,3.120,0.111,3.009,47,FWD,RUN,0.130,0.393,0.026,0.223,0.476,0.157,3.037,48,0.870,557,2.722,23.9
DATA,MOTOR_BREAKIN_V3,000001,11219,507,510,0.157,0.103,3.232,0.139,3.092,47,FWD,RUN,0.130,0.403,0.040,0.111,0.476,0.157,3.037,48,0.870,557,2.722,23.9
OK
DATA,MOTOR_BREAKIN_V3,000001,11319,507,510,0.157,0.103,3.260,0.139,3.120,45,FWD,RUN,0.130,0.407,0.040,0.111,0.476,0.157,3.037,48,0.870,557,2.722,23.9
DATA,MOTOR_BREAKIN_V3,000001,11419,508,509,0.131,0.130,3.260,0.111,3.148,45,FWD,RUN,0.130,0.411,0.053,0.084,0.476,0.157,3.037,48,0.870,557,2.722,23.9
OK
DATA,MOTOR_BREAKIN_V3,000001,11519,508,511,0.131,0.077,3.204,0.111,3.092,42,FWD,RUN,0.104,0.322,0.040,0.111,0.476,0.157,3.037,48,0.870,557,2.722,23.8
OK
DATA,MOTOR_BREAKIN_V3,000001,11619,508,511,0.131,0.077,3.148,0.111,3.037,40,FWD,RUN,0.104,0.316,0.040,0.167,0.476,0.157,3.037,48,0.870,557,2.722,23.8
OK
DATA,MOTOR_BREAKIN_V3,000001,11719,509,511,0.105,0.077,3.092,0.084,3.009,39,FWD,RUN,0.091,0.273,0.040,0.084,0.476,0.157,3.037,48,0.870,558,2.727,23.9
DATA,MOTOR_BREAKIN_V3,000001,11819,509,512,0.105,0.051,2.953,0.056,2.897,39,FWD,RUN,0.078,0.225,0.026,0.167,0.476,0.157,3.037,48,0.870,557,2.722,23.9
OK
DATA,MOTOR_BREAKIN_V3,000001,11919,508,511,0.131,0.077,3.009,0.111,2.897,41,FWD,RUN,0.104,0.301,0.026,0.139,0.476,0.157,3.037,48,0.870,558,2.727,23.8
OK
DATA,MOTOR_BREAKIN_V3,000001,12019,508,511,0.131,0.077,3.065,0.056,3.009,43,FWD,RUN,0.104,0.313,0.026,0.195,0.476,0.157,3.037,48,0.870,558,2.727,23.5
DATA,MOTOR_BREAKIN_V3,000001,12119,508,512,0.131,0.051,3.065,0.111,2.953,43,FWD,RUN,0.091,0.268,0.040,0.195,0.476,0.157,3.037,48,0.870,558,2.727,23.8
OK
DATA,MOTOR_BREAKIN_V3,000001,12219,508,512,0.131,0.051,2.953,0.139,2.814,44,FWD,RUN,0.091,0.256,0.026,0.167,0.476,0.157,3.037,48,0.870,557,2.722,23.9
DATA,MOTOR_BREAKIN_V3,000001,12319,508,511,0.131,0.077,3.037,0.139,2.897,44,FWD,RUN,0.104,0.301,0.026,0.167,0.476,0.157,3.037,48,0.870,558,2.727,23.9
OK
DATA,MOTOR_BREAKIN_V3,000001,12419,507,510,0.157,0.103,3.148,0.111,3.037,48,FWD,RUN,0.130,0.396,0.026,0.195,0.476,0.157,3.037,48,0.870,557,2.722,23.9
OK
DATA,MOTOR_BREAKIN_V3,000001,12519,507,509,0.157,0.130,3.204,0.111,3.092,47,FWD,RUN,0.144,0.444,0.040,0.251,0.476,0.157,3.037,48,0.870,558,2.727,23.9
OK
DATA,MOTOR_BREAKIN_V3,000001,12619,507,510,0.157,0.103,3.176,0.084,3.092,45,FWD,RUN,0.130,0.403,0.040,0.139,0.476,0.157,3.037,48,0.870,557,2.722,23.4
OK
DATA,MOTOR_BREAKIN_V3,000001,12719,508,511,0.131,0.077,3.232,0.084,3.148,43,FWD,RUN,0.104,0.328,0.026,0.111,0.476,0.157,3.037,48,0.870,558,2.727,23.8
OK
DATA,MOTOR_BREAKIN_V3,000001,12819,508,512,0.131,0.051,3.065,0.084,2.981,40,FWD,RUN,0.091,0.271,0.026,0.167,0.476,0.157,3.037,48,0.870,558,2.727,23.8
DATA,MOTOR_BREAKIN_V3,000001,12919,509,513,0.105,0.000,3.120,0.111,3.009,40,FWD,RUN,0.052,0.157,0.065,0.195,0.476,0.157,3.037,48,0.870,558,2.727,23.9
DATA,MOTOR_BREAKIN_V3,000001,13019,509,512,0.105,0.051,3.092,0.111,2.981,40,FWD,RUN,0.078,0.231,0.039,0.251,0.476,0.157,3.037,48,0.870,557,2.722,23.8
DATA,MOTOR_BREAKIN_V3,000001,13119,508,512,0.131,0.051,3.009,0.056,2.953,40,FWD,RUN,0.091,0.268,0.052,0.084,0.476,0.157,3.037,48,0.870,558,2.727,23.9
OK
DATA,MOTOR_BREAKIN_V3,000001,13219,509,511,0.105,0.077,3.009,0.056,2.953,41,FWD,RUN,0.091,0.268,0.052,0.167,0.476,0.157,3.037,48,0.870,558,2.727,23.9
DATA,MOTOR_BREAKIN_V3,000001,13319,508,512,0.131,0.051,2.981,0.111,2.870,41,FWD,RUN,0.091,0.261,0.026,0.167,0.476,0.157,3.037,48,0.870,558,2.727,23.8
OK
DATA,MOTOR_BREAKIN_V3,000001,13419,508,511,0.131,0.077,2.953,0.139,2.814,42,FWD,RUN,0.104,0.293,0.040,0.195,0.476,0.157,3.037,48,0.870,557,2.722,23.8
OK
DATA,MOTOR_BREAKIN_V3,000001,13519,507,510,0.157,0.103,3.120,0.139,2.981,46,FWD,RUN,0.130,0.389,0.040,0.167,0.476,0.157,3.037,48,0.870,557,2.722,23.9
DATA,MOTOR_BREAKIN_V3,000001,13619,507,510,0.157,0.103,3.176,0.139,3.037,46,FWD,RUN,0.130,0.396,0.040,0.139,0.476,0.157,3.037,48,0.870,558,2.727,23.9
OK
DATA,MOTOR_BREAKIN_V3,000001,13719,509,512,0.105,0.051,3.176,0.139,3.037,45,FWD,RUN,0.078,0.236,0.053,0.195,0.476,0.157,3.037,48,0.870,558,2.727,23.9
OK
DATA,MOTOR_BREAKIN_V3,000001,13819,509,511,0.105,0.077,3.120,0.111,3.009,44,FWD,RUN,0.091,0.273,0.040,0.084,0.476,0.157,3.037,48,0.870,557,2.722,23.8
DATA,MOTOR_BREAKIN_V3,000001,13919,508,511,0.131,0.077,3.148,0.139,3.009,44,FWD,RUN,0.104,0.313,0.053,0.111,0.476,0.157,3.037,48,0.870,558,2.727,23.8
DATA,MOTOR_BREAKIN_V3,000001,14018,508,511,0.131,0.077,3.176,0.111,3.065,44,FWD,RUN,0.104,0.319,0.053,0.111,0.476,0.157,3.037,48,0.870,557,2.722,23.7
OK
DATA,MOTOR_BREAKIN_V3,000001,14119,509,511,0.105,0.077,3.204,0.195,3.009,43,FWD,RUN,0.091,0.273,0.026,0.111,0.476,0.157,3.037,48,0.870,558,2.727,23.8
DATA,MOTOR_BREAKIN_V3,000001,14219,508,511,0.131,0.077,3.148,0.111,3.037,43,FWD,RUN,0.104,0.316,0.026,0.111,0.476,0.157,3.037,48,0.870,558,2.727,23.7
DATA,MOTOR_BREAKIN_V3,000001,14319,507,511,0.157,0.077,3.232,0.111,3.120,43,FWD,RUN,0.117,0.366,0.026,0.084,0.476,0.157,3.037,48,0.870,557,2.722,23.8
OK
DATA,MOTOR_BREAKIN_V3,000001,14419,508,512,0.131,0.051,3.148,0.084,3.065,42,FWD,RUN,0.091,0.278,0.040,0.139,0.476,0.157,3.037,48,0.870,558,2.727,23.8
OK
DATA,MOTOR_BREAKIN_V3,000001,14519,508,510,0.131,0.103,3.065,0.111,2.953,41,FWD,RUN,0.117,0.346,0.040,0.167,0.476,0.157,3.037,48,0.870,558,2.727,23.8
OK
DATA,MOTOR_BREAKIN_V3,000001,14619,508,511,0.131,0.077,3.120,0.111,3.009,42,FWD,RUN,0.104,0.313,0.040,0.167,0.476,0.157,3.037,48,0.870,558,2.727,23.8
DATA,MOTOR_BREAKIN_V3,000001,14719,509,511,0.105,0.077,3.120,0.139,2.981,42,FWD,RUN,0.091,0.271,0.040,0.084,0.476,0.157,3.037,48,0.870,557,2.722,23.8
DATA,MOTOR_BREAKIN_V3,000001,14819,508,511,0.131,0.077,3.120,0.111,3.009,42,FWD,RUN,0.104,0.313,0.040,0.111,0.476,0.157,3.037,48,0.870,558,2.727,23.8
DATA,MOTOR_BREAKIN_V3,000001,14919,509,510,0.105,0.103,3.120,0.139,2.981,42,FWD,RUN,0.104,0.310,0.040,0.111,0.476,0.157,3.037,48,0.870,558,2.727,23.8
DATA,MOTOR_BREAKIN_V3,000001,15019,509,511,0.105,0.077,3.037,0.279,2.758,42,FWD,RUN,0.091,0.251,0.026,0.279,0.476,0.157,3.037,48,0.870,558,2.727,23.7
OK
DATA,MOTOR_BREAKIN_V3,000001,15119,508,511,0.131,0.077,3.343,0.139,3.204,47,FWD,RUN,0.104,0.333,0.040,0.446,0.476,0.157,3.037,48,0.870,558,2.727,23.9
OK
DATA,MOTOR_BREAKIN_V3,000001,15219,508,510,0.131,0.103,3.176,0.139,3.037,43,FWD,RUN,0.117,0.356,0.053,0.251,0.476,0.157,3.037,48,0.870,558,2.727,23.8
OK
DATA,MOTOR_BREAKIN_V3,000001,15319,509,512,0.105,0.051,3.260,0.056,3.204,42,FWD,RUN,0.078,0.249,0.053,0.195,0.476,0.157,3.037,48,0.870,558,2.727,23.8
DATA,MOTOR_BREAKIN_V3,000001,15419,508,512,0.131,0.051,3.148,0.111,3.037,42,FWD,RUN,0.091,0.276,0.040,0.223,0.476,0.157,3.037,48,0.870,558,2.727,23.7
OK
DATA,MOTOR_BREAKIN_V3,000001,15519,508,510,0.131,0.103,3.092,0.111,2.981,41,FWD,RUN,0.117,0.350,0.040,0.056,0.476,0.157,3.037,48,0.870,558,2.727,23.8
DATA,MOTOR_BREAKIN_V3,000001,15619,508,512,0.131,0.051,3.120,0.111,3.009,41,FWD,RUN,0.091,0.273,0.040,0.167,0.476,0.157,3.037,48,0.870,558,2.727,23.7
DATA,MOTOR_BREAKIN_V3,000001,15719,508,510,0.131,0.103,3.092,0.111,2.981,41,FWD,RUN,0.117,0.350,0.053,0.139,0.476,0.157,3.037,48,0.870,556,2.717,23.7
DATA,MOTOR_BREAKIN_V3,000001,15819,509,511,0.105,0.077,3.065,0.111,2.953,41,FWD,RUN,0.091,0.268,0.053,0.139,0.476,0.157,3.037,48,0.870,558,2.727,23.7
OK
DATA,MOTOR_BREAKIN_V3,000001,15919,507,511,0.157,0.077,3.065,0.139,2.925,42,FWD,RUN,0.117,0.343,0.040,0.251,0.476,0.157,3.037,48,0.870,558,2.727,23.7
OK
DATA,MOTOR_BREAKIN_V3,000001,16019,507,510,0.157,0.103,3.092,0.139,2.953,44,FWD,RUN,0.130,0.385,0.053,0.251,0.476,0.157,3.037,48,0.870,558,2.727,23.7
OK
DATA,MOTOR_BREAKIN_V3,000001,16119,509,512,0.105,0.051,3.148,0.111,3.037,45,FWD,RUN,0.078,0.236,0.053,0.111,0.476,0.157,3.037,48,0.870,558,2.727,24.5
OK
DATA,MOTOR_BREAKIN_V3,000001,16219,508,510,0.131,0.103,3.176,0.167,3.009,44,FWD,RUN,0.117,0.353,0.053,0.195,0.476,0.157,3.037,48,0.870,558,2.727,23.7
DATA,MOTOR_BREAKIN_V3,000001,16319,507,511,0.157,0.077,3.204,0.139,3.065,44,FWD,RUN,0.117,0.359,0.040,0.195,0.476,0.157,3.037,48,0.870,558,2.727,23.8
DATA,MOTOR_BREAKIN_V3,000001,16419,508,510,0.131,0.103,3.176,0.139,3.037,44,FWD,RUN,0.117,0.356,0.040,0.139,0.476,0.157,3.037,48,0.870,557,2.722,23.7
OK
DATA,MOTOR_BREAKIN_V3,000001,16519,508,511,0.131,0.077,3.204,0.111,3.092,43,FWD,RUN,0.104,0.322,0.040,0.167,0.476,0.157,3.037,48,0.870,557,2.722,23.7
OK
DATA,MOTOR_BREAKIN_V3,000001,16619,508,512,0.131,0.051,3.120,0.111,3.009,41,FWD,RUN,0.091,0.273,0.026,0.167,0.476,0.157,3.037,48,0.870,557,2.722,23.7
DATA,MOTOR_BREAKIN_V3,000001,16719,508,510,0.131,0.103,3.120,0.084,3.037,41,FWD,RUN,0.117,0.356,0.040,0.139,0.476,0.157,3.037,48,0.870,557,2.722,23.7
OK
DATA,MOTOR_BREAKIN_V3,000001,16819,508,511,0.131,0.077,3.092,0.111,2.981,40,FWD,RUN,0.104,0.310,0.040,0.195,0.476,0.157,3.037,48,0.870,558,2.727,23.7
DATA,MOTOR_BREAKIN_V3,000001,16919,509,511,0.105,0.077,3.037,0.084,2.953,40,FWD,RUN,0.091,0.268,0.040,0.139,0.476,0.157,3.037,48,0.870,558,2.727,23.7
OK
DATA,MOTOR_BREAKIN_V3,000001,17019,508,512,0.131,0.051,3.092,0.111,2.981,41,FWD,RUN,0.091,0.271,0.053,0.167,0.476,0.157,3.037,48,0.870,558,2.727,23.7
DATA,MOTOR_BREAKIN_V3,000001,17119,508,511,0.131,0.077,3.037,0.139,2.897,41,FWD,RUN,0.104,0.301,0.040,0.223,0.476,0.157,3.037,48,0.870,558,2.727,23.7
OK
DATA,MOTOR_BREAKIN_V3,000001,17218,508,511,0.131,0.077,3.037,0.139,2.897,43,FWD,RUN,0.104,0.301,0.052,0.195,0.476,0.157,3.037,48,0.870,558,2.727,23.7
DATA,MOTOR_BREAKIN_V3,000001,17319,507,510,0.157,0.103,3.092,0.139,2.953,43,FWD,RUN,0.130,0.385,0.078,0.195,0.476,0.157,3.037,48,0.870,558,2.727,23.7
OK
DATA,MOTOR_BREAKIN_V3,000001,17419,507,511,0.157,0.077,3.092,0.139,2.953,45,FWD,RUN,0.117,0.346,0.053,0.195,0.476,0.157,3.037,48,0.870,557,2.722,23.8
OK
DATA,MOTOR_BREAKIN_V3,000001,17519,507,510,0.157,0.103,3.176,0.139,3.037,46,FWD,RUN,0.130,0.396,0.040,0.084,0.476,0.157,3.037,48,0.870,557,2.722,23.8
OK
DATA,MOTOR_BREAKIN_V3,000001,17619,508,511,0.131,0.077,3.204,0.139,3.065,45,FWD,RUN,0.104,0.319,0.040,0.111,0.476,0.157,3.037,48,0.870,558,2.727,23.7
OK
DATA,MOTOR_BREAKIN_V3,000001,17719,508,510,0.131,0.103,3.092,0.139,2.953,44,FWD,RUN,0.117,0.346,0.040,0.139,0.476,0.157,3.037,48,0.870,558,2.727,23.8
OK
DATA,MOTOR_BREAKIN_V3,000001,17819,507,511,0.157,0.077,3.120,0.139,2.981,45,FWD,RUN,0.117,0.350,0.026,0.139,0.476,0.157,3.037,48,0.870,558,2.727,23.8
DATA,MOTOR_BREAKIN_V3,000001,17919,508,512,0.131,0.051,3.204,0.111,3.092,45,FWD,RUN,0.091,0.281,0.040,0.195,0.476,0.157,3.037,48,0.870,558,2.727,23.6
OK
DATA,MOTOR_BREAKIN_V3,000001,18019,509,511,0.105,0.077,3.176,0.111,3.065,43,FWD,RUN,0.091,0.278,0.053,0.334,0.476,0.157,3.037,48,0.870,557,2.722,23.6
OK
DATA,MOTOR_BREAKIN_V3,000001,18119,508,511,0.131,0.077,3.204,0.084,3.120,42,FWD,RUN,0.104,0.325,0.053,0.362,0.476,0.157,3.037,48,0.870,557,2.722,23.7
OK
DATA,MOTOR_BREAKIN_V3,000001,18219,508,511,0.131,0.077,3.092,0.084,3.009,40,FWD,RUN,0.104,0.313,0.040,0.195,0.476,0.157,3.037,48,0.870,558,2.727,23.7
DATA,MOTOR_BREAKIN_V3,000001,18319,508,512,0.131,0.051,3.065,0.084,2.981,40,FWD,RUN,0.091,0.271,0.053,0.167,0.476,0.157,3.037,48,0.870,557,2.722,23.8
DATA,MOTOR_BREAKIN_V3,000001,18419,509,512,0.105,0.051,3.092,0.056,3.037,40,FWD,RUN,0.078,0.236,0.040,0.111,0.476,0.157,3.037,48,0.870,558,2.727,23.8
OK
DATA,MOTOR_BREAKIN_V3,000001,18519,508,512,0.131,0.051,2.981,0.084,2.897,39,FWD,RUN,0.091,0.263,0.026,0.334,0.476,0.157,3.037,48,0.870,557,2.722,23.7
OK
DATA,MOTOR_BREAKIN_V3,000001,18619,508,511,0.131,0.077,3.092,0.111,2.981,41,FWD,RUN,0.104,0.310,0.026,0.334,0.476,0.157,3.037,48,0.870,557,2.722,23.7
DATA,MOTOR_BREAKIN_V3,000001,18719,508,511,0.131,0.077,3.065,0.056,3.009,41,FWD,RUN,0.104,0.313,0.026,0.167,0.476,0.157,3.037,48,0.870,558,2.727,23.6
DATA,MOTOR_BREAKIN_V3,000001,18819,508,512,0.131,0.051,3.065,0.139,2.925,41,FWD,RUN,0.091,0.266,0.026,0.223,0.476,0.157,3.037,48,0.870,558,2.727,23.7
OK
DATA,MOTOR_BREAKIN_V3,000001,18919,508,511,0.131,0.077,3.037,0.084,2.953,43,FWD,RUN,0.104,0.307,0.026,0.195,0.476,0.157,3.037,48,0.870,558,2.727,23.5
OK
DATA,MOTOR_BREAKIN_V3,000001,19019,508,511,0.131,0.077,3.065,0.139,2.925,44,FWD,RUN,0.104,0.304,0.026,0.111,0.476,0.157,3.037,48,0.870,558,2.727,23.6
OK
DATA,MOTOR_BREAKIN_V3,000001,19119,508,510,0.131,0.103,3.176,0.139,3.037,46,FWD,RUN,0.117,0.356,0.026,0.139,0.476,0.157,3.037,48,0.870,558,2.727,23.8
DATA,MOTOR_BREAKIN_V3,000001,19219,507,510,0.157,0.103,3.065,0.139,2.925,46,FWD,RUN,0.130,0.382,0.040,0.139,0.476,0.157,3.037,48,0.870,557,2.722,23.7
OK
DATA,MOTOR_BREAKIN_V3,000001,19319,508,511,0.131,0.077,3.232,0.111,3.120,45,FWD,RUN,0.104,0.325,0.026,0.195,0.476,0.157,3.037,48,0.870,558,2.727,23.6
OK
DATA,MOTOR_BREAKIN_V3,000001,19419,508,510,0.131,0.103,3.204,0.111,3.092,43,FWD,RUN,0.117,0.363,0.013,0.195,0.476,0.157,3.037,48,0.870,557,2.722,23.6
OK
DATA,MOTOR_BREAKIN_V3,000001,19519,508,512,0.131,0.051,3.148,0.111,3.037,41,FWD,RUN,0.091,0.276,0.026,0.167,0.476,0.157,3.037,48,0.870,558,2.727,23.6
OK
DATA,MOTOR_BREAKIN_V3,000001,19619,508,511,0.131,0.077,3.092,0.056,3.037,40,FWD,RUN,0.104,0.316,0.040,0.111,0.476,0.157,3.037,48,0.870,558,2.727,23.8
OK
DATA,MOTOR_BREAKIN_V3,000001,19719,509,511,0.105,0.077,3.065,0.111,2.953,39,FWD,RUN,0.091,0.268,0.040,0.139,0.476,0.157,3.037,48,0.870,557,2.722,23.7
OK
DATA,MOTOR_BREAKIN_V3,000001,19819,508,512,0.131,0.051,3.092,0.084,3.009,40,FWD,RUN,0.091,0.273,0.040,0.139,0.476,0.157,3.037,48,0.870,558,2.727,23.6
DATA,MOTOR_BREAKIN_V3,000001,19919,509,511,0.105,0.077,3.009,0.084,2.925,40,FWD,RUN,0.091,0.266,0.026,0.084,0.476,0.157,3.037,48,0.870,557,2.722,23.6
OK
DATA,MOTOR_BREAKIN_V3,000001,20019,508,511,0.131,0.077,3.065,0.056,3.009,42,FWD,RUN,0.104,0.313,0.026,0.139,0.476,0.157,3.037,48,0.870,558,2.727,23.7
DATA,MOTOR_BREAKIN_V3,000001,20119,508,511,0.131,0.077,3.037,0.111,2.925,42,FWD,RUN,0.104,0.304,0.013,0.167,0.476,0.157,3.037,48,0.870,557,2.722,23.6
DATA,MOTOR_BREAKIN_V3,000001,20219,508,511,0.131,0.077,2.981,0.139,2.842,42,FWD,RUN,0.104,0.296,0.013,0.223,0.476,0.157,3.037,48,0.870,558,2.727,23.6
OK
DATA,MOTOR_BREAKIN_V3,000001,20319,507,511,0.157,0.077,3.092,0.139,2.953,44,FWD,RUN,0.117,0.346,0.026,0.223,0.476,0.157,3.037,48,0.870,557,2.722,23.7
OK
DATA,MOTOR_BREAKIN_V3,000001,20418,508,511,0.131,0.077,3.148,0.139,3.009,45,FWD,RUN,0.104,0.313,0.053,0.084,0.476,0.157,3.037,48,0.870,558,2.727,23.6
DATA,MOTOR_BREAKIN_V3,000001,20519,507,511,0.157,0.077,3.176,0.139,3.037,45,FWD,RUN,0.117,0.356,0.053,0.111,0.476,0.157,3.037,48,0.870,557,2.722,23.6
OK
DATA,MOTOR_BREAKIN_V3,000001,20619,508,511,0.131,0.077,3.176,0.139,3.037,44,FWD,RUN,0.104,0.316,0.040,0.111,0.476,0.157,3.037,48,0.870,557,2.722,23.7
OK
DATA,MOTOR_BREAKIN_V3,000001,20719,508,511,0.131,0.077,3.176,0.111,3.065,43,FWD,RUN,0.104,0.319,0.026,0.111,0.476,0.157,3.037,48,0.870,558,2.727,23.6
OK
DATA,MOTOR_BREAKIN_V3,000001,20819,508,512,0.131,0.051,3.148,0.111,3.037,42,FWD,RUN,0.091,0.276,0.013,0.111,0.476,0.157,3.037,48,0.870,557,2.722,23.6
OK
DATA,MOTOR_BREAKIN_V3,000001,20919,508,511,0.131,0.077,3.232,0.028,3.204,41,FWD,RUN,0.104,0.333,0.013,0.279,0.476,0.157,3.037,48,0.870,558,2.727,23.7
OK
DATA,MOTOR_BREAKIN_V3,000001,21019,509,512,0.105,0.051,3.037,0.028,3.009,37,FWD,RUN,0.078,0.234,0.065,0.279,0.476,0.157,3.037,48,0.870,558,2.727,23.7
DATA,MOTOR_BREAKIN_V3,000001,21119,509,513,0.105,0.000,2.981,0.084,2.897,37,FWD,RUN,0.052,0.152,0.065,0.167,0.476,0.157,3.037,48,0.870,557,2.722,23.7
OK
DATA,MOTOR_BREAKIN_V3,000001,21219,509,512,0.105,0.051,2.953,0.084,2.870,39,FWD,RUN,0.078,0.223,0.039,0.251,0.476,0.157,3.037,48,0.870,557,2.722,23.7
DATA,MOTOR_BREAKIN_V3,000001,21319,509,511,0.105,0.077,2.981,0.084,2.897,39,FWD,RUN,0.091,0.263,0.039,0.111,0.476,0.157,3.037,48,0.870,557,2.722,23.6
OK
DATA,MOTOR_BREAKIN_V3,000001,21419,508,512,0.131,0.051,2.925,0.111,2.814,41,FWD,RUN,0.091,0.256,0.026,0.111,0.476,0.157,3.037,48,0.870,558,2.727,23.7
OK
DATA,MOTOR_BREAKIN_V3,000001,21519,508,511,0.131,0.077,2.981,0.111,2.870,45,FWD,RUN,0.104,0.299,0.053,0.111,0.476,0.157,3.037,48,0.870,557,2.722,23.6
OK
DATA,MOTOR_BREAKIN_V3,000001,21619,507,510,0.157,0.103,3.092,0.167,2.925,48,FWD,RUN,0.130,0.382,0.066,0.195,0.476,0.157,3.037,48,0.870,556,2.717,23.6
OK
DATA,MOTOR_BREAKIN_V3,000001,21719,507,509,0.157,0.130,3.148,0.167,2.981,50,FWD,RUN,0.144,0.428,0.053,0.167,0.476,0.157,3.037,48,0.870,557,2.722,23.6
DATA,MOTOR_BREAKIN_V3,000001,21819,507,510,0.157,0.103,3.343,0.167,3.176,50,FWD,RUN,0.130,0.414,0.053,0.223,0.476,0.157,3.037,48,0.870,557,2.722,23.6
OK
DATA,MOTOR_BREAKIN_V3,000001,21919,507,510,0.157,0.103,3.315,0.139,3.176,46,FWD,RUN,0.130,0.414,0.053,0.139,0.531,0.170,3.120,50,0.870,557,2.722,23.7
OK
DATA,MOTOR_BREAKIN_V3,000001,22019,508,510,0.131,0.103,3.260,0.084,3.176,42,FWD,RUN,0.117,0.372,0.053,0.111,0.531,0.170,3.120,50,0.870,557,2.722,23.6
OK
DATA,MOTOR_BREAKIN_V3,000001,22119,509,512,0.105,0.051,3.204,0.056,3.148,38,FWD,RUN,0.078,0.244,0.053,0.111,0.531,0.170,3.120,50,0.870,558,2.727,23.6
DATA,MOTOR_BREAKIN_V3,000001,22219,508,512,0.131,0.051,3.148,0.084,3.065,38,FWD,RUN,0.091,0.278,0.026,0.223,0.531,0.170,3.120,50,0.870,558,2.727,23.7
OK
DATA,MOTOR_BREAKIN_V3,000001,22319,509,511,0.105,0.077,3.037,0.084,2.953,37,FWD,RUN,0.091,0.268,0.026,0.111,0.531,0.170,3.120,50,0.870,558,2.727,23.7
OK
DATA,MOTOR_BREAKIN_V3,000001,22419,509,511,0.105,0.077,2.897,0.056,2.842,38,FWD,RUN,0.091,0.258,0.026,0.251,0.531,0.170,3.120,50,0.870,557,2.722,23.6
OK
DATA,MOTOR_BREAKIN_V3,000001,22519,508,511,0.131,0.077,3.037,0.139,2.897,41,FWD,RUN,0.104,0.301,0.040,0.195,0.531,0.170,3.120,50,0.870,558,2.727,23.6
OK
DATA,MOTOR_BREAKIN_V3,000001,22619,508,510,0.131,0.103,3.065,0.139,2.925,43,FWD,RUN,0.117,0.343,0.040,0.195,0.531,0.170,3.120,50,0.870,557,2.722,23.6
OK
DATA,MOTOR_BREAKIN_V3,000001,22719,508,510,0.131,0.103,3.065,0.111,2.953,45,FWD,RUN,0.117,0.346,0.040,0.056,0.531,0.170,3.120,50,0.870,557,2.722,23.6
OK
DATA,MOTOR_BREAKIN_V3,000001,22819,507,510,0.157,0.103,3.176,0.139,3.037,46,FWD,RUN,0.130,0.396,0.040,0.139,0.531,0.170,3.120,50,0.870,558,2.727,23.6
OK
DATA,MOTOR_BREAKIN_V3,000001,22919,507,510,0.157,0.103,3.204,0.084,3.120,45,FWD,RUN,0.130,0.407,0.026,0.195,0.531,0.170,3.120,50,0.870,558,2.727,23.6
OK
DATA,MOTOR_BREAKIN_V3,000001,23019,508,511,0.131,0.077,3.204,0.139,3.065,43,FWD,RUN,0.104,0.319,0.026,0.223,0.531,0.170,3.120,50,0.870,555,2.713,23.6
DATA,MOTOR_BREAKIN_V3,000001,23119,508,510,0.131,0.103,3.204,0.111,3.092,43,FWD,RUN,0.117,0.363,0.026,0.167,0.531,0.170,3.120,50,0.870,557,2.722,23.5
OK
DATA,MOTOR_BREAKIN_V3,000001,23219,508,511,0.131,0.077,3.204,0.111,3.092,41,FWD,RUN,0.104,0.322,0.040,0.111,0.531,0.170,3.120,50,0.870,557,2.722,23.6
OK
DATA,MOTOR_BREAKIN_V3,000001,23319,509,511,0.105,0.077,3.037,0.084,2.953,39,FWD,RUN,0.091,0.268,0.040,0.167,0.531,0.170,3.120,50,0.870,558,2.727,23.6
OK
DATA,MOTOR_BREAKIN_V3,000001,23419,509,511,0.105,0.077,3.037,0.084,2.953,40,FWD,RUN,0.091,0.268,0.040,0.167,0.531,0.170,3.120,50,0.870,557,2.722,23.6
OK
DATA,MOTOR_BREAKIN_V3,000001,23519,508,511,0.131,0.077,2.981,0.111,2.870,41,FWD,RUN,0.104,0.299,0.040,0.139,0.531,0.170,3.120,50,0.870,558,2.727,23.6
OK
DATA,MOTOR_BREAKIN_V3,000001,23618,508,509,0.131,0.130,3.120,0.139,2.981,44,FWD,RUN,0.130,0.389,0.053,0.167,0.531,0.170,3.120,50,0.870,557,2.722,23.6
DATA,MOTOR_BREAKIN_V3,000001,23719,508,511,0.131,0.077,3.120,0.139,2.981,44,FWD,RUN,0.104,0.310,0.053,0.167,0.531,0.170,3.120,50,0.870,557,2.722,23.6
DATA,MOTOR_BREAKIN_V3,000001,23819,507,512,0.157,0.051,3.092,0.111,2.981,44,FWD,RUN,0.104,0.310,0.040,0.223,0.531,0.170,3.120,50,0.870,557,2.722,23.6
DATA,MOTOR_BREAKIN_V3,000001,23919,508,511,0.131,0.077,3.260,0.139,3.120,44,FWD,RUN,0.104,0.325,0.040,0.195,0.531,0.170,3.120,50,0.870,558,2.727,23.6
DATA,MOTOR_BREAKIN_V3,000001,24019,508,510,0.131,0.103,3.065,0.111,2.953,44,FWD,RUN,0.117,0.346,0.026,0.167,0.531,0.170,3.120,50,0.870,557,2.722,23.6
OK
DATA,MOTOR_BREAKIN_V3,000001,24119,508,511,0.131,0.077,3.204,0.111,3.092,45,FWD,RUN,0.104,0.322,0.040,0.139,0.531,0.170,3.120,50,0.870,557,2.722,23.6
OK
DATA,MOTOR_BREAKIN_V3,000001,24219,508,511,0.131,0.077,3.148,0.111,3.037,43,FWD,RUN,0.104,0.316,0.040,0.139,0.531,0.170,3.120,50,0.870,558,2.727,23.6
OK
DATA,MOTOR_BREAKIN_V3,000001,24319,509,510,0.105,0.103,3.120,0.111,3.009,42,FWD,RUN,0.104,0.313,0.040,0.111,0.531,0.170,3.120,50,0.870,557,2.722,23.6
DATA,MOTOR_BREAKIN_V3,000001,24419,509,511,0.105,0.077,3.176,0.084,3.092,42,FWD,RUN,0.091,0.281,0.026,0.111,0.531,0.170,3.120,50,0.870,557,2.722,23.6
OK
DATA,MOTOR_BREAKIN_V3,000001,24519,509,510,0.105,0.103,3.176,0.084,3.092,40,FWD,RUN,0.104,0.322,0.026,0.167,0.531,0.170,3.120,50,0.870,558,2.727,23.6
OK
DATA,MOTOR_BREAKIN_V3,000001,24619,509,512,0.105,0.051,3.120,0.084,3.037,38,FWD,RUN,0.078,0.236,0.040,0.223,0.531,0.170,3.120,50,0.870,557,2.722,23.6
OK
DATA,MOTOR_BREAKIN_V3,000001,24719,509,512,0.105,0.051,3.009,0.056,2.953,37,FWD,RUN,0.078,0.229,0.040,0.195,0.531,0.170,3.120,50,0.870,557,2.722,23.6
OK
DATA,MOTOR_BREAKIN_V3,000001,24819,509,511,0.105,0.077,3.092,0.111,2.981,38,FWD,RUN,0.091,0.271,0.026,0.223,0.531,0.170,3.120,50,0.870,558,2.727,23.6
DATA,MOTOR_BREAKIN_V3,000001,24919,509,512,0.105,0.051,2.953,0.056,2.897,38,FWD,RUN,0.078,0.225,0.026,0.167,0.531,0.170,3.120,50,0.870,558,2.727,23.6
OK
DATA,MOTOR_BREAKIN_V3,000001,25019,509,511,0.105,0.077,2.953,0.111,2.842,40,FWD,RUN,0.091,0.258,0.040,0.195,0.531,0.170,3.120,50,0.870,557,2.722,23.6
OK
DATA,MOTOR_BREAKIN_V3,000001,25119,508,511,0.131,0.077,3.009,0.111,2.897,43,FWD,RUN,0.104,0.301,0.053,0.195,0.531,0.170,3.120,50,0.870,557,2.722,23.6
OK
DATA,MOTOR_BREAKIN_V3,000001,25219,508,510,0.131,0.103,3.037,0.111,2.925,45,FWD,RUN,0.117,0.343,0.040,0.195,0.531,0.170,3.120,50,0.870,557,2.722,23.2
OK
DATA,MOTOR_BREAKIN_V3,000001,25319,507,510,0.157,0.103,3.092,0.111,2.981,47,FWD,RUN,0.130,0.389,0.040,0.251,0.531,0.170,3.120,50,0.870,557,2.722,23.6
DATA,MOTOR_BREAKIN_V3,000001,25419,508,510,0.131,0.103,3.176,0.167,3.009,47,FWD,RUN,0.117,0.353,0.026,0.223,0.531,0.170,3.120,50,0.870,558,2.727,23.6
DATA,MOTOR_BREAKIN_V3,000001,25519,508,510,0.131,0.103,3.120,0.139,2.981,47,FWD,RUN,0.117,0.350,0.026,0.223,0.531,0.170,3.120,50,0.870,557,2.722,23.6
DATA,MOTOR_BREAKIN_V3,000001,25619,507,509,0.157,0.130,3.287,0.167,3.120,47,FWD,RUN,0.144,0.448,0.066,0.195,0.531,0.170,3.120,50,0.870,557,2.722,23.6
OK
DATA,MOTOR_BREAKIN_V3,000001,25719,508,510,0.131,0.103,3.371,0.111,3.260,45,FWD,RUN,0.117,0.382,0.066,0.251,0.531,0.170,3.120,50,0.870,558,2.727,23.5
OK
DATA,MOTOR_BREAKIN_V3,000001,25819,508,510,0.131,0.103,3.315,0.139,3.176,40,FWD,RUN,0.117,0.372,0.040,0.167,0.531,0.170,3.120,50,0.870,557,2.722,23.5
DATA,MOTOR_BREAKIN_V3,000001,25919,509,511,0.105,0.077,3.176,0.111,3.065,40,FWD,RUN,0.091,0.278,0.040,0.195,0.531,0.170,3.120,50,0.870,558,2.727,23.6
OK
DATA,MOTOR_BREAKIN_V3,000001,26019,508,511,0.131,0.077,3.120,0.056,3.065,39,FWD,RUN,0.104,0.319,0.013,0.139,0.531,0.170,3.120,50,0.870,558,2.727,23.6
OK
DATA,MOTOR_BREAKIN_V3,000001,26119,509,512,0.105,0.051,3.120,0.084,3.037,38,FWD,RUN,0.078,0.236,0.026,0.251,0.531,0.170,3.120,50,0.870,558,2.727,23.6
OK
DATA,MOTOR_BREAKIN_V3,000001,26219,509,512,0.105,0.051,2.981,0.056,2.925,37,FWD,RUN,0.078,0.227,0.026,0.139,0.531,0.170,3.120,50,0.870,557,2.722,23.6
OK
DATA,MOTOR_BREAKIN_V3,000001,26319,508,511,0.131,0.077,2.925,0.084,2.842,39,FWD,RUN,0.104,0.296,0.026,0.167,0.531,0.170,3.120,50,0.870,558,2.727,23.6
OK
DATA,MOTOR_BREAKIN_V3,000001,26419,508,511,0.131,0.077,3.092,0.111,2.981,42,FWD,RUN,0.104,0.310,0.040,0.139,0.531,0.170,3.120,50,0.870,558,2.727,23.5
DATA,MOTOR_BREAKIN_V3,000001,26519,509,512,0.105,0.051,3.037,0.111,2.925,42,FWD,RUN,0.078,0.227,0.040,0.195,0.531,0.170,3.120,50,0.870,558,2.727,23.6
OK
DATA,MOTOR_BREAKIN_V3,000001,26619,508,511,0.131,0.077,3.037,0.111,2.925,44,FWD,RUN,0.104,0.304,0.040,0.195,0.531,0.170,3.120,50,0.870,558,2.727,23.6
OK
DATA,MOTOR_BREAKIN_V3,000001,26719,506,510,0.184,0.103,3.120,0.167,2.953,46,FWD,RUN,0.144,0.424,0.053,0.334,0.531,0.170,3.120,50,0.870,558,2.727,23.6
DATA,MOTOR_BREAKIN_V3,000001,26818,508,510,0.131,0.103,3.120,0.111,3.009,46,FWD,RUN,0.117,0.353,0.053,0.251,0.531,0.170,3.120,50,0.870,558,2.727,23.6
DATA,MOTOR_BREAKIN_V3,000001,26919,507,511,0.157,0.077,3.260,0.111,3.148,46,FWD,RUN,0.117,0.369,0.026,0.306,0.531,0.170,3.120,50,0.870,558,2.727,23.6
OK
DATA,MOTOR_BREAKIN_V3,000001,27019,508,511,0.131,0.077,3.148,0.084,3.065,43,FWD,RUN,0.104,0.319,0.026,0.195,0.531,0.170,3.120,50,0.870,558,2.727,23.5
OK
DATA,MOTOR_BREAKIN_V3,000001,27119,509,510,0.105,0.103,3.120,0.084,3.037,42,FWD,RUN,0.104,0.316,0.040,0.139,0.531,0.170,3.120,50,0.870,557,2.722,23.5
OK
DATA,MOTOR_BREAKIN_V3,000001,27219,508,511,0.131,0.077,3.120,0.111,3.009,41,FWD,RUN,0.104,0.313,0.040,0.167,0.531,0.170,3.120,50,0.870,557,2.722,23.5
DATA,MOTOR_BREAKIN_V3,000001,27319,508,511,0.131,0.077,3.120,0.056,3.065,41,FWD,RUN,0.104,0.319,0.040,0.195,0.531,0.170,3.120,50,0.870,558,2.727,23.5
OK
DATA,MOTOR_BREAKIN_V3,000001,27419,509,511,0.105,0.077,3.065,0.056,3.009,40,FWD,RUN,0.091,0.273,0.040,0.111,0.531,0.170,3.120,50,0.870,558,2.727,23.6
DATA,MOTOR_BREAKIN_V3,000001,27519,509,511,0.105,0.077,3.120,0.111,3.009,40,FWD,RUN,0.091,0.273,0.040,0.223,0.531,0.170,3.120,50,0.870,557,2.722,23.6
DATA,MOTOR_BREAKIN_V3,000001,27619,508,511,0.131,0.077,3.120,0.084,3.037,40,FWD,RUN,0.104,0.316,0.040,0.223,0.531,0.170,3.120,50,0.870,557,2.722,23.5
OK
DATA,MOTOR_BREAKIN_V3,000001,27719,508,511,0.131,0.077,3.009,0.084,2.925,39,FWD,RUN,0.104,0.304,0.040,0.223,0.531,0.170,3.120,50,0.870,557,2.722,23.6
DATA,MOTOR_BREAKIN_V3,000001,27819,509,510,0.105,0.103,2.981,0.111,2.870,39,FWD,RUN,0.104,0.299,0.040,0.139,0.531,0.170,3.120,50,0.870,557,2.722,23.6
OK
DATA,MOTOR_BREAKIN_V3,000001,27919,508,510,0.131,0.103,3.037,0.111,2.925,42,FWD,RUN,0.117,0.343,0.040,0.167,0.531,0.170,3.120,50,0.870,557,2.722,23.5
OK
DATA,MOTOR_BREAKIN_V3,000001,28019,508,511,0.131,0.077,3.037,0.111,2.925,44,FWD,RUN,0.104,0.304,0.040,0.223,0.531,0.170,3.120,50,0.870,558,2.727,23.5
OK
DATA,MOTOR_BREAKIN_V3,000001,28119,508,510,0.131,0.103,3.232,0.084,3.148,46,FWD,RUN,0.117,0.369,0.026,0.251,0.531,0.170,3.120,50,0.870,558,2.727,23.6
OK
DATA,MOTOR_BREAKIN_V3,000001,28219,508,511,0.131,0.077,3.120,0.084,3.037,43,FWD,RUN,0.104,0.316,0.040,0.251,0.531,0.170,3.120,50,0.870,558,2.727,23.4
OK
DATA,MOTOR_BREAKIN_V3,000001,28319,508,512,0.131,0.051,3.148,0.139,3.009,42,FWD,RUN,0.091,0.273,0.026,0.251,0.531,0.170,3.120,50,0.870,558,2.727,23.5
DATA,MOTOR_BREAKIN_V3,000001,28419,508,511,0.131,0.077,3.148,0.111,3.037,42,FWD,RUN,0.104,0.316,0.026,0.139,0.531,0.170,3.120,50,0.870,558,2.727,23.5
OK
DATA,MOTOR_BREAKIN_V3,000001,28519,509,510,0.105,0.103,3.065,0.111,2.953,41,FWD,RUN,0.104,0.307,0.026,0.139,0.531,0.170,3.120,50,0.870,557,2.722,23.5
OK
DATA,MOTOR_BREAKIN_V3,000001,28619,508,512,0.131,0.051,3.065,0.084,2.981,42,FWD,RUN,0.091,0.271,0.026,0.111,0.531,0.170,3.120,50,0.870,557,2.722,23.4
DATA,MOTOR_BREAKIN_V3,000001,28719,508,511,0.131,0.077,3.148,0.111,3.037,42,FWD,RUN,0.104,0.316,0.013,0.167,0.531,0.170,3.120,50,0.870,557,2.722,23.5
OK
DATA,MOTOR_BREAKIN_V3,000001,28819,509,511,0.105,0.077,3.120,0.084,3.037,41,FWD,RUN,0.091,0.276,0.013,0.167,0.531,0.170,3.120,50,0.870,558,2.727,23.5
OK
DATA,MOTOR_BREAKIN_V3,000001,28919,508,510,0.131,0.103,3.037,0.084,2.953,40,FWD,RUN,0.117,0.346,0.026,0.167,0.531,0.170,3.120,50,0.870,557,2.722,23.6
OK
DATA,MOTOR_BREAKIN_V3,000001,29019,508,512,0.131,0.051,3.092,0.111,2.981,41,FWD,RUN,0.091,0.271,0.040,0.111,0.531,0.170,3.120,50,0.870,557,2.722,23.5
DATA,MOTOR_BREAKIN_V3,000001,29119,508,512,0.131,0.051,3.148,0.111,3.037,41,FWD,RUN,0.091,0.276,0.040,0.139,0.531,0.170,3.120,50,0.870,558,2.727,23.5
OK
DATA,MOTOR_BREAKIN_V3,000001,29219,509,511,0.105,0.077,2.925,0.111,2.814,40,FWD,RUN,0.091,0.256,0.013,0.223,0.531,0.170,3.120,50,0.870,557,2.722,23.6
OK
DATA,MOTOR_BREAKIN_V3,000001,29319,508,511,0.131,0.077,3.148,0.139,3.009,44,FWD,RUN,0.104,0.313,0.040,0.195,0.531,0.170,3.120,50,0.870,558,2.727,23.6
DATA,MOTOR_BREAKIN_V3,000001,29419,508,511,0.131,0.077,3.120,0.139,2.981,44,FWD,RUN,0.104,0.310,0.053,0.223,0.531,0.170,3.120,50,0.870,557,2.722,23.6
DATA,MOTOR_BREAKIN_V3,000001,29519,508,510,0.131,0.103,3.092,0.084,3.009,44,FWD,RUN,0.117,0.353,0.026,0.223,0.531,0.170,3.120,50,0.870,558,2.727,23.4
DATA,MOTOR_BREAKIN_V3,000001,29619,508,510,0.131,0.103,3.176,0.139,3.037,44,FWD,RUN,0.117,0.356,0.053,0.167,0.531,0.170,3.120,50,0.870,558,2.727,23.6
OK
DATA,MOTOR_BREAKIN_V3,000001,29719,508,510,0.131,0.103,3.315,0.111,3.204,43,FWD,RUN,0.117,0.376,0.053,0.279,0.531,0.170,3.120,50,0.870,558,2.727,23.5
OK
DATA,MOTOR_BREAKIN_V3,000001,29819,508,512,0.131,0.051,3.065,0.056,3.009,39,FWD,RUN,0.091,0.273,0.053,0.279,0.531,0.170,3.120,50,0.870,558,2.727,23.6
DATA,MOTOR_BREAKIN_V3,000001,29919,509,510,0.105,0.103,3.065,0.111,2.953,39,FWD,RUN,0.104,0.307,0.026,0.223,0.531,0.170,3.120,50,0.870,557,2.722,23.5
OK
DATA,MOTOR_BREAKIN_V3,000001,30018,509,511,0.105,0.077,3.065,0.056,3.009,40,FWD,RUN,0.091,0.273,0.026,0.139,0.531,0.170,3.120,50,0.870,558,2.727,23.5
DATA,MOTOR_BREAKIN_V3,000001,30119,509,511,0.105,0.077,2.897,0.111,2.786,40,FWD,RUN,0.091,0.253,0.026,0.223,0.531,0.170,3.120,50,0.870,557,2.722,23.4
OK
DATA,MOTOR_BREAKIN_V3,000001,30219,508,511,0.131,0.077,3.009,0.111,2.897,44,FWD,RUN,0.104,0.301,0.026,0.195,0.531,0.170,3.120,50,0.870,557,2.722,23.5
OK
DATA,MOTOR_BREAKIN_V3,000001,30319,507,510,0.157,0.103,3.204,0.139,3.065,46,FWD,RUN,0.130,0.400,0.040,0.195,0.531,0.170,3.120,50,0.870,558,2.727,23.5
OK
DATA,MOTOR_BREAKIN_V3,000001,30419,507,511,0.157,0.077,3.065,0.139,2.925,45,FWD,RUN,0.117,0.343,0.040,0.139,0.531,0.170,3.120,50,0.870,557,2.722,23.4
DATA,MOTOR_BREAKIN_V3,000001,30519,508,511,0.131,0.077,3.176,0.139,3.037,45,FWD,RUN,0.104,0.316,0.026,0.111,0.531,0.170,3.120,50,0.870,558,2.727,23.4
OK
DATA,MOTOR_BREAKIN_V3,000001,30619,508,511,0.131,0.077,3.204,0.139,3.065,44,FWD,RUN,0.104,0.319,0.026,0.195,0.531,0.170,3.120,50,0.870,558,2.727,23.4
OK
DATA,MOTOR_BREAKIN_V3,000001,30719,508,510,0.131,0.103,3.204,0.111,3.092,43,FWD,RUN,0.117,0.363,0.026,0.139,0.531,0.170,3.120,50,0.870,557,2.722,23.4
OK
DATA,MOTOR_BREAKIN_V3,000001,30819,509,512,0.105,0.051,3.204,0.056,3.148,41,FWD,RUN,0.078,0.244,0.040,0.111,0.531,0.170,3.120,50,0.870,557,2.722,23.5
OK
DATA,MOTOR_BREAKIN_V3,000001,30919,508,511,0.131,0.077,3.037,0.084,2.953,38,FWD,RUN,0.104,0.307,0.026,0.195,0.531,0.170,3.120,50,0.870,558,2.727,23.5
OK
DATA,MOTOR_BREAKIN_V3,000001,31019,508,512,0.131,0.051,3.037,0.056,2.981,39,FWD,RUN,0.091,0.271,0.026,0.139,0.531,0.170,3.120,50,0.870,557,2.722,23.5
DATA,MOTOR_BREAKIN_V3,000001,31119,509,511,0.105,0.077,2.925,0.084,2.842,39,FWD,RUN,0.091,0.258,0.026,0.195,0.531,0.170,3.120,50,0.870,557,2.722,23.4
OK
DATA,MOTOR_BREAKIN_V3,000001,31219,508,511,0.131,0.077,2.981,0.084,2.897,42,FWD,RUN,0.104,0.301,0.026,0.167,0.531,0.170,3.120,50,0.870,558,2.727,23.4
OK
DATA,MOTOR_BREAKIN_V3,000001,31319,507,510,0.157,0.103,2.953,0.139,2.814,44,FWD,RUN,0.130,0.367,0.053,0.167,0.531,0.170,3.120,50,0.870,557,2.722,23.4
DATA,MOTOR_BREAKIN_V3,000001,31419,508,512,0.131,0.051,3.120,0.139,2.981,44,FWD,RUN,0.091,0.271,0.040,0.167,0.531,0.170,3.120,50,0.870,557,2.722,23.5
DATA,MOTOR_BREAKIN_V3,000001,31519,508,511,0.131,0.077,3.092,0.139,2.953,44,FWD,RUN,0.104,0.307,0.040,0.167,0.531,0.170,3.120,50,0.870,557,2.722,23.4
OK
DATA,MOTOR_BREAKIN_V3,000001,31619,508,511,0.131,0.077,3.287,0.139,3.148,45,FWD,RUN,0.104,0.328,0.026,0.195,0.531,0.170,3.120,50,0.870,558,2.727,23.4
OK
DATA,MOTOR_BREAKIN_V3,000001,31719,509,511,0.105,0.077,3.148,0.084,3.065,42,FWD,RUN,0.091,0.278,0.026,0.167,0.531,0.170,3.120,50,0.870,557,2.722,23.4
OK
DATA,MOTOR_BREAKIN_V3,000001,31819,508,511,0.131,0.077,3.120,0.056,3.065,41,FWD,RUN,0.104,0.319,0.026,0.084,0.531,0.170,3.120,50,0.870,558,2.727,23.5
OK
DATA,MOTOR_BREAKIN_V3,000001,31919,509,512,0.105,0.051,3.092,0.056,3.037,40,FWD,RUN,0.078,0.236,0.065,0.084,0.531,0.170,3.120,50,0.870,558,2.727,23.5
