DATA,MOTOR_BREAKIN_V3,000001,31987,509,510,0.096,0.079,3.009,0.139,2.870,35,FWD,INIT,0.087,0.250,0.039,0.223,0.406,0.127,3.204,46,1.025,533,2.605,22.6
OK
STOP,FWD
DATA,MOTOR_BREAKIN_V3,000001,32087,509,511,0.096,0.052,3.037,0.056,2.981,0,FWD,STOP,0.074,0.221,0.053,0.418,0.406,0.127,3.204,46,1.025,533,2.605,22.6
OK
RUN,FWD
OK
OK
DATA,MOTOR_BREAKIN_V3,000001,27,503,508,0.254,0.132,1.087,0.808,0.279,60,FWD,RUN,0.193,0.054,0.193,0.279,0.000,0.000,0.000,0,1.025,533,2.605,22.6
OK
DATA,MOTOR_BREAKIN_V3,000001,127,468,490,1.179,0.607,2.563,0.919,1.644,114,FWD,RUN,0.893,1.468,0.959,1.644,0.000,0.000,0.000,0,1.025,533,2.605,22.6
OK
DATA,MOTOR_BREAKIN_V3,000001,227,462,487,1.337,0.686,3.872,0.808,3.065,120,FWD,RUN,1.012,3.101,0.911,2.619,0.000,0.000,0.000,0,1.025,532,2.600,22.6
OK
DATA,MOTOR_BREAKIN_V3,000001,327,468,489,1.179,0.634,4.931,0.724,4.207,119,FWD,RUN,0.906,3.812,0.277,2.201,0.000,0.000,0.000,0,1.025,533,2.605,22.6
OK
DATA,MOTOR_BREAKIN_V3,000001,427,491,502,0.571,0.290,5.544,0.390,5.154,95,FWD,RUN,0.431,2.220,0.594,1.867,0.000,0.000,0.000,0,1.025,533,2.605,22.6
OK
DATA,MOTOR_BREAKIN_V3,000001,527,507,510,0.148,0.079,4.792,0.056,4.736,52,FWD,RUN,0.114,0.538,0.766,1.142,0.000,0.000,0.000,0,1.025,533,2.605,22.6
OK
DATA,MOTOR_BREAKIN_V3,000001,627,510,512,0.069,0.000,4.457,0.000,4.457,35,FWD,RUN,0.035,0.154,0.356,3.455,0.000,0.000,0.000,0,1.025,533,2.605,22.6
DATA,MOTOR_BREAKIN_V3,000001,727,510,512,0.069,0.000,4.262,0.000,4.262,35,FWD,RUN,0.035,0.147,0.079,3.705,0.000,0.000,0.000,0,1.025,531,2.595,22.6
DATA,MOTOR_BREAKIN_V3,000001,826,509,511,0.096,0.052,4.012,0.000,4.012,35,FWD,RUN,0.074,0.297,0.039,0.306,0.000,0.000,0.000,0,1.025,533,2.605,22.6
DATA,MOTOR_BREAKIN_V3,000001,927,509,511,0.096,0.052,3.872,0.000,3.872,35,FWD,RUN,0.074,0.287,0.039,0.390,0.000,0.000,0.000,0,1.025,532,2.600,22.6
DATA,MOTOR_BREAKIN_V3,000001,1027,509,512,0.096,0.000,3.761,0.000,3.761,35,FWD,RUN,0.048,0.180,0.039,0.334,0.000,0.000,0.000,0,1.025,532,2.600,22.6
DATA,MOTOR_BREAKIN_V3,000001,1127,509,511,0.096,0.052,3.789,0.000,3.789,35,FWD,RUN,0.074,0.280,0.053,0.529,0.000,0.000,0.000,0,1.025,533,2.605,22.6
DATA,MOTOR_BREAKIN_V3,000001,1227,509,511,0.096,0.052,3.705,0.000,3.705,35,FWD,RUN,0.074,0.274,0.087,0.390,0.000,0.000,0.000,0,1.025,533,2.605,22.6
DATA,MOTOR_BREAKIN_V3,000001,1327,510,511,0.069,0.052,3.705,0.000,3.705,35,FWD,RUN,0.061,0.225,0.074,3.009,0.000,0.000,0.000,0,1.025,533,2.605,22.6
DATA,MOTOR_BREAKIN_V3,000001,1427,509,512,0.096,0.000,3.510,0.000,3.510,35,FWD,RUN,0.048,0.168,0.026,3.120,0.000,0.000,0.000,0,1.025,533,2.605,22.5
DATA,MOTOR_BREAKIN_V3,000001,1527,509,511,0.096,0.052,3.371,0.084,3.287,35,FWD,RUN,0.074,0.243,0.039,0.334,0.000,0.000,0.000,0,1.025,533,2.605,22.6
DATA,MOTOR_BREAKIN_V3,000001,1627,509,511,0.096,0.052,3.343,0.167,3.176,35,FWD,RUN,0.074,0.235,0.039,0.362,0.000,0.000,0.000,0,1.025,533,2.605,22.6
DATA,MOTOR_BREAKIN_V3,000001,1727,509,510,0.096,0.079,3.343,0.000,3.343,35,FWD,RUN,0.087,0.292,0.053,0.390,0.000,0.000,0.000,0,1.025,533,2.605,22.5
DATA,MOTOR_BREAKIN_V3,000001,1827,509,511,0.096,0.052,3.343,0.028,3.315,35,FWD,RUN,0.074,0.245,0.053,0.306,0.000,0.000,0.000,0,1.025,533,2.605,22.6
DATA,MOTOR_BREAKIN_V3,000001,1927,510,512,0.069,0.000,3.427,0.028,3.399,35,FWD,RUN,0.035,0.118,0.053,0.501,0.000,0.000,0.000,0,1.025,533,2.605,22.6
DATA,MOTOR_BREAKIN_V3,000001,2027,509,512,0.096,0.000,3.315,0.167,3.148,35,FWD,RUN,0.048,0.150,0.053,0.501,0.000,0.000,0.000,0,1.025,533,2.605,22.6
DATA,MOTOR_BREAKIN_V3,000001,2127,508,511,0.122,0.052,3.204,0.000,3.204,35,FWD,RUN,0.087,0.279,0.053,0.167,0.000,0.000,0.000,0,1.025,533,2.605,22.5
DATA,MOTOR_BREAKIN_V3,000001,2227,510,511,0.069,0.052,3.260,0.000,3.260,35,FWD,RUN,0.061,0.198,0.053,0.306,0.000,0.000,0.000,0,1.025,533,2.605,22.6
DATA,MOTOR_BREAKIN_V3,000001,2327,509,512,0.096,0.000,3.176,0.028,3.148,35,FWD,RUN,0.048,0.150,0.053,0.306,0.000,0.000,0.000,0,1.025,533,2.605,22.5
DATA,MOTOR_BREAKIN_V3,000001,2427,509,511,0.096,0.052,3.148,0.000,3.148,35,FWD,RUN,0.074,0.233,0.039,0.195,0.000,0.000,0.000,0,1.025,533,2.605,22.5
DATA,MOTOR_BREAKIN_V3,000001,2527,509,510,0.096,0.079,3.176,0.028,3.148,35,FWD,RUN,0.087,0.275,0.053,0.139,0.000,0.000,0.000,0,1.025,533,2.605,22.5
DATA,MOTOR_BREAKIN_V3,000001,2627,509,511,0.096,0.052,3.148,0.028,3.120,35,FWD,RUN,0.074,0.231,0.053,0.251,0.000,0.000,0.000,0,1.025,533,2.605,22.6
DATA,MOTOR_BREAKIN_V3,000001,2727,510,511,0.069,0.052,3.232,0.000,3.232,35,FWD,RUN,0.061,0.196,0.026,0.251,0.000,0.000,0.000,0,1.025,533,2.605,22.6
DATA,MOTOR_BREAKIN_V3,000001,2827,509,512,0.096,0.000,3.260,0.000,3.260,35,FWD,RUN,0.048,0.156,0.026,0.167,0.000,0.000,0.000,0,1.025,533,2.605,22.6
DATA,MOTOR_BREAKIN_V3,000001,2927,509,512,0.096,0.000,3.204,0.028,3.176,35,FWD,RUN,0.048,0.152,0.039,0.195,0.000,0.000,0.000,0,1.025,533,2.605,22.5
DATA,MOTOR_BREAKIN_V3,000001,3027,510,511,0.069,0.052,3.092,0.028,3.065,35,FWD,RUN,0.061,0.186,0.074,0.223,0.186,0.061,3.065,35,1.025,533,2.605,22.5
DATA,MOTOR_BREAKIN_V3,000001,3127,509,511,0.096,0.052,3.148,0.056,3.092,35,FWD,RUN,0.074,0.229,0.087,0.279,0.270,0.087,3.092,35,1.025,533,2.605,22.6
DATA,MOTOR_BREAKIN_V3,000001,3227,509,511,0.096,0.052,3.092,0.028,3.065,35,FWD,RUN,0.074,0.227,0.087,0.334,0.270,0.087,3.092,35,1.025,533,2.605,22.5
DATA,MOTOR_BREAKIN_V3,000001,3327,509,512,0.096,0.000,3.120,0.028,3.092,35,FWD,RUN,0.048,0.148,0.039,0.251,0.270,0.087,3.092,35,1.025,533,2.605,22.5
DATA,MOTOR_BREAKIN_V3,000001,3427,509,511,0.096,0.052,3.065,0.028,3.037,35,FWD,RUN,0.074,0.225,0.039,0.251,0.270,0.087,3.092,35,1.025,533,2.605,22.6
DATA,MOTOR_BREAKIN_V3,000001,3527,509,510,0.096,0.079,3.037,0.028,3.009,35,FWD,RUN,0.087,0.262,0.053,0.195,0.270,0.087,3.092,35,1.025,533,2.605,22.5
DATA,MOTOR_BREAKIN_V3,000001,3627,508,511,0.122,0.052,3.037,0.028,3.009,35,FWD,RUN,0.087,0.262,0.053,0.223,0.270,0.087,3.092,35,1.025,533,2.605,22.5
DATA,MOTOR_BREAKIN_V3,000001,3727,510,510,0.069,0.079,3.037,0.000,3.037,35,FWD,RUN,0.074,0.225,0.053,0.223,0.270,0.087,3.092,35,1.025,533,2.605,22.5
DATA,MOTOR_BREAKIN_V3,000001,3827,509,511,0.096,0.052,3.092,0.056,3.037,35,FWD,RUN,0.074,0.225,0.039,0.251,0.270,0.087,3.092,35,1.025,533,2.605,22.6
DATA,MOTOR_BREAKIN_V3,000001,3927,509,511,0.096,0.052,3.204,0.000,3.204,35,FWD,RUN,0.074,0.237,0.053,0.279,0.308,0.100,3.065,35,1.025,533,2.605,22.5
DATA,MOTOR_BREAKIN_V3,000001,4026,509,512,0.096,0.000,3.176,0.028,3.148,35,FWD,RUN,0.048,0.150,0.053,0.279,0.308,0.100,3.065,35,1.025,533,2.605,22.5
DATA,MOTOR_BREAKIN_V3,000001,4127,509,511,0.096,0.052,3.009,0.028,2.981,35,FWD,RUN,0.074,0.221,0.026,0.195,0.308,0.100,3.065,35,1.025,533,2.605,22.5
DATA,MOTOR_BREAKIN_V3,000001,4227,509,511,0.096,0.052,3.120,0.000,3.120,35,FWD,RUN,0.074,0.231,0.039,0.195,0.308,0.100,3.065,35,1.025,533,2.605,22.5
DATA,MOTOR_BREAKIN_V3,000001,4327,509,511,0.096,0.052,3.037,0.056,2.981,35,FWD,RUN,0.074,0.221,0.053,0.139,0.308,0.100,3.065,35,1.025,533,2.605,22.5
DATA,MOTOR_BREAKIN_V3,000001,4427,509,510,0.096,0.079,3.065,0.000,3.065,35,FWD,RUN,0.087,0.267,0.053,0.251,0.308,0.100,3.065,35,1.025,533,2.605,22.5
DATA,MOTOR_BREAKIN_V3,000001,4527,509,510,0.096,0.079,3.120,0.028,3.092,35,FWD,RUN,0.087,0.270,0.066,0.251,0.308,0.100,3.065,35,1.025,533,2.605,22.5
DATA,MOTOR_BREAKIN_V3,000001,4627,508,511,0.122,0.052,3.148,0.056,3.092,35,FWD,RUN,0.087,0.270,0.053,0.223,0.308,0.100,3.065,35,1.025,533,2.605,22.5
DATA,MOTOR_BREAKIN_V3,000001,4727,509,511,0.096,0.052,3.065,0.028,3.037,35,FWD,RUN,0.074,0.225,0.053,0.223,0.308,0.100,3.065,35,1.025,533,2.605,22.5
DATA,MOTOR_BREAKIN_V3,000001,4827,509,511,0.096,0.052,3.037,0.028,3.009,35,FWD,RUN,0.074,0.223,0.074,0.251,0.311,0.100,3.092,35,1.025,533,2.605,22.5
DATA,MOTOR_BREAKIN_V3,000001,4927,509,512,0.096,0.000,3.120,0.084,3.037,35,FWD,RUN,0.048,0.145,0.074,0.223,0.311,0.100,3.092,35,1.025,533,2.605,22.5
DATA,MOTOR_BREAKIN_V3,000001,5027,509,511,0.096,0.052,3.037,0.028,3.009,35,FWD,RUN,0.074,0.223,0.039,0.195,0.311,0.100,3.092,35,1.025,533,2.605,22.5
DATA,MOTOR_BREAKIN_V3,000001,5127,509,511,0.096,0.052,3.092,0.028,3.065,35,FWD,RUN,0.074,0.227,0.053,0.167,0.311,0.100,3.092,35,1.025,533,2.605,22.5
DATA,MOTOR_BREAKIN_V3,000001,5227,509,511,0.096,0.052,3.232,0.000,3.232,35,FWD,RUN,0.074,0.239,0.040,0.251,0.311,0.100,3.092,35,1.025,533,2.605,22.5
DATA,MOTOR_BREAKIN_V3,000001,5327,509,511,0.096,0.052,3.148,0.056,3.092,35,FWD,RUN,0.074,0.229,0.026,0.251,0.311,0.100,3.092,35,1.025,533,2.605,22.5
DATA,MOTOR_BREAKIN_V3,000001,5427,509,511,0.096,0.052,3.204,0.028,3.176,35,FWD,RUN,0.074,0.235,0.053,0.195,0.311,0.100,3.092,35,1.025,533,2.605,22.5
DATA,MOTOR_BREAKIN_V3,000001,5527,509,511,0.096,0.052,3.065,0.028,3.037,35,FWD,RUN,0.074,0.225,0.053,0.251,0.311,0.100,3.092,35,1.025,533,2.605,22.5
DATA,MOTOR_BREAKIN_V3,000001,5627,509,512,0.096,0.000,3.232,0.000,3.232,35,FWD,RUN,0.048,0.154,0.053,0.334,0.311,0.100,3.092,35,1.025,533,2.605,22.5
DATA,MOTOR_BREAKIN_V3,000001,5727,509,511,0.096,0.052,3.092,0.028,3.065,35,FWD,RUN,0.074,0.227,0.026,0.279,0.311,0.100,3.092,35,1.025,533,2.605,22.5
DATA,MOTOR_BREAKIN_V3,000001,5827,509,511,0.096,0.052,3.148,0.056,3.092,35,FWD,RUN,0.074,0.229,0.026,0.223,0.311,0.100,3.092,35,1.025,532,2.600,22.5
DATA,MOTOR_BREAKIN_V3,000001,5927,509,511,0.096,0.052,3.148,0.028,3.120,35,FWD,RUN,0.074,0.231,0.039,0.195,0.311,0.100,3.092,35,1.025,533,2.605,22.5
DATA,MOTOR_BREAKIN_V3,000001,6027,510,511,0.069,0.052,3.148,0.028,3.120,35,FWD,RUN,0.061,0.190,0.039,0.306,0.311,0.100,3.092,35,1.025,533,2.605,22.5
DATA,MOTOR_BREAKIN_V3,000001,6127,509,510,0.096,0.079,3.037,0.084,2.953,35,FWD,RUN,0.087,0.258,0.053,0.306,0.311,0.100,3.092,35,1.025,533,2.605,22.5
OK
DATA,MOTOR_BREAKIN_V3,000001,6227,509,511,0.096,0.052,3.092,0.000,3.092,36,FWD,RUN,0.074,0.229,0.039,0.195,0.311,0.100,3.092,35,1.025,533,2.605,22.5
OK
DATA,MOTOR_BREAKIN_V3,000001,6327,509,512,0.096,0.000,3.037,0.028,3.009,35,FWD,RUN,0.048,0.144,0.053,0.195,0.311,0.100,3.092,35,1.025,533,2.605,22.5
DATA,MOTOR_BREAKIN_V3,000001,6427,510,511,0.069,0.052,3.120,0.056,3.065,35,FWD,RUN,0.061,0.186,0.053,0.279,0.311,0.100,3.092,35,1.025,533,2.605,22.5
DATA,MOTOR_BREAKIN_V3,000001,6527,510,513,0.069,0.000,3.260,0.000,3.260,35,FWD,RUN,0.035,0.113,0.066,0.306,0.311,0.100,3.092,35,1.025,532,2.600,22.5
DATA,MOTOR_BREAKIN_V3,000001,6627,509,511,0.096,0.052,3.092,0.028,3.065,35,FWD,RUN,0.074,0.227,0.066,0.223,0.311,0.100,3.092,35,1.025,533,2.605,22.5
DATA,MOTOR_BREAKIN_V3,000001,6727,510,511,0.069,0.052,3.148,0.028,3.120,35,FWD,RUN,0.061,0.190,0.053,0.279,0.311,0.100,3.092,35,1.025,533,2.605,22.5
DATA,MOTOR_BREAKIN_V3,000001,6827,509,512,0.096,0.000,3.120,0.056,3.065,35,FWD,RUN,0.048,0.146,0.039,0.167,0.311,0.100,3.092,35,1.025,533,2.605,22.5
DATA,MOTOR_BREAKIN_V3,000001,6927,509,511,0.096,0.052,3.232,0.000,3.232,35,FWD,RUN,0.074,0.239,0.039,0.223,0.311,0.100,3.092,35,1.025,533,2.605,22.6
DATA,MOTOR_BREAKIN_V3,000001,7027,509,512,0.096,0.000,3.065,0.056,3.009,35,FWD,RUN,0.048,0.144,0.039,0.223,0.311,0.100,3.092,35,1.025,533,2.605,22.5
DATA,MOTOR_BREAKIN_V3,000001,7127,509,512,0.096,0.000,3.176,0.000,3.176,35,FWD,RUN,0.048,0.152,0.026,0.223,0.311,0.100,3.092,35,1.025,533,2.605,22.6
DATA,MOTOR_BREAKIN_V3,000001,7226,509,511,0.096,0.052,3.120,0.000,3.120,35,FWD,RUN,0.074,0.231,0.026,0.195,0.311,0.100,3.092,35,1.025,533,2.605,22.5
DATA,MOTOR_BREAKIN_V3,000001,7327,509,512,0.096,0.000,3.204,0.028,3.176,35,FWD,RUN,0.048,0.152,0.053,0.279,0.311,0.100,3.092,35,1.025,533,2.605,22.5
DATA,MOTOR_BREAKIN_V3,000001,7427,508,510,0.122,0.079,3.204,0.000,3.204,35,FWD,RUN,0.100,0.322,0.066,0.529,0.322,0.100,3.204,35,1.025,532,2.600,22.5
DATA,MOTOR_BREAKIN_V3,000001,7527,509,512,0.096,0.000,3.176,0.056,3.120,35,FWD,RUN,0.048,0.149,0.066,0.446,0.322,0.100,3.204,35,1.025,533,2.605,22.6
DATA,MOTOR_BREAKIN_V3,000001,7627,508,511,0.122,0.052,3.176,0.000,3.176,35,FWD,RUN,0.087,0.277,0.066,0.195,0.322,0.100,3.204,35,1.025,533,2.605,22.5
DATA,MOTOR_BREAKIN_V3,000001,7727,509,511,0.096,0.052,3.065,0.028,3.037,35,FWD,RUN,0.074,0.225,0.039,0.195,0.322,0.100,3.204,35,1.025,533,2.605,22.5
DATA,MOTOR_BREAKIN_V3,000001,7827,510,511,0.069,0.052,3.037,0.028,3.009,35,FWD,RUN,0.061,0.183,0.053,0.306,0.322,0.100,3.204,35,1.025,533,2.605,22.5
DATA,MOTOR_BREAKIN_V3,000001,7927,509,510,0.096,0.079,3.037,0.028,3.009,35,FWD,RUN,0.087,0.262,0.053,0.306,0.322,0.100,3.204,35,1.025,533,2.605,22.5
DATA,MOTOR_BREAKIN_V3,000001,8027,509,512,0.096,0.000,3.037,0.028,3.009,35,FWD,RUN,0.048,0.144,0.053,0.167,0.322,0.100,3.204,35,1.025,533,2.605,22.6
DATA,MOTOR_BREAKIN_V3,000001,8127,509,511,0.096,0.052,3.148,0.028,3.120,35,FWD,RUN,0.074,0.231,0.039,0.139,0.322,0.100,3.204,35,1.025,533,2.605,22.5
DATA,MOTOR_BREAKIN_V3,000001,8227,509,512,0.096,0.000,3.232,0.000,3.232,35,FWD,RUN,0.048,0.154,0.053,0.279,0.322,0.100,3.204,35,1.025,532,2.600,22.5
DATA,MOTOR_BREAKIN_V3,000001,8327,508,511,0.122,0.052,3.120,0.028,3.092,35,FWD,RUN,0.087,0.270,0.053,0.279,0.322,0.100,3.204,35,1.025,532,2.600,22.5
DATA,MOTOR_BREAKIN_V3,000001,8427,508,512,0.122,0.000,3.065,0.056,3.009,35,FWD,RUN,0.061,0.184,0.053,0.334,0.322,0.100,3.204,35,1.025,533,2.605,22.5
DATA,MOTOR_BREAKIN_V3,000001,8527,510,511,0.069,0.052,3.120,0.028,3.092,35,FWD,RUN,0.061,0.188,0.053,0.390,0.322,0.100,3.204,35,1.025,533,2.605,22.5
DATA,MOTOR_BREAKIN_V3,000001,8627,510,511,0.069,0.052,3.092,0.000,3.092,35,FWD,RUN,0.061,0.188,0.074,0.418,0.322,0.100,3.204,35,1.025,533,2.605,22.5
DATA,MOTOR_BREAKIN_V3,000001,8727,509,510,0.096,0.079,3.120,0.028,3.092,35,FWD,RUN,0.087,0.270,0.087,0.334,0.322,0.100,3.204,35,1.025,533,2.605,22.5
DATA,MOTOR_BREAKIN_V3,000001,8827,509,511,0.096,0.052,2.981,0.056,2.925,35,FWD,RUN,0.074,0.216,0.053,0.306,0.322,0.100,3.204,35,1.025,533,2.605,22.5
OK
DATA,MOTOR_BREAKIN_V3,000001,8927,509,511,0.096,0.052,3.065,0.056,3.009,37,FWD,RUN,0.074,0.223,0.066,0.306,0.322,0.100,3.204,35,1.025,533,2.605,22.5
DATA,MOTOR_BREAKIN_V3,000001,9027,509,511,0.096,0.052,3.176,0.056,3.120,37,FWD,RUN,0.074,0.231,0.053,0.195,0.322,0.100,3.204,35,1.025,533,2.605,22.5
OK
DATA,MOTOR_BREAKIN_V3,000001,9127,509,510,0.096,0.079,3.092,0.000,3.092,35,FWD,RUN,0.087,0.270,0.053,0.223,0.322,0.100,3.204,35,1.025,533,2.605,22.5
DATA,MOTOR_BREAKIN_V3,000001,9227,509,511,0.096,0.052,3.120,0.028,3.092,35,FWD,RUN,0.074,0.229,0.053,0.251,0.322,0.100,3.204,35,1.025,533,2.605,22.5
DATA,MOTOR_BREAKIN_V3,000001,9327,509,510,0.096,0.079,3.148,0.028,3.120,35,FWD,RUN,0.087,0.272,0.053,0.195,0.322,0.100,3.204,35,1.025,533,2.605,22.5
DATA,MOTOR_BREAKIN_V3,000001,9427,508,512,0.122,0.000,3.065,0.084,2.981,35,FWD,RUN,0.061,0.182,0.053,0.139,0.322,0.100,3.204,35,1.025,533,2.605,22.6
DATA,MOTOR_BREAKIN_V3,000001,9527,510,511,0.069,0.052,3.065,0.028,3.037,35,FWD,RUN,0.061,0.185,0.039,0.139,0.322,0.100,3.204,35,1.025,533,2.605,22.5
DATA,MOTOR_BREAKIN_V3,000001,9627,509,511,0.096,0.052,3.148,0.056,3.092,35,FWD,RUN,0.074,0.229,0.039,0.167,0.322,0.100,3.204,35,1.025,533,2.605,22.5
DATA,MOTOR_BREAKIN_V3,000001,9727,509,511,0.096,0.052,3.065,0.028,3.037,35,FWD,RUN,0.074,0.225,0.053,0.306,0.322,0.100,3.204,35,1.025,533,2.605,22.5
DATA,MOTOR_BREAKIN_V3,000001,9827,509,512,0.096,0.000,3.065,0.028,3.037,35,FWD,RUN,0.048,0.145,0.053,0.306,0.322,0.100,3.204,35,1.025,533,2.605,22.5
DATA,MOTOR_BREAKIN_V3,000001,9927,509,510,0.096,0.079,3.120,0.000,3.120,35,FWD,RUN,0.087,0.272,0.039,0.167,0.322,0.100,3.204,35,1.025,533,2.605,22.5
DATA,MOTOR_BREAKIN_V3,000001,10027,509,512,0.096,0.000,3.148,0.056,3.092,35,FWD,RUN,0.048,0.148,0.039,0.167,0.322,0.100,3.204,35,1.025,533,2.605,22.5
DATA,MOTOR_BREAKIN_V3,000001,10127,509,511,0.096,0.052,3.176,0.028,3.148,35,FWD,RUN,0.074,0.233,0.039,0.306,0.322,0.100,3.204,35,1.025,533,2.605,22.4
DATA,MOTOR_BREAKIN_V3,000001,10227,509,511,0.096,0.052,3.176,0.028,3.148,35,FWD,RUN,0.074,0.233,0.053,0.251,0.322,0.100,3.204,35,1.025,533,2.605,22.5
DATA,MOTOR_BREAKIN_V3,000001,10327,509,511,0.096,0.052,3.037,0.028,3.009,35,FWD,RUN,0.074,0.223,0.066,0.251,0.322,0.100,3.204,35,1.025,533,2.605,22.5
DATA,MOTOR_BREAKIN_V3,000001,10426,509,510,0.096,0.079,3.232,0.000,3.232,35,FWD,RUN,0.087,0.282,0.053,0.279,0.322,0.100,3.204,35,1.025,533,2.605,22.5
DATA,MOTOR_BREAKIN_V3,000001,10527,509,511,0.096,0.052,3.120,0.056,3.065,35,FWD,RUN,0.074,0.227,0.087,0.251,0.322,0.100,3.204,35,1.025,533,2.605,22.5
DATA,MOTOR_BREAKIN_V3,000001,10627,509,511,0.096,0.052,3.037,0.028,3.009,35,FWD,RUN,0.074,0.223,0.087,0.251,0.322,0.100,3.204,35,1.025,533,2.605,22.5
DATA,MOTOR_BREAKIN_V3,000001,10727,510,511,0.069,0.052,3.092,0.000,3.092,35,FWD,RUN,0.061,0.188,0.053,0.195,0.322,0.100,3.204,35,1.025,533,2.605,22.5
DATA,MOTOR_BREAKIN_V3,000001,10827,509,510,0.096,0.079,3.009,0.028,2.981,35,FWD,RUN,0.087,0.260,0.053,0.223,0.322,0.100,3.204,35,1.025,533,2.605,22.5
DATA,MOTOR_BREAKIN_V3,000001,10927,509,511,0.096,0.052,3.037,0.028,3.009,35,FWD,RUN,0.074,0.223,0.053,0.195,0.322,0.100,3.204,35,1.025,533,2.605,22.5
DATA,MOTOR_BREAKIN_V3,000001,11027,508,511,0.122,0.052,3.065,0.028,3.037,35,FWD,RUN,0.087,0.265,0.039,0.279,0.322,0.100,3.204,35,1.025,533,2.605,22.5
DATA,MOTOR_BREAKIN_V3,000001,11127,510,511,0.069,0.052,3.148,0.028,3.120,35,FWD,RUN,0.061,0.190,0.053,0.334,0.322,0.100,3.204,35,1.025,532,2.600,22.5
DATA,MOTOR_BREAKIN_V3,000001,11227,510,511,0.069,0.052,3.287,0.000,3.287,35,FWD,RUN,0.061,0.200,0.053,0.334,0.322,0.100,3.204,35,1.025,532,2.600,22.5
DATA,MOTOR_BREAKIN_V3,000001,11327,511,510,0.000,0.079,3.260,0.000,3.260,35,FWD,RUN,0.039,0.128,0.053,0.362,0.322,0.100,3.204,35,1.025,533,2.605,22.5
DATA,MOTOR_BREAKIN_V3,000001,11427,509,510,0.096,0.079,3.065,0.167,2.897,35,FWD,RUN,0.087,0.253,0.061,0.362,0.322,0.100,3.204,35,1.025,533,2.605,22.5
OK
DATA,MOTOR_BREAKIN_V3,000001,11527,509,510,0.096,0.079,3.176,0.084,3.092,37,FWD,RUN,0.087,0.270,0.061,0.223,0.322,0.100,3.204,35,1.025,533,2.605,22.5
OK
DATA,MOTOR_BREAKIN_V3,000001,11627,509,510,0.096,0.079,3.120,0.000,3.120,35,FWD,RUN,0.087,0.272,0.039,0.223,0.322,0.100,3.204,35,1.025,533,2.605,22.5
DATA,MOTOR_BREAKIN_V3,000001,11727,509,511,0.096,0.052,3.120,0.028,3.092,35,FWD,RUN,0.074,0.229,0.053,0.139,0.322,0.100,3.204,35,1.025,533,2.605,22.5
DATA,MOTOR_BREAKIN_V3,000001,11827,509,511,0.096,0.052,3.092,0.028,3.065,35,FWD,RUN,0.074,0.227,0.053,0.167,0.322,0.100,3.204,35,1.025,533,2.605,22.5
DATA,MOTOR_BREAKIN_V3,000001,11927,509,510,0.096,0.079,3.065,0.028,3.037,35,FWD,RUN,0.087,0.265,0.053,0.223,0.322,0.100,3.204,35,1.025,533,2.605,22.5
DATA,MOTOR_BREAKIN_V3,000001,12027,509,512,0.096,0.000,3.148,0.056,3.092,35,FWD,RUN,0.048,0.148,0.053,0.279,0.322,0.100,3.204,35,1.025,533,2.605,22.5
DATA,MOTOR_BREAKIN_V3,000001,12127,510,512,0.069,0.000,3.009,0.028,2.981,35,FWD,RUN,0.035,0.103,0.053,0.251,0.322,0.100,3.204,35,1.025,533,2.605,22.5
DATA,MOTOR_BREAKIN_V3,000001,12227,510,511,0.069,0.052,3.092,0.139,2.953,35,FWD,RUN,0.061,0.179,0.053,0.167,0.322,0.100,3.204,35,1.025,531,2.595,22.5
OK
DATA,MOTOR_BREAKIN_V3,000001,12327,510,511,0.069,0.052,3.092,0.028,3.065,36,FWD,RUN,0.061,0.186,0.053,0.195,0.322,0.100,3.204,35,1.025,533,2.605,22.5
OK
DATA,MOTOR_BREAKIN_V3,000001,12427,510,511,0.069,0.052,3.148,0.028,3.120,35,FWD,RUN,0.061,0.190,0.039,0.167,0.322,0.100,3.204,35,1.025,533,2.605,22.5
DATA,MOTOR_BREAKIN_V3,000001,12527,509,511,0.096,0.052,3.009,0.056,2.953,35,FWD,RUN,0.074,0.219,0.039,0.279,0.322,0.100,3.204,35,1.025,533,2.605,22.5
OK
DATA,MOTOR_BREAKIN_V3,000001,12627,509,511,0.096,0.052,3.037,0.084,2.953,36,FWD,RUN,0.074,0.219,0.039,0.306,0.322,0.100,3.204,35,1.025,533,2.605,22.5
OK
DATA,MOTOR_BREAKIN_V3,000001,12727,509,512,0.096,0.000,3.232,0.028,3.204,37,FWD,RUN,0.048,0.153,0.039,0.251,0.322,0.100,3.204,35,1.025,533,2.605,22.5
OK
DATA,MOTOR_BREAKIN_V3,000001,12827,510,511,0.069,0.052,3.065,0.000,3.065,35,FWD,RUN,0.061,0.186,0.053,0.223,0.322,0.100,3.204,35,1.025,533,2.605,22.5
DATA,MOTOR_BREAKIN_V3,000001,12927,510,511,0.069,0.052,3.176,0.084,3.092,35,FWD,RUN,0.061,0.188,0.053,0.195,0.322,0.100,3.204,35,1.025,533,2.605,22.5
DATA,MOTOR_BREAKIN_V3,000001,13027,509,512,0.096,0.000,3.232,0.000,3.232,35,FWD,RUN,0.048,0.154,0.053,0.251,0.322,0.100,3.204,35,1.025,533,2.605,22.5
DATA,MOTOR_BREAKIN_V3,000001,13127,509,511,0.096,0.052,3.176,0.000,3.176,35,FWD,RUN,0.074,0.235,0.053,0.251,0.322,0.100,3.204,35,1.025,533,2.605,22.5
DATA,MOTOR_BREAKIN_V3,000001,13227,509,512,0.096,0.000,3.065,0.028,3.037,35,FWD,RUN,0.048,0.145,0.053,0.251,0.322,0.100,3.204,35,1.025,533,2.605,22.5
DATA,MOTOR_BREAKIN_V3,000001,13327,509,511,0.096,0.052,3.176,0.000,3.176,35,FWD,RUN,0.074,0.235,0.066,0.306,0.322,0.100,3.204,35,1.025,533,2.605,22.5
DATA,MOTOR_BREAKIN_V3,000001,13427,509,511,0.096,0.052,3.037,0.028,3.009,35,FWD,RUN,0.074,0.223,0.053,0.251,0.322,0.100,3.204,35,1.025,533,2.605,22.5
DATA,MOTOR_BREAKIN_V3,000001,13527,510,512,0.069,0.000,3.232,0.028,3.204,35,FWD,RUN,0.035,0.111,0.053,0.251,0.322,0.100,3.204,35,1.025,532,2.600,22.5
DATA,MOTOR_BREAKIN_V3,000001,13626,510,511,0.069,0.052,3.009,0.084,2.925,35,FWD,RUN,0.061,0.178,0.039,0.279,0.322,0.100,3.204,35,1.025,533,2.605,22.5
OK
DATA,MOTOR_BREAKIN_V3,000001,13727,509,511,0.096,0.052,3.176,0.056,3.120,37,FWD,RUN,0.074,0.231,0.053,0.223,0.322,0.100,3.204,35,1.025,533,2.605,22.5
OK
DATA,MOTOR_BREAKIN_V3,000001,13827,509,511,0.096,0.052,3.176,0.084,3.092,35,FWD,RUN,0.074,0.229,0.053,0.195,0.322,0.100,3.204,35,1.025,533,2.605,22.5
DATA,MOTOR_BREAKIN_V3,000001,13927,509,511,0.096,0.052,3.176,0.000,3.176,35,FWD,RUN,0.074,0.235,0.053,0.306,0.322,0.100,3.204,35,1.025,533,2.605,22.5
DATA,MOTOR_BREAKIN_V3,000001,14027,510,510,0.069,0.079,3.148,0.028,3.120,35,FWD,RUN,0.074,0.231,0.053,0.306,0.322,0.100,3.204,35,1.025,533,2.605,22.5
DATA,MOTOR_BREAKIN_V3,000001,14127,509,511,0.096,0.052,3.009,0.056,2.953,35,FWD,RUN,0.074,0.219,0.053,0.223,0.322,0.100,3.204,35,1.025,533,2.605,22.5
OK
DATA,MOTOR_BREAKIN_V3,000001,14227,510,511,0.069,0.052,3.176,0.000,3.176,36,FWD,RUN,0.061,0.193,0.039,0.223,0.322,0.100,3.204,35,1.025,533,2.605,22.5
OK
DATA,MOTOR_BREAKIN_V3,000001,14327,510,511,0.069,0.052,3.120,0.000,3.120,35,FWD,RUN,0.061,0.190,0.039,0.223,0.322,0.100,3.204,35,1.025,533,2.605,22.5
DATA,MOTOR_BREAKIN_V3,000001,14427,508,511,0.122,0.052,3.148,0.028,3.120,35,FWD,RUN,0.087,0.272,0.053,0.195,0.322,0.100,3.204,35,1.025,532,2.600,22.5
DATA,MOTOR_BREAKIN_V3,000001,14527,509,510,0.096,0.079,3.148,0.028,3.120,35,FWD,RUN,0.087,0.272,0.053,0.111,0.322,0.100,3.204,35,1.025,533,2.605,22.5
DATA,MOTOR_BREAKIN_V3,000001,14627,509,511,0.096,0.052,3.148,0.000,3.148,35,FWD,RUN,0.074,0.233,0.053,0.167,0.322,0.100,3.204,35,1.025,533,2.605,22.5
DATA,MOTOR_BREAKIN_V3,000001,14727,509,511,0.096,0.052,3.148,0.056,3.092,35,FWD,RUN,0.074,0.229,0.039,0.195,0.322,0.100,3.204,35,1.025,533,2.605,22.5
DATA,MOTOR_BREAKIN_V3,000001,14827,509,511,0.096,0.052,3.120,0.028,3.092,35,FWD,RUN,0.074,0.229,0.053,0.167,0.322,0.100,3.204,35,1.025,533,2.605,22.5
DATA,MOTOR_BREAKIN_V3,000001,14927,510,512,0.069,0.000,3.092,0.028,3.065,35,FWD,RUN,0.035,0.106,0.053,0.167,0.322,0.100,3.204,35,1.025,533,2.605,22.5
DATA,MOTOR_BREAKIN_V3,000001,15027,509,511,0.096,0.052,3.037,0.167,2.870,35,FWD,RUN,0.074,0.212,0.039,0.223,0.322,0.100,3.204,35,1.025,533,2.605,22.5
OK
DATA,MOTOR_BREAKIN_V3,000001,15127,508,512,0.122,0.000,3.232,0.028,3.204,38,FWD,RUN,0.061,0.195,0.066,0.334,0.322,0.100,3.204,35,1.025,532,2.600,22.5
OK
DATA,MOTOR_BREAKIN_V3,000001,15227,509,510,0.096,0.079,3.287,0.028,3.260,35,FWD,RUN,0.087,0.284,0.066,0.251,0.322,0.100,3.204,35,1.025,533,2.605,22.5
DATA,MOTOR_BREAKIN_V3,000001,15327,508,512,0.122,0.000,3.176,0.000,3.176,35,FWD,RUN,0.061,0.194,0.053,0.167,0.322,0.100,3.204,35,1.025,533,2.605,22.5
DATA,MOTOR_BREAKIN_V3,000001,15427,509,511,0.096,0.052,3.176,0.028,3.148,35,FWD,RUN,0.074,0.233,0.039,0.223,0.322,0.100,3.204,35,1.025,533,2.605,22.5
DATA,MOTOR_BREAKIN_V3,000001,15527,509,511,0.096,0.052,3.037,0.056,2.981,35,FWD,RUN,0.074,0.221,0.026,0.167,0.322,0.100,3.204,35,1.025,533,2.605,22.5
DATA,MOTOR_BREAKIN_V3,000001,15627,510,511,0.069,0.052,3.232,0.028,3.204,35,FWD,RUN,0.061,0.195,0.053,0.251,0.322,0.100,3.204,35,1.025,533,2.605,22.5
DATA,MOTOR_BREAKIN_V3,000001,15727,509,511,0.096,0.052,3.065,0.056,3.009,35,FWD,RUN,0.074,0.223,0.053,0.251,0.322,0.100,3.204,35,1.025,533,2.605,22.5
DATA,MOTOR_BREAKIN_V3,000001,15827,509,511,0.096,0.052,3.204,0.028,3.176,35,FWD,RUN,0.074,0.235,0.026,0.167,0.322,0.100,3.204,35,1.025,533,2.605,22.5
DATA,MOTOR_BREAKIN_V3,000001,15927,509,511,0.096,0.052,3.148,0.000,3.148,35,FWD,RUN,0.074,0.233,0.026,0.167,0.322,0.100,3.204,35,1.025,533,2.605,22.5
DATA,MOTOR_BREAKIN_V3,000001,16027,509,512,0.096,0.000,3.120,0.056,3.065,35,FWD,RUN,0.048,0.146,0.053,0.251,0.322,0.100,3.204,35,1.025,533,2.605,22.5
DATA,MOTOR_BREAKIN_V3,000001,16127,509,511,0.096,0.052,3.092,0.028,3.065,35,FWD,RUN,0.074,0.227,0.053,0.223,0.322,0.100,3.204,35,1.025,533,2.605,22.5
DATA,MOTOR_BREAKIN_V3,000001,16227,510,512,0.069,0.000,3.120,0.000,3.120,35,FWD,RUN,0.035,0.108,0.053,0.195,0.322,0.100,3.204,35,1.025,532,2.600,22.5
DATA,MOTOR_BREAKIN_V3,000001,16327,510,511,0.069,0.052,3.232,0.028,3.204,35,FWD,RUN,0.061,0.195,0.053,0.223,0.322,0.100,3.204,35,1.025,532,2.600,22.5
DATA,MOTOR_BREAKIN_V3,000001,16427,509,511,0.096,0.052,3.065,0.056,3.009,35,FWD,RUN,0.074,0.223,0.087,0.251,0.322,0.100,3.204,35,1.025,533,2.605,22.5
DATA,MOTOR_BREAKIN_V3,000001,16527,509,511,0.096,0.052,3.009,0.028,2.981,35,FWD,RUN,0.074,0.221,0.087,0.251,0.322,0.100,3.204,35,1.025,533,2.605,22.5
DATA,MOTOR_BREAKIN_V3,000001,16627,509,511,0.096,0.052,3.092,0.056,3.037,35,FWD,RUN,0.074,0.225,0.053,0.167,0.322,0.100,3.204,35,1.025,533,2.605,22.5
DATA,MOTOR_BREAKIN_V3,000001,16727,509,511,0.096,0.052,3.120,0.056,3.065,35,FWD,RUN,0.074,0.227,0.053,0.362,0.322,0.100,3.204,35,1.025,533,2.605,22.5
DATA,MOTOR_BREAKIN_V3,000001,16826,509,510,0.096,0.079,3.037,0.056,2.981,35,FWD,RUN,0.087,0.260,0.053,0.362,0.322,0.100,3.204,35,1.025,533,2.605,22.5
DATA,MOTOR_BREAKIN_V3,000001,16927,509,512,0.096,0.000,3.176,0.028,3.148,35,FWD,RUN,0.048,0.150,0.053,0.195,0.322,0.100,3.204,35,1.025,533,2.605,22.5
DATA,MOTOR_BREAKIN_V3,000001,17027,509,511,0.096,0.052,3.176,0.028,3.148,35,FWD,RUN,0.074,0.233,0.053,0.167,0.322,0.100,3.204,35,1.025,533,2.605,22.5
DATA,MOTOR_BREAKIN_V3,000001,17127,510,511,0.069,0.052,3.065,0.056,3.009,35,FWD,RUN,0.061,0.183,0.053,0.167,0.322,0.100,3.204,35,1.025,533,2.605,22.5
DATA,MOTOR_BREAKIN_V3,000001,17227,509,511,0.096,0.052,3.092,0.000,3.092,35,FWD,RUN,0.074,0.229,0.053,0.167,0.322,0.100,3.204,35,1.025,533,2.605,22.5
DATA,MOTOR_BREAKIN_V3,000001,17327,509,510,0.096,0.079,3.176,0.028,3.148,35,FWD,RUN,0.087,0.275,0.039,0.084,0.322,0.100,3.204,35,1.025,533,2.605,22.5
DATA,MOTOR_BREAKIN_V3,000001,17427,509,511,0.096,0.052,3.009,0.056,2.953,35,FWD,RUN,0.074,0.219,0.039,0.251,0.322,0.100,3.204,35,1.025,533,2.605,22.5
OK
DATA,MOTOR_BREAKIN_V3,000001,17527,509,511,0.096,0.052,3.120,0.167,2.953,36,FWD,RUN,0.074,0.219,0.026,0.251,0.322,0.100,3.204,35,1.025,533,2.605,22.5
OK
DATA,MOTOR_BREAKIN_V3,000001,17627,509,511,0.096,0.052,3.232,0.028,3.204,37,FWD,RUN,0.074,0.237,0.026,0.251,0.322,0.100,3.204,35,1.025,533,2.605,22.5
OK
DATA,MOTOR_BREAKIN_V3,000001,17727,508,512,0.122,0.000,3.065,0.028,3.037,35,FWD,RUN,0.061,0.185,0.039,0.251,0.322,0.100,3.204,35,1.025,533,2.605,22.5
DATA,MOTOR_BREAKIN_V3,000001,17827,509,512,0.096,0.000,3.176,0.028,3.148,35,FWD,RUN,0.048,0.150,0.039,0.223,0.322,0.100,3.204,35,1.025,533,2.605,22.5
DATA,MOTOR_BREAKIN_V3,000001,17927,509,511,0.096,0.052,3.120,0.000,3.120,35,FWD,RUN,0.074,0.231,0.039,0.306,0.322,0.100,3.204,35,1.025,533,2.605,22.5
DATA,MOTOR_BREAKIN_V3,000001,18027,509,511,0.096,0.052,3.148,0.028,3.120,35,FWD,RUN,0.074,0.231,0.039,0.334,0.322,0.100,3.204,35,1.025,533,2.605,22.5
DATA,MOTOR_BREAKIN_V3,000001,18127,509,511,0.096,0.052,3.092,0.028,3.065,35,FWD,RUN,0.074,0.227,0.053,0.223,0.322,0.100,3.204,35,1.025,533,2.605,22.5
DATA,MOTOR_BREAKIN_V3,000001,18227,509,511,0.096,0.052,3.065,0.028,3.037,35,FWD,RUN,0.074,0.225,0.053,0.223,0.322,0.100,3.204,35,1.025,533,2.605,22.5
DATA,MOTOR_BREAKIN_V3,000001,18327,509,510,0.096,0.079,3.092,0.084,3.009,35,FWD,RUN,0.087,0.262,0.053,0.474,0.322,0.100,3.204,35,1.025,533,2.605,22.5
DATA,MOTOR_BREAKIN_V3,000001,18427,509,511,0.096,0.052,3.204,0.056,3.148,35,FWD,RUN,0.074,0.233,0.039,0.474,0.322,0.100,3.204,35,1.025,533,2.605,22.5
DATA,MOTOR_BREAKIN_V3,000001,18527,509,511,0.096,0.052,3.065,0.056,3.009,35,FWD,RUN,0.074,0.223,0.053,0.139,0.322,0.100,3.204,35,1.025,533,2.605,22.5
DATA,MOTOR_BREAKIN_V3,000001,18627,510,511,0.069,0.052,3.092,0.000,3.092,35,FWD,RUN,0.061,0.188,0.053,0.195,0.322,0.100,3.204,35,1.025,533,2.605,22.5
DATA,MOTOR_BREAKIN_V3,000001,18727,510,511,0.069,0.052,3.204,0.000,3.204,35,FWD,RUN,0.061,0.195,0.026,0.418,0.322,0.100,3.204,35,1.025,533,2.605,22.5
DATA,MOTOR_BREAKIN_V3,000001,18827,509,511,0.096,0.052,3.092,0.000,3.092,35,FWD,RUN,0.074,0.229,0.039,0.474,0.322,0.100,3.204,35,1.025,533,2.605,22.5
DATA,MOTOR_BREAKIN_V3,000001,18927,508,511,0.122,0.052,3.009,0.056,2.953,35,FWD,RUN,0.087,0.258,0.053,0.418,0.322,0.100,3.204,35,1.025,532,2.600,22.5
OK
DATA,MOTOR_BREAKIN_V3,000001,19027,509,510,0.096,0.079,3.037,0.056,2.981,36,FWD,RUN,0.087,0.260,0.039,0.418,0.322,0.100,3.204,35,1.025,533,2.605,22.5
DATA,MOTOR_BREAKIN_V3,000001,19127,509,510,0.096,0.079,3.204,0.028,3.176,36,FWD,RUN,0.087,0.277,0.026,0.251,0.322,0.100,3.204,35,1.025,533,2.605,22.5
OK
DATA,MOTOR_BREAKIN_V3,000001,19227,509,511,0.096,0.052,3.120,0.028,3.092,35,FWD,RUN,0.074,0.229,0.053,0.223,0.322,0.100,3.204,35,1.025,533,2.605,22.5
DATA,MOTOR_BREAKIN_V3,000001,19327,510,511,0.069,0.052,3.176,0.028,3.148,35,FWD,RUN,0.061,0.191,0.087,0.251,0.322,0.100,3.204,35,1.025,533,2.605,22.5
DATA,MOTOR_BREAKIN_V3,000001,19427,509,511,0.096,0.052,3.037,0.056,2.981,35,FWD,RUN,0.074,0.221,0.074,0.669,0.322,0.100,3.204,35,1.025,533,2.605,22.5
DATA,MOTOR_BREAKIN_V3,000001,19527,510,510,0.069,0.079,3.148,0.028,3.120,35,FWD,RUN,0.074,0.231,0.087,0.669,0.322,0.100,3.204,35,1.025,533,2.605,22.5
DATA,MOTOR_BREAKIN_V3,000001,19627,508,511,0.122,0.052,3.148,0.028,3.120,35,FWD,RUN,0.087,0.272,0.053,0.139,0.322,0.100,3.204,35,1.025,533,2.605,22.5
DATA,MOTOR_BREAKIN_V3,000001,19727,509,510,0.096,0.079,3.120,0.111,3.009,35,FWD,RUN,0.087,0.262,0.053,0.334,0.322,0.100,3.204,35,1.025,533,2.605,22.5
DATA,MOTOR_BREAKIN_V3,000001,19827,510,511,0.069,0.052,3.037,0.056,2.981,35,FWD,RUN,0.061,0.181,0.039,0.334,0.322,0.100,3.204,35,1.025,533,2.605,22.5
DATA,MOTOR_BREAKIN_V3,000001,19927,509,511,0.096,0.052,3.120,0.028,3.092,35,FWD,RUN,0.074,0.229,0.053,0.167,0.322,0.100,3.204,35,1.025,533,2.605,22.5
DATA,MOTOR_BREAKIN_V3,000001,20026,509,511,0.096,0.052,3.092,0.056,3.037,35,FWD,RUN,0.074,0.225,0.066,0.167,0.322,0.100,3.204,35,1.025,533,2.605,22.5
DATA,MOTOR_BREAKIN_V3,000001,20127,510,511,0.069,0.052,3.232,0.000,3.232,35,FWD,RUN,0.061,0.196,0.039,0.334,0.322,0.100,3.204,35,1.025,533,2.605,22.5
DATA,MOTOR_BREAKIN_V3,000001,20227,510,510,0.069,0.079,3.065,0.028,3.037,35,FWD,RUN,0.074,0.225,0.039,0.334,0.322,0.100,3.204,35,1.025,533,2.605,22.5
DATA,MOTOR_BREAKIN_V3,000001,20327,508,511,0.122,0.052,3.065,0.084,2.981,35,FWD,RUN,0.087,0.260,0.039,0.195,0.322,0.100,3.204,35,1.025,533,2.605,22.5
DATA,MOTOR_BREAKIN_V3,000001,20427,509,511,0.096,0.052,3.092,0.028,3.065,35,FWD,RUN,0.074,0.227,0.026,0.279,0.322,0.100,3.204,35,1.025,533,2.605,22.5
DATA,MOTOR_BREAKIN_V3,000001,20527,509,511,0.096,0.052,3.092,0.000,3.092,35,FWD,RUN,0.074,0.229,0.026,0.279,0.322,0.100,3.204,35,1.025,533,2.605,22.5
DATA,MOTOR_BREAKIN_V3,000001,20627,510,511,0.069,0.052,3.232,0.028,3.204,35,FWD,RUN,0.061,0.195,0.040,0.139,0.322,0.100,3.204,35,1.025,533,2.605,22.5
DATA,MOTOR_BREAKIN_V3,000001,20727,511,512,0.000,0.000,3.399,0.000,3.399,35,FWD,RUN,0.000,0.000,0.100,0.390,0.322,0.100,3.204,35,1.025,532,2.600,22.5
DATA,MOTOR_BREAKIN_V3,000001,20827,510,510,0.069,0.079,3.148,0.056,3.092,35,FWD,RUN,0.074,0.229,0.087,0.418,0.322,0.100,3.204,35,1.025,533,2.605,22.5
DATA,MOTOR_BREAKIN_V3,000001,20927,509,511,0.096,0.052,3.204,0.028,3.176,35,FWD,RUN,0.074,0.235,0.039,0.251,0.322,0.100,3.204,35,1.025,533,2.605,22.5
DATA,MOTOR_BREAKIN_V3,000001,21027,510,512,0.069,0.000,3.092,0.028,3.065,35,FWD,RUN,0.035,0.106,0.053,0.167,0.322,0.100,3.204,35,1.025,533,2.605,22.5
DATA,MOTOR_BREAKIN_V3,000001,21127,509,511,0.096,0.052,3.204,0.028,3.176,35,FWD,RUN,0.074,0.235,0.053,0.111,0.322,0.100,3.204,35,1.025,532,2.600,22.5
DATA,MOTOR_BREAKIN_V3,000001,21227,509,510,0.096,0.079,3.092,0.028,3.065,35,FWD,RUN,0.087,0.267,0.026,0.139,0.322,0.100,3.204,35,1.025,533,2.605,22.5
DATA,MOTOR_BREAKIN_V3,000001,21327,510,511,0.069,0.052,3.176,0.028,3.148,35,FWD,RUN,0.061,0.191,0.026,0.139,0.322,0.100,3.204,35,1.025,533,2.605,22.5
DATA,MOTOR_BREAKIN_V3,000001,21427,509,511,0.096,0.052,3.120,0.028,3.092,35,FWD,RUN,0.074,0.229,0.026,0.195,0.322,0.100,3.204,35,1.025,533,2.605,22.5
DATA,MOTOR_BREAKIN_V3,000001,21527,509,511,0.096,0.052,3.148,0.028,3.120,35,FWD,RUN,0.074,0.231,0.039,0.195,0.322,0.100,3.204,35,1.025,533,2.605,22.5
DATA,MOTOR_BREAKIN_V3,000001,21627,510,511,0.069,0.052,3.232,0.056,3.176,35,FWD,RUN,0.061,0.193,0.039,0.111,0.322,0.100,3.204,35,1.025,533,2.605,22.5
DATA,MOTOR_BREAKIN_V3,000001,21727,509,511,0.096,0.052,3.176,0.028,3.148,35,FWD,RUN,0.074,0.233,0.039,0.111,0.322,0.100,3.204,35,1.025,532,2.600,22.5
DATA,MOTOR_BREAKIN_V3,000001,21827,509,511,0.096,0.052,3.204,0.000,3.204,35,FWD,RUN,0.074,0.237,0.053,0.111,0.322,0.100,3.204,35,1.025,533,2.605,22.5
DATA,MOTOR_BREAKIN_V3,000001,21927,509,511,0.096,0.052,3.204,0.028,3.176,35,FWD,RUN,0.074,0.235,0.026,0.111,0.322,0.100,3.204,35,1.025,532,2.600,22.5
DATA,MOTOR_BREAKIN_V3,000001,22027,510,512,0.069,0.000,3.315,0.028,3.287,35,FWD,RUN,0.035,0.114,0.053,0.195,0.322,0.100,3.204,35,1.025,532,2.600,22.5
DATA,MOTOR_BREAKIN_V3,000001,22127,509,511,0.096,0.052,3.148,0.028,3.120,35,FWD,RUN,0.074,0.231,0.053,0.195,0.322,0.100,3.204,35,1.025,533,2.605,22.5
DATA,MOTOR_BREAKIN_V3,000001,22227,509,510,0.096,0.079,3.260,0.028,3.232,35,FWD,RUN,0.087,0.282,0.026,0.139,0.322,0.100,3.204,35,1.025,533,2.605,22.5
DATA,MOTOR_BREAKIN_V3,000001,22327,509,510,0.096,0.079,3.176,0.028,3.148,35,FWD,RUN,0.087,0.275,0.026,0.139,0.322,0.100,3.204,35,1.025,533,2.605,22.5
DATA,MOTOR_BREAKIN_V3,000001,22427,509,511,0.096,0.052,3.148,0.056,3.092,35,FWD,RUN,0.074,0.229,0.026,0.223,0.322,0.100,3.204,35,1.025,533,2.605,22.5
DATA,MOTOR_BREAKIN_V3,000001,22527,509,511,0.096,0.052,3.176,0.028,3.148,35,FWD,RUN,0.074,0.233,0.066,0.223,0.322,0.100,3.204,35,1.025,533,2.605,22.5
DATA,MOTOR_BREAKIN_V3,000001,22627,509,510,0.096,0.079,3.148,0.028,3.120,35,FWD,RUN,0.087,0.272,0.066,0.223,0.322,0.100,3.204,35,1.025,533,2.605,22.5
DATA,MOTOR_BREAKIN_V3,000001,22727,508,511,0.122,0.052,3.148,0.028,3.120,35,FWD,RUN,0.087,0.272,0.039,0.251,0.322,0.100,3.204,35,1.025,533,2.605,22.5
DATA,MOTOR_BREAKIN_V3,000001,22827,510,511,0.069,0.052,3.287,0.000,3.287,35,FWD,RUN,0.061,0.200,0.053,0.251,0.322,0.100,3.204,35,1.025,533,2.605,22.5
DATA,MOTOR_BREAKIN_V3,000001,22927,510,511,0.069,0.052,3.176,0.028,3.148,35,FWD,RUN,0.061,0.191,0.053,0.279,0.322,0.100,3.204,35,1.025,533,2.605,22.5
DATA,MOTOR_BREAKIN_V3,000001,23027,509,511,0.096,0.052,3.204,0.028,3.176,35,FWD,RUN,0.074,0.235,0.061,0.223,0.322,0.100,3.204,35,1.025,533,2.605,22.5
DATA,MOTOR_BREAKIN_V3,000001,23127,509,511,0.096,0.052,3.260,0.028,3.232,35,FWD,RUN,0.074,0.239,0.066,0.139,0.322,0.100,3.204,35,1.025,533,2.605,22.5
DATA,MOTOR_BREAKIN_V3,000001,23226,510,511,0.069,0.052,3.287,0.028,3.260,35,FWD,RUN,0.061,0.198,0.053,0.139,0.322,0.100,3.204,35,1.025,533,2.605,22.5
DATA,MOTOR_BREAKIN_V3,000001,23327,510,511,0.069,0.052,3.315,0.000,3.315,35,FWD,RUN,0.061,0.202,0.053,0.251,0.322,0.100,3.204,35,1.025,533,2.605,22.5
DATA,MOTOR_BREAKIN_V3,000001,23427,509,511,0.096,0.052,3.232,0.000,3.232,35,FWD,RUN,0.074,0.239,0.039,0.251,0.322,0.100,3.204,35,1.025,532,2.600,22.5
DATA,MOTOR_BREAKIN_V3,000001,23527,508,512,0.122,0.000,3.260,0.000,3.260,35,FWD,RUN,0.061,0.199,0.053,0.195,0.322,0.100,3.204,35,1.025,533,2.605,22.5
DATA,MOTOR_BREAKIN_V3,000001,23627,510,511,0.069,0.052,3.260,0.028,3.232,35,FWD,RUN,0.061,0.196,0.053,0.167,0.322,0.100,3.204,35,1.025,533,2.605,22.5
DATA,MOTOR_BREAKIN_V3,000001,23727,509,511,0.096,0.052,3.120,0.028,3.092,35,FWD,RUN,0.074,0.229,0.066,0.195,0.324,0.100,3.232,35,1.025,533,2.605,22.5
DATA,MOTOR_BREAKIN_V3,000001,23827,510,511,0.069,0.052,3.287,0.028,3.260,35,FWD,RUN,0.061,0.198,0.100,0.223,0.324,0.100,3.232,35,1.025,532,2.600,22.5
DATA,MOTOR_BREAKIN_V3,000001,23927,509,511,0.096,0.052,3.120,0.028,3.092,35,FWD,RUN,0.074,0.229,0.087,0.279,0.324,0.100,3.232,35,1.025,533,2.605,22.5
DATA,MOTOR_BREAKIN_V3,000001,24027,509,510,0.096,0.079,3.232,0.056,3.176,35,FWD,RUN,0.087,0.277,0.026,0.195,0.324,0.100,3.232,35,1.025,533,2.605,22.5
DATA,MOTOR_BREAKIN_V3,000001,24127,509,511,0.096,0.052,3.232,0.028,3.204,35,FWD,RUN,0.074,0.237,0.026,0.139,0.324,0.100,3.232,35,1.025,533,2.605,22.5
DATA,MOTOR_BREAKIN_V3,000001,24227,509,510,0.096,0.079,3.120,0.028,3.092,35,FWD,RUN,0.087,0.270,0.039,0.167,0.324,0.100,3.232,35,1.025,533,2.605,22.5
DATA,MOTOR_BREAKIN_V3,000001,24327,510,510,0.069,0.079,3.148,0.028,3.120,35,FWD,RUN,0.074,0.231,0.039,0.279,0.324,0.100,3.232,35,1.025,533,2.605,22.5
DATA,MOTOR_BREAKIN_V3,000001,24427,509,510,0.096,0.079,3.204,0.028,3.176,35,FWD,RUN,0.087,0.277,0.026,0.195,0.324,0.100,3.232,35,1.025,533,2.605,22.5
DATA,MOTOR_BREAKIN_V3,000001,24527,509,510,0.096,0.079,3.176,0.028,3.148,35,FWD,RUN,0.087,0.275,0.053,0.056,0.324,0.100,3.232,35,1.025,533,2.605,22.5
DATA,MOTOR_BREAKIN_V3,000001,24627,509,511,0.096,0.052,3.232,0.000,3.232,35,FWD,RUN,0.074,0.239,0.039,0.195,0.324,0.100,3.232,35,1.025,533,2.605,22.5
DATA,MOTOR_BREAKIN_V3,000001,24727,509,511,0.096,0.052,3.176,0.056,3.120,35,FWD,RUN,0.074,0.231,0.026,0.195,0.324,0.100,3.232,35,1.025,533,2.605,22.5
DATA,MOTOR_BREAKIN_V3,000001,24827,509,511,0.096,0.052,3.176,0.028,3.148,35,FWD,RUN,0.074,0.233,0.013,0.223,0.324,0.100,3.232,35,1.025,533,2.605,22.5
DATA,MOTOR_BREAKIN_V3,000001,24927,509,510,0.096,0.079,3.120,0.028,3.092,35,FWD,RUN,0.087,0.270,0.026,0.251,0.324,0.100,3.232,35,1.025,533,2.605,22.4
DATA,MOTOR_BREAKIN_V3,000001,25027,511,511,0.000,0.052,3.260,0.000,3.260,35,FWD,RUN,0.026,0.085,0.061,0.223,0.324,0.100,3.232,35,1.025,533,2.605,22.5
DATA,MOTOR_BREAKIN_V3,000001,25127,509,512,0.096,0.000,3.120,0.028,3.092,35,FWD,RUN,0.048,0.148,0.061,0.223,0.324,0.100,3.232,35,1.025,533,2.605,22.5
DATA,MOTOR_BREAKIN_V3,000001,25227,509,510,0.096,0.079,3.148,0.028,3.120,35,FWD,RUN,0.087,0.272,0.053,0.139,0.324,0.100,3.232,35,1.025,533,2.605,22.5
DATA,MOTOR_BREAKIN_V3,000001,25327,509,511,0.096,0.052,3.065,0.056,3.009,35,FWD,RUN,0.074,0.223,0.039,0.195,0.324,0.100,3.232,35,1.025,533,2.605,22.4
DATA,MOTOR_BREAKIN_V3,000001,25427,510,511,0.069,0.052,3.176,0.028,3.148,35,FWD,RUN,0.061,0.191,0.026,0.195,0.324,0.100,3.232,35,1.025,533,2.605,22.5
DATA,MOTOR_BREAKIN_V3,000001,25527,509,511,0.096,0.052,3.120,0.028,3.092,35,FWD,RUN,0.074,0.229,0.039,0.195,0.324,0.100,3.232,35,1.025,533,2.605,22.4
DATA,MOTOR_BREAKIN_V3,000001,25627,510,509,0.069,0.105,3.037,0.028,3.009,35,FWD,RUN,0.087,0.262,0.053,0.223,0.324,0.100,3.232,35,1.025,533,2.605,22.5
DATA,MOTOR_BREAKIN_V3,000001,25727,509,511,0.096,0.052,3.092,0.028,3.065,35,FWD,RUN,0.074,0.227,0.053,0.167,0.324,0.100,3.232,35,1.025,533,2.605,22.4
DATA,MOTOR_BREAKIN_V3,000001,25827,509,512,0.096,0.000,3.092,0.028,3.065,35,FWD,RUN,0.048,0.146,0.039,0.279,0.324,0.100,3.232,35,1.025,533,2.605,22.4
DATA,MOTOR_BREAKIN_V3,000001,25927,509,511,0.096,0.052,3.176,0.000,3.176,35,FWD,RUN,0.074,0.235,0.039,0.251,0.324,0.100,3.232,35,1.025,533,2.605,22.4
DATA,MOTOR_BREAKIN_V3,000001,26027,509,511,0.096,0.052,3.092,0.028,3.065,35,FWD,RUN,0.074,0.227,0.039,0.139,0.324,0.100,3.232,35,1.025,533,2.605,22.5
DATA,MOTOR_BREAKIN_V3,000001,26127,510,511,0.069,0.052,3.065,0.056,3.009,35,FWD,RUN,0.061,0.183,0.053,0.167,0.324,0.100,3.232,35,1.025,533,2.605,22.4
DATA,MOTOR_BREAKIN_V3,000001,26227,509,511,0.096,0.052,3.092,0.028,3.065,35,FWD,RUN,0.074,0.227,0.053,0.279,0.324,0.100,3.232,35,1.025,533,2.605,22.4
DATA,MOTOR_BREAKIN_V3,000001,26327,509,511,0.096,0.052,3.037,0.195,2.842,35,FWD,RUN,0.074,0.210,0.039,0.446,0.324,0.100,3.232,35,1.025,533,2.605,22.4
OK
DATA,MOTOR_BREAKIN_V3,000001,26426,509,511,0.096,0.052,3.148,0.056,3.092,38,FWD,RUN,0.074,0.229,0.053,0.418,0.324,0.100,3.232,35,1.025,533,2.605,22.4
OK
DATA,MOTOR_BREAKIN_V3,000001,26527,511,512,0.000,0.000,3.343,0.000,3.343,36,FWD,RUN,0.000,0.000,0.087,0.251,0.324,0.100,3.232,35,1.025,532,2.600,22.5
OK
DATA,MOTOR_BREAKIN_V3,000001,26627,509,511,0.096,0.052,3.232,0.056,3.176,35,FWD,RUN,0.074,0.235,0.087,0.306,0.324,0.100,3.232,35,1.025,533,2.605,22.5
DATA,MOTOR_BREAKIN_V3,000001,26727,509,512,0.096,0.000,3.343,0.056,3.287,35,FWD,RUN,0.048,0.157,0.026,0.306,0.324,0.100,3.232,35,1.025,533,2.605,22.4
DATA,MOTOR_BREAKIN_V3,000001,26827,509,512,0.096,0.000,3.204,0.028,3.176,35,FWD,RUN,0.048,0.152,0.039,0.279,0.324,0.100,3.232,35,1.025,533,2.605,22.5
DATA,MOTOR_BREAKIN_V3,000001,26927,509,511,0.096,0.052,3.148,0.056,3.092,35,FWD,RUN,0.074,0.229,0.039,0.139,0.324,0.100,3.232,35,1.025,533,2.605,22.5
DATA,MOTOR_BREAKIN_V3,000001,27027,510,511,0.069,0.052,3.176,0.056,3.120,35,FWD,RUN,0.061,0.190,0.013,0.167,0.324,0.100,3.232,35,1.025,533,2.605,22.4
DATA,MOTOR_BREAKIN_V3,000001,27127,510,512,0.069,0.000,3.092,0.028,3.065,35,FWD,RUN,0.035,0.106,0.053,0.167,0.324,0.100,3.232,35,1.025,533,2.605,22.4
DATA,MOTOR_BREAKIN_V3,000001,27227,509,511,0.096,0.052,3.148,0.084,3.065,35,FWD,RUN,0.074,0.227,0.053,0.334,0.324,0.100,3.232,35,1.025,533,2.605,22.4
DATA,MOTOR_BREAKIN_V3,000001,27327,510,512,0.069,0.000,3.065,0.362,2.702,35,FWD,RUN,0.035,0.093,0.039,0.669,0.324,0.100,3.232,35,1.025,533,2.605,22.4
OK
DATA,MOTOR_BREAKIN_V3,000001,27427,508,510,0.122,0.079,3.204,0.084,3.120,41,FWD,RUN,0.100,0.313,0.066,0.474,0.324,0.100,3.232,35,1.025,533,2.605,22.3
OK
DATA,MOTOR_BREAKIN_V3,000001,27527,509,511,0.096,0.052,3.315,0.167,3.148,39,FWD,RUN,0.074,0.233,0.066,0.306,0.324,0.100,3.232,35,1.025,533,2.605,22.4
OK
DATA,MOTOR_BREAKIN_V3,000001,27627,509,511,0.096,0.052,3.371,0.000,3.371,36,FWD,RUN,0.074,0.249,0.053,0.390,0.324,0.100,3.232,35,1.025,533,2.605,22.4
OK
DATA,MOTOR_BREAKIN_V3,000001,27727,510,512,0.069,0.000,3.343,0.000,3.343,35,FWD,RUN,0.035,0.116,0.053,0.390,0.324,0.100,3.232,35,1.025,533,2.605,22.4
DATA,MOTOR_BREAKIN_V3,000001,27827,510,511,0.069,0.052,3.371,0.084,3.287,35,FWD,RUN,0.061,0.200,0.053,0.223,0.324,0.100,3.232,35,1.025,533,2.605,22.4
DATA,MOTOR_BREAKIN_V3,000001,27927,509,511,0.096,0.052,3.232,0.056,3.176,35,FWD,RUN,0.074,0.235,0.039,0.251,0.324,0.100,3.232,35,1.025,533,2.605,22.4
DATA,MOTOR_BREAKIN_V3,000001,28027,509,511,0.096,0.052,3.260,0.028,3.232,35,FWD,RUN,0.074,0.239,0.039,0.251,0.324,0.100,3.232,35,1.025,533,2.605,22.4
DATA,MOTOR_BREAKIN_V3,000001,28127,509,510,0.096,0.079,3.204,0.000,3.204,35,FWD,RUN,0.087,0.279,0.053,0.195,0.324,0.100,3.232,35,1.025,533,2.605,22.4
DATA,MOTOR_BREAKIN_V3,000001,28227,510,512,0.069,0.000,3.232,0.000,3.232,35,FWD,RUN,0.035,0.112,0.053,0.195,0.324,0.100,3.232,35,1.025,533,2.605,22.5
DATA,MOTOR_BREAKIN_V3,000001,28327,509,512,0.096,0.000,3.120,0.028,3.092,35,FWD,RUN,0.048,0.148,0.039,0.195,0.324,0.100,3.232,35,1.025,533,2.605,22.4
DATA,MOTOR_BREAKIN_V3,000001,28427,510,512,0.069,0.000,3.092,0.056,3.037,35,FWD,RUN,0.035,0.105,0.053,0.251,0.324,0.100,3.232,35,1.025,533,2.605,22.4
DATA,MOTOR_BREAKIN_V3,000001,28527,509,512,0.096,0.000,3.260,0.000,3.260,35,FWD,RUN,0.048,0.156,0.053,0.223,0.324,0.100,3.232,35,1.025,533,2.605,22.4
DATA,MOTOR_BREAKIN_V3,000001,28627,509,511,0.096,0.052,3.204,0.028,3.176,35,FWD,RUN,0.074,0.235,0.053,0.167,0.324,0.100,3.232,35,1.025,533,2.605,22.4
DATA,MOTOR_BREAKIN_V3,000001,28727,509,512,0.096,0.000,3.204,0.028,3.176,35,FWD,RUN,0.048,0.152,0.053,0.167,0.324,0.100,3.232,35,1.025,533,2.605,22.4
DATA,MOTOR_BREAKIN_V3,000001,28827,510,511,0.069,0.052,3.176,0.028,3.148,35,FWD,RUN,0.061,0.191,0.053,0.111,0.324,0.100,3.232,35,1.025,533,2.605,22.4
DATA,MOTOR_BREAKIN_V3,000001,28927,510,511,0.069,0.052,3.092,0.084,3.009,35,FWD,RUN,0.061,0.183,0.039,0.251,0.324,0.100,3.232,35,1.025,533,2.605,22.4
DATA,MOTOR_BREAKIN_V3,000001,29027,509,510,0.096,0.079,3.148,0.056,3.092,35,FWD,RUN,0.087,0.270,0.053,0.279,0.324,0.100,3.232,35,1.025,533,2.605,22.4
DATA,MOTOR_BREAKIN_V3,000001,29127,509,511,0.096,0.052,3.092,0.028,3.065,35,FWD,RUN,0.074,0.227,0.053,0.279,0.324,0.100,3.232,35,1.025,533,2.605,22.4
DATA,MOTOR_BREAKIN_V3,000001,29227,509,512,0.096,0.000,3.287,0.000,3.287,35,FWD,RUN,0.048,0.157,0.053,0.223,0.324,0.100,3.232,35,1.025,533,2.605,22.4
DATA,MOTOR_BREAKIN_V3,000001,29327,509,511,0.096,0.052,3.148,0.028,3.120,35,FWD,RUN,0.074,0.231,0.053,0.251,0.324,0.100,3.232,35,1.025,533,2.605,22.4
DATA,MOTOR_BREAKIN_V3,000001,29427,509,512,0.096,0.000,3.120,0.028,3.092,35,FWD,RUN,0.048,0.148,0.039,0.195,0.324,0.100,3.232,35,1.025,533,2.605,22.4
DATA,MOTOR_BREAKIN_V3,000001,29527,509,512,0.096,0.000,3.232,0.084,3.148,35,FWD,RUN,0.048,0.150,0.039,0.251,0.324,0.100,3.232,35,1.025,533,2.605,22.4
DATA,MOTOR_BREAKIN_V3,000001,29626,509,512,0.096,0.000,3.092,0.028,3.065,35,FWD,RUN,0.048,0.146,0.039,0.195,0.324,0.100,3.232,35,1.025,533,2.605,22.4
DATA,MOTOR_BREAKIN_V3,000001,29727,508,511,0.122,0.052,3.092,0.028,3.065,35,FWD,RUN,0.087,0.267,0.039,0.084,0.324,0.100,3.232,35,1.025,533,2.605,22.4
DATA,MOTOR_BREAKIN_V3,000001,29827,508,511,0.122,0.052,3.120,0.000,3.120,35,FWD,RUN,0.087,0.272,0.053,0.167,0.324,0.100,3.232,35,1.025,533,2.605,22.4
DATA,MOTOR_BREAKIN_V3,000001,29927,510,511,0.069,0.052,3.148,0.056,3.092,35,FWD,RUN,0.061,0.188,0.053,0.334,0.324,0.100,3.232,35,1.025,533,2.605,22.4
DATA,MOTOR_BREAKIN_V3,000001,30027,508,511,0.122,0.052,3.232,0.000,3.232,35,FWD,RUN,0.087,0.282,0.053,0.223,0.324,0.100,3.232,35,1.025,533,2.605,22.5
DATA,MOTOR_BREAKIN_V3,000001,30127,509,512,0.096,0.000,3.204,0.028,3.176,35,FWD,RUN,0.048,0.152,0.053,0.167,0.324,0.100,3.232,35,1.025,533,2.605,22.4
DATA,MOTOR_BREAKIN_V3,000001,30227,510,511,0.069,0.052,3.204,0.028,3.176,35,FWD,RUN,0.061,0.193,0.026,0.111,0.324,0.100,3.232,35,1.025,533,2.605,22.4
DATA,MOTOR_BREAKIN_V3,000001,30327,509,512,0.096,0.000,3.204,0.000,3.204,35,FWD,RUN,0.048,0.153,0.039,0.111,0.324,0.100,3.232,35,1.025,533,2.605,22.4
DATA,MOTOR_BREAKIN_V3,000001,30427,510,511,0.069,0.052,3.287,0.028,3.260,35,FWD,RUN,0.061,0.198,0.039,0.139,0.324,0.100,3.232,35,1.025,533,2.605,22.4
DATA,MOTOR_BREAKIN_V3,000001,30527,509,511,0.096,0.052,3.204,0.028,3.176,35,FWD,RUN,0.074,0.235,0.039,0.195,0.324,0.100,3.232,35,1.025,533,2.605,22.4
DATA,MOTOR_BREAKIN_V3,000001,30627,509,511,0.096,0.052,3.204,0.028,3.176,35,FWD,RUN,0.074,0.235,0.053,0.251,0.324,0.100,3.232,35,1.025,533,2.605,22.4
DATA,MOTOR_BREAKIN_V3,000001,30727,510,512,0.069,0.000,3.232,0.000,3.232,35,FWD,RUN,0.035,0.112,0.053,0.251,0.324,0.100,3.232,35,1.025,533,2.605,22.4
DATA,MOTOR_BREAKIN_V3,000001,30827,509,512,0.096,0.000,3.120,0.028,3.092,35,FWD,RUN,0.048,0.148,0.066,0.139,0.324,0.100,3.232,35,1.025,533,2.605,22.4
DATA,MOTOR_BREAKIN_V3,000001,30927,509,511,0.096,0.052,3.176,0.056,3.120,35,FWD,RUN,0.074,0.231,0.066,0.139,0.324,0.100,3.232,35,1.025,533,2.605,22.4
DATA,MOTOR_BREAKIN_V3,000001,31027,509,511,0.096,0.052,3.260,0.056,3.204,35,FWD,RUN,0.074,0.237,0.039,0.195,0.324,0.100,3.232,35,1.025,533,2.605,22.4
DATA,MOTOR_BREAKIN_V3,000001,31127,510,512,0.069,0.000,3.176,0.028,3.148,35,FWD,RUN,0.035,0.109,0.039,0.223,0.324,0.100,3.232,35,1.025,533,2.605,22.4
DATA,MOTOR_BREAKIN_V3,000001,31227,509,511,0.096,0.052,3.204,0.056,3.148,35,FWD,RUN,0.074,0.233,0.053,0.279,0.324,0.100,3.232,35,1.025,533,2.605,22.4
DATA,MOTOR_BREAKIN_V3,000001,31327,509,511,0.096,0.052,3.148,0.028,3.120,35,FWD,RUN,0.074,0.231,0.053,0.279,0.324,0.100,3.232,35,1.025,533,2.605,22.4
DATA,MOTOR_BREAKIN_V3,000001,31427,510,513,0.069,0.000,3.343,0.028,3.315,35,FWD,RUN,0.035,0.115,0.053,0.279,0.324,0.100,3.232,35,1.025,533,2.605,22.4
DATA,MOTOR_BREAKIN_V3,000001,31527,510,512,0.069,0.000,3.204,0.000,3.204,35,FWD,RUN,0.035,0.111,0.053,0.279,0.324,0.100,3.232,35,1.025,533,2.605,22.4
DATA,MOTOR_BREAKIN_V3,000001,31627,510,512,0.069,0.000,3.260,0.028,3.232,35,FWD,RUN,0.035,0.112,0.039,0.223,0.324,0.100,3.232,35,1.025,533,2.605,22.4
DATA,MOTOR_BREAKIN_V3,000001,31727,508,511,0.122,0.052,3.260,0.056,3.204,35,FWD,RUN,0.087,0.279,0.053,0.167,0.324,0.100,3.232,35,1.025,533,2.605,22.4
DATA,MOTOR_BREAKIN_V3,000001,31827,509,510,0.096,0.079,3.232,0.028,3.204,35,FWD,RUN,0.087,0.279,0.053,0.111,0.324,0.100,3.232,35,1.025,533,2.605,22.4
DATA,MOTOR_BREAKIN_V3,000001,31927,509,512,0.096,0.000,3.148,0.028,3.120,35,FWD,RUN,0.048,0.149,0.053,0.251,0.324,0.100,3.232,35,1.025,533,2.605,22.4
