ACS1_ZERO=528.23
ACS2_ZERO=529.15
READY,FWD

========================================
 Mini4WD MOTOR BREAK-IN DEVICE
 MOTOR_BREAKIN_V3
 Firmware : 3.00
========================================
INFO,TYPE=MOTOR,MODEL=MOTOR_BREAKIN_V3,FW=3.00,ID=000001
DATA,MOTOR_BREAKIN_V3,000001,0,529,528,0.000,0.000,15.239,0.752,14.487,0,FWD,READY,0.000,0.000,0.000,0.000,0.000,0.000,0.000,0,0.000,547,2.674,23.6
DATA,MOTOR_BREAKIN_V3,000001,0,528,528,0.000,0.000,12.843,0.780,12.063,0,FWD,READY,0.000,0.000,0.000,6.547,0.000,0.000,0.000,0,0.000,547,2.674,23.6
DATA,MOTOR_BREAKIN_V3,000001,0,528,529,0.000,0.000,13.985,0.780,13.205,0,FWD,READY,0.000,0.000,0.000,12.704,0.000,0.000,0.000,0,0.000,546,2.669,23.6
DATA,MOTOR_BREAKIN_V3,000001,0,528,530,0.000,0.000,17.022,0.780,16.242,0,FWD,READY,0.000,0.000,0.000,7.968,0.000,0.000,0.000,0,0.000,547,2.674,23.6
DATA,MOTOR_BREAKIN_V3,000001,0,528,529,0.000,0.000,15.573,0.780,14.793,0,FWD,READY,0.000,0.000,0.000,3.566,0.000,0.000,0.000,0,0.000,547,2.674,23.6
DATA,MOTOR_BREAKIN_V3,000001,0,528,529,0.000,0.000,14.097,0.780,13.317,0,FWD,READY,0.000,0.000,0.000,2.897,0.000,0.000,0.000,0,0.000,547,2.674,23.6
DATA,MOTOR_BREAKIN_V3,000001,0,527,530,0.000,0.000,15.267,0.780,14.487,0,FWD,READY,0.000,0.000,0.000,1.699,0.000,0.000,0.000,0,0.000,547,2.674,23.6
DATA,MOTOR_BREAKIN_V3,000001,0,527,529,0.000,0.000,15.378,0.780,14.598,0,FWD,READY,0.000,0.000,0.000,1.811,0.000,0.000,0.000,0,0.000,547,2.674,23.6
DATA,MOTOR_BREAKIN_V3,000001,0,529,529,0.000,0.000,14.152,0.780,13.372,0,FWD,READY,0.000,0.000,0.000,1.532,0.000,0.000,0.000,0,0.000,547,2.674,23.6
DATA,MOTOR_BREAKIN_V3,000001,0,528,529,0.000,0.000,15.267,0.780,14.487,0,FWD,READY,0.000,0.000,0.000,1.449,0.000,0.000,0.000,0,0.000,547,2.674,23.6
DATA,MOTOR_BREAKIN_V3,000001,0,529,530,0.000,0.000,15.406,0.780,14.626,0,FWD,READY,0.000,0.000,0.000,1.727,0.000,0.000,0.000,0,0.000,547,2.674,23.6
DATA,MOTOR_BREAKIN_V3,000001,0,528,530,0.000,0.000,14.236,0.808,13.428,0,FWD,READY,0.000,0.000,0.000,1.616,0.000,0.000,0.000,0,0.000,547,2.674,23.6
DATA,MOTOR_BREAKIN_V3,000001,0,529,530,0.000,0.000,15.239,0.808,14.431,0,FWD,READY,0.000,0.000,0.000,1.393,0.000,0.000,0.000,0,0.000,547,2.674,23.6
DATA,MOTOR_BREAKIN_V3,000001,0,529,530,0.000,0.000,15.267,0.808,14.459,0,FWD,READY,0.000,0.000,0.000,1.393,0.000,0.000,0.000,0,0.000,547,2.674,23.6
DATA,MOTOR_BREAKIN_V3,000001,0,530,530,0.000,0.000,14.292,0.808,13.484,0,FWD,READY,0.000,0.000,0.000,1.226,0.000,0.000,0.000,0,0.000,547,2.674,23.6
DATA,MOTOR_BREAKIN_V3,000001,0,528,529,0.000,0.000,15.323,0.808,14.515,0,FWD,READY,0.000,0.000,0.000,1.170,0.000,0.000,0.000,0,0.000,547,2.674,23.6
DATA,MOTOR_BREAKIN_V3,000001,0,529,530,0.000,0.000,15.545,0.808,14.738,0,FWD,READY,0.000,0.000,0.000,1.727,0.000,0.000,0.000,0,0.000,547,2.674,23.6
DATA,MOTOR_BREAKIN_V3,000001,0,529,529,0.000,0.000,14.487,0.808,13.679,0,FWD,READY,0.000,0.000,0.000,1.727,0.000,0.000,0.000,0,0.000,547,2.674,23.6
DATA,MOTOR_BREAKIN_V3,000001,0,528,528,0.000,0.000,15.406,0.808,14.598,0,FWD,READY,0.000,0.000,0.000,1.114,0.000,0.000,0.000,0,0.000,547,2.674,23.6
DATA,MOTOR_BREAKIN_V3,000001,0,529,530,0.000,0.000,15.629,0.808,14.821,0,FWD,READY,0.000,0.000,0.000,1.616,0.000,0.000,0.000,0,0.000,547,2.674,23.6
DATA,MOTOR_BREAKIN_V3,000001,0,529,529,0.000,0.000,14.821,0.808,14.013,0,FWD,READY,0.000,0.000,0.000,1.727,0.000,0.000,0.000,0,0.000,547,2.674,23.6
DATA,MOTOR_BREAKIN_V3,000001,0,528,530,0.000,0.000,15.518,0.780,14.738,0,FWD,READY,0.000,0.000,0.000,1.059,0.000,0.000,0.000,0,0.000,547,2.674,23.6
DATA,MOTOR_BREAKIN_V3,000001,0,531,532,-0.074,-0.078,14.375,0.947,13.428,0,FWD,READY,-0.076,-1.020,0.076,1.532,0.000,0.000,0.000,0,0.000,550,2.688,23.8
DATA,MOTOR_BREAKIN_V3,000001,0,529,531,0.000,-0.051,15.128,0.836,14.292,0,FWD,READY,-0.026,-0.365,0.076,1.504,0.000,0.000,0.000,0,0.000,548,2.678,23.6
DATA,MOTOR_BREAKIN_V3,000001,0,531,531,-0.074,-0.051,15.629,0.864,14.765,0,FWD,READY,-0.062,-0.920,0.158,1.003,0.000,0.000,0.000,0,0.000,549,2.683,23.8
DATA,MOTOR_BREAKIN_V3,000001,0,526,527,0.059,0.056,15.768,0.6969,1.709,0.660,2.591,60,0.660,542,2.649,23.1
DATA,MOTOR_BREAKIN_V3,000001,285,513,518,0.332,0.221,17.189,14.320,2.870,60,FWD,RUN,0.277,0.794,0.053,0.390,1.709,0.660,2.591,60,0.660,542,2.649,23.1
DATA,MOTOR_BREAKIN_V3,000001,385,513,517,0.332,0.248,17.328,13.790,3.538,60,FWD,RUN,0.290,1.026,0.053,0.724,1.709,0.660,2.591,60,0.660,542,2.649,23.1
DATA,MOTOR_BREAKIN_V3,000001,485,513,518,0.332,0.221,15.713,5.433,10.280,60,FWD,RUN,0.277,2.844,0.040,7.466,1.709,0.660,2.591,60,0.660,542,2.649,23.1
DATA,MOTOR_BREAKIN_V3,000001,585,514,518,0.305,0.221,16.158,5.405,10.754,60,FWD,RUN,0.263,2.833,0.040,7.661,1.709,0.660,2.591,60,0.660,542,2.649,23.1
DATA,MOTOR_BREAKIN_V3,000001,685,514,518,0.305,0.221,17.356,10.475,6.881,60,FWD,RUN,0.263,1.813,0.040,11.032,1.709,0.660,2.591,60,0.660,542,2.649,23.1
DATA,MOTOR_BREAKIN_V3,000001,785,513,518,0.332,0.221,17.969,2.870,15.100,60,FWD,RUN,0.277,4.177,0.053,10.252,1.709,0.660,2.591,60,0.660,542,2.649,23.1
DATA,MOTOR_BREAKIN_V3,000001,885,514,519,0.305,0.195,16.688,5.711,10.977,60,FWD,RUN,0.250,2.747,0.053,8.887,1.709,0.660,2.591,60,0.660,542,2.649,23.1
DATA,MOTOR_BREAKIN_V3,000001,985,514,518,0.305,0.221,15.518,4.848,10.670,60,FWD,RUN,0.263,2.811,0.040,4.736,1.709,0.660,2.591,60,0.660,544,2.659,23.1
DATA,MOTOR_BREAKIN_V3,000001,1085,514,519,0.305,0.195,16.771,4.931,11.840,60,FWD,RUN,0.250,2.963,0.053,2.619,1.709,0.660,2.591,60,0.660,542,2.649,23.1
DATA,MOTOR_BREAKIN_V3,000001,1185,515,519,0.279,0.195,20.114,7.438,12.676,60,FWD,RUN,0.237,3.005,0.079,2.981,1.709,0.660,2.591,60,0.660,542,2.649,23.1
DATA,MOTOR_BREAKIN_V3,000001,1285,515,520,0.279,0.169,15.908,4.736,11.172,60,FWD,RUN,0.224,2.500,0.079,2.173,1.709,0.660,2.591,60,0.660,542,2.649,23.1
DATA,MOTOR_BREAKIN_V3,000001,1385,515,518,0.279,0.221,18.276,2.870,15.406,60,FWD,RUN,0.250,3.855,0.040,7.160,1.709,0.660,2.591,60,0.660,542,2.649,23.1
DATA,MOTOR_BREAKIN_V3,000001,1485,516,519,0.253,0.195,18.554,6.268,12.286,60,FWD,RUN,0.224,2.750,0.026,7.160,1.709,0.660,2.591,60,0.660,542,2.649,23.1
DATA,MOTOR_BREAKIN_V3,000001,1585,515,518,0.279,0.221,17.886,5.460,12.425,60,FWD,RUN,0.250,3.109,0.026,4.597,1.709,0.660,2.591,60,0.660,542,2.649,23.1
DATA,MOTOR_BREAKIN_V3,000001,1685,515,520,0.279,0.169,19.167,5.154,14.013,60,FWD,RUN,0.224,3.136,0.026,3.232,1.709,0.660,2.591,60,0.660,542,2.649,23.1
DATA,MOTOR_BREAKIN_V3,000001,1785,515,519,0.279,0.195,20.114,6.630,13.484,60,FWD,RUN,0.237,3.196,0.066,3.343,1.709,0.660,2.591,60,0.660,543,2.654,23.2
DATA,MOTOR_BREAKIN_V3,000001,1885,516,519,0.253,0.195,21.702,6.435,15.267,60,FWD,RUN,0.224,3.417,0.066,2.702,1.709,0.660,2.591,60,0.660,542,2.649,23.1
DATA,MOTOR_BREAKIN_V3,000001,1984,515,519,0.279,0.195,15.685,4.513,11.172,60,FWD,RUN,0.237,2.648,0.053,4.625,1.709,0.660,2.591,60,0.660,543,2.654,23.2
DATA,MOTOR_BREAKIN_V3,000001,2085,516,519,0.253,0.195,20.114,0.669,19.446,60,FWD,RUN,0.224,4.352,0.053,8.804,1.709,0.660,2.591,60,0.660,543,2.654,23.1
DATA,MOTOR_BREAKIN_V3,000001,2185,516,519,0.253,0.195,17.412,5.349,12.063,60,FWD,RUN,0.224,2.700,0.079,8.692,1.709,0.660,2.591,60,0.660,542,2.649,23.2
DATA,MOTOR_BREAKIN_V3,000001,2285,515,518,0.279,0.221,16.716,4.485,12.230,60,FWD,RUN,0.250,3.061,0.092,1.950,1.709,0.660,2.591,60,0.660,542,2.649,23.2
DATA,MOTOR_BREAKIN_V3,000001,2385,516,520,0.253,0.169,17.189,5.210,11.979,60,FWD,RUN,0.211,2.523,0.066,2.730,1.709,0.660,2.591,60,0.660,543,2.654,23.2
DATA,MOTOR_BREAKIN_V3,000001,2485,516,519,0.253,0.195,18.805,6.018,12.787,60,FWD,RUN,0.224,2.862,0.040,3.538,1.709,0.660,2.591,60,0.660,543,2.654,23.2
DATA,MOTOR_BREAKIN_V3,000001,2585,515,518,0.279,0.221,14.236,3.650,10.587,60,FWD,RUN,0.250,2.649,0.053,3.427,1.709,0.660,2.591,60,0.660,543,2.654,23.2
DATA,MOTOR_BREAKIN_V3,000001,2685,515,519,0.279,0.195,18.833,6.073,12.760,60,FWD,RUN,0.237,3.024,0.066,5.460,1.709,0.660,2.591,60,0.660,542,2.649,23.2
DATA,MOTOR_BREAKIN_V3,000001,2785,516,519,0.253,0.195,14.654,4.012,10.642,60,FWD,RUN,0.224,2.382,0.066,14.180,1.709,0.660,2.591,60,0.660,543,2.654,23.2
DATA,MOTOR_BREAKIN_V3,000001,2885,516,519,0.253,0.195,15.685,1.003,14.682,60,FWD,RUN,0.224,3.286,0.079,14.180,1.709,0.660,2.591,60,0.660,542,2.649,23.2
DATA,MOTOR_BREAKIN_V3,000001,2985,516,520,0.253,0.169,21.674,6.519,15.155,60,FWD,RUN,0.211,3.192,0.066,11.172,1.709,0.660,2.591,60,0.660,543,2.654,23.2
DATA,MOTOR_BREAKIN_V3,000001,3085,516,520,0.253,0.169,19.167,5.739,13.428,60,FWD,RUN,0.211,2.828,0.079,10.670,3.684,0.263,13.985,60,0.660,542,2.649,23.1
DATA,MOTOR_BREAKIN_V3,000001,3185,515,518,0.279,0.221,21.145,7.160,13.985,60,FWD,RUN,0.250,3.500,0.066,5.349,3.684,0.263,13.985,60,0.660,542,2.649,23.2
DATA,MOTOR_BREAKIN_V3,000001,3285,517,519,0.226,0.195,21.201,6.324,14.877,60,FWD,RUN,0.211,3.133,0.053,5.683,3.684,0.263,13.985,60,0.660,542,2.649,23.1
DATA,MOTOR_BREAKIN_V3,000001,3385,517,518,0.226,0.221,13.762,4.485,9.277,60,FWD,RUN,0.224,2.076,0.066,12.342,4.451,0.237,18.777,60,0.660,542,2.649,23.1
DATA,MOTOR_BREAKIN_V3,000001,3485,516,520,0.253,0.169,14.236,4.792,9.444,60,FWD,RUN,0.211,1.989,0.066,12.342,4.451,0.237,18.777,60,0.660,542,2.649,23.1
DATA,MOTOR_BREAKIN_V3,000001,3585,514,518,0.305,0.221,15.155,4.597,10.559,60,FWD,RUN,0.263,2.782,0.053,4.151,4.451,0.237,18.777,60,0.660,542,2.649,23.1
DATA,MOTOR_BREAKIN_V3,000001,3685,515,518,0.279,0.221,18.499,5.265,13.233,60,FWD,RUN,0.250,3.311,0.066,4.457,4.451,0.237,18.777,60,0.660,542,2.649,23.1
DATA,MOTOR_BREAKIN_V3,000001,3785,515,519,0.279,0.195,18.499,6.352,12.147,60,FWD,RUN,0.237,2.879,0.053,6.547,4.451,0.237,18.777,60,0.660,542,2.649,23.1
DATA,MOTOR_BREAKIN_V3,000001,3885,514,519,0.305,0.195,13.317,7.271,6.045,60,FWD,RUN,0.250,1.513,0.066,12.007,4.756,0.263,18.053,60,0.660,542,2.649,23.1
DATA,MOTOR_BREAKIN_V3,000001,3985,516,519,0.253,0.195,18.387,5.070,13.317,60,FWD,RUN,0.224,2.981,0.066,12.007,4.756,0.263,18.053,60,0.660,542,2.649,23.1
DATA,MOTOR_BREAKIN_V3,000001,4085,515,519,0.279,0.195,14.988,4.987,10.001,60,FWD,RUN,0.237,2.371,0.053,7.661,4.756,0.263,18.053,60,0.660,542,2.649,23.2
DATA,MOTOR_BREAKIN_V3,000001,4185,516,520,0.253,0.169,13.261,4.207,9.054,60,FWD,RUN,0.211,1.907,0.079,7.912,4.756,0.263,18.053,60,0.660,542,2.649,23.2
DATA,MOTOR_BREAKIN_V3,000001,4285,516,520,0.253,0.169,11.534,3.872,7.661,60,FWD,RUN,0.211,1.614,0.079,4.959,4.756,0.263,18.053,60,0.660,542,2.649,23.1
DATA,MOTOR_BREAKIN_V3,000001,4385,514,520,0.305,0.169,12.620,0.724,11.896,60,FWD,RUN,0.237,2.820,0.066,5.600,4.756,0.263,18.053,60,0.660,542,2.649,23.2
DATA,MOTOR_BREAKIN_V3,000001,4485,514,519,0.305,0.195,15.518,4.764,10.754,60,FWD,RUN,0.250,2.691,0.066,4.848,4.756,0.263,18.053,60,0.660,542,2.649,23.1
DATA,MOTOR_BREAKIN_V3,000001,4585,515,519,0.279,0.195,10.085,0.641,9.444,60,FWD,RUN,0.237,2.239,0.066,3.872,4.756,0.263,18.053,60,0.660,542,2.649,23.1
DATA,MOTOR_BREAKIN_V3,000001,4685,515,519,0.279,0.195,19.362,5.990,13.372,60,FWD,RUN,0.237,3.170,0.066,4.848,4.756,0.263,18.053,60,0.660,542,2.649,23.2
DATA,MOTOR_BREAKIN_V3,000001,4785,515,519,0.279,0.195,16.353,5.405,10.949,60,FWD,RUN,0.237,2.595,0.053,6.129,4.756,0.263,18.053,60,0.660,542,2.649,23.1
DATA,MOTOR_BREAKIN_V3,000001,4885,517,520,0.226,0.169,12.982,0.557,12.425,60,FWD,RUN,0.197,2.453,0.040,7.299,4.756,0.263,18.053,60,0.660,542,2.649,23.1
DATA,MOTOR_BREAKIN_V3,000001,4985,518,522,0.200,0.116,14.180,4.820,9.361,60,FWD,RUN,0.158,1.477,0.092,5.906,4.756,0.263,18.053,60,0.660,542,2.649,23.1
DATA,MOTOR_BREAKIN_V3,000001,5085,516,520,0.253,0.169,12.899,0.696,12.202,60,FWD,RUN,0.211,2.570,0.092,4.680,4.756,0.263,18.053,60,0.660,542,2.649,23.2
DATA,MOTOR_BREAKIN_V3,000001,5184,515,519,0.279,0.195,12.843,3.399,9.444,60,FWD,RUN,0.237,2.239,0.066,6.491,4.756,0.263,18.053,60,0.660,542,2.649,23.1
DATA,MOTOR_BREAKIN_V3,000001,5285,517,520,0.226,0.169,12.286,3.510,8.776,60,FWD,RUN,0.197,1.732,0.053,7.968,4.756,0.263,18.053,60,0.660,542,2.649,23.1
DATA,MOTOR_BREAKIN_V3,000001,5385,517,519,0.226,0.195,10.336,3.427,6.909,60,FWD,RUN,0.211,1.455,0.053,7.383,4.756,0.263,18.053,60,0.660,542,2.649,23.2
DATA,MOTOR_BREAKIN_V3,000001,5485,517,520,0.226,0.169,12.760,0.613,12.147,60,FWD,RUN,0.197,2.398,0.066,15.657,4.756,0.263,18.053,60,0.660,542,2.649,23.2
DATA,MOTOR_BREAKIN_V3,000001,5585,514,519,0.305,0.195,16.855,0.641,16.214,60,FWD,RUN,0.250,4.057,0.092,15.657,4.756,0.263,18.053,60,0.660,542,2.649,23.1
DATA,MOTOR_BREAKIN_V3,000001,5685,517,520,0.226,0.169,13.428,3.900,9.528,60,FWD,RUN,0.197,1.881,0.092,10.977,4.756,0.263,18.053,60,0.660,542,2.649,23.1
DATA,MOTOR_BREAKIN_V3,000001,5785,515,518,0.279,0.221,14.097,0.808,13.289,60,FWD,RUN,0.250,3.325,0.079,9.751,4.756,0.263,18.053,60,0.660,542,2.649,23.1
DATA,MOTOR_BREAKIN_V3,000001,5885,515,520,0.279,0.169,15.128,4.903,10.224,60,FWD,RUN,0.224,2.288,0.079,8.163,4.756,0.263,18.053,60,0.660,543,2.654,23.1
DATA,MOTOR_BREAKIN_V3,000001,5985,518,521,0.200,0.142,9.918,3.009,6.909,60,FWD,RUN,0.171,1.181,0.079,3.845,4.756,0.263,18.053,60,0.660,542,2.649,23.2
DATA,MOTOR_BREAKIN_V3,000001,6085,518,520,0.200,0.169,14.013,4.235,9.779,60,FWD,RUN,0.184,1.801,0.066,4.736,4.756,0.263,18.053,60,0.660,542,2.649,23.2
DATA,MOTOR_BREAKIN_V3,000001,6185,514,519,0.305,0.195,11.729,5.182,6.547,60,FWD,RUN,0.250,1.638,0.066,4.987,4.756,0.263,18.053,60,0.660,542,2.649,23.2
DATA,MOTOR_BREAKIN_V3,000001,6285,517,521,0.226,0.142,12.230,0.585,11.645,60,FWD,RUN,0.184,2.145,0.066,5.098,4.756,0.263,18.053,60,0.660,543,2.654,23.2
DATA,MOTOR_BREAKIN_V3,000001,6385,515,518,0.279,0.221,13.177,3.928,9.249,60,FWD,RUN,0.250,2.315,0.066,5.934,4.756,0.263,18.053,60,0.660,542,2.649,23.2
DATA,MOTOR_BREAKIN_V3,000001,6485,516,519,0.253,0.195,10.057,2.702,7.355,60,FWD,RUN,0.224,1.646,0.066,11.701,4.756,0.263,18.053,60,0.660,542,2.649,23.1
DATA,MOTOR_BREAKIN_V3,000001,6585,515,519,0.279,0.195,10.977,3.371,7.606,60,FWD,RUN,0.237,1.803,0.079,11.060,4.756,0.263,18.053,60,0.660,542,2.649,23.2
DATA,MOTOR_BREAKIN_V3,000001,6685,515,520,0.279,0.169,11.311,3.594,7.717,60,FWD,RUN,0.224,1.727,0.079,4.235,4.756,0.263,18.053,60,0.660,542,2.649,23.2
DATA,MOTOR_BREAKIN_V3,000001,6785,517,520,0.226,0.169,16.103,5.405,10.698,60,FWD,RUN,0.197,2.112,0.053,6.909,4.756,0.263,18.053,60,0.660,542,2.649,23.1
DATA,MOTOR_BREAKIN_V3,000001,6885,515,520,0.279,0.169,12.397,0.641,11.757,60,FWD,RUN,0.224,2.631,0.066,8.135,4.756,0.263,18.053,60,0.660,542,2.649,23.2
DATA,MOTOR_BREAKIN_V3,000001,6985,514,519,0.305,0.195,13.038,4.485,8.553,60,FWD,RUN,0.250,2.140,0.092,8.609,4.756,0.263,18.053,60,0.660,542,2.649,23.1
DATA,MOTOR_BREAKIN_V3,000001,7085,515,519,0.279,0.195,12.815,0.641,12.174,60,FWD,RUN,0.237,2.886,0.092,8.664,4.756,0.263,18.053,60,0.660,542,2.649,23.0
DATA,MOTOR_BREAKIN_V3,000001,7185,515,518,0.279,0.221,10.865,3.677,7.188,60,FWD,RUN,0.250,1.799,0.066,7.912,4.756,0.263,18.053,60,0.660,542,2.649,23.1
DATA,MOTOR_BREAKIN_V3,000001,7285,517,521,0.226,0.142,13.094,3.510,9.584,60,FWD,RUN,0.184,1.765,0.079,6.380,4.756,0.263,18.053,60,0.660,542,2.649,23.1
DATA,MOTOR_BREAKIN_V3,000001,7385,515,519,0.279,0.195,10.921,3.622,7.299,60,FWD,RUN,0.237,1.730,0.079,4.736,4.756,0.263,18.053,60,0.660,542,2.649,23.1
DATA,MOTOR_BREAKIN_V3,000001,7485,519,521,0.173,0.142,11.172,3.845,7.327,60,FWD,RUN,0.158,1.156,0.106,7.188,4.756,0.263,18.053,60,0.660,542,2.649,23.1
DATA,MOTOR_BREAKIN_V3,000001,7585,516,519,0.253,0.195,9.723,3.371,6.352,60,FWD,RUN,0.224,1.422,0.106,8.107,4.756,0.263,18.053,60,0.660,542,2.649,23.2
DATA,MOTOR_BREAKIN_V3,000001,7685,518,521,0.200,0.142,12.397,4.207,8.191,60,FWD,RUN,0.171,1.400,0.079,5.321,4.756,0.263,18.053,60,0.660,541,2.644,23.1
DATA,MOTOR_BREAKIN_V3,000001,7785,514,518,0.305,0.221,11.478,3.900,7.578,60,FWD,RUN,0.263,1.996,0.119,5.293,4.756,0.263,18.053,60,0.660,542,2.649,23.2
DATA,MOTOR_BREAKIN_V3,000001,7885,515,519,0.279,0.195,12.704,0.557,12.147,60,FWD,RUN,0.237,2.879,0.119,5.572,4.756,0.263,18.053,60,0.660,542,2.649,23.1
DATA,MOTOR_BREAKIN_V3,000001,7985,515,519,0.279,0.195,8.218,1.644,6.575,60,FWD,RUN,0.237,1.558,0.066,5.572,4.756,0.263,18.053,60,0.660,542,2.649,23.1
DATA,MOTOR_BREAKIN_V3,000001,8085,515,519,0.279,0.195,10.447,3.594,6.853,60,FWD,RUN,0.237,1.624,0.079,4.875,4.756,0.263,18.053,60,0.660,542,2.649,23.1
DATA,MOTOR_BREAKIN_V3,000001,8185,516,520,0.253,0.169,9.862,1.421,8.441,60,FWD,RUN,0.211,1.778,0.106,7.048,4.756,0.263,18.053,60,0.660,542,2.649,23.2
DATA,MOTOR_BREAKIN_V3,000001,8285,515,519,0.279,0.195,12.035,0.696,11.339,60,FWD,RUN,0.237,2.688,0.106,6.296,4.756,0.263,18.053,60,0.660,542,2.649,23.1
DATA,MOTOR_BREAKIN_V3,000001,8384,516,520,0.253,0.169,7.912,1.672,6.240,60,FWD,RUN,0.211,1.314,0.106,9.277,4.756,0.263,18.053,60,0.660,542,2.649,23.1
DATA,MOTOR_BREAKIN_V3,000001,8485,514,518,0.305,0.221,11.617,3.789,7.828,60,FWD,RUN,0.263,2.062,0.106,10.252,4.756,0.263,18.053,60,0.660,542,2.649,23.1
DATA,MOTOR_BREAKIN_V3,000001,8585,515,518,0.279,0.221,8.469,2.674,5.795,60,FWD,RUN,0.250,1.450,0.066,7.884,4.756,0.263,18.053,60,0.660,541,2.644,23.1
DATA,MOTOR_BREAKIN_V3,000001,8685,518,521,0.200,0.142,12.370,3.956,8.413,60,FWD,RUN,0.171,1.439,0.106,8.943,4.756,0.263,18.053,60,0.660,542,2.649,23.1
DATA,MOTOR_BREAKIN_V3,000001,8785,515,519,0.279,0.195,9.249,3.315,5.934,60,FWD,RUN,0.237,1.407,0.106,9.166,4.756,0.263,18.053,60,0.660,542,2.649,23.1
DATA,MOTOR_BREAKIN_V3,000001,8885,517,521,0.226,0.142,11.979,4.151,7.828,60,FWD,RUN,0.184,1.442,0.079,6.937,4.756,0.263,18.053,60,0.660,540,2.639,23.1
DATA,MOTOR_BREAKIN_V3,000001,8985,516,518,0.253,0.221,12.286,0.529,11.757,60,FWD,RUN,0.237,2.787,0.079,6.408,4.756,0.263,18.053,60,0.660,542,2.649,23.1
DATA,MOTOR_BREAKIN_V3,000001,9085,516,520,0.253,0.169,10.642,0.557,10.085,60,FWD,RUN,0.211,2.124,0.053,6.881,4.756,0.263,18.053,60,0.660,542,2.649,23.1
DATA,MOTOR_BREAKIN_V3,000001,9185,518,519,0.200,0.195,10.001,3.538,6.463,60,FWD,RUN,0.197,1.276,0.066,6.213,4.756,0.263,18.053,60,0.660,541,2.644,23.0
DATA,MOTOR_BREAKIN_V3,000001,9285,517,520,0.226,0.169,10.141,0.529,9.611,60,FWD,RUN,0.197,1.897,0.079,4.848,4.756,0.263,18.053,60,0.660,541,2.644,23.1
DATA,MOTOR_BREAKIN_V3,000001,9385,516,520,0.253,0.169,12.370,0.641,11.729,60,FWD,RUN,0.211,2.470,0.079,4.792,4.756,0.263,18.053,60,0.660,542,2.649,23.1
DATA,MOTOR_BREAKIN_V3,000001,9485,514,518,0.305,0.221,12.899,0.641,12.258,60,FWD,RUN,0.263,3.229,0.132,4.625,4.756,0.263,18.053,60,0.660,542,2.649,23.1
DATA,MOTOR_BREAKIN_V3,000001,9585,515,519,0.279,0.195,10.837,0.585,10.252,60,FWD,RUN,0.237,2.430,0.132,4.402,4.756,0.263,18.053,60,0.660,541,2.644,23.1
DATA,MOTOR_BREAKIN_V3,000001,9685,513,519,0.332,0.195,15.016,0.613,14.403,60,FWD,RUN,0.263,3.795,0.092,9.416,4.756,0.263,18.053,60,0.660,542,2.649,23.1
DATA,MOTOR_BREAKIN_V3,000001,9785,516,520,0.253,0.169,11.589,3.984,7.606,60,FWD,RUN,0.211,1.602,0.106,9.416,4.756,0.263,18.053,60,0.660,541,2.644,23.1
DATA,MOTOR_BREAKIN_V3,000001,9885,514,518,0.305,0.221,11.004,3.482,7.522,60,FWD,RUN,0.263,1.982,0.106,5.572,4.756,0.263,18.053,60,0.660,542,2.649,23.1
DATA,MOTOR_BREAKIN_V3,000001,9985,517,520,0.226,0.169,10.475,0.529,9.946,60,FWD,RUN,0.197,1.963,0.079,8.831,4.756,0.263,18.053,60,0.660,542,2.649,23.1
DATA,MOTOR_BREAKIN_V3,000001,10085,515,519,0.279,0.195,10.921,0.669,10.252,60,FWD,RUN,0.237,2.430,0.066,8.831,4.756,0.263,18.053,60,0.660,542,2.649,23.1
DATA,MOTOR_BREAKIN_V3,000001,10185,515,519,0.279,0.195,10.308,0.557,9.751,60,FWD,RUN,0.237,2.311,0.040,5.572,4.756,0.263,18.053,60,0.660,541,2.644,23.1
DATA,MOTOR_BREAKIN_V3,000001,10285,515,518,0.279,0.221,8.971,0.613,8.358,60,FWD,RUN,0.250,2.091,0.066,5.962,4.756,0.263,18.053,60,0.660,541,2.644,23.1
DATA,MOTOR_BREAKIN_V3,000001,10385,519,520,0.173,0.169,12.007,4.012,7.996,60,FWD,RUN,0.171,1.367,0.092,4.708,4.756,0.263,18.053,60,0.660,541,2.644,23.2
DATA,MOTOR_BREAKIN_V3,000001,10485,515,518,0.279,0.221,8.135,0.613,7.522,60,FWD,RUN,0.250,1.882,0.106,4.708,4.756,0.263,18.053,60,0.660,542,2.649,23.2
DATA,MOTOR_BREAKIN_V3,000001,10585,514,518,0.305,0.221,12.481,0.947,11.534,60,FWD,RUN,0.263,3.039,0.106,4.067,4.756,0.263,18.053,60,0.660,542,2.649,23.1
DATA,MOTOR_BREAKIN_V3,000001,10685,515,519,0.279,0.195,12.119,4.123,7.996,60,FWD,RUN,0.237,1.895,0.106,6.798,4.756,0.263,18.053,60,0.660,541,2.644,23.1
DATA,MOTOR_BREAKIN_V3,000001,10785,518,520,0.200,0.169,12.258,1.560,10.698,60,FWD,RUN,0.184,1.970,0.092,6.519,4.756,0.263,18.053,60,0.660,541,2.644,23.1
DATA,MOTOR_BREAKIN_V3,000001,10885,515,519,0.279,0.195,7.689,2.674,5.015,60,FWD,RUN,0.237,1.189,0.066,6.519,4.756,0.263,18.053,60,0.660,541,2.644,23.1
DATA,MOTOR_BREAKIN_V3,000001,10985,514,518,0.305,0.221,11.283,3.176,8.107,60,FWD,RUN,0.263,2.136,0.053,5.293,4.756,0.263,18.053,60,0.660,541,2.644,23.1
DATA,MOTOR_BREAKIN_V3,000001,11085,515,519,0.279,0.195,8.079,2.925,5.154,60,FWD,RUN,0.237,1.222,0.040,6.742,4.756,0.263,18.053,60,0.660,542,2.649,23.1
DATA,MOTOR_BREAKIN_V3,000001,11185,515,519,0.279,0.195,12.565,0.446,12.119,60,FWD,RUN,0.237,2.873,0.026,6.965,4.756,0.263,18.053,60,0.660,542,2.649,23.1
DATA,MOTOR_BREAKIN_V3,000001,11285,519,522,0.173,0.116,12.007,4.207,7.801,60,FWD,RUN,0.145,1.128,0.119,6.798,4.756,0.263,18.053,60,0.660,541,2.644,23.1
DATA,MOTOR_BREAKIN_V3,000001,11385,515,519,0.279,0.195,8.859,2.925,5.934,60,FWD,RUN,0.237,1.407,0.119,6.798,4.756,0.263,18.053,60,0.660,541,2.644,23.1
DATA,MOTOR_BREAKIN_V3,000001,11485,518,519,0.200,0.195,13.150,4.485,8.664,60,FWD,RUN,0.197,1.710,0.106,6.742,4.756,0.263,18.053,60,0.660,542,2.649,23.1
DATA,MOTOR_BREAKIN_V3,000001,11584,514,518,0.305,0.221,10.587,3.705,6.881,60,FWD,RUN,0.263,1.813,0.132,7.160,4.756,0.263,18.053,60,0.660,541,2.644,23.1
DATA,MOTOR_BREAKIN_V3,000001,11685,519,521,0.173,0.142,11.979,4.095,7.884,60,FWD,RUN,0.158,1.244,0.119,5.043,4.756,0.263,18.053,60,0.660,541,2.644,23.1
DATA,MOTOR_BREAKIN_V3,000001,11785,514,518,0.305,0.221,8.330,3.148,5.182,60,FWD,RUN,0.263,1.365,0.106,3.872,4.756,0.263,18.053,60,0.660,542,2.649,23.1
DATA,MOTOR_BREAKIN_V3,000001,11885,513,518,0.332,0.221,11.506,0.696,10.809,60,FWD,RUN,0.277,2.991,0.132,6.045,4.756,0.263,18.053,60,0.660,542,2.649,23.1
DATA,MOTOR_BREAKIN_V3,000001,11985,514,518,0.305,0.221,8.971,3.287,5.683,60,FWD,RUN,0.263,1.497,0.132,6.380,4.756,0.263,18.053,60,0.660,541,2.644,23.1
DATA,MOTOR_BREAKIN_V3,000001,12085,515,519,0.279,0.195,10.587,0.585,10.001,60,FWD,RUN,0.237,2.371,0.106,5.460,4.756,0.263,18.053,60,0.660,541,2.644,23.1
DATA,MOTOR_BREAKIN_V3,000001,12185,517,520,0.226,0.169,12.286,0.501,11.784,60,FWD,RUN,0.197,2.326,0.079,6.240,4.756,0.263,18.053,60,0.660,542,2.649,23.1
DATA,MOTOR_BREAKIN_V3,000001,12285,514,518,0.305,0.221,10.364,3.315,7.048,60,FWD,RUN,0.263,1.857,0.079,6.240,4.756,0.263,18.053,60,0.660,542,2.649,23.1
DATA,MOTOR_BREAKIN_V3,000001,12385,519,521,0.173,0.142,11.060,3.677,7.383,60,FWD,RUN,0.158,1.165,0.119,4.067,4.756,0.263,18.053,60,0.660,541,2.644,23.1
DATA,MOTOR_BREAKIN_V3,000001,12485,515,519,0.279,0.195,10.893,0.529,10.364,60,FWD,RUN,0.237,2.457,0.106,5.600,4.756,0.263,18.053,60,0.660,541,2.644,23.1
DATA,MOTOR_BREAKIN_V3,000001,12585,517,520,0.226,0.169,11.562,0.529,11.032,60,FWD,RUN,0.197,2.178,0.092,5.823,4.756,0.263,18.053,60,0.660,541,2.644,23.1
DATA,MOTOR_BREAKIN_V3,000001,12685,515,519,0.279,0.195,7.021,1.226,5.795,60,FWD,RUN,0.237,1.374,0.092,7.355,4.756,0.263,18.053,60,0.660,541,2.644,23.1
DATA,MOTOR_BREAKIN_V3,000001,12785,517,521,0.226,0.142,12.732,2.089,10.642,60,FWD,RUN,0.184,1.960,0.079,6.658,4.756,0.263,18.053,60,0.660,541,2.644,23.1
DATA,MOTOR_BREAKIN_V3,000001,12885,514,518,0.305,0.221,9.695,3.705,5.990,60,FWD,RUN,0.263,1.578,0.079,6.324,4.756,0.263,18.053,60,0.660,542,2.649,23.1
DATA,MOTOR_BREAKIN_V3,000001,12985,515,519,0.279,0.195,7.327,1.532,5.795,60,FWD,RUN,0.237,1.374,0.079,6.742,4.756,0.263,18.053,60,0.660,541,2.644,23.1
DATA,MOTOR_BREAKIN_V3,000001,13085,516,520,0.253,0.169,10.057,2.507,7.550,60,FWD,RUN,0.211,1.590,0.066,6.742,4.756,0.263,18.053,60,0.660,542,2.649,23.1
DATA,MOTOR_BREAKIN_V3,000001,13185,515,519,0.279,0.195,13.790,0.585,13.205,60,FWD,RUN,0.237,3.130,0.053,8.581,4.756,0.263,18.053,60,0.660,541,2.644,23.1
DATA,MOTOR_BREAKIN_V3,000001,13285,515,518,0.279,0.221,7.188,2.758,4.430,60,FWD,RUN,0.250,1.108,0.092,9.026,4.756,0.263,18.053,60,0.660,541,2.644,23.1
DATA,MOTOR_BREAKIN_V3,000001,13385,515,518,0.279,0.221,10.865,4.402,6.463,60,FWD,RUN,0.250,1.617,0.092,5.990,4.756,0.263,18.053,60,0.660,542,2.649,23.1
DATA,MOTOR_BREAKIN_V3,000001,13485,514,519,0.305,0.195,11.924,1.087,10.837,60,FWD,RUN,0.250,2.712,0.066,6.491,4.756,0.263,18.053,60,0.660,541,2.644,23.1
DATA,MOTOR_BREAKIN_V3,000001,13585,514,518,0.305,0.221,6.603,2.647,3.956,60,FWD,RUN,0.263,1.042,0.092,8.887,4.756,0.263,18.053,60,0.660,541,2.644,23.1
DATA,MOTOR_BREAKIN_V3,000001,13685,515,518,0.279,0.221,8.636,0.641,7.996,60,FWD,RUN,0.250,2.001,0.132,8.887,4.756,0.263,18.053,60,0.660,541,2.644,23.1
DATA,MOTOR_BREAKIN_V3,000001,13785,514,518,0.305,0.221,9.890,3.817,6.073,60,FWD,RUN,0.263,1.600,0.119,7.466,4.756,0.263,18.053,60,0.660,541,2.644,23.1
DATA,MOTOR_BREAKIN_V3,000001,13885,514,518,0.305,0.221,8.664,0.557,8.107,60,FWD,RUN,0.263,2.136,0.092,6.881,4.756,0.263,18.053,60,0.660,541,2.644,23.1
DATA,MOTOR_BREAKIN_V3,000001,13985,517,520,0.226,0.169,12.286,0.529,11.757,60,FWD,RUN,0.197,2.321,0.092,7.355,4.756,0.263,18.053,60,0.660,541,2.644,23.1
DATA,MOTOR_BREAKIN_V3,000001,14085,514,518,0.305,0.221,8.720,3.566,5.154,60,FWD,RUN,0.263,1.358,0.092,8.218,4.756,0.263,18.053,60,0.660,541,2.644,23.1
DATA,MOTOR_BREAKIN_V3,000001,14185,514,518,0.305,0.221,9.918,4.123,5.795,60,FWD,RUN,0.263,1.527,0.053,9.890,4.756,0.263,18.053,60,0.660,541,2.644,23.1
DATA,MOTOR_BREAKIN_V3,000001,14285,513,517,0.332,0.248,15.406,0.641,14.765,60,FWD,RUN,0.290,4.280,0.079,12.035,4.756,0.263,18.053,60,0.660,542,2.649,23.1
DATA,MOTOR_BREAKIN_V3,000001,14385,515,519,0.279,0.195,8.915,3.427,5.488,60,FWD,RUN,0.237,1.301,0.079,10.865,4.756,0.263,18.053,60,0.660,541,2.644,23.1
DATA,MOTOR_BREAKIN_V3,000001,14485,514,518,0.305,0.221,7.021,2.925,4.095,60,FWD,RUN,0.263,1.079,0.040,5.628,4.756,0.263,18.053,60,0.660,541,2.644,23.1
DATA,MOTOR_BREAKIN_V3,000001,14585,515,518,0.279,0.221,11.311,4.262,7.048,60,FWD,RUN,0.250,1.764,0.066,4.848,4.756,0.263,18.053,60,0.660,541,2.644,23.1
DATA,MOTOR_BREAKIN_V3,000001,14685,514,518,0.305,0.221,11.896,4.151,7.745,60,FWD,RUN,0.263,2.040,0.066,6.045,4.756,0.263,18.053,60,0.660,541,2.644,23.1
DATA,MOTOR_BREAKIN_V3,000001,14784,514,518,0.305,0.221,8.553,0.585,7.968,60,FWD,RUN,0.263,2.099,0.053,6.268,4.756,0.263,18.053,60,0.660,541,2.644,23.1
DATA,MOTOR_BREAKIN_V3,000001,14885,515,519,0.279,0.195,6.937,0.585,6.352,60,FWD,RUN,0.237,1.506,0.066,6.714,4.756,0.263,18.053,60,0.660,541,2.644,23.1
DATA,MOTOR_BREAKIN_V3,000001,14985,514,517,0.305,0.248,11.367,7.773,3.594,60,FWD,RUN,0.277,0.994,0.066,7.773,4.756,0.263,18.053,60,0.660,541,2.644,23.1
DATA,MOTOR_BREAKIN_V3,000001,15085,516,519,0.253,0.195,8.915,3.092,5.823,60,FWD,RUN,0.224,1.303,0.053,8.191,4.756,0.263,18.053,60,0.660,541,2.644,23.1
DATA,MOTOR_BREAKIN_V3,000001,15185,514,518,0.305,0.221,8.386,1.783,6.603,60,FWD,RUN,0.263,1.739,0.040,6.157,4.756,0.263,18.053,60,0.660,541,2.644,23.1
DATA,MOTOR_BREAKIN_V3,000001,15285,514,518,0.305,0.221,10.614,4.095,6.519,60,FWD,RUN,0.263,1.717,0.026,4.402,4.756,0.263,18.053,60,0.660,541,2.644,23.1
DATA,MOTOR_BREAKIN_V3,000001,15385,516,520,0.253,0.169,12.063,3.733,8.330,60,FWD,RUN,0.211,1.754,0.053,4.430,4.756,0.263,18.053,60,0.660,540,2.639,23.2
DATA,MOTOR_BREAKIN_V3,000001,15485,518,521,0.200,0.142,11.478,4.290,7.188,60,FWD,RUN,0.171,1.229,0.092,7.633,4.756,0.263,18.053,60,0.660,540,2.639,23.1
DATA,MOTOR_BREAKIN_V3,000001,15585,515,518,0.279,0.221,9.834,0.696,9.138,60,FWD,RUN,0.250,2.287,0.092,7.856,4.756,0.263,18.053,60,0.660,542,2.649,23.2
DATA,MOTOR_BREAKIN_V3,000001,15685,518,520,0.200,0.169,13.205,4.652,8.553,60,FWD,RUN,0.184,1.575,0.079,5.795,4.756,0.263,18.053,60,0.660,542,2.649,23.2
DATA,MOTOR_BREAKIN_V3,000001,15785,515,519,0.279,0.195,12.202,0.501,11.701,60,FWD,RUN,0.237,2.773,0.092,5.795,4.756,0.263,18.053,60,0.660,541,2.644,23.2
DATA,MOTOR_BREAKIN_V3,000001,15885,516,519,0.253,0.195,9.305,3.204,6.101,60,FWD,RUN,0.224,1.366,0.079,6.965,4.756,0.263,18.053,60,0.660,541,2.644,23.1
DATA,MOTOR_BREAKIN_V3,000001,15985,514,519,0.305,0.195,11.924,4.430,7.494,60,FWD,RUN,0.250,1.875,0.053,4.680,4.756,0.263,18.053,60,0.660,542,2.649,23.1
DATA,MOTOR_BREAKIN_V3,000001,16085,513,518,0.332,0.221,10.336,3.900,6.435,60,FWD,RUN,0.277,1.780,0.040,4.012,4.756,0.263,18.053,60,0.660,541,2.644,23.2
DATA,MOTOR_BREAKIN_V3,000001,16185,515,518,0.279,0.221,8.831,0.585,8.246,60,FWD,RUN,0.250,2.064,0.119,4.012,4.756,0.263,18.053,60,0.660,540,2.639,23.1
DATA,MOTOR_BREAKIN_V3,000001,16285,517,520,0.226,0.169,12.955,0.585,12.370,60,FWD,RUN,0.197,2.442,0.119,6.435,4.756,0.263,18.053,60,0.660,541,2.644,23.2
DATA,MOTOR_BREAKIN_V3,000001,16385,513,519,0.332,0.195,9.333,0.641,8.692,60,FWD,RUN,0.263,2.290,0.092,7.021,4.756,0.263,18.053,60,0.660,541,2.644,23.1
DATA,MOTOR_BREAKIN_V3,000001,16485,516,520,0.253,0.169,9.946,3.120,6.826,60,FWD,RUN,0.211,1.438,0.079,6.324,4.756,0.263,18.053,60,0.660,541,2.644,23.1
DATA,MOTOR_BREAKIN_V3,000001,16585,514,518,0.305,0.221,8.692,4.179,4.513,60,FWD,RUN,0.263,1.189,0.092,7.160,4.756,0.263,18.053,60,0.660,541,2.644,23.2
DATA,MOTOR_BREAKIN_V3,000001,16685,514,518,0.305,0.221,9.611,3.204,6.408,60,FWD,RUN,0.263,1.688,0.079,9.138,4.756,0.263,18.053,60,0.660,541,2.644,23.1
DATA,MOTOR_BREAKIN_V3,000001,16785,514,518,0.305,0.221,9.444,0.557,8.887,60,FWD,RUN,0.263,2.341,0.066,9.138,4.756,0.263,18.053,60,0.660,541,2.644,23.1
DATA,MOTOR_BREAKIN_V3,000001,16885,515,520,0.279,0.169,11.896,4.095,7.801,60,FWD,RUN,0.224,1.746,0.066,5.628,4.756,0.263,18.053,60,0.660,541,2.644,23.1
DATA,MOTOR_BREAKIN_V3,000001,16985,514,517,0.305,0.248,10.837,3.622,7.216,60,FWD,RUN,0.277,1.996,0.066,3.872,4.756,0.263,18.053,60,0.660,541,2.644,23.1
DATA,MOTOR_BREAKIN_V3,000001,17085,515,519,0.279,0.195,12.397,0.474,11.924,60,FWD,RUN,0.237,2.826,0.092,6.240,4.756,0.263,18.053,60,0.660,541,2.644,23.1
DATA,MOTOR_BREAKIN_V3,000001,17185,515,518,0.279,0.221,12.314,0.557,11.757,60,FWD,RUN,0.250,2.942,0.066,6.853,4.756,0.263,18.053,60,0.660,541,2.644,23.1
DATA,MOTOR_BREAKIN_V3,000001,17285,513,518,0.332,0.221,11.784,0.557,11.227,60,FWD,RUN,0.277,3.106,0.040,7.717,4.756,0.263,18.053,60,0.660,541,2.644,23.1
DATA,MOTOR_BREAKIN_V3,000001,17385,514,518,0.305,0.221,9.751,0.557,9.194,60,FWD,RUN,0.263,2.422,0.119,6.408,4.756,0.263,18.053,60,0.660,541,2.644,23.1
DATA,MOTOR_BREAKIN_V3,000001,17485,514,518,0.305,0.221,12.230,0.585,11.645,60,FWD,RUN,0.263,3.068,0.119,5.265,4.756,0.263,18.053,60,0.660,541,2.644,23.1
DATA,MOTOR_BREAKIN_V3,000001,17585,513,517,0.332,0.248,6.185,0.557,5.628,60,FWD,RUN,0.290,1.631,0.132,6.018,4.756,0.263,18.053,60,0.660,541,2.644,23.1
DATA,MOTOR_BREAKIN_V3,000001,17685,518,521,0.200,0.142,11.701,0.418,11.283,60,FWD,RUN,0.171,1.929,0.132,6.658,4.756,0.263,18.053,60,0.660,541,2.644,23.1
DATA,MOTOR_BREAKIN_V3,000001,17785,514,518,0.305,0.221,13.205,0.585,12.620,60,FWD,RUN,0.263,3.325,0.106,6.965,4.756,0.263,18.053,60,0.660,541,2.644,23.1
DATA,MOTOR_BREAKIN_V3,000001,17885,513,518,0.332,0.221,10.837,3.538,7.299,60,FWD,RUN,0.277,2.019,0.106,5.377,4.756,0.263,18.053,60,0.660,540,2.639,23.1
DATA,MOTOR_BREAKIN_V3,000001,17984,514,518,0.305,0.221,11.255,0.557,10.698,60,FWD,RUN,0.263,2.818,0.053,5.628,4.756,0.263,18.053,60,0.660,541,2.644,23.1
DATA,MOTOR_BREAKIN_V3,000001,18085,513,518,0.332,0.221,11.144,0.557,10.587,60,FWD,RUN,0.277,2.929,0.053,5.377,4.756,0.263,18.053,60,0.660,541,2.644,23.2
DATA,MOTOR_BREAKIN_V3,000001,18185,515,518,0.279,0.221,10.475,3.594,6.881,60,FWD,RUN,0.250,1.722,0.040,4.875,4.756,0.263,18.053,60,0.660,541,2.644,23.1
DATA,MOTOR_BREAKIN_V3,000001,18285,515,519,0.279,0.195,11.227,0.501,10.726,60,FWD,RUN,0.237,2.542,0.079,7.411,4.756,0.263,18.053,60,0.660,541,2.644,23.1
DATA,MOTOR_BREAKIN_V3,000001,18385,514,518,0.305,0.221,9.389,3.092,6.296,60,FWD,RUN,0.263,1.659,0.119,6.575,4.756,0.263,18.053,60,0.660,541,2.644,23.2
DATA,MOTOR_BREAKIN_V3,000001,18485,515,519,0.279,0.195,7.411,1.699,5.711,60,FWD,RUN,0.237,1.354,0.092,5.962,4.756,0.263,18.053,60,0.660,541,2.644,23.1
DATA,MOTOR_BREAKIN_V3,000001,18585,515,518,0.279,0.221,9.751,0.724,9.026,60,FWD,RUN,0.250,2.259,0.092,6.268,4.756,0.263,18.053,60,0.660,541,2.644,23.1
DATA,MOTOR_BREAKIN_V3,000001,18685,516,520,0.253,0.169,11.367,0.501,10.865,60,FWD,RUN,0.211,2.288,0.106,4.792,4.756,0.263,18.053,60,0.660,541,2.644,23.1
DATA,MOTOR_BREAKIN_V3,000001,18785,514,519,0.305,0.195,11.422,0.529,10.893,60,FWD,RUN,0.250,2.726,0.079,3.343,4.756,0.263,18.053,60,0.660,541,2.644,23.1
DATA,MOTOR_BREAKIN_V3,000001,18885,514,518,0.305,0.221,9.221,0.585,8.636,60,FWD,RUN,0.263,2.275,0.040,6.463,4.756,0.263,18.053,60,0.660,541,2.644,23.1
DATA,MOTOR_BREAKIN_V3,000001,18985,517,520,0.226,0.169,11.255,0.752,10.503,60,FWD,RUN,0.197,2.073,0.079,6.463,4.756,0.263,18.053,60,0.660,541,2.644,23.1
DATA,MOTOR_BREAKIN_V3,000001,19085,513,517,0.332,0.248,10.782,0.585,10.196,60,FWD,RUN,0.290,2.956,0.106,4.457,4.756,0.263,18.053,60,0.660,542,2.649,23.1
DATA,MOTOR_BREAKIN_V3,000001,19185,513,518,0.332,0.221,11.450,3.900,7.550,60,FWD,RUN,0.277,2.089,0.079,6.714,4.756,0.263,18.053,60,0.660,541,2.644,23.1
DATA,MOTOR_BREAKIN_V3,000001,19285,513,518,0.332,0.221,4.820,0.585,4.235,60,FWD,RUN,0.277,1.172,0.040,7.940,4.756,0.263,18.053,60,0.660,541,2.644,23.1
DATA,MOTOR_BREAKIN_V3,000001,19385,514,518,0.305,0.221,6.575,0.585,5.990,60,FWD,RUN,0.263,1.578,0.079,7.940,4.756,0.263,18.053,60,0.660,541,2.644,23.1
DATA,MOTOR_BREAKIN_V3,000001,19485,516,520,0.253,0.169,11.589,3.817,7.773,60,FWD,RUN,0.211,1.637,0.079,5.321,4.756,0.263,18.053,60,0.660,541,2.644,23.2
DATA,MOTOR_BREAKIN_V3,000001,19585,514,518,0.305,0.221,6.129,0.641,5.488,60,FWD,RUN,0.263,1.446,0.066,6.575,4.756,0.263,18.053,60,0.660,541,2.644,23.1
DATA,MOTOR_BREAKIN_V3,000001,19685,514,518,0.305,0.221,5.934,2.229,3.705,60,FWD,RUN,0.263,0.976,0.053,6.268,4.756,0.263,18.053,60,0.660,541,2.644,23.1
DATA,MOTOR_BREAKIN_V3,000001,19785,515,518,0.279,0.221,8.915,0.529,8.386,60,FWD,RUN,0.250,2.098,0.053,7.271,4.756,0.263,18.053,60,0.660,541,2.644,23.1
DATA,MOTOR_BREAKIN_V3,000001,19885,513,519,0.332,0.195,9.166,0.557,8.609,60,FWD,RUN,0.263,2.268,0.040,5.238,4.756,0.263,18.053,60,0.660,541,2.644,23.1
DATA,MOTOR_BREAKIN_V3,000001,19985,514,518,0.305,0.221,10.865,0.501,10.364,60,FWD,RUN,0.263,2.730,0.040,6.519,4.756,0.263,18.053,60,0.660,541,2.644,23.1
DATA,MOTOR_BREAKIN_V3,000001,20085,517,520,0.226,0.169,10.113,0.557,9.556,60,FWD,RUN,0.197,1.886,0.079,8.191,4.756,0.263,18.053,60,0.660,541,2.644,23.2
DATA,MOTOR_BREAKIN_V3,000001,20185,514,518,0.305,0.221,9.667,0.557,9.110,60,FWD,RUN,0.263,2.400,0.079,8.776,4.756,0.263,18.053,60,0.660,541,2.644,23.1
DATA,MOTOR_BREAKIN_V3,000001,20285,514,518,0.305,0.221,4.207,0.474,3.733,60,FWD,RUN,0.263,0.983,0.066,6.714,4.756,0.263,18.053,60,0.660,541,2.644,23.1
DATA,MOTOR_BREAKIN_V3,000001,20385,515,519,0.279,0.195,8.302,2.814,5.488,60,FWD,RUN,0.237,1.301,0.066,6.714,4.756,0.263,18.053,60,0.660,541,2.644,23.1
DATA,MOTOR_BREAKIN_V3,000001,20485,514,518,0.305,0.221,7.745,0.585,7.160,60,FWD,RUN,0.263,1.886,0.066,4.290,4.756,0.263,18.053,60,0.660,541,2.644,23.1
DATA,MOTOR_BREAKIN_V3,000001,20585,514,517,0.305,0.248,11.394,0.585,10.809,60,FWD,RUN,0.277,2.991,0.066,5.850,4.756,0.263,18.053,60,0.660,541,2.644,23.0
DATA,MOTOR_BREAKIN_V3,000001,20685,514,519,0.305,0.195,10.587,0.557,10.029,60,FWD,RUN,0.250,2.510,0.053,5.850,4.756,0.263,18.053,60,0.660,541,2.644,23.1
DATA,MOTOR_BREAKIN_V3,000001,20785,513,518,0.332,0.221,9.054,0.529,8.525,60,FWD,RUN,0.277,2.359,0.040,6.909,4.756,0.263,18.053,60,0.660,541,2.644,23.2
DATA,MOTOR_BREAKIN_V3,000001,20885,513,518,0.332,0.221,9.834,0.557,9.277,60,FWD,RUN,0.277,2.567,0.053,7.076,4.756,0.263,18.053,60,0.660,541,2.644,23.1
DATA,MOTOR_BREAKIN_V3,000001,20985,514,518,0.305,0.221,11.311,0.557,10.754,60,FWD,RUN,0.263,2.833,0.079,4.987,4.756,0.263,18.053,60,0.660,541,2.644,23.1
DATA,MOTOR_BREAKIN_V3,000001,21085,515,519,0.279,0.195,10.224,0.529,9.695,60,FWD,RUN,0.237,2.298,0.079,5.600,4.756,0.263,18.053,60,0.660,541,2.644,23.1
DATA,MOTOR_BREAKIN_V3,000001,21184,514,519,0.305,0.195,8.748,0.501,8.246,60,FWD,RUN,0.250,2.064,0.040,6.853,4.756,0.263,18.053,60,0.660,541,2.644,23.1
DATA,MOTOR_BREAKIN_V3,000001,21285,514,517,0.305,0.248,6.129,1.978,4.151,60,FWD,RUN,0.277,1.148,0.053,7.355,4.756,0.263,18.053,60,0.660,541,2.644,23.1
DATA,MOTOR_BREAKIN_V3,000001,21385,514,518,0.305,0.221,8.804,0.585,8.218,60,FWD,RUN,0.263,2.165,0.066,6.185,4.756,0.263,18.053,60,0.660,541,2.644,23.1
DATA,MOTOR_BREAKIN_V3,000001,21485,515,518,0.279,0.221,6.658,0.557,6.101,60,FWD,RUN,0.250,1.527,0.066,4.402,4.756,0.263,18.053,60,0.660,541,2.644,23.1
DATA,MOTOR_BREAKIN_V3,000001,21585,513,518,0.332,0.221,8.079,0.557,7.522,60,FWD,RUN,0.277,2.081,0.066,4.457,4.756,0.263,18.053,60,0.660,541,2.644,23.2
DATA,MOTOR_BREAKIN_V3,000001,21685,514,519,0.305,0.195,5.126,1.393,3.733,60,FWD,RUN,0.250,0.934,0.066,6.798,4.756,0.263,18.053,60,0.660,541,2.644,23.1
DATA,MOTOR_BREAKIN_V3,000001,21785,514,518,0.305,0.221,4.318,0.529,3.789,60,FWD,RUN,0.263,0.998,0.026,6.798,4.756,0.263,18.053,60,0.660,541,2.644,23.1
DATA,MOTOR_BREAKIN_V3,000001,21885,515,519,0.279,0.195,8.358,0.557,7.801,60,FWD,RUN,0.237,1.849,0.026,7.466,4.756,0.263,18.053,60,0.660,541,2.644,23.1
DATA,MOTOR_BREAKIN_V3,000001,21985,514,519,0.305,0.195,9.054,0.557,8.497,60,FWD,RUN,0.250,2.126,0.066,6.157,4.756,0.263,18.053,60,0.660,541,2.644,23.1
DATA,MOTOR_BREAKIN_V3,000001,22085,514,519,0.305,0.195,9.723,0.585,9.138,60,FWD,RUN,0.250,2.287,0.066,6.463,4.756,0.263,18.053,60,0.660,541,2.644,23.2
DATA,MOTOR_BREAKIN_V3,000001,22185,515,519,0.279,0.195,8.581,0.557,8.023,60,FWD,RUN,0.237,1.902,0.066,9.026,4.756,0.263,18.053,60,0.660,541,2.644,23.1
DATA,MOTOR_BREAKIN_V3,000001,22285,515,519,0.279,0.195,6.240,0.557,5.683,60,FWD,RUN,0.237,1.347,0.066,9.026,4.756,0.263,18.053,60,0.660,541,2.644,23.1
DATA,MOTOR_BREAKIN_V3,000001,22385,517,520,0.226,0.169,9.472,0.529,8.943,60,FWD,RUN,0.197,1.765,0.066,5.070,4.756,0.263,18.053,60,0.660,540,2.639,23.1
DATA,MOTOR_BREAKIN_V3,000001,22485,516,520,0.253,0.169,12.481,0.501,11.979,60,FWD,RUN,0.211,2.523,0.066,6.826,4.756,0.263,18.053,60,0.660,541,2.644,23.2
DATA,MOTOR_BREAKIN_V3,000001,22585,514,519,0.305,0.195,10.754,0.529,10.224,60,FWD,RUN,0.250,2.559,0.079,7.438,4.756,0.263,18.053,60,0.660,541,2.644,23.1
DATA,MOTOR_BREAKIN_V3,000001,22685,514,519,0.305,0.195,10.141,0.557,9.584,60,FWD,RUN,0.250,2.398,0.079,5.683,4.756,0.263,18.053,60,0.660,541,2.644,23.1
DATA,MOTOR_BREAKIN_V3,000001,22785,515,518,0.279,0.221,7.188,0.585,6.603,60,FWD,RUN,0.250,1.652,0.079,3.900,4.756,0.263,18.053,60,0.660,541,2.644,23.1
DATA,MOTOR_BREAKIN_V3,000001,22885,514,518,0.305,0.221,11.534,0.557,10.977,60,FWD,RUN,0.263,2.892,0.053,4.875,4.756,0.263,18.053,60,0.660,541,2.644,23.1
DATA,MOTOR_BREAKIN_V3,000001,22985,515,519,0.279,0.195,12.787,0.557,12.230,60,FWD,RUN,0.237,2.899,0.053,6.853,4.756,0.263,18.053,60,0.660,541,2.644,23.1
DATA,MOTOR_BREAKIN_V3,000001,23085,513,518,0.332,0.221,9.444,0.669,8.776,60,FWD,RUN,0.277,2.428,0.079,7.550,4.756,0.263,18.053,60,0.660,541,2.644,23.1
DATA,MOTOR_BREAKIN_V3,000001,23185,516,520,0.253,0.169,13.651,0.557,13.094,60,FWD,RUN,0.211,2.758,0.092,7.383,4.756,0.263,18.053,60,0.660,541,2.644,23.1
DATA,MOTOR_BREAKIN_V3,000001,23285,514,518,0.305,0.221,7.633,0.557,7.076,60,FWD,RUN,0.263,1.864,0.079,9.500,4.756,0.263,18.053,60,0.660,541,2.644,23.2
DATA,MOTOR_BREAKIN_V3,000001,23385,514,519,0.305,0.195,6.463,0.557,5.906,60,FWD,RUN,0.250,1.478,0.040,7.021,4.756,0.263,18.053,60,0.660,541,2.644,23.2
DATA,MOTOR_BREAKIN_V3,000001,23485,515,519,0.279,0.195,11.450,0.501,10.949,60,FWD,RUN,0.237,2.595,0.079,6.658,4.756,0.263,18.053,60,0.660,541,2.644,23.1
DATA,MOTOR_BREAKIN_V3,000001,23585,514,518,0.305,0.221,7.689,0.557,7.132,60,FWD,RUN,0.263,1.879,0.079,7.717,4.756,0.263,18.053,60,0.660,541,2.644,23.2
DATA,MOTOR_BREAKIN_V3,000001,23685,514,518,0.305,0.221,12.370,4.151,8.218,60,FWD,RUN,0.263,2.165,0.066,7.466,4.756,0.263,18.053,60,0.660,541,2.644,23.1
DATA,MOTOR_BREAKIN_V3,000001,23785,517,519,0.226,0.195,13.930,0.446,13.484,60,FWD,RUN,0.211,2.840,0.079,7.243,4.756,0.263,18.053,60,0.660,541,2.644,23.2
DATA,MOTOR_BREAKIN_V3,000001,23885,517,520,0.226,0.169,12.509,0.501,12.007,60,FWD,RUN,0.197,2.370,0.092,7.355,4.756,0.263,18.053,60,0.660,541,2.644,23.2
DATA,MOTOR_BREAKIN_V3,000001,23985,513,517,0.332,0.248,8.943,1.003,7.940,60,FWD,RUN,0.290,2.302,0.119,7.383,4.756,0.263,18.053,60,0.660,541,2.644,23.1
DATA,MOTOR_BREAKIN_V3,000001,24085,515,520,0.279,0.169,13.846,0.529,13.317,60,FWD,RUN,0.224,2.981,0.066,9.723,4.756,0.263,18.053,60,0.660,541,2.644,23.1
DATA,MOTOR_BREAKIN_V3,000001,24185,515,519,0.279,0.195,11.896,0.557,11.339,60,FWD,RUN,0.237,2.688,0.092,9.723,4.756,0.263,18.053,60,0.660,541,2.644,23.1
DATA,MOTOR_BREAKIN_V3,000001,24285,515,518,0.279,0.221,7.606,3.148,4.457,60,FWD,RUN,0.250,1.115,0.079,6.881,4.756,0.263,18.053,60,0.660,541,2.644,23.1
DATA,MOTOR_BREAKIN_V3,000001,24384,517,520,0.226,0.169,13.150,0.557,12.592,60,FWD,RUN,0.197,2.486,0.079,8.135,4.756,0.263,18.053,60,0.660,541,2.644,23.2
DATA,MOTOR_BREAKIN_V3,000001,24485,513,518,0.332,0.221,6.547,0.585,5.962,60,FWD,RUN,0.277,1.649,0.092,7.689,4.756,0.263,18.053,60,0.660,541,2.644,23.1
DATA,MOTOR_BREAKIN_V3,000001,24585,517,519,0.226,0.195,13.846,0.474,13.372,60,FWD,RUN,0.211,2.816,0.092,8.469,4.756,0.263,18.053,60,0.660,541,2.644,23.1
DATA,MOTOR_BREAKIN_V3,000001,24685,518,520,0.200,0.169,14.320,0.501,13.818,60,FWD,RUN,0.184,2.545,0.079,8.915,4.756,0.263,18.053,60,0.660,540,2.639,23.2
DATA,MOTOR_BREAKIN_V3,000001,24785,516,519,0.253,0.195,10.336,3.622,6.714,60,FWD,RUN,0.224,1.503,0.106,7.940,4.756,0.263,18.053,60,0.660,541,2.644,23.1
DATA,MOTOR_BREAKIN_V3,000001,24885,514,518,0.305,0.221,9.890,0.613,9.277,60,FWD,RUN,0.263,2.444,0.092,7.801,4.756,0.263,18.053,60,0.660,541,2.644,23.2
DATA,MOTOR_BREAKIN_V3,000001,24985,514,517,0.305,0.248,9.639,0.585,9.054,60,FWD,RUN,0.277,2.505,0.079,9.054,4.756,0.263,18.053,60,0.660,541,2.644,23.2
DATA,MOTOR_BREAKIN_V3,000001,25085,515,518,0.279,0.221,7.633,0.585,7.048,60,FWD,RUN,0.250,1.764,0.066,7.132,4.756,0.263,18.053,60,0.660,541,2.644,23.1
DATA,MOTOR_BREAKIN_V3,000001,25185,516,520,0.253,0.169,12.202,4.290,7.912,60,FWD,RUN,0.211,1.666,0.079,6.881,4.756,0.263,18.053,60,0.660,541,2.644,23.2
DATA,MOTOR_BREAKIN_V3,000001,25285,517,520,0.226,0.169,12.342,0.557,11.784,60,FWD,RUN,0.197,2.326,0.066,9.444,4.756,0.263,18.053,60,0.660,542,2.649,23.2
DATA,MOTOR_BREAKIN_V3,000001,25385,514,518,0.305,0.221,7.048,2.953,4.095,60,FWD,RUN,0.263,1.079,0.079,9.444,4.756,0.263,18.053,60,0.660,541,2.644,23.1
DATA,MOTOR_BREAKIN_V3,000001,25485,516,519,0.253,0.195,13.261,0.501,12.760,60,FWD,RUN,0.224,2.856,0.079,9.667,4.756,0.263,18.053,60,0.660,541,2.644,23.2
DATA,MOTOR_BREAKIN_V3,000001,25585,514,518,0.305,0.221,4.931,0.557,4.374,60,FWD,RUN,0.263,1.152,0.079,9.389,4.756,0.263,18.053,60,0.660,540,2.639,23.2
DATA,MOTOR_BREAKIN_V3,000001,25685,514,519,0.305,0.195,13.094,0.557,12.537,60,FWD,RUN,0.250,3.137,0.092,8.971,4.756,0.263,18.053,60,0.660,541,2.644,23.2
DATA,MOTOR_BREAKIN_V3,000001,25785,514,517,0.305,0.248,7.968,0.669,7.299,60,FWD,RUN,0.277,2.019,0.092,9.416,4.756,0.263,18.053,60,0.660,541,2.644,23.2
DATA,MOTOR_BREAKIN_V3,000001,25885,515,518,0.279,0.221,11.199,0.557,10.642,60,FWD,RUN,0.250,2.663,0.053,7.299,4.756,0.263,18.053,60,0.660,541,2.644,23.1
DATA,MOTOR_BREAKIN_V3,000001,25985,513,518,0.332,0.221,13.345,0.529,12.815,60,FWD,RUN,0.277,3.545,0.079,7.828,4.756,0.263,18.053,60,0.660,541,2.644,23.1
DATA,MOTOR_BREAKIN_V3,000001,26085,514,518,0.305,0.221,13.261,0.557,12.704,60,FWD,RUN,0.263,3.347,0.066,7.912,4.756,0.263,18.053,60,0.660,541,2.644,23.2
DATA,MOTOR_BREAKIN_V3,000001,26185,513,518,0.332,0.221,5.823,0.613,5.210,60,FWD,RUN,0.277,1.441,0.066,7.996,4.756,0.263,18.053,60,0.660,541,2.644,23.1
DATA,MOTOR_BREAKIN_V3,000001,26285,516,519,0.253,0.195,13.456,0.446,13.010,60,FWD,RUN,0.224,2.912,0.066,8.302,4.756,0.263,18.053,60,0.660,541,2.644,23.1
DATA,MOTOR_BREAKIN_V3,000001,26385,515,518,0.279,0.221,10.419,0.557,9.862,60,FWD,RUN,0.250,2.468,0.066,6.909,4.756,0.263,18.053,60,0.660,541,2.644,23.1
DATA,MOTOR_BREAKIN_V3,000001,26485,515,519,0.279,0.195,10.447,0.557,9.890,60,FWD,RUN,0.237,2.344,0.092,7.466,4.756,0.263,18.053,60,0.660,540,2.639,23.2
DATA,MOTOR_BREAKIN_V3,000001,26585,514,518,0.305,0.221,9.584,0.557,9.026,60,FWD,RUN,0.263,2.378,0.066,8.664,4.756,0.263,18.053,60,0.660,541,2.644,23.2
DATA,MOTOR_BREAKIN_V3,000001,26685,515,520,0.279,0.169,12.620,0.529,12.091,60,FWD,RUN,0.224,2.706,0.053,8.664,4.756,0.263,18.053,60,0.660,540,2.639,23.2
DATA,MOTOR_BREAKIN_V3,000001,26785,513,518,0.332,0.221,9.751,0.613,9.138,60,FWD,RUN,0.277,2.528,0.053,6.630,4.756,0.263,18.053,60,0.660,541,2.644,23.1
DATA,MOTOR_BREAKIN_V3,000001,26885,514,518,0.305,0.221,6.658,0.529,6.129,60,FWD,RUN,0.263,1.615,0.066,8.107,4.756,0.263,18.053,60,0.660,541,2.644,23.2
DATA,MOTOR_BREAKIN_V3,000001,26985,513,518,0.332,0.221,7.355,0.529,6.826,60,FWD,RUN,0.277,1.888,0.066,8.107,4.756,0.263,18.053,60,0.660,541,2.644,23.1
DATA,MOTOR_BREAKIN_V3,000001,27085,515,519,0.279,0.195,10.447,0.529,9.918,60,FWD,RUN,0.237,2.351,0.066,7.076,4.756,0.263,18.053,60,0.660,541,2.644,23.2
DATA,MOTOR_BREAKIN_V3,000001,27185,514,518,0.305,0.221,6.352,0.557,5.795,60,FWD,RUN,0.263,1.527,0.053,6.770,4.756,0.263,18.053,60,0.660,541,2.644,23.1
DATA,MOTOR_BREAKIN_V3,000001,27285,515,519,0.279,0.195,9.138,0.529,8.609,60,FWD,RUN,0.237,2.040,0.053,6.491,4.756,0.263,18.053,60,0.660,541,2.644,23.1
DATA,MOTOR_BREAKIN_V3,000001,27385,513,519,0.332,0.195,5.015,2.563,2.452,60,FWD,RUN,0.263,0.646,0.026,8.525,4.756,0.263,18.053,60,0.660,541,2.644,23.2
DATA,MOTOR_BREAKIN_V3,000001,27485,512,518,0.358,0.221,9.333,0.585,8.748,60,FWD,RUN,0.290,2.536,0.079,10.224,4.756,0.263,18.053,60,0.660,541,2.644,23.2
DATA,MOTOR_BREAKIN_V3,000001,27584,515,519,0.279,0.195,7.438,0.529,6.909,60,FWD,RUN,0.237,1.638,0.079,7.243,4.756,0.263,18.053,60,0.660,540,2.639,23.1
DATA,MOTOR_BREAKIN_V3,000001,27685,515,519,0.279,0.195,11.060,0.557,10.503,60,FWD,RUN,0.237,2.490,0.066,7.466,4.756,0.263,18.053,60,0.660,541,2.644,23.1
DATA,MOTOR_BREAKIN_V3,000001,27785,514,518,0.305,0.221,12.565,0.585,11.979,60,FWD,RUN,0.263,3.156,0.079,6.937,4.756,0.263,18.053,60,0.660,541,2.644,23.1
DATA,MOTOR_BREAKIN_V3,000001,27885,514,519,0.305,0.195,5.711,0.585,5.126,60,FWD,RUN,0.250,1.283,0.040,8.023,4.756,0.263,18.053,60,0.660,541,2.644,23.1
DATA,MOTOR_BREAKIN_V3,000001,27985,513,517,0.332,0.248,9.249,0.613,8.636,60,FWD,RUN,0.290,2.503,0.053,9.444,4.756,0.263,18.053,60,0.660,541,2.644,23.1
DATA,MOTOR_BREAKIN_V3,000001,28085,514,517,0.305,0.248,12.592,0.557,12.035,60,FWD,RUN,0.277,3.330,0.066,9.806,4.756,0.263,18.053,60,0.660,540,2.639,23.2
DATA,MOTOR_BREAKIN_V3,000001,28185,514,518,0.305,0.221,13.512,0.529,12.982,60,FWD,RUN,0.263,3.420,0.066,6.993,4.756,0.263,18.053,60,0.660,541,2.644,23.1
DATA,MOTOR_BREAKIN_V3,000001,28285,516,520,0.253,0.169,8.748,0.557,8.191,60,FWD,RUN,0.211,1.725,0.053,7.578,4.756,0.263,18.053,60,0.660,541,2.644,23.2
DATA,MOTOR_BREAKIN_V3,000001,28385,514,518,0.305,0.221,10.614,0.557,10.057,60,FWD,RUN,0.263,2.650,0.053,6.101,4.756,0.263,18.053,60,0.660,541,2.644,23.2
DATA,MOTOR_BREAKIN_V3,000001,28485,515,519,0.279,0.195,8.748,2.619,6.129,60,FWD,RUN,0.237,1.453,0.066,7.466,4.756,0.263,18.053,60,0.660,541,2.644,23.1
DATA,MOTOR_BREAKIN_V3,000001,28585,516,519,0.253,0.195,11.422,0.501,10.921,60,FWD,RUN,0.224,2.444,0.053,7.884,4.756,0.263,18.053,60,0.660,541,2.644,23.2
DATA,MOTOR_BREAKIN_V3,000001,28685,514,518,0.305,0.221,10.169,3.566,6.603,60,FWD,RUN,0.263,1.739,0.066,6.268,4.756,0.263,18.053,60,0.660,541,2.644,23.1
DATA,MOTOR_BREAKIN_V3,000001,28785,513,518,0.332,0.221,4.764,0.557,4.207,60,FWD,RUN,0.277,1.164,0.053,8.079,4.756,0.263,18.053,60,0.660,541,2.644,23.2
DATA,MOTOR_BREAKIN_V3,000001,28885,515,518,0.279,0.221,12.314,0.557,11.757,60,FWD,RUN,0.250,2.942,0.040,9.751,4.756,0.263,18.053,60,0.660,541,2.644,23.1
DATA,MOTOR_BREAKIN_V3,000001,28985,514,518,0.305,0.221,11.868,0.557,11.311,60,FWD,RUN,0.263,2.980,0.053,9.249,4.756,0.263,18.053,60,0.660,540,2.639,23.2
DATA,MOTOR_BREAKIN_V3,000001,29085,515,519,0.279,0.195,13.595,0.501,13.094,60,FWD,RUN,0.237,3.104,0.066,8.386,4.756,0.263,18.053,60,0.660,541,2.644,23.1
DATA,MOTOR_BREAKIN_V3,000001,29185,515,518,0.279,0.221,8.664,3.009,5.655,60,FWD,RUN,0.250,1.415,0.066,7.438,4.756,0.263,18.053,60,0.660,540,2.639,23.2
DATA,MOTOR_BREAKIN_V3,000001,29285,514,519,0.305,0.195,11.645,0.557,11.088,60,FWD,RUN,0.250,2.775,0.079,8.079,4.756,0.263,18.053,60,0.660,541,2.644,23.2
DATA,MOTOR_BREAKIN_V3,000001,29385,514,518,0.305,0.221,10.364,3.594,6.770,60,FWD,RUN,0.263,1.784,0.079,8.079,4.756,0.263,18.053,60,0.660,541,2.644,23.2
DATA,MOTOR_BREAKIN_V3,000001,29485,514,518,0.305,0.221,8.581,0.613,7.968,60,FWD,RUN,0.263,2.099,0.066,5.850,4.756,0.263,18.053,60,0.660,541,2.644,23.2
DATA,MOTOR_BREAKIN_V3,000001,29585,513,518,0.332,0.221,9.946,0.557,9.389,60,FWD,RUN,0.277,2.597,0.079,2.953,4.756,0.263,18.053,60,0.660,541,2.644,23.2
DATA,MOTOR_BREAKIN_V3,000001,29685,516,519,0.253,0.195,8.943,0.501,8.441,60,FWD,RUN,0.224,1.889,0.079,3.984,4.756,0.263,18.053,60,0.660,541,2.644,23.1
DATA,MOTOR_BREAKIN_V3,000001,29785,515,518,0.279,0.221,11.227,3.872,7.355,60,FWD,RUN,0.250,1.840,0.053,4.569,4.756,0.263,18.053,60,0.660,541,2.644,23.1
DATA,MOTOR_BREAKIN_V3,000001,29885,513,518,0.332,0.221,10.085,3.956,6.129,60,FWD,RUN,0.277,1.696,0.066,6.993,4.756,0.263,18.053,60,0.660,540,2.639,23.1
DATA,MOTOR_BREAKIN_V3,000001,29985,514,518,0.305,0.221,12.732,0.529,12.202,60,FWD,RUN,0.263,3.215,0.066,7.271,4.756,0.263,18.053,60,0.660,541,2.644,23.1
DATA,MOTOR_BREAKIN_V3,000001,30085,515,517,0.279,0.248,8.748,0.557,8.191,60,FWD,RUN,0.263,2.158,0.026,8.441,4.756,0.263,18.053,60,0.660,541,2.644,23.1
DATA,MOTOR_BREAKIN_V3,000001,30185,514,518,0.305,0.221,10.587,0.585,10.001,60,FWD,RUN,0.263,2.635,0.079,8.441,4.756,0.263,18.053,60,0.660,541,2.644,23.2
DATA,MOTOR_BREAKIN_V3,000001,30285,514,518,0.305,0.221,12.147,0.557,11.589,60,FWD,RUN,0.263,3.053,0.092,5.628,4.756,0.263,18.053,60,0.660,541,2.644,23.2
DATA,MOTOR_BREAKIN_V3,000001,30385,516,520,0.253,0.169,13.679,0.529,13.150,60,FWD,RUN,0.211,2.769,0.079,5.823,4.756,0.263,18.053,60,0.660,541,2.644,23.2
DATA,MOTOR_BREAKIN_V3,000001,30485,516,520,0.253,0.169,14.180,0.529,13.651,60,FWD,RUN,0.211,2.875,0.066,6.268,4.756,0.263,18.053,60,0.660,541,2.644,23.1
DATA,MOTOR_BREAKIN_V3,000001,30585,517,519,0.226,0.195,13.372,0.529,12.843,60,FWD,RUN,0.211,2.705,0.079,8.609,4.756,0.263,18.053,60,0.660,541,2.644,23.2
DATA,MOTOR_BREAKIN_V3,000001,30685,515,518,0.279,0.221,8.609,2.396,6.213,60,FWD,RUN,0.250,1.555,0.066,8.191,4.756,0.263,18.053,60,0.660,541,2.644,23.1
DATA,MOTOR_BREAKIN_V3,000001,30784,514,517,0.305,0.248,7.745,0.585,7.160,60,FWD,RUN,0.277,1.981,0.026,7.522,4.756,0.263,18.053,60,0.660,541,2.644,23.2
DATA,MOTOR_BREAKIN_V3,000001,30885,515,518,0.279,0.221,14.097,0.529,13.567,60,FWD,RUN,0.250,3.395,0.040,7.856,4.756,0.263,18.053,60,0.660,539,2.634,23.1
DATA,MOTOR_BREAKIN_V3,000001,30985,514,518,0.305,0.221,6.045,2.257,3.789,60,FWD,RUN,0.263,0.998,0.053,9.779,4.756,0.263,18.053,60,0.660,541,2.644,23.2
DATA,MOTOR_BREAKIN_V3,000001,31085,514,518,0.305,0.221,13.205,4.708,8.497,60,FWD,RUN,0.263,2.239,0.092,9.054,4.756,0.263,18.053,60,0.660,541,2.644,23.1
DATA,MOTOR_BREAKIN_V3,000001,31185,513,517,0.332,0.248,8.079,0.585,7.494,60,FWD,RUN,0.290,2.172,0.092,4.207,4.756,0.263,18.053,60,0.660,541,2.644,23.1
DATA,MOTOR_BREAKIN_V3,000001,31285,514,518,0.305,0.221,14.459,5.015,9.444,60,FWD,RUN,0.263,2.488,0.053,5.321,4.756,0.263,18.053,60,0.660,535,2.615,23.1
DATA,MOTOR_BREAKIN_V3,000001,31385,515,518,0.279,0.221,9.584,0.557,9.026,60,FWD,RUN,0.250,2.259,0.092,6.547,4.756,0.263,18.053,60,0.660,541,2.644,23.1
DATA,MOTOR_BREAKIN_V3,000001,31485,515,519,0.279,0.195,11.757,0.529,11.227,60,FWD,RUN,0.237,2.661,0.106,7.884,4.756,0.263,18.053,60,0.660,541,2.644,23.1
DATA,MOTOR_BREAKIN_V3,000001,31585,517,519,0.226,0.195,13.038,4.513,8.525,60,FWD,RUN,0.211,1.795,0.106,9.333,4.756,0.263,18.053,60,0.660,541,2.644,23.2
DATA,MOTOR_BREAKIN_V3,000001,31685,514,518,0.305,0.221,11.283,0.557,10.726,60,FWD,RUN,0.263,2.826,0.092,4.875,4.756,0.263,18.053,60,0.660,541,2.644,23.2
DATA,MOTOR_BREAKIN_V3,000001,31785,513,518,0.332,0.221,13.595,0.557,13.038,60,FWD,RUN,0.277,3.607,0.066,9.221,4.756,0.263,18.053,60,0.660,541,2.644,23.1
DATA,MOTOR_BREAKIN_V3,000001,31885,514,518,0.305,0.221,8.831,0.529,8.302,60,FWD,RUN,0.263,2.187,0.066,9.221,4.756,0.263,18.053,60,0.660,541,2.644,23.2
DATA,MOTOR_BREAKIN_V3,000001,31985,514,517,0.305,0.248,10.196,3.956,6.240,60,FWD,RUN,0.277,1.726,0.040,7.299,4.756,0.263,18.053,60,0.660,541,2.644,23.2
OK
DATA,MOTOR_BREAKIN_V3,000001,32085,515,518,0.279,0.221,11.478,0.557,10.921,63,FWD,RUN,0.250,2.733,0.026,8.971,4.756,0.263,18.053,60,0.660,541,2.644,23.2
DATA,MOTOR_BREAKIN_V3,000001,32185,516,519,0.253,0.195,12.537,0.474,12.063,63,FWD,RUN,0.224,2.700,0.079,8.971,4.756,0.263,18.053,60,0.660,541,2.644,23.2
DATA,MOTOR_BREAKIN_V3,000001,32285,513,517,0.332,0.248,10.642,0.585,10.057,63,FWD,RUN,0.290,2.915,0.106,5.683,4.756,0.263,18.053,60,0.660,541,2.644,23.1
DATA,MOTOR_BREAKIN_V3,000001,32385,516,520,0.253,0.169,13.094,0.669,12.425,63,FWD,RUN,0.211,2.617,0.092,5.767,4.756,0.263,18.053,60,0.660,540,2.639,23.2
DATA,MOTOR_BREAKIN_V3,000001,32485,513,520,0.332,0.169,14.208,0.557,13.651,63,FWD,RUN,0.250,3.416,0.079,8.246,4.756,0.263,18.053,60,0.660,541,2.644,23.2
DATA,MOTOR_BREAKIN_V3,000001,32585,513,517,0.332,0.248,9.249,0.696,8.553,63,FWD,RUN,0.290,2.479,0.079,8.246,4.756,0.263,18.053,60,0.660,541,2.644,23.2
DATA,MOTOR_BREAKIN_V3,000001,32685,514,519,0.305,0.195,11.617,0.585,11.032,63,FWD,RUN,0.250,2.761,0.092,6.853,4.756,0.263,18.053,60,0.660,541,2.644,23.2
DATA,MOTOR_BREAKIN_V3,000001,32785,513,517,0.332,0.248,11.450,0.585,10.865,63,FWD,RUN,0.290,3.149,0.092,6.853,4.756,0.263,18.053,60,0.660,541,2.644,23.2
DATA,MOTOR_BREAKIN_V3,000001,32885,513,517,0.332,0.248,11.227,0.613,10.614,63,FWD,RUN,0.290,3.077,0.053,6.129,4.756,0.263,18.053,60,0.660,541,2.644,23.1
DATA,MOTOR_BREAKIN_V3,000001,32985,514,518,0.305,0.221,12.787,0.557,12.230,63,FWD,RUN,0.263,3.222,0.119,5.265,4.756,0.263,18.053,60,0.660,541,2.644,23.2
DATA,MOTOR_BREAKIN_V3,000001,33085,513,516,0.332,0.274,14.348,0.557,13.790,63,FWD,RUN,0.303,4.180,0.132,6.965,4.756,0.263,18.053,60,0.660,541,2.644,23.2
DATA,MOTOR_BREAKIN_V3,000001,33185,512,517,0.358,0.248,10.642,0.557,10.085,63,FWD,RUN,0.303,3.057,0.040,4.123,4.756,0.263,18.053,60,0.660,541,2.644,23.1
DATA,MOTOR_BREAKIN_V3,000001,33285,512,518,0.358,0.221,12.537,0.780,11.757,63,FWD,RUN,0.290,3.408,0.053,3.566,4.756,0.263,18.053,60,0.660,541,2.644,23.2
DATA,MOTOR_BREAKIN_V3,000001,33385,512,517,0.358,0.248,12.871,0.613,12.258,63,FWD,RUN,0.303,3.715,0.053,7.717,4.756,0.263,18.053,60,0.660,541,2.644,23.1
DATA,MOTOR_BREAKIN_V3,000001,33485,514,518,0.305,0.221,13.456,0.474,12.982,63,FWD,RUN,0.263,3.420,0.040,7.355,4.756,0.263,18.053,60,0.660,541,2.644,23.2
DATA,MOTOR_BREAKIN_V3,000001,33585,514,518,0.305,0.221,13.707,4.346,9.361,63,FWD,RUN,0.263,2.466,0.079,7.132,4.756,0.263,18.053,60,0.660,541,2.644,23.2
DATA,MOTOR_BREAKIN_V3,000001,33685,514,519,0.305,0.195,13.679,0.529,13.150,63,FWD,RUN,0.250,3.291,0.079,7.355,4.756,0.263,18.053,60,0.660,541,2.644,23.2
DATA,MOTOR_BREAKIN_V3,000001,33785,513,518,0.332,0.221,11.255,0.585,10.670,63,FWD,RUN,0.277,2.952,0.079,8.274,4.756,0.263,18.053,60,0.660,541,2.644,23.1
DATA,MOTOR_BREAKIN_V3,000001,33885,512,518,0.358,0.221,13.205,0.585,12.620,63,FWD,RUN,0.290,3.658,0.053,6.770,4.756,0.263,18.053,60,0.660,541,2.644,23.2
DATA,MOTOR_BREAKIN_V3,000001,33984,513,517,0.332,0.248,11.617,0.975,10.642,63,FWD,RUN,0.290,3.085,0.092,7.411,4.756,0.263,18.053,60,0.660,541,2.644,23.1
DATA,MOTOR_BREAKIN_V3,000001,34085,513,518,0.332,0.221,10.865,0.585,10.280,63,FWD,RUN,0.277,2.844,0.092,6.547,4.756,0.263,18.053,60,0.660,541,2.644,23.2
DATA,MOTOR_BREAKIN_V3,000001,34185,515,517,0.279,0.248,14.292,5.126,9.166,63,FWD,RUN,0.263,2.415,0.053,7.689,4.756,0.263,18.053,60,0.660,541,2.644,23.1
DATA,MOTOR_BREAKIN_V3,000001,34285,512,518,0.358,0.221,13.874,0.585,13.289,63,FWD,RUN,0.290,3.852,0.106,7.494,4.756,0.263,18.053,60,0.660,540,2.639,23.2
DATA,MOTOR_BREAKIN_V3,000001,34385,513,517,0.332,0.248,12.035,4.262,7.773,63,FWD,RUN,0.290,2.253,0.092,6.157,4.756,0.263,18.053,60,0.660,541,2.644,23.1
DATA,MOTOR_BREAKIN_V3,000001,34485,513,517,0.332,0.248,13.651,0.641,13.010,63,FWD,RUN,0.290,3.771,0.066,6.408,4.756,0.263,18.053,60,0.660,541,2.644,23.2
DATA,MOTOR_BREAKIN_V3,000001,34585,514,518,0.305,0.221,14.487,0.557,13.930,63,FWD,RUN,0.263,3.670,0.053,7.355,4.756,0.263,18.053,60,0.660,541,2.644,23.2
DATA,MOTOR_BREAKIN_V3,000001,34685,514,518,0.305,0.221,14.459,0.529,13.930,63,FWD,RUN,0.263,3.670,0.066,7.494,4.756,0.263,18.053,60,0.660,541,2.644,23.1
DATA,MOTOR_BREAKIN_V3,000001,34785,514,518,0.305,0.221,15.518,6.965,8.553,63,FWD,RUN,0.263,2.253,0.079,5.990,4.756,0.263,18.053,60,0.660,541,2.644,23.2
DATA,MOTOR_BREAKIN_V3,000001,34885,513,518,0.332,0.221,14.041,0.557,13.484,63,FWD,RUN,0.277,3.730,0.079,5.990,4.756,0.263,18.053,60,0.660,541,2.644,23.2
DATA,MOTOR_BREAKIN_V3,000001,34985,514,518,0.305,0.221,12.927,0.585,12.342,63,FWD,RUN,0.263,3.251,0.079,3.817,4.756,0.263,18.053,60,0.660,541,2.644,23.2
DATA,MOTOR_BREAKIN_V3,000001,35085,514,519,0.305,0.195,14.348,0.669,13.679,63,FWD,RUN,0.250,3.423,0.079,4.402,4.756,0.263,18.053,60,0.660,541,2.644,23.2
DATA,MOTOR_BREAKIN_V3,000001,35185,516,519,0.253,0.195,12.955,0.613,12.342,63,FWD,RUN,0.224,2.762,0.092,5.349,4.756,0.263,18.053,60,0.660,540,2.639,23.2
DATA,MOTOR_BREAKIN_V3,000001,35285,514,518,0.305,0.221,14.515,0.557,13.957,63,FWD,RUN,0.263,3.677,0.092,6.435,4.756,0.263,18.053,60,0.660,540,2.639,23.2
DATA,MOTOR_BREAKIN_V3,000001,35385,512,517,0.358,0.248,14.543,0.557,13.985,63,FWD,RUN,0.303,4.239,0.106,5.934,4.756,0.263,18.053,60,0.660,541,2.644,23.2
DATA,MOTOR_BREAKIN_V3,000001,35485,514,518,0.305,0.221,15.239,5.544,9.695,63,FWD,RUN,0.263,2.554,0.040,5.126,4.756,0.263,18.053,60,0.660,541,2.644,23.2
DATA,MOTOR_BREAKIN_V3,000001,35585,513,518,0.332,0.221,12.648,0.557,12.091,63,FWD,RUN,0.277,3.345,0.040,5.516,4.756,0.263,18.053,60,0.660,541,2.644,23.2
DATA,MOTOR_BREAKIN_V3,000001,35685,513,518,0.332,0.221,15.601,0.529,15.072,63,FWD,RUN,0.277,4.170,0.079,5.934,4.756,0.263,18.053,60,0.660,540,2.639,23.1
DATA,MOTOR_BREAKIN_V3,000001,35785,516,519,0.253,0.195,14.960,0.501,14.459,63,FWD,RUN,0.224,3.236,0.092,5.962,4.756,0.263,18.053,60,0.660,541,2.644,23.2
DATA,MOTOR_BREAKIN_V3,000001,35885,515,517,0.279,0.248,15.991,5.711,10.280,63,FWD,RUN,0.263,2.708,0.092,7.494,4.756,0.263,18.053,60,0.660,541,2.644,23.2
DATA,MOTOR_BREAKIN_V3,000001,35985,512,517,0.358,0.248,15.239,0.529,14.710,63,FWD,RUN,0.303,4.458,0.079,7.494,4.756,0.263,18.053,60,0.660,541,2.644,23.2
DATA,MOTOR_BREAKIN_V3,000001,36085,514,518,0.305,0.221,13.623,0.585,13.038,63,FWD,RUN,0.263,3.435,0.066,3.371,4.756,0.263,18.053,60,0.660,540,2.639,23.2
DATA,MOTOR_BREAKIN_V3,000001,36185,512,517,0.358,0.248,14.264,1.504,12.760,63,FWD,RUN,0.303,3.867,0.040,4.903,4.756,0.263,18.053,60,0.660,541,2.644,23.2
DATA,MOTOR_BREAKIN_V3,000001,36285,514,518,0.305,0.221,15.824,0.557,15.267,63,FWD,RUN,0.263,4.022,0.053,5.154,4.756,0.263,18.053,60,0.660,540,2.639,23.2
DATA,MOTOR_BREAKIN_V3,000001,36385,513,517,0.332,0.248,15.016,3.204,11.812,63,FWD,RUN,0.290,3.424,0.092,3.650,4.756,0.263,18.053,60,0.660,541,2.644,23.2
DATA,MOTOR_BREAKIN_V3,000001,36485,512,517,0.358,0.248,13.874,0.696,13.177,63,FWD,RUN,0.303,3.994,0.106,6.965,4.756,0.263,18.053,60,0.660,541,2.644,23.2
DATA,MOTOR_BREAKIN_V3,000001,36585,514,518,0.305,0.221,14.459,0.529,13.930,63,FWD,RUN,0.263,3.670,0.079,6.268,4.756,0.263,18.053,60,0.660,541,2.644,23.2
DATA,MOTOR_BREAKIN_V3,000001,36685,513,517,0.332,0.248,14.013,0.641,13.372,63,FWD,RUN,0.290,3.876,0.079,4.597,4.756,0.263,18.053,60,0.660,541,2.644,23.2
DATA,MOTOR_BREAKIN_V3,000001,36785,514,517,0.305,0.248,15.378,0.724,14.654,63,FWD,RUN,0.277,4.054,0.026,4.597,4.756,0.263,18.053,60,0.660,541,2.644,23.2
DATA,MOTOR_BREAKIN_V3,000001,36885,514,518,0.305,0.221,14.738,0.724,14.013,63,FWD,RUN,0.263,3.692,0.040,3.956,4.756,0.263,18.053,60,0.660,541,2.644,23.2
DATA,MOTOR_BREAKIN_V3,000001,36985,514,518,0.305,0.221,10.977,0.641,10.336,63,FWD,RUN,0.263,2.723,0.053,5.516,4.756,0.263,18.053,60,0.660,540,2.639,23.2
DATA,MOTOR_BREAKIN_V3,000001,37085,512,518,0.358,0.221,13.902,4.597,9.305,63,FWD,RUN,0.290,2.697,0.053,7.048,4.756,0.263,18.053,60,0.660,541,2.644,23.2
DATA,MOTOR_BREAKIN_V3,000001,37184,513,517,0.332,0.248,17.718,0.585,17.133,63,FWD,RUN,0.290,4.966,0.040,9.026,4.966,0.290,17.133,63,0.660,541,2.644,23.2
DATA,MOTOR_BREAKIN_V3,000001,37285,513,516,0.332,0.274,11.172,4.095,7.076,63,FWD,RUN,0.303,2.145,0.053,10.057,4.966,0.290,17.133,63,0.660,541,2.644,23.2
DATA,MOTOR_BREAKIN_V3,000001,37385,516,520,0.253,0.169,13.874,0.529,13.345,63,FWD,RUN,0.211,2.811,0.092,10.670,4.966,0.290,17.133,63,0.660,541,2.644,23.2
DATA,MOTOR_BREAKIN_V3,000001,37485,512,518,0.358,0.221,14.905,0.529,14.375,63,FWD,RUN,0.290,4.167,0.079,10.670,4.966,0.290,17.133,63,0.660,540,2.639,23.2
DATA,MOTOR_BREAKIN_V3,000001,37585,512,518,0.358,0.221,16.242,0.613,15.629,63,FWD,RUN,0.290,4.530,0.092,8.553,4.966,0.290,17.133,63,0.660,541,2.644,23.2
DATA,MOTOR_BREAKIN_V3,000001,37685,517,520,0.226,0.169,15.713,2.842,12.871,63,FWD,RUN,0.197,2.541,0.106,4.597,4.966,0.290,17.133,63,0.660,541,2.644,23.2
DATA,MOTOR_BREAKIN_V3,000001,37785,513,516,0.332,0.274,17.301,1.003,16.298,63,FWD,RUN,0.303,4.939,0.106,5.655,4.966,0.290,17.133,63,0.660,540,2.639,23.2
DATA,MOTOR_BREAKIN_V3,000001,37885,514,519,0.305,0.195,15.880,0.641,15.239,63,FWD,RUN,0.250,3.813,0.119,5.655,4.966,0.290,17.133,63,0.660,541,2.644,23.2
DATA,MOTOR_BREAKIN_V3,000001,37985,513,517,0.332,0.248,17.328,0.557,16.771,63,FWD,RUN,0.290,4.861,0.132,7.271,4.966,0.290,17.133,63,0.660,541,2.644,23.2
DATA,MOTOR_BREAKIN_V3,000001,38085,514,518,0.305,0.221,15.072,5.043,10.029,63,FWD,RUN,0.263,2.642,0.066,7.271,4.966,0.290,17.133,63,0.660,541,2.644,23.2
DATA,MOTOR_BREAKIN_V3,000001,38185,517,519,0.226,0.195,15.573,5.572,10.001,63,FWD,RUN,0.211,2.106,0.092,7.466,5.294,0.303,17.468,63,0.660,541,2.644,23.2
DATA,MOTOR_BREAKIN_V3,000001,38285,517,520,0.226,0.169,16.409,5.405,11.004,63,FWD,RUN,0.197,2.172,0.106,7.773,5.294,0.303,17.468,63,0.660,541,2.644,23.2
DATA,MOTOR_BREAKIN_V3,000001,38385,514,518,0.305,0.221,15.657,5.572,10.085,63,FWD,RUN,0.263,2.657,0.092,7.216,5.294,0.303,17.468,63,0.660,541,2.644,23.2
DATA,MOTOR_BREAKIN_V3,000001,38485,512,518,0.358,0.221,13.484,0.669,12.815,63,FWD,RUN,0.290,3.715,0.053,6.658,5.294,0.303,17.468,63,0.660,541,2.644,23.2
DATA,MOTOR_BREAKIN_V3,000001,38585,515,519,0.279,0.195,17.328,6.352,10.977,63,FWD,RUN,0.237,2.602,0.053,7.466,5.294,0.303,17.468,63,0.660,541,2.644,23.2
DATA,MOTOR_BREAKIN_V3,000001,38685,513,518,0.332,0.221,13.818,0.585,13.233,63,FWD,RUN,0.277,3.661,0.106,7.466,5.294,0.303,17.468,63,0.660,541,2.644,23.2
DATA,MOTOR_BREAKIN_V3,000001,38785,513,517,0.332,0.248,16.743,0.557,16.186,63,FWD,RUN,0.290,4.692,0.106,7.160,5.294,0.303,17.468,63,0.660,541,2.644,23.2
DATA,MOTOR_BREAKIN_V3,000001,38885,515,518,0.279,0.221,18.053,0.585,17.468,63,FWD,RUN,0.250,4.371,0.066,6.463,5.294,0.303,17.468,63,0.660,541,2.644,23.2
DATA,MOTOR_BREAKIN_V3,000001,38985,513,518,0.332,0.221,17.886,0.557,17.328,63,FWD,RUN,0.277,4.794,0.066,10.670,5.294,0.303,17.468,63,0.660,541,2.644,23.2
DATA,MOTOR_BREAKIN_V3,000001,39085,515,519,0.279,0.195,16.465,0.501,15.963,63,FWD,RUN,0.237,3.784,0.079,10.670,5.294,0.303,17.468,63,0.660,541,2.644,23.2
DATA,MOTOR_BREAKIN_V3,000001,39185,513,517,0.332,0.248,15.713,0.669,15.044,63,FWD,RUN,0.290,4.361,0.079,7.076,5.294,0.303,17.468,63,0.660,541,2.644,23.1
DATA,MOTOR_BREAKIN_V3,000001,39285,513,517,0.332,0.248,16.743,1.672,15.072,63,FWD,RUN,0.290,4.369,0.040,8.581,5.294,0.303,17.468,63,0.660,539,2.634,23.2
DATA,MOTOR_BREAKIN_V3,000001,39385,512,517,0.358,0.248,18.164,6.408,11.757,63,FWD,RUN,0.303,3.563,0.092,8.413,5.294,0.303,17.468,63,0.660,541,2.644,23.2
DATA,MOTOR_BREAKIN_V3,000001,39485,512,518,0.358,0.221,18.777,6.826,11.952,63,FWD,RUN,0.290,3.464,0.092,9.221,5.294,0.303,17.468,63,0.660,541,2.644,23.2
DATA,MOTOR_BREAKIN_V3,000001,39585,515,519,0.279,0.195,16.827,6.519,10.308,63,FWD,RUN,0.237,2.443,0.066,9.444,5.294,0.303,17.468,63,0.660,540,2.639,23.1
DATA,MOTOR_BREAKIN_V3,000001,39685,514,518,0.305,0.221,19.306,6.798,12.509,63,FWD,RUN,0.263,3.295,0.066,9.444,5.471,0.303,18.053,63,0.660,541,2.644,23.2
DATA,MOTOR_BREAKIN_V3,000001,39785,513,518,0.332,0.221,16.994,0.557,16.437,63,FWD,RUN,0.277,4.547,0.066,10.559,5.471,0.303,18.053,63,0.660,541,2.644,23.2
DATA,MOTOR_BREAKIN_V3,000001,39885,515,518,0.279,0.221,14.013,5.070,8.943,63,FWD,RUN,0.250,2.238,0.066,12.760,5.471,0.303,18.053,63,0.660,541,2.644,23.2
DATA,MOTOR_BREAKIN_V3,000001,39985,514,519,0.305,0.195,19.752,6.603,13.150,63,FWD,RUN,0.250,3.291,0.106,11.199,5.637,0.290,19.446,63,0.660,541,2.644,23.2
DATA,MOTOR_BREAKIN_V3,000001,40085,514,519,0.305,0.195,20.365,0.557,19.808,63,FWD,RUN,0.250,4.957,0.106,7.801,5.696,0.277,20.588,63,0.660,540,2.639,23.2
DATA,MOTOR_BREAKIN_V3,000001,40185,513,518,0.332,0.221,18.025,0.585,17.440,63,FWD,RUN,0.277,4.825,0.066,9.333,5.696,0.277,20.588,63,0.660,541,2.644,23.2
DATA,MOTOR_BREAKIN_V3,000001,40285,513,518,0.332,0.221,17.635,0.585,17.050,63,FWD,RUN,0.277,4.717,0.066,9.333,5.839,0.290,20.142,63,0.660,541,2.644,23.2
DATA,MOTOR_BREAKIN_V3,000001,40384,513,518,0.332,0.221,19.669,0.557,19.111,63,FWD,RUN,0.277,5.287,0.066,8.413,5.839,0.290,20.142,63,0.660,541,2.644,23.2
DATA,MOTOR_BREAKIN_V3,000001,40485,514,517,0.305,0.248,18.192,0.613,17.579,63,FWD,RUN,0.277,4.863,0.106,9.862,6.432,0.316,20.337,63,0.660,541,2.644,23.2
DATA,MOTOR_BREAKIN_V3,000001,40585,513,519,0.332,0.195,20.059,0.585,19.474,63,FWD,RUN,0.263,5.130,0.106,9.862,6.432,0.316,20.337,63,0.660,541,2.644,23.2
DATA,MOTOR_BREAKIN_V3,000001,40685,514,519,0.305,0.195,18.053,6.603,11.450,63,FWD,RUN,0.250,2.865,0.079,9.305,6.432,0.316,20.337,63,0.660,541,2.644,23.2
DATA,MOTOR_BREAKIN_V3,000001,40785,513,517,0.332,0.248,20.282,0.529,19.752,63,FWD,RUN,0.290,5.726,0.053,10.001,6.432,0.316,20.337,63,0.660,541,2.644,23.2
DATA,MOTOR_BREAKIN_V3,000001,40885,514,517,0.305,0.248,18.833,0.585,18.248,63,FWD,RUN,0.277,5.048,0.106,10.642,6.432,0.316,20.337,63,0.660,540,2.639,23.2
DATA,MOTOR_BREAKIN_V3,000001,40985,512,517,0.358,0.248,21.117,0.724,20.393,63,FWD,RUN,0.303,6.181,0.106,9.584,6.432,0.316,20.337,63,0.660,541,2.644,23.2
DATA,MOTOR_BREAKIN_V3,000001,41085,513,517,0.332,0.248,21.173,7.216,13.957,63,FWD,RUN,0.290,4.046,0.066,11.311,6.432,0.316,20.337,63,0.660,541,2.644,23.2
DATA,MOTOR_BREAKIN_V3,000001,41185,514,517,0.305,0.248,21.452,6.937,14.515,63,FWD,RUN,0.277,4.016,0.079,8.413,6.432,0.316,20.337,63,0.660,541,2.644,23.2
DATA,MOTOR_BREAKIN_V3,000001,41285,512,518,0.358,0.221,20.672,7.216,13.456,63,FWD,RUN,0.290,3.901,0.079,8.887,6.432,0.316,20.337,63,0.660,540,2.639,23.2
DATA,MOTOR_BREAKIN_V3,000001,41385,514,518,0.305,0.221,21.034,0.613,20.421,63,FWD,RUN,0.263,5.380,0.079,12.425,6.432,0.316,20.337,63,0.660,541,2.644,23.2
DATA,MOTOR_BREAKIN_V3,000001,41485,515,519,0.279,0.195,21.563,0.641,20.922,63,FWD,RUN,0.237,4.959,0.106,12.425,6.432,0.316,20.337,63,0.660,542,2.649,23.3
DATA,MOTOR_BREAKIN_V3,000001,41585,515,520,0.279,0.169,20.867,0.613,20.254,63,FWD,RUN,0.224,4.533,0.026,5.433,6.432,0.316,20.337,63,0.660,542,2.649,23.3
DATA,MOTOR_BREAKIN_V3,000001,41685,513,518,0.332,0.221,16.827,0.669,16.158,63,FWD,RUN,0.277,4.470,0.079,6.993,6.432,0.316,20.337,63,0.660,542,2.649,23.3
DATA,MOTOR_BREAKIN_V3,000001,41785,514,519,0.305,0.195,16.409,0.669,15.740,63,FWD,RUN,0.250,3.939,0.106,10.977,6.432,0.316,20.337,63,0.660,542,2.649,23.3
DATA,MOTOR_BREAKIN_V3,000001,41885,515,520,0.279,0.169,22.204,0.613,21.591,63,FWD,RUN,0.224,4.833,0.092,10.977,6.432,0.316,20.337,63,0.660,542,2.649,23.4
DATA,MOTOR_BREAKIN_V3,000001,41985,516,520,0.253,0.169,16.911,0.585,16.326,63,FWD,RUN,0.211,3.438,0.066,11.116,6.432,0.316,20.337,63,0.660,542,2.649,23.3
DATA,MOTOR_BREAKIN_V3,000001,42085,515,518,0.279,0.221,23.290,0.752,22.538,63,FWD,RUN,0.250,5.640,0.106,12.258,6.432,0.316,20.337,63,0.660,542,2.649,23.3
DATA,MOTOR_BREAKIN_V3,000001,42185,514,518,0.305,0.221,20.003,0.696,19.306,63,FWD,RUN,0.263,5.086,0.119,11.144,6.432,0.316,20.337,63,0.660,542,2.649,23.3
DATA,MOTOR_BREAKIN_V3,000001,42285,515,520,0.279,0.169,22.315,7.494,14.821,63,FWD,RUN,0.224,3.317,0.106,11.283,6.432,0.316,20.337,63,0.660,542,2.649,23.3
DATA,MOTOR_BREAKIN_V3,000001,42385,514,519,0.305,0.195,23.597,0.669,22.928,63,FWD,RUN,0.250,5.738,0.079,12.481,6.432,0.316,20.337,63,0.660,542,2.649,23.3
DATA,MOTOR_BREAKIN_V3,000001,42485,514,520,0.305,0.169,21.257,0.613,20.644,63,FWD,RUN,0.237,4.893,0.092,10.865,6.432,0.316,20.337,63,0.660,542,2.649,23.3
DATA,MOTOR_BREAKIN_V3,000001,42585,513,519,0.332,0.195,22.677,0.641,22.037,63,FWD,RUN,0.263,5.806,0.106,11.144,6.432,0.316,20.337,63,0.660,542,2.649,23.3
DATA,MOTOR_BREAKIN_V3,000001,42685,514,518,0.305,0.221,23.513,0.864,22.650,63,FWD,RUN,0.263,5.967,0.092,8.079,6.432,0.316,20.337,63,0.660,542,2.649,23.3
DATA,MOTOR_BREAKIN_V3,000001,42785,517,520,0.226,0.169,17.635,5.655,11.979,63,FWD,RUN,0.197,2.365,0.066,11.701,6.432,0.316,20.337,63,0.660,542,2.649,23.3
DATA,MOTOR_BREAKIN_V3,000001,42885,514,519,0.305,0.195,21.674,0.641,21.034,63,FWD,RUN,0.250,5.264,0.132,11.701,6.432,0.316,20.337,63,0.660,542,2.649,23.3
DATA,MOTOR_BREAKIN_V3,000001,42985,516,520,0.253,0.169,22.092,0.696,21.396,63,FWD,RUN,0.211,4.506,0.132,7.968,6.432,0.316,20.337,63,0.660,542,2.649,23.4
DATA,MOTOR_BREAKIN_V3,000001,43085,516,520,0.253,0.169,17.607,0.585,17.022,63,FWD,RUN,0.211,3.585,0.119,17.997,6.432,0.316,20.337,63,0.660,542,2.649,23.3
DATA,MOTOR_BREAKIN_V3,000001,43185,515,520,0.279,0.169,23.680,0.696,22.984,63,FWD,RUN,0.224,5.144,0.119,17.830,6.432,0.316,20.337,63,0.660,542,2.649,23.4
DATA,MOTOR_BREAKIN_V3,000001,43285,519,521,0.173,0.142,20.616,0.557,20.059,63,FWD,RUN,0.158,3.165,0.119,13.372,6.432,0.316,20.337,63,0.660,542,2.649,23.3
DATA,MOTOR_BREAKIN_V3,000001,43385,516,520,0.253,0.169,16.521,0.613,15.908,63,FWD,RUN,0.211,3.350,0.119,13.735,6.432,0.316,20.337,63,0.660,542,2.649,23.4
DATA,MOTOR_BREAKIN_V3,000001,43485,515,519,0.279,0.195,19.000,6.296,12.704,63,FWD,RUN,0.237,3.011,0.079,10.782,6.432,0.316,20.337,63,0.660,542,2.649,23.3
DATA,MOTOR_BREAKIN_V3,000001,43584,514,518,0.305,0.221,22.148,0.919,21.229,63,FWD,RUN,0.263,5.593,0.106,9.639,6.432,0.316,20.337,63,0.660,542,2.649,23.3
DATA,MOTOR_BREAKIN_V3,000001,43685,518,520,0.200,0.169,20.003,0.585,19.418,63,FWD,RUN,0.184,3.577,0.106,7.021,6.432,0.316,20.337,63,0.660,542,2.649,23.3
DATA,MOTOR_BREAKIN_V3,000001,43785,514,518,0.305,0.221,22.928,0.669,22.260,63,FWD,RUN,0.263,5.864,0.092,7.299,6.432,0.316,20.337,63,0.660,542,2.649,23.3
DATA,MOTOR_BREAKIN_V3,000001,43885,518,520,0.200,0.169,16.242,0.641,15.601,63,FWD,RUN,0.184,2.874,0.092,11.450,6.432,0.316,20.337,63,0.660,542,2.649,23.3
DATA,MOTOR_BREAKIN_V3,000001,43985,515,518,0.279,0.221,21.758,0.641,21.117,63,FWD,RUN,0.250,5.284,0.092,12.314,6.432,0.316,20.337,63,0.660,542,2.649,23.3
DATA,MOTOR_BREAKIN_V3,000001,44085,515,519,0.279,0.195,20.867,0.641,20.226,63,FWD,RUN,0.237,4.794,0.106,8.636,6.432,0.316,20.337,63,0.660,542,2.649,23.3
DATA,MOTOR_BREAKIN_V3,000001,44185,514,519,0.305,0.195,18.554,0.669,17.886,63,FWD,RUN,0.250,4.476,0.106,8.163,6.432,0.316,20.337,63,0.660,542,2.649,23.3
DATA,MOTOR_BREAKIN_V3,000001,44285,515,519,0.279,0.195,14.264,0.696,13.567,63,FWD,RUN,0.237,3.216,0.066,8.191,6.432,0.316,20.337,63,0.660,542,2.649,23.3
DATA,MOTOR_BREAKIN_V3,000001,44385,514,519,0.305,0.195,22.343,0.669,21.674,63,FWD,RUN,0.250,5.424,0.066,9.221,6.432,0.316,20.337,63,0.660,542,2.649,23.3
DATA,MOTOR_BREAKIN_V3,000001,44485,516,520,0.253,0.169,21.201,7.048,14.152,63,FWD,RUN,0.211,2.981,0.079,9.751,6.432,0.316,20.337,63,0.660,542,2.649,23.3
DATA,MOTOR_BREAKIN_V3,000001,44585,514,519,0.305,0.195,18.582,1.783,16.799,63,FWD,RUN,0.250,4.204,0.092,8.358,6.432,0.316,20.337,63,0.660,541,2.644,23.3
DATA,MOTOR_BREAKIN_V3,000001,44685,517,520,0.226,0.169,17.050,0.557,16.493,63,FWD,RUN,0.197,3.256,0.079,10.029,6.467,0.277,23.374,63,0.660,542,2.649,23.3
DATA,MOTOR_BREAKIN_V3,000001,44785,517,522,0.226,0.116,18.164,0.557,17.607,63,FWD,RUN,0.171,3.011,0.106,10.029,6.467,0.277,23.374,63,0.660,541,2.644,23.3
DATA,MOTOR_BREAKIN_V3,000001,44885,515,520,0.279,0.169,22.343,0.641,21.702,63,FWD,RUN,0.224,4.857,0.119,9.138,6.467,0.277,23.374,63,0.660,542,2.649,23.3
DATA,MOTOR_BREAKIN_V3,000001,44985,516,519,0.253,0.195,15.657,5.405,10.252,63,FWD,RUN,0.224,2.295,0.132,11.450,6.467,0.277,23.374,63,0.660,542,2.649,23.3
DATA,MOTOR_BREAKIN_V3,000001,45085,516,520,0.253,0.169,16.688,0.585,16.103,63,FWD,RUN,0.211,3.391,0.145,11.450,6.467,0.277,23.374,63,0.660,542,2.649,23.3
DATA,MOTOR_BREAKIN_V3,000001,45185,514,519,0.305,0.195,16.548,0.641,15.908,63,FWD,RUN,0.250,3.981,0.106,9.082,6.467,0.277,23.374,63,0.660,541,2.644,23.3
DATA,MOTOR_BREAKIN_V3,000001,45285,515,519,0.279,0.195,15.350,0.585,14.765,63,FWD,RUN,0.237,3.500,0.106,7.160,6.467,0.277,23.374,63,0.660,541,2.644,23.3
DATA,MOTOR_BREAKIN_V3,000001,45385,514,518,0.305,0.221,21.953,0.669,21.284,63,FWD,RUN,0.263,5.607,0.079,8.358,6.467,0.277,23.374,63,0.660,541,2.644,23.3
DATA,MOTOR_BREAKIN_V3,000001,45485,514,518,0.305,0.221,18.638,0.613,18.025,63,FWD,RUN,0.263,4.749,0.079,11.645,6.467,0.277,23.374,63,0.660,542,2.649,23.3
DATA,MOTOR_BREAKIN_V3,000001,45585,518,520,0.200,0.169,19.446,0.529,18.916,63,FWD,RUN,0.184,3.484,0.092,11.896,6.467,0.277,23.374,63,0.660,541,2.644,23.3
DATA,MOTOR_BREAKIN_V3,000001,45685,514,518,0.305,0.221,17.886,2.006,15.880,63,FWD,RUN,0.263,4.184,0.092,10.113,6.467,0.277,23.374,63,0.660,541,2.644,23.2
DATA,MOTOR_BREAKIN_V3,000001,45785,514,519,0.305,0.195,21.424,0.529,20.894,63,FWD,RUN,0.250,5.229,0.040,10.782,6.467,0.277,23.374,63,0.660,541,2.644,23.3
DATA,MOTOR_BREAKIN_V3,000001,45885,514,518,0.305,0.221,21.117,0.613,20.504,63,FWD,RUN,0.263,5.402,0.053,10.782,6.467,0.277,23.374,63,0.660,541,2.644,23.2
DATA,MOTOR_BREAKIN_V3,000001,45985,513,517,0.332,0.248,20.365,0.613,19.752,63,FWD,RUN,0.290,5.726,0.079,7.633,6.467,0.277,23.374,63,0.660,541,2.644,23.3
DATA,MOTOR_BREAKIN_V3,000001,46085,516,520,0.253,0.169,15.323,0.641,14.682,63,FWD,RUN,0.211,3.092,0.106,7.578,6.467,0.277,23.374,63,0.660,543,2.654,23.4
DATA,MOTOR_BREAKIN_V3,000001,46185,520,521,0.147,0.142,14.292,1.337,12.955,63,FWD,RUN,0.145,1.873,0.132,7.940,6.467,0.277,23.374,63,0.660,542,2.649,23.4
DATA,MOTOR_BREAKIN_V3,000001,46285,515,518,0.279,0.221,17.189,0.641,16.548,63,FWD,RUN,0.250,4.141,0.119,7.856,6.467,0.277,23.374,63,0.660,542,2.649,23.4
DATA,MOTOR_BREAKIN_V3,000001,46385,514,519,0.305,0.195,22.148,7.689,14.459,63,FWD,RUN,0.250,3.618,0.079,10.531,6.467,0.277,23.374,63,0.660,542,2.649,23.3
DATA,MOTOR_BREAKIN_V3,000001,46485,514,519,0.305,0.195,17.468,0.696,16.771,63,FWD,RUN,0.250,4.197,0.066,12.732,6.467,0.277,23.374,63,0.660,542,2.649,23.3
DATA,MOTOR_BREAKIN_V3,000001,46585,515,520,0.279,0.169,17.496,0.613,16.883,63,FWD,RUN,0.224,3.779,0.066,10.809,6.467,0.277,23.374,63,0.660,542,2.649,23.4
DATA,MOTOR_BREAKIN_V3,000001,46685,514,518,0.305,0.221,16.938,6.018,10.921,63,FWD,RUN,0.263,2.877,0.079,11.562,6.467,0.277,23.374,63,0.660,542,2.649,23.3
DATA,MOTOR_BREAKIN_V3,000001,46784,515,519,0.279,0.195,21.424,0.836,20.588,63,FWD,RUN,0.237,4.880,0.132,11.562,6.467,0.277,23.374,63,0.660,542,2.649,23.3
DATA,MOTOR_BREAKIN_V3,000001,46885,516,519,0.253,0.195,22.984,0.613,22.371,63,FWD,RUN,0.224,5.007,0.132,8.107,6.467,0.277,23.374,63,0.660,542,2.649,23.3
DATA,MOTOR_BREAKIN_V3,000001,46985,514,518,0.305,0.221,21.062,0.669,20.393,63,FWD,RUN,0.263,5.373,0.092,12.927,6.467,0.277,23.374,63,0.660,542,2.649,23.3
DATA,MOTOR_BREAKIN_V3,000001,47085,518,521,0.200,0.142,14.570,0.557,14.013,63,FWD,RUN,0.171,2.396,0.106,17.189,6.467,0.277,23.374,63,0.660,542,2.649,23.3
DATA,MOTOR_BREAKIN_V3,000001,47185,514,519,0.305,0.195,14.793,0.641,14.152,63,FWD,RUN,0.250,3.542,0.106,17.189,6.467,0.277,23.374,63,0.660,542,2.649,23.3
DATA,MOTOR_BREAKIN_V3,000001,47285,514,519,0.305,0.195,15.378,5.405,9.974,63,FWD,RUN,0.250,2.496,0.092,11.394,6.467,0.277,23.374,63,0.660,542,2.649,23.4
DATA,MOTOR_BREAKIN_V3,000001,47385,514,519,0.305,0.195,19.334,6.101,13.233,63,FWD,RUN,0.250,3.311,0.092,11.394,6.467,0.277,23.374,63,0.660,542,2.649,23.3
DATA,MOTOR_BREAKIN_V3,000001,47485,515,519,0.279,0.195,20.978,0.641,20.337,63,FWD,RUN,0.237,4.821,0.092,12.007,6.467,0.277,23.374,63,0.660,542,2.649,23.3
DATA,MOTOR_BREAKIN_V3,000001,47585,515,519,0.279,0.195,18.164,0.613,17.551,63,FWD,RUN,0.237,4.160,0.053,11.729,6.467,0.277,23.374,63,0.660,542,2.649,23.3
DATA,MOTOR_BREAKIN_V3,000001,47685,516,520,0.253,0.169,15.601,5.182,10.419,63,FWD,RUN,0.211,2.194,0.079,10.726,6.467,0.277,23.374,63,0.660,542,2.649,23.3
DATA,MOTOR_BREAKIN_V3,000001,47785,515,520,0.279,0.169,15.908,0.641,15.267,63,FWD,RUN,0.224,3.417,0.079,10.726,6.467,0.277,23.374,63,0.660,542,2.649,23.3
DATA,MOTOR_BREAKIN_V3,000001,47885,515,519,0.279,0.195,14.431,0.641,13.790,63,FWD,RUN,0.237,3.269,0.066,7.550,6.467,0.277,23.374,63,0.660,542,2.649,23.3
DATA,MOTOR_BREAKIN_V3,000001,47985,514,517,0.305,0.248,20.114,0.724,19.390,63,FWD,RUN,0.277,5.364,0.092,9.834,6.467,0.277,23.374,63,0.660,542,2.649,23.3
DATA,MOTOR_BREAKIN_V3,000001,48085,514,519,0.305,0.195,15.908,0.641,15.267,63,FWD,RUN,0.250,3.820,0.092,7.884,6.467,0.277,23.374,63,0.660,542,2.649,23.3
DATA,MOTOR_BREAKIN_V3,000001,48185,514,519,0.305,0.195,16.103,0.669,15.434,63,FWD,RUN,0.250,3.862,0.106,11.311,6.467,0.277,23.374,63,0.660,542,2.649,23.3
DATA,MOTOR_BREAKIN_V3,000001,48285,514,519,0.305,0.195,14.793,5.182,9.611,63,FWD,RUN,0.250,2.405,0.106,12.091,6.467,0.277,23.374,63,0.660,542,2.649,23.3
DATA,MOTOR_BREAKIN_V3,000001,48385,516,519,0.253,0.195,19.641,0.696,18.944,63,FWD,RUN,0.224,4.240,0.092,11.172,6.467,0.277,23.374,63,0.660,540,2.639,23.2
DATA,MOTOR_BREAKIN_V3,000001,48485,515,520,0.279,0.169,13.400,0.808,12.592,63,FWD,RUN,0.224,2.818,0.066,9.416,6.467,0.277,23.374,63,0.660,542,2.649,23.3
DATA,MOTOR_BREAKIN_V3,000001,48585,514,519,0.305,0.195,22.037,0.724,21.312,63,FWD,RUN,0.250,5.333,0.079,8.831,6.467,0.277,23.374,63,0.660,543,2.654,23.3
DATA,MOTOR_BREAKIN_V3,000001,48685,516,520,0.253,0.169,16.437,0.585,15.852,63,FWD,RUN,0.211,3.339,0.092,11.840,6.467,0.277,23.374,63,0.660,542,2.649,23.3
DATA,MOTOR_BREAKIN_V3,000001,48785,515,520,0.279,0.169,15.155,0.669,14.487,63,FWD,RUN,0.224,3.242,0.092,8.999,6.467,0.277,23.374,63,0.660,542,2.649,23.3
DATA,MOTOR_BREAKIN_V3,000001,48885,515,519,0.279,0.195,21.870,0.669,21.201,63,FWD,RUN,0.237,5.025,0.092,10.977,6.467,0.277,23.374,63,0.660,542,2.649,23.3
DATA,MOTOR_BREAKIN_V3,000001,48985,519,521,0.173,0.142,14.515,0.557,13.957,63,FWD,RUN,0.158,2.202,0.092,10.391,6.467,0.277,23.374,63,0.660,542,2.649,23.3
DATA,MOTOR_BREAKIN_V3,000001,49085,514,518,0.305,0.221,15.323,0.752,14.570,63,FWD,RUN,0.263,3.839,0.106,5.962,6.467,0.277,23.374,63,0.660,542,2.649,23.3
DATA,MOTOR_BREAKIN_V3,000001,49185,517,520,0.226,0.169,14.320,0.529,13.790,63,FWD,RUN,0.197,2.722,0.106,6.408,6.467,0.277,23.374,63,0.660,542,2.649,23.3
DATA,MOTOR_BREAKIN_V3,000001,49285,514,519,0.305,0.195,11.116,0.669,10.447,63,FWD,RUN,0.250,2.614,0.119,8.915,6.467,0.277,23.374,63,0.660,542,2.649,23.3
DATA,MOTOR_BREAKIN_V3,000001,49385,515,519,0.279,0.195,19.696,0.613,19.084,63,FWD,RUN,0.237,4.523,0.106,9.779,6.467,0.277,23.374,63,0.660,542,2.649,23.3
DATA,MOTOR_BREAKIN_V3,000001,49485,514,519,0.305,0.195,14.654,0.724,13.930,63,FWD,RUN,0.250,3.486,0.040,9.500,6.467,0.277,23.374,63,0.660,542,2.649,23.3
DATA,MOTOR_BREAKIN_V3,000001,49585,518,521,0.200,0.142,14.208,0.724,13.484,63,FWD,RUN,0.171,2.306,0.079,8.246,6.467,0.277,23.374,63,0.660,542,2.649,23.3
DATA,MOTOR_BREAKIN_V3,000001,49685,516,520,0.253,0.169,14.320,0.613,13.707,63,FWD,RUN,0.211,2.887,0.092,12.147,6.467,0.277,23.374,63,0.660,542,2.649,23.3
DATA,MOTOR_BREAKIN_V3,000001,49785,515,519,0.279,0.195,19.195,0.641,18.554,63,FWD,RUN,0.237,4.398,0.145,11.367,6.467,0.277,23.374,63,0.660,542,2.649,23.3
DATA,MOTOR_BREAKIN_V3,000001,49885,516,520,0.253,0.169,15.406,0.613,14.793,63,FWD,RUN,0.211,3.116,0.145,10.921,6.467,0.277,23.374,63,0.660,542,2.649,23.3
DATA,MOTOR_BREAKIN_V3,000001,49984,514,519,0.305,0.195,11.311,3.650,7.661,63,FWD,RUN,0.250,1.917,0.066,12.007,6.467,0.277,23.374,63,0.660,542,2.649,23.3
DATA,MOTOR_BREAKIN_V3,000001,50085,515,519,0.279,0.195,21.006,0.641,20.365,63,FWD,RUN,0.237,4.827,0.053,12.704,6.467,0.277,23.374,63,0.660,542,2.649,23.3
DATA,MOTOR_BREAKIN_V3,000001,50106,519,521,0.173,0.142,11.562,0.557,11.004,63,FWD,RUN,0.158,1.736,0.092,12.704,6.467,0.277,23.374,63,0.660,542,2.649,23.2
DATA,MOTOR_BREAKIN_V3,000001,94237,514,519,0.305,0.195,10.698,0.641,10.057,63,FWD,RUN,0.250,2.517,0.370,11.757,6.467,0.277,23.374,63,0.660,542,2.649,23.3
DATA,MOTOR_BREAKIN_V3,000001,94337,515,519,0.279,0.195,19.585,0.669,18.916,63,FWD,RUN,0.237,4.484,0.410,14.320,6.467,0.277,23.374,63,0.660,543,2.654,23.4
DATA,MOTOR_BREAKIN_V3,000001,94437,514,519,0.305,0.195,16.242,0.669,15.573,63,FWD,RUN,0.250,3.897,0.132,11.701,6.467,0.277,23.374,63,0.660,543,2.654,23.3
DATA,MOTOR_BREAKIN_V3,000001,94537,514,519,0.305,0.195,20.031,0.696,19.334,63,FWD,RUN,0.250,4.838,0.106,8.246,6.467,0.277,23.374,63,0.660,542,2.649,23.3
DATA,MOTOR_BREAKIN_V3,000001,94637,518,521,0.200,0.142,22.677,0.557,22.120,63,FWD,RUN,0.171,3.782,0.092,9.806,6.467,0.277,23.374,63,0.660,542,2.649,23.2
DATA,MOTOR_BREAKIN_V3,000001,94737,513,518,0.332,0.221,18.526,1.226,17.301,63,FWD,RUN,0.277,4.786,0.106,10.587,6.467,0.277,23.374,63,0.660,542,2.649,23.3
DATA,MOTOR_BREAKIN_V3,000001,94837,515,517,0.279,0.248,17.802,0.641,17.161,63,FWD,RUN,0.263,4.521,0.092,8.636,6.467,0.277,23.374,63,0.660,543,2.654,23.3
DATA,MOTOR_BREAKIN_V3,000001,94937,515,519,0.279,0.195,18.805,0.613,18.192,63,FWD,RUN,0.237,4.312,0.092,10.364,6.467,0.277,23.374,63,0.660,542,2.649,23.2
DATA,MOTOR_BREAKIN_V3,000001,95037,518,521,0.200,0.142,15.601,0.474,15.128,63,FWD,RUN,0.171,2.587,0.106,11.255,6.467,0.277,23.374,63,0.660,542,2.649,23.3
DATA,MOTOR_BREAKIN_V3,000001,95137,520,521,0.147,0.142,16.521,0.641,15.880,63,FWD,RUN,0.145,2.296,0.132,8.553,6.467,0.277,23.374,63,0.660,542,2.649,23.2
DATA,MOTOR_BREAKIN_V3,000001,95237,514,519,0.305,0.195,12.899,1.727,11.172,63,FWD,RUN,0.250,2.796,0.132,9.166,6.467,0.277,23.374,63,0.660,542,2.649,23.3
DATA,MOTOR_BREAKIN_V3,000001,95337,516,520,0.253,0.169,11.534,0.585,10.949,63,FWD,RUN,0.211,2.306,0.066,7.884,6.467,0.277,23.374,63,0.660,542,2.649,23.3
DATA,MOTOR_BREAKIN_V3,000001,95437,514,517,0.305,0.248,16.381,0.752,15.629,63,FWD,RUN,0.277,4.324,0.079,9.138,6.467,0.277,23.374,63,0.660,542,2.649,23.2
DATA,MOTOR_BREAKIN_V3,000001,95537,515,520,0.279,0.169,11.116,0.585,10.531,63,FWD,RUN,0.224,2.357,0.079,9.138,6.467,0.277,23.374,63,0.660,542,2.649,23.2
DATA,MOTOR_BREAKIN_V3,000001,95637,516,519,0.253,0.195,17.774,5.405,12.370,63,FWD,RUN,0.224,2.769,0.066,5.126,6.467,0.277,23.374,63,0.660,542,2.649,23.3
DATA,MOTOR_BREAKIN_V3,000001,95737,518,520,0.200,0.169,12.342,0.585,11.757,63,FWD,RUN,0.184,2.165,0.079,7.411,6.467,0.277,23.374,63,0.660,542,2.649,23.2
DATA,MOTOR_BREAKIN_V3,000001,95837,519,521,0.173,0.142,9.361,2.619,6.742,63,FWD,RUN,0.158,1.064,0.119,12.091,6.467,0.277,23.374,63,0.660,541,2.644,23.3
DATA,MOTOR_BREAKIN_V3,000001,95936,515,518,0.279,0.221,9.277,0.613,8.664,63,FWD,RUN,0.250,2.168,0.119,9.166,6.467,0.277,23.374,63,0.660,541,2.644,23.2
DATA,MOTOR_BREAKIN_V3,000001,96037,513,518,0.332,0.221,12.314,4.318,7.996,63,FWD,RUN,0.277,2.212,0.106,8.302,6.467,0.277,23.374,63,0.660,541,2.644,23.3
DATA,MOTOR_BREAKIN_V3,000001,96137,512,518,0.358,0.221,13.623,1.059,12.565,63,FWD,RUN,0.290,3.642,0.119,9.472,6.467,0.277,23.374,63,0.660,541,2.644,23.3
DATA,MOTOR_BREAKIN_V3,000001,96237,513,518,0.332,0.221,13.790,0.613,13.177,63,FWD,RUN,0.277,3.646,0.092,9.639,6.467,0.277,23.374,63,0.660,541,2.644,23.3
DATA,MOTOR_BREAKIN_V3,000001,96337,514,518,0.305,0.221,18.276,5.906,12.370,63,FWD,RUN,0.263,3.259,0.079,11.032,6.467,0.277,23.374,63,0.660,541,2.644,23.2
DATA,MOTOR_BREAKIN_V3,000001,96437,513,517,0.332,0.248,10.169,0.613,9.556,63,FWD,RUN,0.290,2.770,0.092,12.565,6.467,0.277,23.374,63,0.660,542,2.649,23.3
DATA,MOTOR_BREAKIN_V3,000001,96537,513,518,0.332,0.221,9.918,3.455,6.463,63,FWD,RUN,0.277,1.788,0.119,12.119,6.467,0.277,23.374,63,0.660,543,2.654,23.2
DATA,MOTOR_BREAKIN_V3,000001,96637,514,519,0.305,0.195,11.757,0.613,11.144,63,FWD,RUN,0.250,2.789,0.106,11.116,6.467,0.277,23.374,63,0.660,541,2.644,23.3
DATA,MOTOR_BREAKIN_V3,000001,96737,516,520,0.253,0.169,11.645,0.529,11.116,63,FWD,RUN,0.211,2.341,0.092,8.720,6.467,0.277,23.374,63,0.660,542,2.649,23.3
DATA,MOTOR_BREAKIN_V3,000001,96837,515,519,0.279,0.195,14.041,0.669,13.372,63,FWD,RUN,0.237,3.170,0.079,8.023,6.467,0.277,23.374,63,0.660,541,2.644,23.3
DATA,MOTOR_BREAKIN_V3,000001,96937,515,518,0.279,0.221,11.478,0.585,10.893,63,FWD,RUN,0.250,2.726,0.106,7.355,6.467,0.277,23.374,63,0.660,541,2.644,23.2
DATA,MOTOR_BREAKIN_V3,000001,97037,518,520,0.200,0.169,9.472,2.591,6.881,63,FWD,RUN,0.184,1.267,0.106,9.751,6.467,0.277,23.374,63,0.660,541,2.644,23.3
DATA,MOTOR_BREAKIN_V3,000001,97137,514,518,0.305,0.221,12.537,0.557,11.979,63,FWD,RUN,0.263,3.156,0.119,9.751,6.467,0.277,23.374,63,0.660,541,2.644,23.2
DATA,MOTOR_BREAKIN_V3,000001,97237,515,518,0.279,0.221,16.353,2.284,14.069,63,FWD,RUN,0.250,3.521,0.106,7.633,6.467,0.277,23.374,63,0.660,541,2.644,23.3
DATA,MOTOR_BREAKIN_V3,000001,97337,514,519,0.305,0.195,14.125,0.613,13.512,63,FWD,RUN,0.250,3.381,0.092,8.023,6.467,0.277,23.374,63,0.660,541,2.644,23.3
DATA,MOTOR_BREAKIN_V3,000001,97437,514,518,0.305,0.221,14.682,0.641,14.041,63,FWD,RUN,0.263,3.699,0.092,7.411,6.467,0.277,23.374,63,0.660,542,2.649,23.3
DATA,MOTOR_BREAKIN_V3,000001,97537,514,518,0.305,0.221,9.416,3.427,5.990,63,FWD,RUN,0.263,1.578,0.132,10.419,6.467,0.277,23.374,63,0.660,541,2.644,23.3
DATA,MOTOR_BREAKIN_V3,000001,97637,514,519,0.305,0.195,16.103,0.724,15.378,63,FWD,RUN,0.250,3.848,0.132,9.389,6.467,0.277,23.374,63,0.660,542,2.649,23.2
DATA,MOTOR_BREAKIN_V3,000001,97737,517,521,0.226,0.142,8.636,2.870,5.767,63,FWD,RUN,0.184,1.062,0.092,9.918,6.467,0.277,23.374,63,0.660,541,2.644,23.2
DATA,MOTOR_BREAKIN_V3,000001,97837,514,519,0.305,0.195,12.927,0.641,12.286,63,FWD,RUN,0.250,3.074,0.119,12.314,6.467,0.277,23.374,63,0.660,541,2.644,23.2
DATA,MOTOR_BREAKIN_V3,000001,97937,514,518,0.305,0.221,9.611,1.894,7.717,63,FWD,RUN,0.263,2.033,0.106,12.314,6.467,0.277,23.374,63,0.660,542,2.649,23.2
DATA,MOTOR_BREAKIN_V3,000001,98037,515,519,0.279,0.195,17.440,0.613,16.827,63,FWD,RUN,0.237,3.989,0.079,10.503,6.467,0.277,23.374,63,0.660,542,2.649,23.3
DATA,MOTOR_BREAKIN_V3,000001,98137,515,519,0.279,0.195,8.218,0.613,7.606,63,FWD,RUN,0.237,1.803,0.106,10.503,6.467,0.277,23.374,63,0.660,541,2.644,23.2
DATA,MOTOR_BREAKIN_V3,000001,98237,514,518,0.305,0.221,7.438,0.752,6.686,63,FWD,RUN,0.263,1.761,0.106,5.767,6.467,0.277,23.374,63,0.660,541,2.644,23.3
DATA,MOTOR_BREAKIN_V3,000001,98337,513,518,0.332,0.221,8.497,0.613,7.884,63,FWD,RUN,0.277,2.181,0.119,5.683,6.467,0.277,23.374,63,0.660,541,2.644,23.2
DATA,MOTOR_BREAKIN_V3,000001,98437,516,519,0.253,0.195,11.339,1.672,9.667,63,FWD,RUN,0.224,2.164,0.119,6.296,6.467,0.277,23.374,63,0.660,541,2.644,23.7
DATA,MOTOR_BREAKIN_V3,000001,98537,513,519,0.332,0.195,12.258,0.585,11.673,63,FWD,RUN,0.263,3.075,0.132,4.262,6.467,0.277,23.374,63,0.660,542,2.649,23.2
DATA,MOTOR_BREAKIN_V3,000001,98637,514,518,0.305,0.221,13.957,0.613,13.345,63,FWD,RUN,0.263,3.516,0.106,7.633,6.467,0.277,23.374,63,0.660,541,2.644,23.3
DATA,MOTOR_BREAKIN_V3,000001,98737,513,518,0.332,0.221,10.001,0.613,9.389,63,FWD,RUN,0.277,2.597,0.092,7.633,6.467,0.277,23.374,63,0.660,542,2.649,23.2
DATA,MOTOR_BREAKIN_V3,000001,98837,520,522,0.147,0.116,13.846,0.501,13.345,63,FWD,RUN,0.131,1.753,0.145,7.383,6.467,0.277,23.374,63,0.660,542,2.649,23.2
DATA,MOTOR_BREAKIN_V3,000001,98937,515,518,0.279,0.221,7.578,0.557,7.021,63,FWD,RUN,0.250,1.757,0.145,7.383,6.467,0.277,23.374,63,0.660,541,2.644,23.2
DATA,MOTOR_BREAKIN_V3,000001,99037,515,519,0.279,0.195,11.506,0.585,10.921,63,FWD,RUN,0.237,2.589,0.066,7.411,6.467,0.277,23.374,63,0.660,542,2.649,23.3
DATA,MOTOR_BREAKIN_V3,000001,99136,514,518,0.305,0.221,13.261,0.529,12.732,63,FWD,RUN,0.263,3.354,0.053,8.692,6.467,0.277,23.374,63,0.660,541,2.644,23.2
DATA,MOTOR_BREAKIN_V3,000001,99237,515,520,0.279,0.169,8.497,0.613,7.884,63,FWD,RUN,0.224,1.765,0.066,10.057,6.467,0.277,23.374,63,0.660,541,2.644,23.3
DATA,MOTOR_BREAKIN_V3,000001,99337,516,520,0.253,0.169,11.311,3.845,7.466,63,FWD,RUN,0.211,1.572,0.079,10.057,6.467,0.277,23.374,63,0.660,541,2.644,23.2
DATA,MOTOR_BREAKIN_V3,000001,99437,515,520,0.279,0.169,10.893,0.501,10.391,63,FWD,RUN,0.224,2.326,0.066,5.906,6.467,0.277,23.374,63,0.660,541,2.644,23.3
DATA,MOTOR_BREAKIN_V3,000001,99537,515,519,0.279,0.195,12.091,0.613,11.478,63,FWD,RUN,0.237,2.721,0.079,5.488,6.467,0.277,23.374,63,0.660,541,2.644,23.3
DATA,MOTOR_BREAKIN_V3,000001,99637,516,519,0.253,0.195,9.918,0.501,9.416,63,FWD,RUN,0.224,2.108,0.053,6.965,6.467,0.277,23.374,63,0.660,541,2.644,23.3
DATA,MOTOR_BREAKIN_V3,000001,99737,514,518,0.305,0.221,12.453,0.613,11.840,63,FWD,RUN,0.263,3.119,0.053,5.823,6.467,0.277,23.374,63,0.660,541,2.644,23.2
DATA,MOTOR_BREAKIN_V3,000001,99837,513,517,0.332,0.248,11.227,0.641,10.587,63,FWD,RUN,0.290,3.069,0.079,6.965,6.467,0.277,23.374,63,0.660,541,2.644,23.3
DATA,MOTOR_BREAKIN_V3,000001,99937,512,518,0.358,0.221,11.534,0.613,10.921,63,FWD,RUN,0.290,3.166,0.145,5.711,6.467,0.277,23.374,63,0.660,540,2.639,23.3
DATA,MOTOR_BREAKIN_V3,000001,100037,514,519,0.305,0.195,8.859,0.613,8.246,63,FWD,RUN,0.250,2.064,0.145,4.987,6.467,0.277,23.374,63,0.660,541,2.644,23.3
DATA,MOTOR_BREAKIN_V3,000001,100137,514,518,0.305,0.221,11.757,0.641,11.116,63,FWD,RUN,0.263,2.928,0.106,5.265,6.467,0.277,23.374,63,0.660,542,2.649,23.3
DATA,MOTOR_BREAKIN_V3,000001,100237,515,521,0.279,0.142,13.846,0.669,13.177,63,FWD,RUN,0.211,2.775,0.145,6.937,6.467,0.277,23.374,63,0.660,541,2.644,23.2
DATA,MOTOR_BREAKIN_V3,000001,100337,515,518,0.279,0.221,9.416,0.780,8.636,63,FWD,RUN,0.250,2.161,0.159,6.937,6.467,0.277,23.374,63,0.660,541,2.644,23.3
DATA,MOTOR_BREAKIN_V3,000001,100437,514,517,0.305,0.248,10.698,0.669,10.029,63,FWD,RUN,0.277,2.775,0.092,5.934,6.467,0.277,23.374,63,0.660,541,2.644,23.2
DATA,MOTOR_BREAKIN_V3,000001,100537,514,518,0.305,0.221,10.977,3.845,7.132,63,FWD,RUN,0.263,1.879,0.079,5.488,6.467,0.277,23.374,63,0.660,542,2.649,23.2
DATA,MOTOR_BREAKIN_V3,000001,100637,515,519,0.279,0.195,11.812,0.724,11.088,63,FWD,RUN,0.237,2.628,0.079,5.488,6.467,0.277,23.374,63,0.660,542,2.649,23.2
DATA,MOTOR_BREAKIN_V3,000001,100737,514,518,0.305,0.221,13.707,0.613,13.094,63,FWD,RUN,0.263,3.450,0.092,6.380,6.467,0.277,23.374,63,0.660,542,2.649,23.3
DATA,MOTOR_BREAKIN_V3,000001,100837,513,518,0.332,0.221,11.199,0.696,10.503,63,FWD,RUN,0.277,2.906,0.092,6.630,6.467,0.277,23.374,63,0.660,542,2.649,23.2
DATA,MOTOR_BREAKIN_V3,000001,100937,514,517,0.305,0.248,11.617,0.780,10.837,63,FWD,RUN,0.277,2.998,0.092,7.689,6.467,0.277,23.374,63,0.660,541,2.644,23.3
DATA,MOTOR_BREAKIN_V3,000001,101037,514,520,0.305,0.169,13.762,0.641,13.122,63,FWD,RUN,0.237,3.110,0.145,8.581,6.467,0.277,23.374,63,0.660,541,2.644,23.3
DATA,MOTOR_BREAKIN_V3,000001,101137,513,518,0.332,0.221,12.565,0.724,11.840,63,FWD,RUN,0.277,3.276,0.145,8.051,6.467,0.277,23.374,63,0.660,542,2.649,23.3
DATA,MOTOR_BREAKIN_V3,000001,101237,515,519,0.279,0.195,9.667,0.557,9.110,63,FWD,RUN,0.237,2.159,0.079,7.216,6.467,0.277,23.374,63,0.660,542,2.649,23.3
DATA,MOTOR_BREAKIN_V3,000001,101337,514,518,0.305,0.221,9.528,0.641,8.887,63,FWD,RUN,0.263,2.341,0.106,4.652,6.467,0.277,23.374,63,0.660,541,2.644,23.3
DATA,MOTOR_BREAKIN_V3,000001,101437,513,518,0.332,0.221,11.701,5.293,6.408,63,FWD,RUN,0.277,1.773,0.092,4.848,6.467,0.277,23.374,63,0.660,541,2.644,23.2
DATA,MOTOR_BREAKIN_V3,000001,101537,517,519,0.226,0.195,12.565,0.585,11.979,63,FWD,RUN,0.211,2.523,0.079,7.021,6.467,0.277,23.374,63,0.660,542,2.649,23.3
DATA,MOTOR_BREAKIN_V3,000001,101637,514,518,0.305,0.221,11.952,0.585,11.367,63,FWD,RUN,0.263,2.995,0.066,8.135,6.467,0.277,23.374,63,0.660,541,2.644,23.2
DATA,MOTOR_BREAKIN_V3,000001,101737,514,519,0.305,0.195,8.553,0.724,7.828,63,FWD,RUN,0.250,1.959,0.092,8.135,6.467,0.277,23.374,63,0.660,541,2.644,23.3
DATA,MOTOR_BREAKIN_V3,000001,101837,516,519,0.253,0.195,7.773,0.752,7.021,63,FWD,RUN,0.224,1.571,0.106,7.494,6.467,0.277,23.374,63,0.660,541,2.644,23.2
DATA,MOTOR_BREAKIN_V3,000001,101937,514,518,0.305,0.221,12.063,0.557,11.506,63,FWD,RUN,0.263,3.031,0.092,6.575,6.467,0.277,23.374,63,0.660,541,2.644,23.3
ov3,3