ACS1_ZERO=511.23
ACS2_ZERO=513.29
READY,FWD

========================================
 Mini4WD MOTOR BREAK-IN DEVICE
 MOTOR_BREAKIN_V3
 Firmware : 3.00
========================================
INFO,TYPE=MOTOR,MODEL=MOTOR_BREAKIN_V3,FW=3.00,ID=000001
DATA,MOTOR_BREAKIN_V3,000001,0,511,513,0.000,0.000,0.000,0.028,-0.028,0,FWD,READY,0.000,0.000,0.000,0.000,0.000,0.000,0.000,0,0.000,533,2.605,25.5
DATA,MOTOR_BREAKIN_V3,000001,0,512,513,0.000,0.000,0.028,0.028,0.000,0,FWD,READY,0.000,0.000,0.000,0.056,0.000,0.000,0.000,0,0.000,533,2.605,25.5
DATA,MOTOR_BREAKIN_V3,000001,0,512,513,0.000,0.000,0.028,0.000,0.028,0,FWD,READY,0.000,0.000,0.000,0.056,0.000,0.000,0.000,0,0.000,533,2.605,25.5
DATA,MOTOR_BREAKIN_V3,000001,0,512,514,0.000,0.000,0.028,0.028,0.000,0,FWD,READY,0.000,0.000,0.000,0.028,0.000,0.000,0.000,0,0.000,533,2.605,25.4
DATA,MOTOR_BREAKIN_V3,000001,0,510,513,0.000,0.000,0.028,0.028,0.000,0,FWD,READY,0.000,0.000,0.000,0.056,0.000,0.000,0.000,0,0.000,533,2.605,25.5
DATA,MOTOR_BREAKIN_V3,000001,0,512,512,0.000,0.000,0.028,0.028,0.000,0,FWD,READY,0.000,0.000,0.000,0.056,0.000,0.000,0.000,0,0.000,533,2.605,25.5
DATA,MOTOR_BREAKIN_V3,000001,0,512,513,0.000,0.000,0.028,0.028,0.000,0,FWD,READY,0.000,0.000,0.000,0.056,0.000,0.000,0.000,0,0.000,533,2.605,25.4
DATA,MOTOR_BREAKIN_V3,000001,0,511,513,0.000,0.000,0.000,0.028,-0.028,0,FWD,READY,0.000,0.000,0.000,0.056,0.000,0.000,0.000,0,0.000,533,2.605,25.5
DATA,MOTOR_BREAKIN_V3,000001,0,511,513,0.000,0.000,0.028,0.028,0.000,0,FWD,READY,0.000,0.000,0.000,0.056,0.000,0.000,0.000,0,0.000,533,2.605,25.4
DATA,MOTOR_BREAKIN_V3,000001,0,512,513,0.000,0.000,0.028,0.028,0.000,0,FWD,READY,0.000,0.000,0.000,0.056,0.000,0.000,0.000,0,0.000,533,2.605,25.4
DATA,MOTOR_BREAKIN_V3,000001,0,512,514,0.000,0.000,0.028,0.000,0.028,0,FWD,READY,0.000,0.000,0.000,0.056,0.000,0.000,0.000,0,0.000,533,2.605,25.4
DATA,MOTOR_BREAKIN_V3,000001,0,512,513,0.000,0.000,0.028,0.028,0.000,0,FWD,READY,0.000,0.000,0.000,0.056,0.000,0.000,0.000,0,0.000,533,2.605,25.4
DATA,MOTOR_BREAKIN_V3,000001,0,512,513,0.000,0.000,0.000,0.028,-0.028,0,FWD,READY,0.000,0.000,0.000,0.056,0.000,0.000,0.000,0,0.000,533,2.605,25.5
DATA,MOTOR_BREAKIN_V3,000001,0,512,513,0.000,0.000,0.028,0.000,0.028,0,FWD,READY,0.000,0.000,0.000,0.056,0.000,0.000,0.000,0,0.000,533,2.605,25.4
DATA,MOTOR_BREAKIN_V3,000001,0,512,514,0.000,0.000,0.028,0.028,0.000,0,FWD,READY,0.000,0.000,0.000,0.028,0.000,0.000,0.000,0,0.000,533,2.605,25.4
DATA,MOTOR_BREAKIN_V3,000001,0,511,513,0.000,0.000,0.028,0.028,0.000,0,FWD,READY,0.000,0.000,0.000,0.028,0.000,0.000,0.000,0,0.000,533,2.605,25.4
DATA,MOTOR_BREAKIN_V3,000001,0,512,513,0.000,0.000,0.000,0.028,-0.028,0,FWD,READY,0.000,0.000,0.000,0.056,0.000,0.000,0.000,0,0.000,533,2.605,25.4
DATA,MOTOR_BREAKIN_V3,000001,0,511,512,0.000,0.000,0.028,0.028,0.000,0,FWD,READY,0.000,0.000,0.000,0.028,0.000,0.000,0.000,0,0.000,533,2.605,25.4
DATA,MOTOR_BREAKIN_V3,000001,0,511,513,0.000,0.000,0.000,0.028,-0.028,0,FWD,READY,0.000,0.000,0.000,0.028,0.000,0.000,0.000,0,0.000,533,2.605,25.5
DATA,MOTOR_BREAKIN_V3,000001,0,511,514,0.000,0.000,0.028,0.000,0.028,0,FWD,READY,0.000,0.000,0.000,0.056,0.000,0.000,0.000,0,0.000,533,2.605,25.4
DATA,MOTOR_BREAKIN_V3,000001,0,511,514,0.000,0.000,0.028,0.028,0.000,0,FWD,READY,0.000,0.000,0.000,0.056,0.000,0.000,0.000,0,0.000,533,2.605,25.5
DATA,MOTOR_BREAKIN_V3,000001,0,512,514,0.000,0.000,0.028,0.028,0.000,0,FWD,READY,0.000,0.000,0.000,0.028,0.000,0.000,0.000,0,0.000,533,2.605,25.5
DATA,MOTOR_BREAKIN_V3,000001,0,511,513,0.000,0.000,0.028,0.028,0.000,0,FWD,READY,0.000,0.000,0.000,0.028,0.000,0.000,0.000,0,0.000,533,2.605,25.5
DATA,MOTOR_BREAKIN_V3,000001,0,511,513,0.000,0.000,0.028,0.028,0.000,0,FWD,READY,0.000,0.000,0.000,0.056,0.000,0.000,0.000,0,0.000,533,2.605,25.4
DATA,MOTOR_BREAKIN_V3,000001,0,511,513,0.000,0.000,0.000,0.028,-0.028,0,FWD,READY,0.000,0.000,0.000,0.056,0.000,0.000,0.000,0,0.000,533,2.605,25.4
DATA,MOTOR_BREAKIN_V3,000001,0,512,513,0.000,0.000,0.028,0.028,0.000,0,FWD,READY,0.000,0.000,0.000,0.028,0.000,0.000,0.000,0,0.0000,533,2.605,25.5
DATA,MOTOR_BREAKIN_V3,000001,182,506,510,0.142,0.085,2.340,1.087,1.254,60,FWD,RUN,0.114,0.143,0.127,1.254,0.000,0.000,0.000,0,0.000,533,2.605,25.5
OK
DATA,MOTOR_BREAKIN_V3,000001,281,494,503,0.459,0.270,3.315,1.337,1.978,95,FWD,RUN,0.365,0.722,0.264,1.170,0.000,0.000,0.000,0,0.000,533,2.605,25.5
OK
DATA,MOTOR_BREAKIN_V3,000001,382,478,495,0.882,0.482,4.318,1.282,3.037,115,FWD,RUN,0.682,2.071,0.581,1.727,0.000,0.000,0.000,0,0.682,533,2.605,25.4
DATA,MOTOR_BREAKIN_V3,000001,482,481,496,0.803,0.455,5.516,0.864,4.652,115,FWD,RUN,0.629,2.927,0.317,2.479,0.000,0.000,0.000,0,0.682,533,2.605,25.5
OK
DATA,MOTOR_BREAKIN_V3,000001,582,484,498,0.723,0.402,5.934,0.864,5.070,114,FWD,RUN,0.563,2.855,0.396,1.616,0.000,0.000,0.000,0,0.682,533,2.605,25.5
OK
DATA,MOTOR_BREAKIN_V3,000001,682,506,509,0.142,0.112,4.848,0.362,4.485,73,FWD,RUN,0.127,0.570,0.462,1.421,0.000,0.000,0.000,0,0.682,533,2.605,25.4
OK
DATA,MOTOR_BREAKIN_V3,000001,782,509,511,0.063,0.059,3.900,0.251,3.650,43,FWD,RUN,0.061,0.223,0.391,2.089,0.000,0.000,0.000,0,0.682,533,2.605,25.4
OK
DATA,MOTOR_BREAKIN_V3,000001,882,511,513,0.000,0.000,3.622,0.056,3.566,35,FWD,RUN,0.000,0.000,0.140,1.170,0.000,0.000,0.000,0,0.682,533,2.605,25.5
DATA,MOTOR_BREAKIN_V3,000001,982,510,511,0.000,0.059,3.315,0.223,3.092,35,FWD,RUN,0.030,0.091,0.032,0.919,0.000,0.000,0.000,0,0.682,533,2.605,25.5
DATA,MOTOR_BREAKIN_V3,000001,1082,510,512,0.000,0.000,3.287,0.223,3.065,35,FWD,RUN,0.000,0.000,0.032,0.557,0.000,0.000,0.000,0,0.682,533,2.605,25.5
DATA,MOTOR_BREAKIN_V3,000001,1182,510,512,0.000,0.000,3.037,0.251,2.786,35,FWD,RUN,0.000,0.000,0.032,0.585,0.000,0.000,0.000,0,0.682,533,2.605,25.4
OK
DATA,MOTOR_BREAKIN_V3,000001,1282,510,511,0.000,0.059,3.120,0.306,2.814,39,FWD,RUN,0.030,0.083,0.032,0.641,0.000,0.000,0.000,0,0.682,533,2.605,25.4
OK
DATA,MOTOR_BREAKIN_V3,000001,1382,509,511,0.063,0.059,3.148,0.362,2.786,43,FWD,RUN,0.061,0.170,0.061,0.167,0.000,0.000,0.000,0,0.682,533,2.605,25.4
DATA,MOTOR_BREAKIN_V3,000001,1482,509,511,0.063,0.059,3.148,0.362,2.786,43,FWD,RUN,0.061,0.170,0.061,0.223,0.000,0.000,0.000,0,0.682,533,2.605,25.4
OK
DATA,MOTOR_BREAKIN_V3,000001,1582,509,510,0.063,0.085,3.315,0.390,2.925,47,FWD,RUN,0.074,0.217,0.074,0.251,0.000,0.000,0.000,0,0.682,533,2.605,25.5
OK
DATA,MOTOR_BREAKIN_V3,000001,1682,508,511,0.089,0.059,3.315,0.446,2.870,49,FWD,RUN,0.074,0.213,0.043,0.641,0.000,0.000,0.000,0,0.682,533,2.605,25.5
OK
DATA,MOTOR_BREAKIN_V3,000001,1782,506,510,0.142,0.085,3.594,0.501,3.092,52,FWD,RUN,0.114,0.352,0.082,0.585,0.000,0.000,0.000,0,0.682,533,2.605,25.5
OK
DATA,MOTOR_BREAKIN_V3,000001,1882,509,511,0.063,0.059,3.650,0.362,3.287,50,FWD,RUN,0.061,0.201,0.082,0.418,0.000,0.000,0.000,0,0.682,533,2.605,25.5
OK
DATA,MOTOR_BREAKIN_V3,000001,1982,509,512,0.063,0.000,3.455,0.362,3.092,44,FWD,RUN,0.032,0.097,0.071,0.557,0.000,0.000,0.000,0,0.682,533,2.605,25.4
OK
DATA,MOTOR_BREAKIN_V3,000001,2082,510,512,0.000,0.000,3.510,0.111,3.399,42,FWD,RUN,0.000,0.000,0.087,0.557,0.000,0.000,0.000,0,0.682,533,2.605,25.4
OK
DATA,MOTOR_BREAKIN_V3,000001,2182,510,512,0.000,0.000,3.343,0.056,3.287,35,FWD,RUN,0.000,0.000,0.061,0.418,0.000,0.000,0.000,0,0.682,533,2.605,25.5
DATA,MOTOR_BREAKIN_V3,000001,2282,510,511,0.000,0.059,2.953,0.251,2.702,35,FWD,RUN,0.030,0.080,0.061,0.585,0.000,0.000,0.000,0,0.682,533,2.605,25.5
DATA,MOTOR_BREAKIN_V3,000001,2382,510,512,0.000,0.000,2.981,0.251,2.730,35,FWD,RUN,0.000,0.000,0.032,0.390,0.000,0.000,0.000,0,0.682,533,2.605,25.4
OK
DATA,MOTOR_BREAKIN_V3,000001,2482,510,512,0.000,0.000,3.176,0.251,2.925,40,FWD,RUN,0.000,0.000,0.032,0.390,0.000,0.000,0.000,0,0.682,533,2.605,25.4
OK
DATA,MOTOR_BREAKIN_V3,000001,2582,509,511,0.063,0.059,3.092,0.362,2.730,42,FWD,RUN,0.061,0.167,0.074,0.251,0.000,0.000,0.000,0,0.682,533,2.605,25.4
OK
DATA,MOTOR_BREAKIN_V3,000001,2682,510,512,0.000,0.000,3.427,0.251,3.176,47,FWD,RUN,0.000,0.000,0.074,0.501,0.000,0.000,0.000,0,0.682,533,2.605,25.5
OK
DATA,MOTOR_BREAKIN_V3,000001,2782,509,511,0.063,0.059,3.176,0.362,2.814,43,FWD,RUN,0.061,0.172,0.074,0.446,0.000,0.000,0.000,0,0.682,533,2.605,25.8
OK
DATA,MOTOR_BREAKIN_V3,000001,2882,508,511,0.089,0.059,3.455,0.334,3.120,47,FWD,RUN,0.074,0.232,0.045,0.334,0.000,0.000,0.000,0,0.682,533,2.605,25.5
OK
DATA,MOTOR_BREAKIN_V3,000001,2982,509,512,0.063,0.000,3.232,0.390,2.842,45,FWD,RUN,0.032,0.090,0.045,0.334,0.000,0.000,0.000,0,0.682,533,2.605,25.0
OK
DATA,MOTOR_BREAKIN_V3,000001,3082,509,512,0.063,0.000,3.455,0.390,3.065,48,FWD,RUN,0.032,0.097,0.043,0.251,0.219,0.074,2.953,45,0.682,533,2.605,25.4
OK
DATA,MOTOR_BREAKIN_V3,000001,3182,508,511,0.089,0.059,3.371,0.418,2.953,47,FWD,RUN,0.074,0.219,0.043,0.251,0.219,0.074,2.953,45,0.682,533,2.605,25.4
DATA,MOTOR_BREAKIN_V3,000001,3282,510,512,0.000,0.000,3.650,0.251,3.399,47,FWD,RUN,0.000,0.000,0.074,0.446,0.219,0.074,2.953,45,0.682,533,2.605,25.5
OK
DATA,MOTOR_BREAKIN_V3,000001,3382,510,512,0.000,0.000,3.204,0.279,2.925,39,FWD,RUN,0.000,0.000,0.061,0.501,0.219,0.074,2.953,45,0.682,533,2.605,25.4
OK
DATA,MOTOR_BREAKIN_V3,000001,3481,509,512,0.063,0.000,3.260,0.306,2.953,41,FWD,RUN,0.032,0.093,0.061,0.279,0.219,0.074,2.953,45,0.682,533,2.605,25.3
OK
DATA,MOTOR_BREAKIN_V3,000001,3582,510,511,0.000,0.059,3.315,0.390,2.925,42,FWD,RUN,0.030,0.086,0.061,0.334,0.219,0.074,2.953,45,0.682,533,2.605,25.4
OK
DATA,MOTOR_BREAKIN_V3,000001,3682,509,511,0.063,0.059,3.427,0.362,3.065,44,FWD,RUN,0.061,0.187,0.061,0.474,0.219,0.074,2.953,45,0.682,533,2.605,25.4
OK
DATA,MOTOR_BREAKIN_V3,000001,3782,509,511,0.063,0.059,3.287,0.362,2.925,43,FWD,RUN,0.061,0.178,0.061,0.529,0.219,0.074,2.953,45,0.682,533,2.605,25.4
OK
DATA,MOTOR_BREAKIN_V3,000001,3882,508,511,0.089,0.059,3.315,0.334,2.981,45,FWD,RUN,0.074,0.221,0.074,0.669,0.221,0.074,2.981,45,0.682,533,2.605,25.0
DATA,MOTOR_BREAKIN_V3,000001,3982,509,510,0.063,0.085,3.399,0.390,3.009,45,FWD,RUN,0.074,0.223,0.043,0.251,0.223,0.074,3.009,45,0.682,533,2.605,25.4
DATA,MOTOR_BREAKIN_V3,000001,4082,509,512,0.063,0.000,3.260,0.390,2.870,45,FWD,RUN,0.032,0.090,0.043,0.223,0.225,0.074,3.037,45,0.682,533,2.605,25.1
OK
DATA,MOTOR_BREAKIN_V3,000001,4182,509,511,0.063,0.059,3.455,0.390,3.065,48,FWD,RUN,0.061,0.187,0.045,0.362,0.230,0.074,3.092,48,0.682,533,2.605,25.5
OK
DATA,MOTOR_BREAKIN_V3,000001,4282,508,511,0.089,0.059,3.455,0.390,3.065,47,FWD,RUN,0.074,0.227,0.045,0.195,0.230,0.074,3.092,48,0.682,533,2.605,25.4
OK
DATA,MOTOR_BREAKIN_V3,000001,4382,509,511,0.063,0.059,3.566,0.306,3.260,46,FWD,RUN,0.061,0.199,0.074,0.334,0.230,0.074,3.092,47,0.682,533,2.605,25.5
OK
DATA,MOTOR_BREAKIN_V3,000001,4482,510,512,0.000,0.000,3.677,0.000,3.677,41,FWD,RUN,0.000,0.000,0.074,0.724,0.230,0.074,3.092,47,0.682,533,2.605,25.4
OK
DATA,MOTOR_BREAKIN_V3,000001,4582,510,511,0.000,0.059,3.176,0.195,2.981,35,FWD,RUN,0.030,0.088,0.061,0.836,0.230,0.074,3.092,47,0.682,533,2.605,25.4
DATA,MOTOR_BREAKIN_V3,000001,4682,510,511,0.000,0.059,3.037,0.251,2.786,35,FWD,RUN,0.030,0.082,0.061,0.362,0.230,0.074,3.092,47,0.682,533,2.605,25.4
OK
DATA,MOTOR_BREAKIN_V3,000001,4782,509,512,0.063,0.000,3.009,0.334,2.674,39,FWD,RUN,0.032,0.084,0.032,0.306,0.230,0.074,3.092,47,0.682,533,2.605,25.4
OK
DATA,MOTOR_BREAKIN_V3,000001,4882,509,512,0.063,0.000,3.148,0.418,2.730,46,FWD,RUN,0.032,0.086,0.032,0.279,0.230,0.074,3.092,47,0.682,533,2.605,25.4
DATA,MOTOR_BREAKIN_V3,000001,4982,509,511,0.063,0.059,3.204,0.446,2.758,46,FWD,RUN,0.061,0.168,0.074,0.362,0.230,0.074,3.092,47,0.682,533,2.605,25.5
OK
DATA,MOTOR_BREAKIN_V3,000001,5082,508,510,0.089,0.085,3.510,0.446,3.065,51,FWD,RUN,0.087,0.268,0.087,0.529,0.268,0.087,3.065,51,0.682,533,2.605,25.4
OK
DATA,MOTOR_BREAKIN_V3,000001,5182,508,510,0.089,0.085,3.455,0.446,3.009,50,FWD,RUN,0.087,0.263,0.087,0.362,0.287,0.087,3.287,51,0.682,533,2.605,25.4
DATA,MOTOR_BREAKIN_V3,000001,5282,509,511,0.063,0.059,3.538,0.306,3.232,50,FWD,RUN,0.061,0.197,0.069,0.696,0.314,0.101,3.120,50,0.682,533,2.605,25.4
OK
DATA,MOTOR_BREAKIN_V3,000001,5382,508,511,0.089,0.059,3.455,0.279,3.176,45,FWD,RUN,0.074,0.236,0.069,0.613,0.322,0.101,3.204,50,0.682,533,2.605,24.8
OK
DATA,MOTOR_BREAKIN_V3,000001,5482,508,513,0.089,0.000,3.343,0.446,2.897,41,FWD,RUN,0.045,0.130,0.069,0.390,0.322,0.101,3.204,50,0.682,533,2.605,25.4
OK
DATA,MOTOR_BREAKIN_V3,000001,5582,508,511,0.089,0.059,3.371,0.251,3.120,43,FWD,RUN,0.074,0.232,0.043,0.529,0.322,0.101,3.204,50,0.682,533,2.605,25.4
OK
DATA,MOTOR_BREAKIN_V3,000001,5682,510,512,0.000,0.000,3.566,0.139,3.427,41,FWD,RUN,0.000,0.000,0.074,0.501,0.322,0.101,3.204,50,0.682,533,2.605,25.4
DATA,MOTOR_BREAKIN_V3,000001,5782,509,512,0.063,0.000,3.427,0.279,3.148,41,FWD,RUN,0.032,0.099,0.061,0.446,0.322,0.101,3.204,50,0.682,533,2.605,25.4
OK
DATA,MOTOR_BREAKIN_V3,000001,5882,509,512,0.063,0.000,3.092,0.306,2.786,38,FWD,RUN,0.032,0.088,0.032,0.418,0.322,0.101,3.204,50,0.682,533,2.605,25.4
OK
DATA,MOTOR_BREAKIN_V3,000001,5982,511,512,0.000,0.000,3.482,0.139,3.343,42,FWD,RUN,0.000,0.000,0.061,0.557,0.322,0.101,3.204,50,0.682,533,2.605,25.4
OK
DATA,MOTOR_BREAKIN_V3,000001,6082,510,512,0.000,0.000,3.148,0.195,2.953,35,FWD,RUN,0.000,0.000,0.061,0.474,0.322,0.101,3.204,50,0.682,533,2.605,25.4
OK
DATA,MOTOR_BREAKIN_V3,000001,6182,509,512,0.063,0.000,2.981,0.279,2.702,36,FWD,RUN,0.032,0.085,0.061,0.641,0.322,0.101,3.204,50,0.682,533,2.605,25.4
OK
DATA,MOTOR_BREAKIN_V3,000001,6282,509,512,0.063,0.000,3.120,0.362,2.758,42,FWD,RUN,0.032,0.087,0.032,0.195,0.322,0.101,3.204,50,0.682,533,2.605,25.4
OK
DATA,MOTOR_BREAKIN_V3,000001,6382,509,510,0.063,0.085,3.343,0.390,2.953,47,FWD,RUN,0.074,0.219,0.074,0.195,0.322,0.101,3.204,50,0.682,533,2.605,25.4
OK
DATA,MOTOR_BREAKIN_V3,000001,6482,509,511,0.063,0.059,3.371,0.279,3.092,48,FWD,RUN,0.061,0.189,0.074,0.474,0.322,0.101,3.204,50,0.682,533,2.605,25.5
DATA,MOTOR_BREAKIN_V3,000001,6582,509,512,0.063,0.000,3.510,0.418,3.092,48,FWD,RUN,0.032,0.097,0.043,0.501,0.322,0.101,3.204,50,0.682,533,2.605,25.4
OK
DATA,MOTOR_BREAKIN_V3,000001,6681,509,512,0.063,0.000,3.343,0.390,2.953,46,FWD,RUN,0.032,0.093,0.030,0.251,0.322,0.101,3.204,50,0.682,533,2.605,25.5
OK
DATA,MOTOR_BREAKIN_V3,000001,6782,510,511,0.000,0.059,3.538,0.279,3.260,47,FWD,RUN,0.030,0.096,0.061,0.501,0.322,0.101,3.204,50,0.682,533,2.605,25.4
OK
DATA,MOTOR_BREAKIN_V3,000001,6882,509,511,0.063,0.059,3.287,0.279,3.009,42,FWD,RUN,0.061,0.184,0.074,0.613,0.322,0.101,3.204,50,0.682,533,2.605,25.4
DATA,MOTOR_BREAKIN_V3,000001,6982,510,512,0.000,0.000,3.232,0.418,2.814,42,FWD,RUN,0.000,0.000,0.074,0.780,0.322,0.101,3.204,50,0.682,533,2.605,25.4
OK
DATA,MOTOR_BREAKIN_V3,000001,7082,509,511,0.063,0.059,3.371,0.334,3.037,46,FWD,RUN,0.061,0.185,0.061,0.362,0.322,0.101,3.204,50,0.682,533,2.605,25.5
OK
DATA,MOTOR_BREAKIN_V3,000001,7182,509,511,0.063,0.059,3.399,0.390,3.009,45,FWD,RUN,0.061,0.184,0.061,0.223,0.322,0.101,3.204,50,0.682,533,2.605,24.9
DATA,MOTOR_BREAKIN_V3,000001,7282,509,511,0.063,0.059,3.343,0.390,2.953,45,FWD,RUN,0.061,0.180,0.032,0.390,0.322,0.101,3.204,50,0.682,533,2.605,24.8
DATA,MOTOR_BREAKIN_V3,000001,7382,509,512,0.063,0.000,3.427,0.390,3.037,45,FWD,RUN,0.032,0.096,0.043,0.613,0.322,0.101,3.204,50,0.682,533,2.605,27.0
OK
DATA,MOTOR_BREAKIN_V3,000001,7482,509,512,0.063,0.000,3.482,0.334,3.148,44,FWD,RUN,0.032,0.099,0.074,0.669,0.322,0.101,3.204,50,0.682,533,2.605,25.4
OK
DATA,MOTOR_BREAKIN_V3,000001,7582,509,511,0.063,0.059,3.176,0.306,2.870,41,FWD,RUN,0.061,0.175,0.061,0.585,0.322,0.101,3.204,50,0.682,533,2.605,25.4
OK
DATA,MOTOR_BREAKIN_V3,000001,7682,509,511,0.063,0.059,3.566,0.084,3.482,44,FWD,RUN,0.061,0.212,0.061,0.669,0.322,0.101,3.204,50,0.682,533,2.605,25.4
OK
DATA,MOTOR_BREAKIN_V3,000001,7782,510,512,0.000,0.000,3.009,0.251,2.758,35,FWD,RUN,0.000,0.000,0.061,0.808,0.322,0.101,3.204,50,0.682,533,2.605,25.4
OK
DATA,MOTOR_BREAKIN_V3,000001,7882,509,511,0.063,0.059,3.148,0.279,2.870,40,FWD,RUN,0.061,0.175,0.061,0.390,0.322,0.101,3.204,50,0.682,533,2.605,25.4
OK
DATA,MOTOR_BREAKIN_V3,000001,7982,509,511,0.063,0.059,3.371,0.195,3.176,43,FWD,RUN,0.061,0.194,0.061,0.501,0.322,0.101,3.204,50,0.682,533,2.605,25.4
OK
DATA,MOTOR_BREAKIN_V3,000001,8082,509,512,0.063,0.000,3.120,0.279,2.842,39,FWD,RUN,0.032,0.090,0.061,0.501,0.322,0.101,3.204,50,0.682,533,2.605,25.4
DATA,MOTOR_BREAKIN_V3,000001,8182,510,512,0.000,0.000,3.148,0.251,2.897,39,FWD,RUN,0.000,0.000,0.032,0.279,0.322,0.101,3.204,50,0.682,533,2.605,25.4
OK
DATA,MOTOR_BREAKIN_V3,000001,8282,510,512,0.000,0.000,3.260,0.390,2.870,42,FWD,RUN,0.000,0.000,0.061,0.195,0.322,0.101,3.204,50,0.682,533,2.605,25.4
OK
DATA,MOTOR_BREAKIN_V3,000001,8382,509,510,0.063,0.085,3.315,0.752,2.563,45,FWD,RUN,0.074,0.190,0.074,0.474,0.322,0.101,3.204,50,0.682,533,2.605,27.0
OK
DATA,MOTOR_BREAKIN_V3,000001,8482,508,510,0.089,0.085,3.566,0.474,3.092,54,FWD,RUN,0.087,0.270,0.056,0.613,0.322,0.101,3.204,50,0.682,533,2.605,25.5
OK
DATA,MOTOR_BREAKIN_V3,000001,8582,508,511,0.089,0.059,3.594,0.474,3.120,52,FWD,RUN,0.074,0.232,0.056,0.446,0.322,0.101,3.204,50,0.682,533,2.605,25.4
OK
DATA,MOTOR_BREAKIN_V3,000001,8682,508,511,0.089,0.059,3.510,0.390,3.120,50,FWD,RUN,0.074,0.232,0.043,0.334,0.322,0.101,3.204,50,0.682,533,2.605,25.5
OK
DATA,MOTOR_BREAKIN_V3,000001,8782,508,511,0.089,0.059,3.594,0.418,3.176,48,FWD,RUN,0.074,0.236,0.043,0.279,0.322,0.101,3.204,50,0.682,533,2.605,25.5
OK
DATA,MOTOR_BREAKIN_V3,000001,8882,510,513,0.000,0.000,3.427,0.251,3.176,44,FWD,RUN,0.000,0.000,0.087,0.390,0.322,0.101,3.204,50,0.682,533,2.605,25.5
OK
DATA,MOTOR_BREAKIN_V3,000001,8982,510,513,0.000,0.000,3.204,0.251,2.953,40,FWD,RUN,0.000,0.000,0.074,0.334,0.322,0.101,3.204,50,0.682,533,2.605,25.4
DATA,MOTOR_BREAKIN_V3,000001,9082,510,512,0.000,0.000,3.287,0.251,3.037,40,FWD,RUN,0.000,0.000,0.061,0.390,0.322,0.101,3.204,50,0.682,533,2.605,25.4
OK
DATA,MOTOR_BREAKIN_V3,000001,9182,509,512,0.063,0.000,3.232,0.334,2.897,41,FWD,RUN,0.032,0.091,0.061,0.501,0.322,0.101,3.204,50,0.682,533,2.605,25.4
OK
DATA,MOTOR_BREAKIN_V3,000001,9282,509,512,0.063,0.000,3.148,0.362,2.786,43,FWD,RUN,0.032,0.088,0.074,0.446,0.322,0.101,3.204,50,0.682,533,2.605,25.4
OK
DATA,MOTOR_BREAKIN_V3,000001,9382,510,511,0.000,0.059,3.455,0.279,3.176,47,FWD,RUN,0.030,0.094,0.074,0.418,0.322,0.101,3.204,50,0.682,533,2.605,25.4
OK
DATA,MOTOR_BREAKIN_V3,000001,9482,509,510,0.063,0.085,3.371,0.223,3.148,43,FWD,RUN,0.074,0.234,0.074,0.334,0.322,0.101,3.204,50,0.682,533,2.605,25.4
OK
DATA,MOTOR_BREAKIN_V3,000001,9582,510,512,0.000,0.000,3.232,0.223,3.009,40,FWD,RUN,0.000,0.000,0.074,0.474,0.322,0.101,3.204,50,0.682,533,2.605,25.4
DATA,MOTOR_BREAKIN_V3,000001,9682,510,512,0.000,0.000,3.176,0.306,2.870,40,FWD,RUN,0.000,0.000,0.061,0.501,0.322,0.101,3.204,50,0.682,533,2.605,25.4
OK
DATA,MOTOR_BREAKIN_V3,000001,9782,509,510,0.063,0.085,3.315,0.334,2.981,43,FWD,RUN,0.074,0.221,0.074,0.557,0.322,0.101,3.204,50,0.682,533,2.605,27.0
DATA,MOTOR_BREAKIN_V3,000001,9881,509,512,0.063,0.000,3.315,0.362,2.953,43,FWD,RUN,0.032,0.093,0.074,0.501,0.322,0.101,3.204,50,0.682,533,2.605,27.0
OK
DATA,MOTOR_BREAKIN_V3,000001,9982,510,513,0.000,0.000,3.287,0.251,3.037,44,FWD,RUN,0.000,0.000,0.032,0.474,0.322,0.101,3.204,50,0.682,533,2.605,25.4
DATA,MOTOR_BREAKIN_V3,000001,10082,509,512,0.063,0.000,3.148,0.390,2.758,44,FWD,RUN,0.032,0.087,0.061,0.474,0.322,0.101,3.204,50,0.682,533,2.605,25.4
OK
DATA,MOTOR_BREAKIN_V3,000001,10182,508,510,0.089,0.085,3.455,0.334,3.120,49,FWD,RUN,0.087,0.273,0.056,0.446,0.322,0.101,3.204,50,0.682,533,2.605,25.4
OK
DATA,MOTOR_BREAKIN_V3,000001,10282,509,512,0.063,0.000,3.510,0.306,3.204,47,FWD,RUN,0.032,0.101,0.058,0.696,0.322,0.101,3.204,50,0.682,533,2.605,25.5
OK
DATA,MOTOR_BREAKIN_V3,000001,10382,509,512,0.063,0.000,3.343,0.390,2.953,43,FWD,RUN,0.032,0.093,0.101,0.752,0.322,0.101,3.204,50,0.682,533,2.605,25.4
OK
DATA,MOTOR_BREAKIN_V3,000001,10482,509,512,0.063,0.000,3.427,0.362,3.065,44,FWD,RUN,0.032,0.097,0.101,0.669,0.322,0.101,3.204,50,0.682,533,2.605,25.5
OK
DATA,MOTOR_BREAKIN_V3,000001,10582,510,512,0.000,0.000,3.371,0.279,3.092,43,FWD,RUN,0.000,0.000,0.087,0.362,0.322,0.101,3.204,50,0.682,533,2.605,25.3
OK
DATA,MOTOR_BREAKIN_V3,000001,10682,509,512,0.063,0.000,3.176,0.334,2.842,41,FWD,RUN,0.032,0.090,0.087,0.390,0.322,0.101,3.204,50,0.682,533,2.605,25.4
OK
DATA,MOTOR_BREAKIN_V3,000001,10782,509,511,0.063,0.059,3.260,0.334,2.925,44,FWD,RUN,0.061,0.178,0.061,0.474,0.322,0.101,3.204,50,0.682,533,2.605,25.4
DATA,MOTOR_BREAKIN_V3,000001,10882,509,511,0.063,0.059,3.176,0.390,2.786,44,FWD,RUN,0.061,0.170,0.061,0.752,0.322,0.101,3.204,50,0.682,533,2.605,25.4
OK
DATA,MOTOR_BREAKIN_V3,000001,10982,509,511,0.063,0.059,3.343,0.418,2.925,48,FWD,RUN,0.061,0.178,0.074,0.752,0.322,0.101,3.204,50,0.682,533,2.605,25.4
OK
DATA,MOTOR_BREAKIN_V3,000001,11082,508,510,0.089,0.085,3.427,0.418,3.009,50,FWD,RUN,0.087,0.263,0.056,0.334,0.322,0.101,3.204,50,0.682,533,2.605,25.5
DATA,MOTOR_BREAKIN_V3,000001,11182,508,510,0.089,0.085,3.566,0.390,3.176,50,FWD,RUN,0.087,0.278,0.056,0.251,0.322,0.101,3.204,50,0.682,533,2.605,25.4
OK
DATA,MOTOR_BREAKIN_V3,000001,11282,508,512,0.089,0.000,3.455,0.418,3.037,46,FWD,RUN,0.045,0.136,0.056,0.223,0.322,0.101,3.204,50,0.682,533,2.605,25.5
OK
DATA,MOTOR_BREAKIN_V3,000001,11382,509,512,0.063,0.000,3.510,0.362,3.148,45,FWD,RUN,0.032,0.099,0.043,0.446,0.322,0.101,3.204,50,0.682,533,2.605,25.5
OK
DATA,MOTOR_BREAKIN_V3,000001,11482,509,512,0.063,0.000,3.287,0.306,2.981,42,FWD,RUN,0.032,0.094,0.074,0.641,0.322,0.101,3.204,50,0.682,533,2.605,25.4
DATA,MOTOR_BREAKIN_V3,000001,11582,509,512,0.063,0.000,3.315,0.223,3.092,42,FWD,RUN,0.032,0.097,0.074,0.641,0.322,0.101,3.204,50,0.682,533,2.605,25.4
OK
DATA,MOTOR_BREAKIN_V3,000001,11682,509,512,0.063,0.000,3.315,0.251,3.065,40,FWD,RUN,0.032,0.097,0.061,0.529,0.322,0.101,3.204,50,0.682,533,2.605,25.4
DATA,MOTOR_BREAKIN_V3,000001,11782,510,512,0.000,0.000,3.371,0.167,3.204,40,FWD,RUN,0.000,0.000,0.061,0.585,0.322,0.101,3.204,50,0.682,533,2.605,25.5
OK
DATA,MOTOR_BREAKIN_V3,000001,11882,510,512,0.000,0.000,3.037,0.390,2.647,36,FWD,RUN,0.000,0.000,0.061,0.557,0.322,0.101,3.204,50,0.682,533,2.605,25.4
OK
DATA,MOTOR_BREAKIN_V3,000001,11982,509,511,0.063,0.059,3.287,0.279,3.009,43,FWD,RUN,0.061,0.184,0.061,0.362,0.322,0.101,3.204,50,0.682,533,2.605,25.4
DATA,MOTOR_BREAKIN_V3,000001,12082,509,510,0.063,0.085,3.120,0.362,2.758,43,FWD,RUN,0.074,0.205,0.074,0.306,0.322,0.101,3.204,50,0.682,533,2.605,25.4
OK
DATA,MOTOR_BREAKIN_V3,000001,12182,509,512,0.063,0.000,3.566,0.251,3.315,48,FWD,RUN,0.032,0.104,0.043,0.613,0.322,0.101,3.204,50,0.682,533,2.605,25.5
OK
DATA,MOTOR_BREAKIN_V3,000001,12282,510,511,0.000,0.059,3.399,0.223,3.176,42,FWD,RUN,0.030,0.094,0.032,0.529,0.322,0.101,3.204,50,0.682,533,2.605,25.4
OK
DATA,MOTOR_BREAKIN_V3,000001,12382,510,512,0.000,0.000,3.315,0.195,3.120,38,FWD,RUN,0.000,0.000,0.061,0.529,0.322,0.101,3.204,50,0.682,533,2.605,25.4
OK
DATA,MOTOR_BREAKIN_V3,000001,12482,509,512,0.063,0.000,3.037,0.251,2.786,36,FWD,RUN,0.032,0.088,0.032,0.585,0.322,0.101,3.204,50,0.682,533,2.605,25.4
OK
DATA,MOTOR_BREAKIN_V3,000001,12582,510,511,0.000,0.059,3.065,0.195,2.870,40,FWD,RUN,0.030,0.085,0.032,0.418,0.322,0.101,3.204,50,0.682,533,2.605,25.5
DATA,MOTOR_BREAKIN_V3,000001,12682,510,512,0.000,0.000,3.065,0.334,2.730,40,FWD,RUN,0.000,0.000,0.032,0.446,0.322,0.101,3.204,50,0.682,533,2.605,25.4
OK
DATA,MOTOR_BREAKIN_V3,000001,12782,509,511,0.063,0.059,3.148,0.446,2.702,45,FWD,RUN,0.061,0.165,0.061,0.418,0.322,0.101,3.204,50,0.682,533,2.605,24.8
OK
DATA,MOTOR_BREAKIN_V3,000001,12882,508,511,0.089,0.059,3.371,0.446,2.925,51,FWD,RUN,0.074,0.217,0.074,0.390,0.322,0.101,3.204,50,0.682,533,2.605,25.5
OK
DATA,MOTOR_BREAKIN_V3,000001,12982,508,510,0.089,0.085,3.650,0.418,3.232,53,FWD,RUN,0.087,0.283,0.058,0.752,0.322,0.101,3.204,50,0.682,533,2.605,25.5
OK
DATA,MOTOR_BREAKIN_V3,000001,13081,508,511,0.089,0.059,3.510,0.362,3.148,48,FWD,RUN,0.074,0.234,0.058,0.446,0.322,0.101,3.204,50,0.682,533,2.605,25.5
OK
DATA,MOTOR_BREAKIN_V3,000001,13182,509,511,0.063,0.059,3.427,0.446,2.981,45,FWD,RUN,0.061,0.182,0.087,0.474,0.322,0.101,3.204,50,0.682,533,2.605,25.2
DATA,MOTOR_BREAKIN_V3,000001,13282,509,512,0.063,0.000,3.455,0.306,3.148,45,FWD,RUN,0.032,0.099,0.074,0.724,0.322,0.101,3.204,50,0.682,533,2.605,26.4
OK
DATA,MOTOR_BREAKIN_V3,000001,13382,510,512,0.000,0.000,3.482,0.223,3.260,42,FWD,RUN,0.000,0.000,0.061,0.836,0.322,0.101,3.204,50,0.682,533,2.605,25.4
OK
DATA,MOTOR_BREAKIN_V3,000001,13482,510,512,0.000,0.000,3.343,0.334,3.009,37,FWD,RUN,0.000,0.000,0.061,0.919,0.322,0.101,3.204,50,0.682,533,2.605,25.4
DATA,MOTOR_BREAKIN_V3,000001,13582,510,512,0.000,0.000,3.120,0.251,2.870,37,FWD,RUN,0.000,0.000,0.061,0.975,0.322,0.101,3.204,50,0.682,533,2.605,25.4
OK
DATA,MOTOR_BREAKIN_V3,000001,13682,509,511,0.063,0.059,3.148,0.251,2.897,40,FWD,RUN,0.061,0.177,0.061,0.557,0.322,0.101,3.204,50,0.682,533,2.605,25.4
OK
DATA,MOTOR_BREAKIN_V3,000001,13782,509,511,0.063,0.059,3.092,0.362,2.730,42,FWD,RUN,0.061,0.167,0.061,0.306,0.322,0.101,3.204,50,0.682,533,2.605,25.4
OK
DATA,MOTOR_BREAKIN_V3,000001,13882,509,510,0.063,0.085,3.343,0.390,2.953,47,FWD,RUN,0.074,0.219,0.074,0.696,0.322,0.101,3.204,50,0.682,533,2.605,25.5
OK
DATA,MOTOR_BREAKIN_V3,000001,13982,509,512,0.063,0.000,3.482,0.334,3.148,48,FWD,RUN,0.032,0.099,0.087,0.585,0.322,0.101,3.204,50,0.682,533,2.605,25.4
OK
DATA,MOTOR_BREAKIN_V3,000001,14082,509,512,0.063,0.000,3.343,0.362,2.981,45,FWD,RUN,0.032,0.094,0.056,0.613,0.322,0.101,3.204,50,0.682,533,2.605,25.7
DATA,MOTOR_BREAKIN_V3,000001,14182,509,512,0.063,0.000,3.594,0.195,3.399,45,FWD,RUN,0.032,0.107,0.045,0.585,0.322,0.101,3.204,50,0.682,533,2.605,25.5
OK
DATA,MOTOR_BREAKIN_V3,000001,14282,510,511,0.000,0.059,3.315,0.223,3.092,37,FWD,RUN,0.030,0.091,0.058,0.585,0.322,0.101,3.204,50,0.682,533,2.605,25.4
OK
DATA,MOTOR_BREAKIN_V3,000001,14382,509,512,0.063,0.000,3.120,0.195,2.925,35,FWD,RUN,0.032,0.092,0.087,0.418,0.322,0.101,3.204,50,0.682,533,2.605,25.4
DATA,MOTOR_BREAKIN_V3,000001,14482,510,511,0.000,0.059,2.925,0.279,2.647,35,FWD,RUN,0.030,0.078,0.061,0.279,0.322,0.101,3.204,50,0.682,533,2.605,25.4
OK
DATA,MOTOR_BREAKIN_V3,000001,14582,510,512,0.000,0.000,3.092,0.362,2.730,42,FWD,RUN,0.000,0.000,0.061,0.334,0.322,0.101,3.204,50,0.682,533,2.605,25.4
OK
DATA,MOTOR_BREAKIN_V3,000001,14682,509,510,0.063,0.085,3.315,0.279,3.037,47,FWD,RUN,0.074,0.225,0.074,0.334,0.322,0.101,3.204,50,0.682,533,2.605,25.5
OK
DATA,MOTOR_BREAKIN_V3,000001,14782,508,510,0.089,0.085,3.315,0.334,2.981,46,FWD,RUN,0.087,0.261,0.058,0.223,0.322,0.101,3.204,50,0.682,533,2.605,25.5
DATA,MOTOR_BREAKIN_V3,000001,14882,510,512,0.000,0.000,3.566,0.111,3.455,46,FWD,RUN,0.000,0.000,0.087,0.752,0.322,0.101,3.204,50,0.682,533,2.605,25.5
OK
DATA,MOTOR_BREAKIN_V3,000001,14982,510,512,0.000,0.000,3.204,0.334,2.870,37,FWD,RUN,0.000,0.000,0.061,0.808,0.322,0.101,3.204,50,0.682,533,2.605,25.5
OK
DATA,MOTOR_BREAKIN_V3,000001,15082,509,512,0.063,0.000,3.092,0.474,2.619,40,FWD,RUN,0.032,0.082,0.061,0.306,0.322,0.101,3.204,50,0.682,533,2.605,25.4
OK
DATA,MOTOR_BREAKIN_V3,000001,15182,509,511,0.063,0.059,3.427,0.585,2.842,48,FWD,RUN,0.061,0.173,0.061,0.279,0.322,0.101,3.204,50,0.682,533,2.605,25.5
DATA,MOTOR_BREAKIN_V3,000001,15282,508,512,0.089,0.000,3.427,0.390,3.037,48,FWD,RUN,0.045,0.136,0.058,0.334,0.322,0.101,3.204,50,0.682,533,2.605,25.5
OK
DATA,MOTOR_BREAKIN_V3,000001,15382,511,513,0.000,0.000,3.900,0.084,3.817,51,FWD,RUN,0.000,0.000,0.087,1.059,0.322,0.101,3.204,50,0.682,533,2.605,25.5
OK
DATA,MOTOR_BREAKIN_V3,000001,15482,511,511,0.000,0.059,2.981,0.279,2.702,35,FWD,RUN,0.030,0.080,0.087,1.588,0.322,0.101,3.204,50,0.682,533,2.605,25.5
OK
DATA,MOTOR_BREAKIN_V3,000001,15582,509,511,0.063,0.059,3.148,0.334,2.814,41,FWD,RUN,0.061,0.172,0.074,1.282,0.322,0.101,3.204,50,0.682,533,2.605,25.4
OK
DATA,MOTOR_BREAKIN_V3,000001,15682,509,512,0.063,0.000,3.371,0.724,2.647,45,FWD,RUN,0.032,0.083,0.032,0.864,0.322,0.101,3.204,50,0.682,533,2.605,25.4
OK
DATA,MOTOR_BREAKIN_V3,000001,15782,509,512,0.063,0.000,3.900,0.111,3.789,52,FWD,RUN,0.032,0.119,0.074,1.142,0.322,0.101,3.204,50,0.682,533,2.605,25.5
OK
DATA,MOTOR_BREAKIN_V3,000001,15882,511,512,0.000,0.000,3.371,0.056,3.315,36,FWD,RUN,0.000,0.000,0.087,1.059,0.322,0.101,3.204,50,0.682,533,2.605,25.5
OK
DATA,MOTOR_BREAKIN_V3,000001,15982,510,512,0.000,0.000,2.981,0.279,2.702,35,FWD,RUN,0.000,0.000,0.087,1.282,0.322,0.101,3.204,50,0.682,533,2.605,25.5
OK
DATA,MOTOR_BREAKIN_V3,000001,16082,509,512,0.063,0.000,3.260,0.167,3.092,41,FWD,RUN,0.032,0.097,0.032,0.474,0.322,0.101,3.204,50,0.682,533,2.605,25.4
OK
DATA,MOTOR_BREAKIN_V3,000001,16182,510,512,0.000,0.000,3.037,0.334,2.702,39,FWD,RUN,0.000,0.000,0.074,0.864,0.322,0.101,3.204,50,0.682,533,2.605,25.4
DATA,MOTOR_BREAKIN_V3,000001,16281,509,511,0.063,0.059,3.009,0.334,2.674,39,FWD,RUN,0.061,0.163,0.074,0.752,0.322,0.101,3.204,50,0.682,533,2.605,25.4
OK
DATA,MOTOR_BREAKIN_V3,000001,16382,508,510,0.089,0.085,3.260,0.334,2.925,46,FWD,RUN,0.087,0.256,0.087,0.474,0.322,0.101,3.204,50,0.682,533,2.605,25.4
OK
DATA,MOTOR_BREAKIN_V3,000001,16482,508,511,0.089,0.059,3.232,0.474,2.758,48,FWD,RUN,0.074,0.205,0.087,0.418,0.322,0.101,3.204,50,0.682,533,2.605,25.5
OK
DATA,MOTOR_BREAKIN_V3,000001,16582,508,510,0.089,0.085,3.566,0.529,3.037,53,FWD,RUN,0.087,0.265,0.071,0.641,0.322,0.101,3.204,50,0.682,533,2.605,25.5
OK
DATA,MOTOR_BREAKIN_V3,000001,16682,509,511,0.063,0.059,3.622,0.334,3.287,52,FWD,RUN,0.061,0.201,0.069,1.114,0.322,0.101,3.204,50,0.682,533,2.605,25.5
OK
DATA,MOTOR_BREAKIN_V3,000001,16782,509,512,0.063,0.000,3.482,0.362,3.120,46,FWD,RUN,0.032,0.098,0.069,0.669,0.322,0.101,3.204,50,0.682,533,2.605,25.5
OK
DATA,MOTOR_BREAKIN_V3,000001,16882,510,512,0.000,0.000,3.650,0.111,3.538,44,FWD,RUN,0.000,0.000,0.074,0.947,0.322,0.101,3.204,50,0.682,533,2.605,25.4
OK
DATA,MOTOR_BREAKIN_V3,000001,16982,510,511,0.000,0.059,3.120,0.195,2.925,35,FWD,RUN,0.030,0.086,0.074,0.947,0.322,0.101,3.204,50,0.682,533,2.605,25.5
OK
DATA,MOTOR_BREAKIN_V3,000001,17082,510,512,0.000,0.000,3.009,0.251,2.758,37,FWD,RUN,0.000,0.000,0.061,1.198,0.322,0.101,3.204,50,0.682,533,2.605,25.5
DATA,MOTOR_BREAKIN_V3,000001,17182,509,511,0.063,0.059,3.009,0.306,2.702,37,FWD,RUN,0.061,0.165,0.061,1.031,0.322,0.101,3.204,50,0.682,533,2.605,25.4
OK
DATA,MOTOR_BREAKIN_V3,000001,17282,509,512,0.063,0.000,3.148,0.334,2.814,43,FWD,RUN,0.032,0.089,0.061,0.669,0.322,0.101,3.204,50,0.682,533,2.605,24.8
OK
DATA,MOTOR_BREAKIN_V3,000001,17382,508,511,0.089,0.059,3.482,0.446,3.037,47,FWD,RUN,0.074,0.225,0.074,0.641,0.322,0.101,3.204,50,0.682,533,2.605,25.5
OK
DATA,MOTOR_BREAKIN_V3,000001,17482,508,511,0.089,0.059,3.343,0.306,3.037,46,FWD,RUN,0.074,0.225,0.056,0.306,0.322,0.101,3.204,50,0.682,533,2.605,25.4
OK
DATA,MOTOR_BREAKIN_V3,000001,17582,508,511,0.089,0.059,3.371,0.334,3.037,45,FWD,RUN,0.074,0.225,0.087,0.474,0.322,0.101,3.204,50,0.682,533,2.605,25.5
OK
DATA,MOTOR_BREAKIN_V3,000001,17682,509,510,0.063,0.085,3.315,0.279,3.037,44,FWD,RUN,0.074,0.225,0.074,0.641,0.322,0.101,3.204,50,0.682,533,2.605,25.4
OK
DATA,MOTOR_BREAKIN_V3,000001,17782,509,512,0.063,0.000,3.148,0.390,2.758,43,FWD,RUN,0.032,0.087,0.074,0.669,0.322,0.101,3.204,50,0.682,533,2.605,25.4
OK
DATA,MOTOR_BREAKIN_V3,000001,17882,509,512,0.063,0.000,3.371,0.362,3.009,48,FWD,RUN,0.032,0.095,0.061,0.613,0.322,0.101,3.204,50,0.682,533,2.605,25.5
DATA,MOTOR_BREAKIN_V3,000001,17982,509,510,0.063,0.085,3.455,0.557,2.897,48,FWD,RUN,0.074,0.215,0.087,0.947,0.322,0.101,3.204,50,0.682,533,2.605,25.5
DATA,MOTOR_BREAKIN_V3,000001,18082,508,511,0.089,0.059,3.399,0.613,2.786,48,FWD,RUN,0.074,0.207,0.087,0.919,0.322,0.101,3.204,50,0.682,533,2.605,25.4
OK
DATA,MOTOR_BREAKIN_V3,000001,18182,509,511,0.063,0.059,3.817,0.279,3.538,52,FWD,RUN,0.061,0.216,0.074,1.031,0.322,0.101,3.204,50,0.682,533,2.605,25.4
OK
DATA,MOTOR_BREAKIN_V3,000001,18282,510,512,0.000,0.000,3.566,0.084,3.482,41,FWD,RUN,0.000,0.000,0.074,1.003,0.322,0.101,3.204,50,0.682,533,2.605,25.4
OK
DATA,MOTOR_BREAKIN_V3,000001,18382,510,512,0.000,0.000,3.009,0.279,2.730,35,FWD,RUN,0.000,0.000,0.074,1.114,0.322,0.101,3.204,50,0.682,533,2.605,25.5
OK
DATA,MOTOR_BREAKIN_V3,000001,18482,509,512,0.063,0.000,3.120,0.306,2.814,40,FWD,RUN,0.032,0.089,0.074,1.031,0.322,0.101,3.204,50,0.682,533,2.605,25.4
OK
DATA,MOTOR_BREAKIN_V3,000001,18582,510,512,0.000,0.000,3.427,0.195,3.232,44,FWD,RUN,0.000,0.000,0.061,0.641,0.322,0.101,3.204,50,0.682,533,2.605,25.4
OK
DATA,MOTOR_BREAKIN_V3,000001,18682,509,511,0.063,0.059,3.204,0.251,2.953,39,FWD,RUN,0.061,0.180,0.074,0.557,0.322,0.101,3.204,50,0.682,533,2.605,25.4
OK
DATA,MOTOR_BREAKIN_V3,000001,18782,509,511,0.063,0.059,3.065,0.334,2.730,40,FWD,RUN,0.061,0.167,0.074,0.529,0.322,0.101,3.204,50,0.682,533,2.605,25.4
OK
DATA,MOTOR_BREAKIN_V3,000001,18882,508,511,0.089,0.059,3.176,0.362,2.814,45,FWD,RUN,0.074,0.209,0.074,0.919,0.322,0.101,3.204,50,0.682,533,2.605,25.9
DATA,MOTOR_BREAKIN_V3,000001,18982,509,512,0.063,0.000,3.232,0.446,2.786,45,FWD,RUN,0.032,0.088,0.074,1.254,0.322,0.101,3.204,50,0.682,533,2.605,24.8
OK
DATA,MOTOR_BREAKIN_V3,000001,19082,507,510,0.116,0.085,3.232,0.474,2.758,49,FWD,RUN,0.101,0.278,0.101,0.808,0.322,0.101,3.204,50,0.682,533,2.605,25.5
OK
DATA,MOTOR_BREAKIN_V3,000001,19182,508,510,0.089,0.085,3.427,0.501,2.925,54,FWD,RUN,0.087,0.256,0.069,0.501,0.322,0.101,3.204,50,0.682,533,2.605,25.5
OK
DATA,MOTOR_BREAKIN_V3,000001,19282,509,511,0.063,0.059,4.012,0.279,3.733,56,FWD,RUN,0.061,0.228,0.101,1.365,0.342,0.101,3.399,56,0.682,533,2.605,25.5
OK
DATA,MOTOR_BREAKIN_V3,000001,19382,510,511,0.000,0.059,3.232,0.279,2.953,41,FWD,RUN,0.030,0.087,0.127,1.365,0.411,0.127,3.232,56,0.682,533,2.605,25.4
OK
DATA,MOTOR_BREAKIN_V3,000001,19481,510,511,0.000,0.059,3.789,0.056,3.733,42,FWD,RUN,0.030,0.110,0.127,0.975,0.411,0.127,3.232,56,0.682,533,2.605,25.5
OK
DATA,MOTOR_BREAKIN_V3,000001,19582,510,512,0.000,0.000,3.204,0.223,2.981,35,FWD,RUN,0.000,0.000,0.061,1.031,0.411,0.127,3.232,56,0.682,533,2.605,25.5
DATA,MOTOR_BREAKIN_V3,000001,19682,510,512,0.000,0.000,2.925,0.279,2.647,35,FWD,RUN,0.000,0.000,0.061,1.142,0.411,0.127,3.232,56,0.682,533,2.605,25.5
DATA,MOTOR_BREAKIN_V3,000001,19782,510,512,0.000,0.000,2.981,0.279,2.702,35,FWD,RUN,0.000,0.000,0.032,0.808,0.411,0.127,3.232,56,0.682,533,2.605,25.4
OK
DATA,MOTOR_BREAKIN_V3,000001,19882,509,512,0.063,0.000,3.232,0.251,2.981,41,FWD,RUN,0.032,0.094,0.061,0.501,0.411,0.127,3.232,56,0.682,533,2.605,25.4
DATA,MOTOR_BREAKIN_V3,000001,19982,509,511,0.063,0.059,3.037,0.362,2.674,41,FWD,RUN,0.061,0.163,0.061,0.390,0.411,0.127,3.232,56,0.682,533,2.605,25.4
OK
DATA,MOTOR_BREAKIN_V3,000001,20082,508,511,0.089,0.059,3.204,0.474,2.730,48,FWD,RUN,0.074,0.203,0.074,0.418,0.411,0.127,3.232,56,0.682,533,2.605,25.5
OK
DATA,MOTOR_BREAKIN_V3,000001,20182,506,510,0.142,0.085,3.510,0.362,3.148,53,FWD,RUN,0.114,0.358,0.082,1.031,0.411,0.127,3.232,56,0.682,533,2.605,25.4
OK
DATA,MOTOR_BREAKIN_V3,000001,20282,510,512,0.000,0.000,3.872,0.084,3.789,50,FWD,RUN,0.000,0.000,0.114,0.947,0.411,0.127,3.232,56,0.682,533,2.605,25.4
OK
DATA,MOTOR_BREAKIN_V3,000001,20382,510,513,0.000,0.000,3.009,0.279,2.730,35,FWD,RUN,0.000,0.000,0.087,1.059,0.411,0.127,3.232,56,0.682,533,2.605,25.4
OK
DATA,MOTOR_BREAKIN_V3,000001,20482,510,512,0.000,0.000,3.176,0.306,2.870,40,FWD,RUN,0.000,0.000,0.074,0.669,0.411,0.127,3.232,56,0.682,533,2.605,25.3
OK
DATA,MOTOR_BREAKIN_V3,000001,20582,509,511,0.063,0.059,3.232,0.279,2.953,43,FWD,RUN,0.061,0.180,0.061,0.613,0.411,0.127,3.232,56,0.682,533,2.605,25.4
DATA,MOTOR_BREAKIN_V3,000001,20682,509,512,0.063,0.000,3.204,0.641,2.563,43,FWD,RUN,0.032,0.081,0.061,0.864,0.411,0.127,3.232,56,0.682,533,2.605,26.9
OK
DATA,MOTOR_BREAKIN_V3,000001,20782,507,511,0.116,0.059,3.482,0.501,2.981,52,FWD,RUN,0.087,0.261,0.087,0.864,0.411,0.127,3.232,56,0.682,533,2.605,25.4
DATA,MOTOR_BREAKIN_V3,000001,20882,509,511,0.063,0.059,3.872,0.139,3.733,52,FWD,RUN,0.061,0.228,0.043,0.919,0.411,0.127,3.232,56,0.682,533,2.605,25.5
OK
DATA,MOTOR_BREAKIN_V3,000001,20982,510,512,0.000,0.000,3.092,0.223,2.870,37,FWD,RUN,0.000,0.000,0.087,1.170,0.411,0.127,3.232,56,0.682,533,2.605,25.4
OK
DATA,MOTOR_BREAKIN_V3,000001,21082,509,513,0.063,0.000,3.260,0.251,3.009,40,FWD,RUN,0.032,0.095,0.074,1.282,0.411,0.127,3.232,56,0.682,533,2.605,25.4
DATA,MOTOR_BREAKIN_V3,000001,21182,509,511,0.063,0.059,3.204,0.223,2.981,40,FWD,RUN,0.061,0.182,0.061,1.282,0.411,0.127,3.232,56,0.682,533,2.605,25.4
DATA,MOTOR_BREAKIN_V3,000001,21282,509,512,0.063,0.000,3.092,0.334,2.758,40,FWD,RUN,0.032,0.087,0.061,0.696,0.411,0.127,3.232,56,0.682,533,2.605,25.4
OK
DATA,MOTOR_BREAKIN_V3,000001,21382,508,510,0.089,0.085,3.510,0.056,3.455,45,FWD,RUN,0.087,0.302,0.087,0.808,0.411,0.127,3.232,56,0.682,533,2.605,25.4
OK
DATA,MOTOR_BREAKIN_V3,000001,21482,510,513,0.000,0.000,3.009,0.223,2.786,36,FWD,RUN,0.000,0.000,0.087,0.808,0.411,0.127,3.232,56,0.682,533,2.605,25.4
DATA,MOTOR_BREAKIN_V3,000001,21582,510,512,0.000,0.000,3.287,0.000,3.287,36,FWD,RUN,0.000,0.000,0.074,0.641,0.411,0.127,3.232,56,0.682,533,2.605,25.4
OK
DATA,MOTOR_BREAKIN_V3,000001,21682,509,513,0.063,0.000,2.897,0.306,2.591,35,FWD,RUN,0.032,0.082,0.061,0.696,0.411,0.127,3.232,56,0.682,533,2.605,25.4
OK
DATA,MOTOR_BREAKIN_V3,000001,21782,508,511,0.089,0.059,3.120,0.418,2.702,43,FWD,RUN,0.074,0.201,0.074,0.306,0.411,0.127,3.232,56,0.682,533,2.605,25.1
OK
DATA,MOTOR_BREAKIN_V3,000001,21882,508,511,0.089,0.059,3.260,0.474,2.786,49,FWD,RUN,0.074,0.207,0.087,0.501,0.411,0.127,3.232,56,0.682,533,2.605,25.4
OK
DATA,MOTOR_BREAKIN_V3,000001,21982,507,511,0.116,0.059,3.482,0.529,2.953,53,FWD,RUN,0.087,0.258,0.058,0.418,0.411,0.127,3.232,56,0.682,533,2.605,25.4
OK
DATA,MOTOR_BREAKIN_V3,000001,22082,507,510,0.116,0.085,3.622,0.390,3.232,54,FWD,RUN,0.101,0.325,0.101,0.891,0.411,0.127,3.232,56,0.682,533,2.605,25.4
OK
DATA,MOTOR_BREAKIN_V3,000001,22182,509,511,0.063,0.059,3.677,0.251,3.427,49,FWD,RUN,0.061,0.209,0.101,0.808,0.411,0.127,3.232,56,0.682,533,2.605,25.4
OK
DATA,MOTOR_BREAKIN_V3,000001,22282,511,513,0.000,0.000,3.510,0.084,3.427,40,FWD,RUN,0.000,0.000,0.087,0.947,0.411,0.127,3.232,56,0.682,533,2.605,25.4
DATA,MOTOR_BREAKIN_V3,000001,22382,509,512,0.063,0.000,3.260,0.446,2.814,40,FWD,RUN,0.032,0.089,0.074,1.142,0.411,0.127,3.232,56,0.682,533,2.605,25.4
OK
DATA,MOTOR_BREAKIN_V3,000001,22482,510,512,0.000,0.000,3.622,0.084,3.538,44,FWD,RUN,0.000,0.000,0.061,0.724,0.411,0.127,3.232,56,0.682,533,2.605,25.4
OK
DATA,MOTOR_BREAKIN_V3,000001,22582,510,512,0.000,0.000,3.037,0.223,2.814,35,FWD,RUN,0.000,0.000,0.061,0.808,0.411,0.127,3.232,56,0.682,533,2.605,25.4
OK
DATA,MOTOR_BREAKIN_V3,000001,22681,509,512,0.063,0.000,3.009,0.334,2.674,39,FWD,RUN,0.032,0.084,0.061,0.696,0.411,0.127,3.232,56,0.682,533,2.605,25.4
OK
DATA,MOTOR_BREAKIN_V3,000001,22782,509,511,0.063,0.059,3.232,0.418,2.814,46,FWD,RUN,0.061,0.172,0.061,0.696,0.411,0.127,3.232,56,0.682,533,2.605,25.4
OK
DATA,MOTOR_BREAKIN_V3,000001,22882,508,511,0.089,0.059,3.287,0.446,2.842,50,FWD,RUN,0.074,0.211,0.074,0.306,0.411,0.127,3.232,56,0.682,533,2.605,25.4
OK
DATA,MOTOR_BREAKIN_V3,000001,22982,507,510,0.116,0.085,3.650,0.362,3.287,53,FWD,RUN,0.101,0.331,0.101,1.059,0.411,0.127,3.232,56,0.682,533,2.605,25.4
OK
DATA,MOTOR_BREAKIN_V3,000001,23082,509,512,0.063,0.000,3.455,0.306,3.148,47,FWD,RUN,0.032,0.099,0.101,0.919,0.411,0.127,3.232,56,0.682,533,2.605,25.4
OK
DATA,MOTOR_BREAKIN_V3,000001,23182,508,510,0.089,0.085,3.455,0.390,3.065,44,FWD,RUN,0.087,0.268,0.069,0.474,0.411,0.127,3.232,56,0.682,533,2.605,25.4
DATA,MOTOR_BREAKIN_V3,000001,23282,509,512,0.063,0.000,3.343,0.529,2.814,44,FWD,RUN,0.032,0.089,0.058,0.306,0.411,0.127,3.232,56,0.682,533,2.605,25.4
OK
DATA,MOTOR_BREAKIN_V3,000001,23382,510,513,0.000,0.000,3.900,0.056,3.845,48,FWD,RUN,0.000,0.000,0.074,1.031,0.411,0.127,3.232,56,0.682,533,2.605,25.4
OK
DATA,MOTOR_BREAKIN_V3,000001,23482,509,513,0.063,0.000,3.092,0.167,2.925,35,FWD,RUN,0.032,0.092,0.074,1.031,0.411,0.127,3.232,56,0.682,533,2.605,25.4
OK
DATA,MOTOR_BREAKIN_V3,000001,23582,509,512,0.063,0.000,3.037,0.279,2.758,37,FWD,RUN,0.032,0.087,0.074,1.142,0.411,0.127,3.232,56,0.682,533,2.605,25.4
OK
DATA,MOTOR_BREAKIN_V3,000001,23682,509,512,0.063,0.000,3.176,0.362,2.814,42,FWD,RUN,0.032,0.089,0.032,0.752,0.411,0.127,3.232,56,0.682,533,2.605,25.4
OK
DATA,MOTOR_BREAKIN_V3,000001,23782,509,511,0.063,0.059,3.204,0.418,2.786,46,FWD,RUN,0.061,0.170,0.074,0.641,0.411,0.127,3.232,56,0.682,533,2.605,25.4
OK
DATA,MOTOR_BREAKIN_V3,000001,23882,508,510,0.089,0.085,3.399,0.446,2.953,50,FWD,RUN,0.087,0.258,0.087,0.557,0.411,0.127,3.232,56,0.682,533,2.605,25.4
OK
DATA,MOTOR_BREAKIN_V3,000001,23982,509,510,0.063,0.085,3.510,0.418,3.092,51,FWD,RUN,0.074,0.230,0.056,0.669,0.411,0.127,3.232,56,0.682,533,2.605,25.5
OK
DATA,MOTOR_BREAKIN_V3,000001,24082,507,510,0.116,0.085,3.566,0.334,3.232,49,FWD,RUN,0.101,0.325,0.069,0.724,0.411,0.127,3.232,56,0.682,533,2.605,25.5
DATA,MOTOR_BREAKIN_V3,000001,24182,509,512,0.063,0.000,3.482,0.279,3.204,49,FWD,RUN,0.032,0.101,0.069,0.724,0.411,0.127,3.232,56,0.682,533,2.605,25.5
OK
DATA,MOTOR_BREAKIN_V3,000001,24282,508,510,0.089,0.085,3.399,0.279,3.120,45,FWD,RUN,0.087,0.273,0.087,0.864,0.411,0.127,3.232,56,0.682,533,2.605,24.8
OK
DATA,MOTOR_BREAKIN_V3,000001,24382,509,512,0.063,0.000,3.287,0.334,2.953,43,FWD,RUN,0.032,0.093,0.087,0.947,0.411,0.127,3.232,56,0.682,533,2.605,25.6
OK
DATA,MOTOR_BREAKIN_V3,000001,24482,509,512,0.063,0.000,3.427,0.362,3.065,44,FWD,RUN,0.032,0.097,0.056,0.529,0.411,0.127,3.232,56,0.682,533,2.605,25.4
OK
DATA,MOTOR_BREAKIN_V3,000001,24582,509,512,0.063,0.000,3.817,0.084,3.733,43,FWD,RUN,0.032,0.118,0.030,0.864,0.411,0.127,3.232,56,0.682,533,2.605,25.5
OK
DATA,MOTOR_BREAKIN_V3,000001,24682,510,513,0.000,0.000,3.037,0.223,2.814,35,FWD,RUN,0.000,0.000,0.074,1.087,0.411,0.127,3.232,56,0.682,533,2.605,25.4
OK
DATA,MOTOR_BREAKIN_V3,000001,24782,510,512,0.000,0.000,3.260,0.195,3.065,39,FWD,RUN,0.000,0.000,0.074,0.836,0.411,0.127,3.232,56,0.682,532,2.600,25.4
OK
DATA,MOTOR_BREAKIN_V3,000001,24882,510,512,0.000,0.000,3.176,0.195,2.981,38,FWD,RUN,0.000,0.000,0.061,0.724,0.411,0.127,3.232,56,0.682,533,2.605,25.4
DATA,MOTOR_BREAKIN_V3,000001,24982,509,511,0.063,0.059,3.148,0.446,2.702,38,FWD,RUN,0.061,0.165,0.061,0.780,0.411,0.127,3.232,56,0.682,533,2.605,25.3
DATA,MOTOR_BREAKIN_V3,000001,25082,509,512,0.063,0.000,2.981,0.306,2.674,38,FWD,RUN,0.032,0.084,0.061,0.390,0.411,0.127,3.232,56,0.682,533,2.605,25.4
OK
DATA,MOTOR_BREAKIN_V3,000001,25182,509,512,0.063,0.000,3.148,0.418,2.730,45,FWD,RUN,0.032,0.086,0.074,0.557,0.411,0.127,3.232,56,0.682,533,2.605,24.8
OK
DATA,MOTOR_BREAKIN_V3,000001,25282,509,511,0.063,0.059,3.594,0.167,3.427,50,FWD,RUN,0.061,0.209,0.087,0.947,0.411,0.127,3.232,56,0.682,533,2.605,25.5
OK
DATA,MOTOR_BREAKIN_V3,000001,25382,510,511,0.000,0.059,3.176,0.446,2.730,41,FWD,RUN,0.030,0.081,0.087,0.696,0.411,0.127,3.232,56,0.682,533,2.605,25.4
OK
DATA,MOTOR_BREAKIN_V3,000001,25482,509,510,0.063,0.085,3.176,0.418,2.758,46,FWD,RUN,0.074,0.205,0.074,0.724,0.411,0.127,3.232,56,0.682,533,2.605,25.5
OK
DATA,MOTOR_BREAKIN_V3,000001,25582,507,511,0.116,0.059,3.427,0.501,2.925,51,FWD,RUN,0.087,0.256,0.087,0.864,0.411,0.127,3.232,56,0.682,533,2.605,25.5
OK
DATA,MOTOR_BREAKIN_V3,000001,25682,508,510,0.089,0.085,3.705,0.474,3.232,53,FWD,RUN,0.087,0.283,0.087,0.724,0.411,0.127,3.232,56,0.682,533,2.605,25.5
OK
DATA,MOTOR_BREAKIN_V3,000001,25782,509,510,0.063,0.085,3.510,0.474,3.037,48,FWD,RUN,0.074,0.225,0.056,0.613,0.411,0.127,3.232,56,0.682,533,2.605,25.5
OK
DATA,MOTOR_BREAKIN_V3,000001,25881,508,512,0.089,0.000,3.566,0.390,3.176,47,FWD,RUN,0.045,0.142,0.087,1.003,0.411,0.127,3.232,56,0.682,533,2.605,25.5
DATA,MOTOR_BREAKIN_V3,000001,25982,508,511,0.089,0.059,3.399,0.390,3.009,47,FWD,RUN,0.074,0.223,0.074,1.449,0.411,0.127,3.232,56,0.682,533,2.605,25.5
DATA,MOTOR_BREAKIN_V3,000001,26082,509,510,0.063,0.085,3.510,0.362,3.148,47,FWD,RUN,0.074,0.234,0.074,1.477,0.411,0.127,3.232,56,0.682,533,2.605,25.5
OK
DATA,MOTOR_BREAKIN_V3,000001,26182,509,511,0.063,0.059,3.315,0.279,3.037,44,FWD,RUN,0.061,0.185,0.074,1.337,0.411,0.127,3.232,56,0.682,533,2.605,25.4
OK
DATA,MOTOR_BREAKIN_V3,000001,26282,510,512,0.000,0.000,3.232,0.251,2.981,43,FWD,RUN,0.000,0.000,0.074,0.251,0.411,0.127,3.232,56,0.682,533,2.605,25.4
DATA,MOTOR_BREAKIN_V3,000001,26382,509,511,0.063,0.059,3.260,0.306,2.953,43,FWD,RUN,0.061,0.180,0.061,0.585,0.411,0.127,3.232,56,0.682,533,2.605,25.4
OK
DATA,MOTOR_BREAKIN_V3,000001,26482,508,511,0.089,0.059,3.315,0.279,3.037,44,FWD,RUN,0.074,0.225,0.074,0.836,0.411,0.127,3.232,56,0.682,533,2.605,25.4
OK
DATA,MOTOR_BREAKIN_V3,000001,26582,509,512,0.063,0.000,3.427,0.223,3.204,43,FWD,RUN,0.032,0.101,0.074,0.557,0.411,0.127,3.232,56,0.682,533,2.605,25.4
OK
DATA,MOTOR_BREAKIN_V3,000001,26682,509,511,0.063,0.059,3.260,0.223,3.037,39,FWD,RUN,0.061,0.185,0.061,0.306,0.411,0.127,3.232,56,0.682,533,2.605,25.4
OK
DATA,MOTOR_BREAKIN_V3,000001,26782,510,510,0.000,0.085,3.204,0.418,2.786,38,FWD,RUN,0.043,0.119,0.061,0.891,0.411,0.127,3.232,56,0.682,533,2.605,25.4
DATA,MOTOR_BREAKIN_V3,000001,26882,510,512,0.000,0.000,3.092,0.306,2.786,38,FWD,RUN,0.000,0.000,0.043,0.891,0.411,0.127,3.232,56,0.682,533,2.605,25.4
OK
DATA,MOTOR_BREAKIN_V3,000001,26982,509,510,0.063,0.085,3.315,0.223,3.092,42,FWD,RUN,0.074,0.230,0.074,0.696,0.411,0.127,3.232,56,0.682,533,2.605,25.4
OK
DATA,MOTOR_BREAKIN_V3,000001,27082,510,512,0.000,0.000,3.399,0.084,3.315,40,FWD,RUN,0.000,0.000,0.074,0.641,0.411,0.127,3.232,56,0.682,533,2.605,25.4
OK
DATA,MOTOR_BREAKIN_V3,000001,27182,509,511,0.063,0.059,3.009,0.279,2.730,35,FWD,RUN,0.061,0.167,0.061,0.669,0.411,0.127,3.232,56,0.682,533,2.605,25.4
OK
DATA,MOTOR_BREAKIN_V3,000001,27282,509,512,0.063,0.000,3.065,0.306,2.758,40,FWD,RUN,0.032,0.087,0.061,0.529,0.411,0.127,3.232,56,0.682,533,2.605,25.4
OK
DATA,MOTOR_BREAKIN_V3,000001,27382,509,512,0.063,0.000,3.176,0.418,2.758,45,FWD,RUN,0.032,0.087,0.074,0.251,0.411,0.127,3.232,56,0.682,533,2.605,24.8
OK
DATA,MOTOR_BREAKIN_V3,000001,27482,508,511,0.089,0.059,3.343,0.474,2.870,50,FWD,RUN,0.074,0.213,0.087,0.139,0.411,0.127,3.232,56,0.682,533,2.605,25.5
OK
DATA,MOTOR_BREAKIN_V3,000001,27582,509,511,0.063,0.059,3.622,0.446,3.176,53,FWD,RUN,0.061,0.194,0.056,0.418,0.411,0.127,3.232,56,0.682,533,2.605,25.5
OK
DATA,MOTOR_BREAKIN_V3,000001,27682,507,510,0.116,0.085,3.566,0.362,3.204,49,FWD,RUN,0.101,0.322,0.056,0.446,0.411,0.127,3.232,56,0.682,533,2.605,25.5
DATA,MOTOR_BREAKIN_V3,000001,27782,509,511,0.063,0.059,3.677,0.306,3.371,49,FWD,RUN,0.061,0.206,0.040,0.418,0.411,0.127,3.232,56,0.682,534,2.610,25.5
OK
DATA,MOTOR_BREAKIN_V3,000001,27882,509,512,0.063,0.000,3.315,0.306,3.009,42,FWD,RUN,0.032,0.095,0.074,1.087,0.411,0.127,3.232,56,0.682,533,2.605,25.4
DATA,MOTOR_BREAKIN_V3,000001,27982,509,510,0.063,0.085,3.315,0.306,3.009,42,FWD,RUN,0.074,0.223,0.074,0.836,0.411,0.127,3.232,56,0.682,533,2.605,25.4
DATA,MOTOR_BREAKIN_V3,000001,28082,508,511,0.089,0.059,3.343,0.223,3.120,42,FWD,RUN,0.074,0.232,0.074,0.334,0.411,0.127,3.232,56,0.682,533,2.605,25.4
OK
DATA,MOTOR_BREAKIN_V3,000001,28182,510,512,0.000,0.000,3.427,0.139,3.287,40,FWD,RUN,0.000,0.000,0.074,0.557,0.411,0.127,3.232,56,0.682,533,2.605,25.4
OK
DATA,MOTOR_BREAKIN_V3,000001,28282,511,512,0.000,0.000,2.953,0.251,2.702,35,FWD,RUN,0.000,0.000,0.061,0.585,0.411,0.127,3.232,56,0.682,533,2.605,25.5
OK
DATA,MOTOR_BREAKIN_V3,000001,28382,509,511,0.063,0.059,3.232,0.362,2.870,41,FWD,RUN,0.061,0.175,0.061,0.362,0.411,0.127,3.232,56,0.682,533,2.605,25.4
OK
DATA,MOTOR_BREAKIN_V3,000001,28482,509,512,0.063,0.000,3.204,0.390,2.814,44,FWD,RUN,0.032,0.089,0.061,0.529,0.411,0.127,3.232,56,0.682,533,2.605,25.4
OK
DATA,MOTOR_BREAKIN_V3,000001,28582,508,510,0.089,0.085,3.260,0.418,2.842,48,FWD,RUN,0.087,0.248,0.056,0.529,0.411,0.127,3.232,56,0.682,533,2.605,25.5
DATA,MOTOR_BREAKIN_V3,000001,28682,508,510,0.089,0.085,3.371,0.418,2.953,48,FWD,RUN,0.087,0.258,0.056,0.279,0.411,0.127,3.232,56,0.682,533,2.605,25.5
OK
DATA,MOTOR_BREAKIN_V3,000001,28782,509,511,0.063,0.059,3.399,0.446,2.953,49,FWD,RUN,0.061,0.180,0.056,0.306,0.411,0.127,3.232,56,0.682,533,2.605,25.5
OK
DATA,MOTOR_BREAKIN_V3,000001,28882,508,511,0.089,0.059,3.482,0.446,3.037,50,FWD,RUN,0.074,0.225,0.058,0.418,0.411,0.127,3.232,56,0.682,533,2.605,25.5
OK
DATA,MOTOR_BREAKIN_V3,000001,28982,509,511,0.063,0.059,3.510,0.362,3.148,49,FWD,RUN,0.061,0.192,0.071,0.474,0.411,0.127,3.232,56,0.682,533,2.605,25.5
OK
DATA,MOTOR_BREAKIN_V3,000001,29081,509,512,0.063,0.000,3.427,0.362,3.065,46,FWD,RUN,0.032,0.097,0.069,0.362,0.411,0.127,3.232,56,0.682,533,2.605,25.5
OK
DATA,MOTOR_BREAKIN_V3,000001,29182,510,512,0.000,0.000,3.705,0.139,3.566,45,FWD,RUN,0.000,0.000,0.087,0.501,0.411,0.127,3.232,56,0.682,533,2.605,25.7
OK
DATA,MOTOR_BREAKIN_V3,000001,29282,511,512,0.000,0.000,3.427,0.028,3.399,35,FWD,RUN,0.000,0.000,0.061,0.557,0.411,0.127,3.232,56,0.682,533,2.605,25.5
DATA,MOTOR_BREAKIN_V3,000001,29382,509,512,0.063,0.000,3.092,0.279,2.814,35,FWD,RUN,0.032,0.089,0.061,0.585,0.411,0.127,3.232,56,0.682,533,2.605,25.4
OK
DATA,MOTOR_BREAKIN_V3,000001,29482,509,511,0.063,0.059,3.148,0.195,2.953,39,FWD,RUN,0.061,0.180,0.061,0.446,0.411,0.127,3.232,56,0.682,533,2.605,25.4
DATA,MOTOR_BREAKIN_V3,000001,29582,509,511,0.063,0.059,3.065,0.306,2.758,39,FWD,RUN,0.061,0.168,0.061,0.418,0.411,0.127,3.232,56,0.682,533,2.605,25.4
OK
DATA,MOTOR_BREAKIN_V3,000001,29682,509,511,0.063,0.059,3.232,0.390,2.842,44,FWD,RUN,0.061,0.173,0.061,0.279,0.411,0.127,3.232,56,0.682,533,2.605,25.4
OK
DATA,MOTOR_BREAKIN_V3,000001,29782,509,511,0.063,0.059,3.260,0.418,2.842,47,FWD,RUN,0.061,0.173,0.074,0.641,0.411,0.127,3.232,56,0.682,533,2.605,25.5
OK
DATA,MOTOR_BREAKIN_V3,000001,29882,510,512,0.000,0.000,3.705,0.251,3.455,50,FWD,RUN,0.000,0.000,0.074,0.641,0.411,0.127,3.232,56,0.682,528,2.581,25.5
OK
DATA,MOTOR_BREAKIN_V3,000001,29982,509,511,0.063,0.059,3.120,0.306,2.814,41,FWD,RUN,0.061,0.172,0.074,0.641,0.411,0.127,3.232,56,0.682,533,2.605,25.4
OK
DATA,MOTOR_BREAKIN_V3,000001,30082,508,511,0.089,0.059,3.427,0.306,3.120,45,FWD,RUN,0.074,0.232,0.074,0.696,0.411,0.127,3.232,56,0.682,533,2.605,27.0
OK
DATA,MOTOR_BREAKIN_V3,000001,30182,510,512,0.000,0.000,3.260,0.306,2.953,43,FWD,RUN,0.000,0.000,0.074,0.696,0.411,0.127,3.232,56,0.682,533,2.605,25.4
OK
DATA,MOTOR_BREAKIN_V3,000001,30282,509,511,0.063,0.059,3.260,0.362,2.897,44,FWD,RUN,0.061,0.177,0.061,0.557,0.411,0.127,3.232,56,0.682,532,2.600,25.4
OK
DATA,MOTOR_BREAKIN_V3,000001,30382,509,511,0.063,0.059,3.315,0.362,2.953,46,FWD,RUN,0.061,0.180,0.074,0.585,0.411,0.127,3.232,56,0.682,533,2.605,25.4
DATA,MOTOR_BREAKIN_V3,000001,30482,510,512,0.000,0.000,3.733,0.000,3.733,46,FWD,RUN,0.000,0.000,0.074,0.947,0.411,0.127,3.232,56,0.682,533,2.605,25.4
OK
DATA,MOTOR_BREAKIN_V3,000001,30582,510,513,0.000,0.000,3.371,0.000,3.371,35,FWD,RUN,0.000,0.000,0.074,0.919,0.411,0.127,3.232,56,0.682,533,2.605,25.4
DATA,MOTOR_BREAKIN_V3,000001,30682,510,512,0.000,0.000,2.953,0.251,2.702,35,FWD,RUN,0.000,0.000,0.032,0.696,0.411,0.127,3.232,56,0.682,533,2.605,25.5
OK
DATA,MOTOR_BREAKIN_V3,000001,30782,508,511,0.089,0.059,3.148,0.418,2.730,41,FWD,RUN,0.074,0.203,0.074,0.362,0.411,0.127,3.232,56,0.682,533,2.605,25.4
OK
DATA,MOTOR_BREAKIN_V3,000001,30882,509,511,0.063,0.059,3.260,0.446,2.814,46,FWD,RUN,0.061,0.172,0.074,0.390,0.411,0.127,3.232,56,0.682,533,2.605,25.4
OK
DATA,MOTOR_BREAKIN_V3,000001,30982,508,511,0.089,0.059,3.371,0.474,2.897,50,FWD,RUN,0.074,0.215,0.071,0.446,0.411,0.127,3.232,56,0.682,533,2.605,25.4
OK
DATA,MOTOR_BREAKIN_V3,000001,31082,506,511,0.142,0.059,3.510,0.724,2.786,52,FWD,RUN,0.101,0.280,0.069,0.864,0.411,0.127,3.232,56,0.682,533,2.605,25.4
OK
DATA,MOTOR_BREAKIN_V3,000001,31182,507,511,0.116,0.059,3.761,0.362,3.399,56,FWD,RUN,0.087,0.297,0.069,0.808,0.411,0.127,3.232,56,0.682,533,2.605,25.4
OK
DATA,MOTOR_BREAKIN_V3,000001,31282,507,511,0.116,0.059,3.705,0.446,3.260,48,FWD,RUN,0.087,0.285,0.096,0.975,0.414,0.127,3.260,56,0.682,533,2.605,25.4
DATA,MOTOR_BREAKIN_V3,000001,31382,509,511,0.063,0.059,3.677,0.279,3.399,48,FWD,RUN,0.061,0.207,0.127,1.087,0.414,0.127,3.260,56,0.682,533,2.605,25.4
OK
DATA,MOTOR_BREAKIN_V3,000001,31482,510,512,0.000,0.000,3.371,0.167,3.204,40,FWD,RUN,0.000,0.000,0.061,0.696,0.414,0.127,3.260,56,0.682,533,2.605,25.4
OK
DATA,MOTOR_BREAKIN_V3,000001,31582,509,512,0.063,0.000,3.092,0.223,2.870,36,FWD,RUN,0.032,0.090,0.061,0.529,0.414,0.127,3.260,56,0.682,533,2.605,25.4
OK
DATA,MOTOR_BREAKIN_V3,000001,31682,510,512,0.000,0.000,3.120,0.306,2.814,39,FWD,RUN,0.000,0.000,0.061,0.474,0.414,0.127,3.260,56,0.682,533,2.605,25.4
OK
DATA,MOTOR_BREAKIN_V3,000001,31782,510,512,0.000,0.000,3.510,0.000,3.510,43,FWD,RUN,0.000,0.000,0.061,0.808,0.414,0.127,3.260,56,0.682,533,2.605,25.4
OK
DATA,MOTOR_BREAKIN_V3,000001,31882,510,511,0.000,0.059,3.065,0.195,2.870,35,FWD,RUN,0.030,0.085,0.032,0.780,0.414,0.127,3.260,56,0.682,533,2.605,25.4
